00:00 +0: loading C:/Users/zarik/OneDrive/Desktop/TrossApp/frontend/test/app_test.dart
00:00 +0: C:/Users/zarik/OneDrive/Desktop/TrossApp/frontend/test/app_test.dart: (setUpAll)
00:00 +0: C:/Users/zarik/OneDrive/Desktop/TrossApp/frontend/test/app_test.dart: App structure can be rendered (smoke test)
00:00 +1: C:/Users/zarik/OneDrive/Desktop/TrossApp/frontend/test/app_test.dart: App structure can be rendered (smoke test)
00:00 +2: C:/Users/zarik/OneDrive/Desktop/TrossApp/frontend/test/app_test.dart: App structure can be rendered (smoke test)
00:00 +3: C:/Users/zarik/OneDrive/Desktop/TrossApp/frontend/test/app_test.dart: App structure can be rendered (smoke test)
00:00 +4: C:/Users/zarik/OneDrive/Desktop/TrossApp/frontend/test/app_test.dart: App structure can be rendered (smoke test)
00:00 +5: C:/Users/zarik/OneDrive/Desktop/TrossApp/frontend/test/app_test.dart: App structure can be rendered (smoke test)
00:00 +6: C:/Users/zarik/OneDrive/Desktop/TrossApp/frontend/test/app_test.dart: App structure can be rendered (smoke test)
00:00 +7: C:/Users/zarik/OneDrive/Desktop/TrossApp/frontend/test/app_test.dart: App structure can be rendered (smoke test)
00:00 +8: C:/Users/zarik/OneDrive/Desktop/TrossApp/frontend/test/app_test.dart: App structure can be rendered (smoke test)
00:00 +9: C:/Users/zarik/OneDrive/Desktop/TrossApp/frontend/test/app_test.dart: App structure can be rendered (smoke test)
00:00 +10: C:/Users/zarik/OneDrive/Desktop/TrossApp/frontend/test/app_test.dart: App structure can be rendered (smoke test)
00:00 +11: C:/Users/zarik/OneDrive/Desktop/TrossApp/frontend/test/app_test.dart: App structure can be rendered (smoke test)
00:00 +12: C:/Users/zarik/OneDrive/Desktop/TrossApp/frontend/test/app_test.dart: App structure can be rendered (smoke test)
00:00 +13: C:/Users/zarik/OneDrive/Desktop/TrossApp/frontend/test/app_test.dart: App structure can be rendered (smoke test)
00:00 +14: C:/Users/zarik/OneDrive/Desktop/TrossApp/frontend/test/app_test.dart: App structure can be rendered (smoke test)
00:00 +15: C:/Users/zarik/OneDrive/Desktop/TrossApp/frontend/test/app_test.dart: App structure can be rendered (smoke test)
00:00 +16: C:/Users/zarik/OneDrive/Desktop/TrossApp/frontend/test/app_test.dart: App structure can be rendered (smoke test)
00:00 +17: C:/Users/zarik/OneDrive/Desktop/TrossApp/frontend/test/app_test.dart: App structure can be rendered (smoke test)
00:00 +18: C:/Users/zarik/OneDrive/Desktop/TrossApp/frontend/test/app_test.dart: App structure can be rendered (smoke test)
00:00 +19: C:/Users/zarik/OneDrive/Desktop/TrossApp/frontend/test/app_test.dart: App structure can be rendered (smoke test)
00:00 +20: C:/Users/zarik/OneDrive/Desktop/TrossApp/frontend/test/app_test.dart: App structure can be rendered (smoke test)
00:00 +21: C:/Users/zarik/OneDrive/Desktop/TrossApp/frontend/test/app_test.dart: App structure can be rendered (smoke test)
00:00 +22: C:/Users/zarik/OneDrive/Desktop/TrossApp/frontend/test/app_test.dart: App structure can be rendered (smoke test)
00:00 +23: C:/Users/zarik/OneDrive/Desktop/TrossApp/frontend/test/app_test.dart: App structure can be rendered (smoke test)
00:00 +24: C:/Users/zarik/OneDrive/Desktop/TrossApp/frontend/test/app_test.dart: App structure can be rendered (smoke test)
00:00 +25: C:/Users/zarik/OneDrive/Desktop/TrossApp/frontend/test/app_test.dart: App structure can be rendered (smoke test)
00:00 +26: C:/Users/zarik/OneDrive/Desktop/TrossApp/frontend/test/app_test.dart: App structure can be rendered (smoke test)
00:00 +27: C:/Users/zarik/OneDrive/Desktop/TrossApp/frontend/test/app_test.dart: App structure can be rendered (smoke test)
00:00 +28: C:/Users/zarik/OneDrive/Desktop/TrossApp/frontend/test/app_test.dart: App structure can be rendered (smoke test)
00:00 +29: C:/Users/zarik/OneDrive/Desktop/TrossApp/frontend/test/app_test.dart: App structure can be rendered (smoke test)
00:00 +30: C:/Users/zarik/OneDrive/Desktop/TrossApp/frontend/test/app_test.dart: App structure can be rendered (smoke test)
00:00 +31: C:/Users/zarik/OneDrive/Desktop/TrossApp/frontend/test/app_test.dart: App structure can be rendered (smoke test)
00:00 +32: C:/Users/zarik/OneDrive/Desktop/TrossApp/frontend/test/app_test.dart: App structure can be rendered (smoke test)
00:00 +33: C:/Users/zarik/OneDrive/Desktop/TrossApp/frontend/test/app_test.dart: App structure can be rendered (smoke test)
00:00 +34: C:/Users/zarik/OneDrive/Desktop/TrossApp/frontend/test/app_test.dart: App structure can be rendered (smoke test)
00:00 +35: C:/Users/zarik/OneDrive/Desktop/TrossApp/frontend/test/app_test.dart: App structure can be rendered (smoke test)
00:00 +36: C:/Users/zarik/OneDrive/Desktop/TrossApp/frontend/test/app_test.dart: App structure can be rendered (smoke test)
00:00 +37: C:/Users/zarik/OneDrive/Desktop/TrossApp/frontend/test/app_test.dart: App structure can be rendered (smoke test)
00:00 +38: C:/Users/zarik/OneDrive/Desktop/TrossApp/frontend/test/app_test.dart: App structure can be rendered (smoke test)
00:00 +39: C:/Users/zarik/OneDrive/Desktop/TrossApp/frontend/test/app_test.dart: App structure can be rendered (smoke test)
00:00 +40: C:/Users/zarik/OneDrive/Desktop/TrossApp/frontend/test/app_test.dart: App structure can be rendered (smoke test)
00:00 +41: C:/Users/zarik/OneDrive/Desktop/TrossApp/frontend/test/app_test.dart: App structure can be rendered (smoke test)
00:00 +42: C:/Users/zarik/OneDrive/Desktop/TrossApp/frontend/test/app_test.dart: App structure can be rendered (smoke test)
00:00 +43: C:/Users/zarik/OneDrive/Desktop/TrossApp/frontend/test/app_test.dart: App structure can be rendered (smoke test)
00:00 +44: C:/Users/zarik/OneDrive/Desktop/TrossApp/frontend/test/app_test.dart: App structure can be rendered (smoke test)
00:00 +45: C:/Users/zarik/OneDrive/Desktop/TrossApp/frontend/test/app_test.dart: App structure can be rendered (smoke test)
00:00 +46: C:/Users/zarik/OneDrive/Desktop/TrossApp/frontend/test/app_test.dart: App structure can be rendered (smoke test)
00:00 +47: C:/Users/zarik/OneDrive/Desktop/TrossApp/frontend/test/app_test.dart: App structure can be rendered (smoke test)
00:00 +48: C:/Users/zarik/OneDrive/Desktop/TrossApp/frontend/test/app_test.dart: App structure can be rendered (smoke test)
00:00 +49: C:/Users/zarik/OneDrive/Desktop/TrossApp/frontend/test/app_test.dart: App structure can be rendered (smoke test)
00:00 +50: C:/Users/zarik/OneDrive/Desktop/TrossApp/frontend/test/app_test.dart: App structure can be rendered (smoke test)
00:00 +51: C:/Users/zarik/OneDrive/Desktop/TrossApp/frontend/test/app_test.dart: App structure can be rendered (smoke test)
00:00 +52: C:/Users/zarik/OneDrive/Desktop/TrossApp/frontend/test/app_test.dart: App structure can be rendered (smoke test)
00:00 +53: C:/Users/zarik/OneDrive/Desktop/TrossApp/frontend/test/app_test.dart: App structure can be rendered (smoke test)
00:00 +54: C:/Users/zarik/OneDrive/Desktop/TrossApp/frontend/test/app_test.dart: App structure can be rendered (smoke test)
00:00 +55: C:/Users/zarik/OneDrive/Desktop/TrossApp/frontend/test/app_test.dart: App structure can be rendered (smoke test)
00:00 +56: C:/Users/zarik/OneDrive/Desktop/TrossApp/frontend/test/app_test.dart: App structure can be rendered (smoke test)
00:00 +57: C:/Users/zarik/OneDrive/Desktop/TrossApp/frontend/test/app_test.dart: App structure can be rendered (smoke test)
00:00 +58: C:/Users/zarik/OneDrive/Desktop/TrossApp/frontend/test/app_test.dart: App structure can be rendered (smoke test)
00:00 +59: C:/Users/zarik/OneDrive/Desktop/TrossApp/frontend/test/app_test.dart: App structure can be rendered (smoke test)
00:00 +60: C:/Users/zarik/OneDrive/Desktop/TrossApp/frontend/test/app_test.dart: App structure can be rendered (smoke test)
00:00 +61: C:/Users/zarik/OneDrive/Desktop/TrossApp/frontend/test/app_test.dart: App structure can be rendered (smoke test)
00:00 +62: C:/Users/zarik/OneDrive/Desktop/TrossApp/frontend/test/app_test.dart: App structure can be rendered (smoke test)
00:00 +63: C:/Users/zarik/OneDrive/Desktop/TrossApp/frontend/test/app_test.dart: App structure can be rendered (smoke test)
00:00 +64: C:/Users/zarik/OneDrive/Desktop/TrossApp/frontend/test/app_test.dart: App structure can be rendered (smoke test)
00:00 +65: C:/Users/zarik/OneDrive/Desktop/TrossApp/frontend/test/app_test.dart: App structure can be rendered (smoke test)
00:00 +66: C:/Users/zarik/OneDrive/Desktop/TrossApp/frontend/test/app_test.dart: App structure can be rendered (smoke test)
00:00 +67: C:/Users/zarik/OneDrive/Desktop/TrossApp/frontend/test/app_test.dart: App structure can be rendered (smoke test)
00:00 +68: C:/Users/zarik/OneDrive/Desktop/TrossApp/frontend/test/app_test.dart: App structure can be rendered (smoke test)
00:00 +69: C:/Users/zarik/OneDrive/Desktop/TrossApp/frontend/test/app_test.dart: App structure can be rendered (smoke test)
00:00 +70: C:/Users/zarik/OneDrive/Desktop/TrossApp/frontend/test/app_test.dart: App structure can be rendered (smoke test)
00:00 +71: C:/Users/zarik/OneDrive/Desktop/TrossApp/frontend/test/app_test.dart: App structure can be rendered (smoke test)
00:00 +72: C:/Users/zarik/OneDrive/Desktop/TrossApp/frontend/test/app_test.dart: App structure can be rendered (smoke test)
00:00 +73: C:/Users/zarik/OneDrive/Desktop/TrossApp/frontend/test/app_test.dart: App structure can be rendered (smoke test)
00:01 +74: C:/Users/zarik/OneDrive/Desktop/TrossApp/frontend/test/app_test.dart: App structure can be rendered (smoke test)
00:01 +75: C:/Users/zarik/OneDrive/Desktop/TrossApp/frontend/test/app_test.dart: App structure can be rendered (smoke test)
00:01 +76: C:/Users/zarik/OneDrive/Desktop/TrossApp/frontend/test/app_test.dart: App structure can be rendered (smoke test)
00:01 +77: C:/Users/zarik/OneDrive/Desktop/TrossApp/frontend/test/app_test.dart: App structure can be rendered (smoke test)
00:01 +78: C:/Users/zarik/OneDrive/Desktop/TrossApp/frontend/test/app_test.dart: App structure can be rendered (smoke test)
00:01 +79: C:/Users/zarik/OneDrive/Desktop/TrossApp/frontend/test/app_test.dart: App structure can be rendered (smoke test)
00:01 +80: C:/Users/zarik/OneDrive/Desktop/TrossApp/frontend/test/app_test.dart: App structure can be rendered (smoke test)
00:01 +81: C:/Users/zarik/OneDrive/Desktop/TrossApp/frontend/test/app_test.dart: App structure can be rendered (smoke test)
00:01 +82: C:/Users/zarik/OneDrive/Desktop/TrossApp/frontend/test/app_test.dart: App structure can be rendered (smoke test)
00:01 +83: C:/Users/zarik/OneDrive/Desktop/TrossApp/frontend/test/app_test.dart: App structure can be rendered (smoke test)
00:01 +84: C:/Users/zarik/OneDrive/Desktop/TrossApp/frontend/test/app_test.dart: App structure can be rendered (smoke test)
00:01 +85: C:/Users/zarik/OneDrive/Desktop/TrossApp/frontend/test/app_test.dart: App structure can be rendered (smoke test)
00:01 +86: C:/Users/zarik/OneDrive/Desktop/TrossApp/frontend/test/app_test.dart: App structure can be rendered (smoke test)
00:01 +87: C:/Users/zarik/OneDrive/Desktop/TrossApp/frontend/test/app_test.dart: App structure can be rendered (smoke test)
00:01 +88: C:/Users/zarik/OneDrive/Desktop/TrossApp/frontend/test/app_test.dart: App structure can be rendered (smoke test)
00:01 +89: C:/Users/zarik/OneDrive/Desktop/TrossApp/frontend/test/app_test.dart: App structure can be rendered (smoke test)
00:01 +90: C:/Users/zarik/OneDrive/Desktop/TrossApp/frontend/test/app_test.dart: App structure can be rendered (smoke test)
00:01 +91: C:/Users/zarik/OneDrive/Desktop/TrossApp/frontend/test/app_test.dart: App structure can be rendered (smoke test)
00:01 +92: C:/Users/zarik/OneDrive/Desktop/TrossApp/frontend/test/app_test.dart: App structure can be rendered (smoke test)
00:01 +93: C:/Users/zarik/OneDrive/Desktop/TrossApp/frontend/test/app_test.dart: App structure can be rendered (smoke test)
00:01 +94: C:/Users/zarik/OneDrive/Desktop/TrossApp/frontend/test/app_test.dart: App structure can be rendered (smoke test)
00:01 +95: C:/Users/zarik/OneDrive/Desktop/TrossApp/frontend/test/app_test.dart: App structure can be rendered (smoke test)
00:01 +96: C:/Users/zarik/OneDrive/Desktop/TrossApp/frontend/test/app_test.dart: App structure can be rendered (smoke test)
00:01 +97: C:/Users/zarik/OneDrive/Desktop/TrossApp/frontend/test/app_test.dart: App structure can be rendered (smoke test)
00:01 +98: C:/Users/zarik/OneDrive/Desktop/TrossApp/frontend/test/app_test.dart: App structure can be rendered (smoke test)
00:01 +99: C:/Users/zarik/OneDrive/Desktop/TrossApp/frontend/test/app_test.dart: App structure can be rendered (smoke test)
00:01 +100: C:/Users/zarik/OneDrive/Desktop/TrossApp/frontend/test/app_test.dart: App structure can be rendered (smoke test)
00:01 +101: C:/Users/zarik/OneDrive/Desktop/TrossApp/frontend/test/app_test.dart: App structure can be rendered (smoke test)
00:01 +102: C:/Users/zarik/OneDrive/Desktop/TrossApp/frontend/test/app_test.dart: App structure can be rendered (smoke test)
00:01 +103: C:/Users/zarik/OneDrive/Desktop/TrossApp/frontend/test/app_test.dart: App structure can be rendered (smoke test)
00:01 +104: C:/Users/zarik/OneDrive/Desktop/TrossApp/frontend/test/app_test.dart: App structure can be rendered (smoke test)
00:01 +105: C:/Users/zarik/OneDrive/Desktop/TrossApp/frontend/test/app_test.dart: App structure can be rendered (smoke test)
00:01 +106: C:/Users/zarik/OneDrive/Desktop/TrossApp/frontend/test/app_test.dart: App structure can be rendered (smoke test)
00:01 +107: C:/Users/zarik/OneDrive/Desktop/TrossApp/frontend/test/app_test.dart: App structure can be rendered (smoke test)
00:01 +108: C:/Users/zarik/OneDrive/Desktop/TrossApp/frontend/test/app_test.dart: App structure can be rendered (smoke test)
00:01 +109: C:/Users/zarik/OneDrive/Desktop/TrossApp/frontend/test/app_test.dart: App structure can be rendered (smoke test)
00:01 +110: C:/Users/zarik/OneDrive/Desktop/TrossApp/frontend/test/app_test.dart: App structure can be rendered (smoke test)
00:01 +111: C:/Users/zarik/OneDrive/Desktop/TrossApp/frontend/test/app_test.dart: App structure can be rendered (smoke test)
00:01 +112: C:/Users/zarik/OneDrive/Desktop/TrossApp/frontend/test/app_test.dart: App structure can be rendered (smoke test)
00:01 +113: C:/Users/zarik/OneDrive/Desktop/TrossApp/frontend/test/app_test.dart: App structure can be rendered (smoke test)
00:01 +114: C:/Users/zarik/OneDrive/Desktop/TrossApp/frontend/test/app_test.dart: App structure can be rendered (smoke test)
00:01 +115: C:/Users/zarik/OneDrive/Desktop/TrossApp/frontend/test/app_test.dart: App structure can be rendered (smoke test)
00:01 +116: C:/Users/zarik/OneDrive/Desktop/TrossApp/frontend/test/app_test.dart: App structure can be rendered (smoke test)
00:01 +117: C:/Users/zarik/OneDrive/Desktop/TrossApp/frontend/test/app_test.dart: App structure can be rendered (smoke test)
00:01 +118: C:/Users/zarik/OneDrive/Desktop/TrossApp/frontend/test/app_test.dart: App structure can be rendered (smoke test)
00:01 +119: C:/Users/zarik/OneDrive/Desktop/TrossApp/frontend/test/app_test.dart: App structure can be rendered (smoke test)
00:01 +120: C:/Users/zarik/OneDrive/Desktop/TrossApp/frontend/test/app_test.dart: App structure can be rendered (smoke test)
00:01 +121: C:/Users/zarik/OneDrive/Desktop/TrossApp/frontend/test/app_test.dart: App structure can be rendered (smoke test)
00:01 +122: C:/Users/zarik/OneDrive/Desktop/TrossApp/frontend/test/app_test.dart: App structure can be rendered (smoke test)
00:01 +123: C:/Users/zarik/OneDrive/Desktop/TrossApp/frontend/test/app_test.dart: App structure can be rendered (smoke test)
00:01 +124: C:/Users/zarik/OneDrive/Desktop/TrossApp/frontend/test/app_test.dart: App structure can be rendered (smoke test)
00:01 +125: C:/Users/zarik/OneDrive/Desktop/TrossApp/frontend/test/app_test.dart: App structure can be rendered (smoke test)
00:01 +126: C:/Users/zarik/OneDrive/Desktop/TrossApp/frontend/test/app_test.dart: App structure can be rendered (smoke test)
00:01 +127: C:/Users/zarik/OneDrive/Desktop/TrossApp/frontend/test/app_test.dart: App structure can be rendered (smoke test)
00:01 +128: C:/Users/zarik/OneDrive/Desktop/TrossApp/frontend/test/app_test.dart: App structure can be rendered (smoke test)
00:01 +129: C:/Users/zarik/OneDrive/Desktop/TrossApp/frontend/test/app_test.dart: App structure can be rendered (smoke test)
00:01 +130: C:/Users/zarik/OneDrive/Desktop/TrossApp/frontend/test/app_test.dart: App structure can be rendered (smoke test)
00:01 +131: C:/Users/zarik/OneDrive/Desktop/TrossApp/frontend/test/app_test.dart: App structure can be rendered (smoke test)
00:01 +132: C:/Users/zarik/OneDrive/Desktop/TrossApp/frontend/test/app_test.dart: App structure can be rendered (smoke test)
00:01 +133: C:/Users/zarik/OneDrive/Desktop/TrossApp/frontend/test/app_test.dart: App structure can be rendered (smoke test)
00:01 +134: C:/Users/zarik/OneDrive/Desktop/TrossApp/frontend/test/app_test.dart: App structure can be rendered (smoke test)
00:01 +135: C:/Users/zarik/OneDrive/Desktop/TrossApp/frontend/test/app_test.dart: App structure can be rendered (smoke test)
00:01 +136: C:/Users/zarik/OneDrive/Desktop/TrossApp/frontend/test/app_test.dart: App structure can be rendered (smoke test)
00:01 +137: C:/Users/zarik/OneDrive/Desktop/TrossApp/frontend/test/app_test.dart: App structure can be rendered (smoke test)
00:01 +138: C:/Users/zarik/OneDrive/Desktop/TrossApp/frontend/test/app_test.dart: App structure can be rendered (smoke test)
00:01 +139: C:/Users/zarik/OneDrive/Desktop/TrossApp/frontend/test/app_test.dart: App structure can be rendered (smoke test)
00:01 +140: C:/Users/zarik/OneDrive/Desktop/TrossApp/frontend/test/app_test.dart: App structure can be rendered (smoke test)
00:01 +141: C:/Users/zarik/OneDrive/Desktop/TrossApp/frontend/test/app_test.dart: App structure can be rendered (smoke test)
00:01 +142: C:/Users/zarik/OneDrive/Desktop/TrossApp/frontend/test/app_test.dart: App structure can be rendered (smoke test)
00:01 +143: C:/Users/zarik/OneDrive/Desktop/TrossApp/frontend/test/app_test.dart: App structure can be rendered (smoke test)
00:01 +144: C:/Users/zarik/OneDrive/Desktop/TrossApp/frontend/test/app_test.dart: App structure can be rendered (smoke test)
00:01 +145: C:/Users/zarik/OneDrive/Desktop/TrossApp/frontend/test/app_test.dart: App structure can be rendered (smoke test)
00:01 +146: C:/Users/zarik/OneDrive/Desktop/TrossApp/frontend/test/app_test.dart: App structure can be rendered (smoke test)
00:01 +147: C:/Users/zarik/OneDrive/Desktop/TrossApp/frontend/test/app_test.dart: App structure can be rendered (smoke test)
00:01 +148: C:/Users/zarik/OneDrive/Desktop/TrossApp/frontend/test/app_test.dart: App structure can be rendered (smoke test)
00:01 +149: C:/Users/zarik/OneDrive/Desktop/TrossApp/frontend/test/app_test.dart: App structure can be rendered (smoke test)
00:01 +150: C:/Users/zarik/OneDrive/Desktop/TrossApp/frontend/test/app_test.dart: App structure can be rendered (smoke test)
00:01 +151: C:/Users/zarik/OneDrive/Desktop/TrossApp/frontend/test/app_test.dart: App structure can be rendered (smoke test)
00:01 +152: C:/Users/zarik/OneDrive/Desktop/TrossApp/frontend/test/app_test.dart: App structure can be rendered (smoke test)
00:01 +153: C:/Users/zarik/OneDrive/Desktop/TrossApp/frontend/test/app_test.dart: App structure can be rendered (smoke test)
00:01 +154: C:/Users/zarik/OneDrive/Desktop/TrossApp/frontend/test/app_test.dart: App structure can be rendered (smoke test)
00:01 +155: C:/Users/zarik/OneDrive/Desktop/TrossApp/frontend/test/app_test.dart: App structure can be rendered (smoke test)
00:01 +156: C:/Users/zarik/OneDrive/Desktop/TrossApp/frontend/test/app_test.dart: App structure can be rendered (smoke test)
00:01 +157: C:/Users/zarik/OneDrive/Desktop/TrossApp/frontend/test/app_test.dart: App structure can be rendered (smoke test)
00:01 +158: C:/Users/zarik/OneDrive/Desktop/TrossApp/frontend/test/app_test.dart: App structure can be rendered (smoke test)
00:01 +159: C:/Users/zarik/OneDrive/Desktop/TrossApp/frontend/test/app_test.dart: App structure can be rendered (smoke test)
00:01 +160: C:/Users/zarik/OneDrive/Desktop/TrossApp/frontend/test/app_test.dart: App structure can be rendered (smoke test)
00:01 +161: C:/Users/zarik/OneDrive/Desktop/TrossApp/frontend/test/app_test.dart: App structure can be rendered (smoke test)
00:01 +162: C:/Users/zarik/OneDrive/Desktop/TrossApp/frontend/test/config/app_theme_test.dart: AppTheme - Integration theme should be usable in MaterialApp
00:01 +163: C:/Users/zarik/OneDrive/Desktop/TrossApp/frontend/test/config/app_theme_test.dart: AppTheme - Integration theme should be usable in MaterialApp
00:01 +164: C:/Users/zarik/OneDrive/Desktop/TrossApp/frontend/test/config/app_theme_test.dart: AppTheme - Integration theme should be usable in MaterialApp
00:01 +165: C:/Users/zarik/OneDrive/Desktop/TrossApp/frontend/test/config/app_theme_test.dart: AppTheme - Integration theme should be usable in MaterialApp
00:01 +166: C:/Users/zarik/OneDrive/Desktop/TrossApp/frontend/test/config/app_theme_test.dart: AppTheme - Integration theme should be usable in MaterialApp
00:01 +167: C:/Users/zarik/OneDrive/Desktop/TrossApp/frontend/test/config/app_theme_test.dart: AppTheme - Integration theme should be usable in MaterialApp
00:01 +168: C:/Users/zarik/OneDrive/Desktop/TrossApp/frontend/test/config/app_theme_test.dart: AppTheme - Integration theme should be usable in MaterialApp
00:01 +169: C:/Users/zarik/OneDrive/Desktop/TrossApp/frontend/test/config/app_theme_test.dart: AppTheme - Integration theme should be usable in MaterialApp
00:01 +170: C:/Users/zarik/OneDrive/Desktop/TrossApp/frontend/test/config/app_theme_test.dart: AppTheme - Integration theme should be usable in MaterialApp
00:01 +171: C:/Users/zarik/OneDrive/Desktop/TrossApp/frontend/test/config/app_theme_test.dart: AppTheme - Integration theme should be usable in MaterialApp
00:01 +172: C:/Users/zarik/OneDrive/Desktop/TrossApp/frontend/test/config/app_theme_test.dart: AppTheme - Integration theme should be usable in MaterialApp
00:01 +173: C:/Users/zarik/OneDrive/Desktop/TrossApp/frontend/test/config/app_theme_test.dart: AppTheme - Integration theme should be usable in MaterialApp
00:01 +174: C:/Users/zarik/OneDrive/Desktop/TrossApp/frontend/test/config/app_theme_test.dart: AppTheme - Integration theme should be usable in MaterialApp
00:01 +175: C:/Users/zarik/OneDrive/Desktop/TrossApp/frontend/test/config/app_theme_test.dart: AppTheme - Integration theme should be usable in MaterialApp
00:01 +176: C:/Users/zarik/OneDrive/Desktop/TrossApp/frontend/test/config/app_theme_test.dart: AppTheme - Integration theme should be usable in MaterialApp
00:01 +177: C:/Users/zarik/OneDrive/Desktop/TrossApp/frontend/test/config/app_theme_test.dart: AppTheme - Integration theme should be usable in MaterialApp
00:01 +178: C:/Users/zarik/OneDrive/Desktop/TrossApp/frontend/test/config/app_theme_test.dart: AppTheme - Integration theme should be usable in MaterialApp
00:01 +179: C:/Users/zarik/OneDrive/Desktop/TrossApp/frontend/test/config/app_theme_test.dart: AppTheme - Integration theme should be usable in MaterialApp
00:01 +180: C:/Users/zarik/OneDrive/Desktop/TrossApp/frontend/test/config/app_theme_test.dart: AppTheme - Integration theme should be usable in MaterialApp
00:01 +181: C:/Users/zarik/OneDrive/Desktop/TrossApp/frontend/test/config/app_theme_test.dart: AppTheme - Integration theme should be usable in MaterialApp
00:01 +182: C:/Users/zarik/OneDrive/Desktop/TrossApp/frontend/test/config/app_theme_test.dart: AppTheme - Integration theme should be usable in MaterialApp
00:01 +183: C:/Users/zarik/OneDrive/Desktop/TrossApp/frontend/test/config/app_theme_test.dart: AppTheme - Integration theme should be usable in MaterialApp
00:01 +184: C:/Users/zarik/OneDrive/Desktop/TrossApp/frontend/test/config/app_theme_test.dart: AppTheme - Integration theme should be usable in MaterialApp
00:01 +185: C:/Users/zarik/OneDrive/Desktop/TrossApp/frontend/test/config/app_theme_test.dart: AppTheme - Integration theme should be usable in MaterialApp
00:01 +186: C:/Users/zarik/OneDrive/Desktop/TrossApp/frontend/test/config/app_theme_test.dart: AppTheme - Integration theme should be usable in MaterialApp
00:01 +187: C:/Users/zarik/OneDrive/Desktop/TrossApp/frontend/test/config/app_theme_test.dart: AppTheme - Integration theme should be usable in MaterialApp
00:01 +188: C:/Users/zarik/OneDrive/Desktop/TrossApp/frontend/test/config/app_theme_test.dart: AppTheme - Integration theme should be usable in MaterialApp
00:01 +189: C:/Users/zarik/OneDrive/Desktop/TrossApp/frontend/test/config/app_theme_test.dart: AppTheme - Integration theme should be usable in MaterialApp
00:01 +190: C:/Users/zarik/OneDrive/Desktop/TrossApp/frontend/test/config/app_theme_test.dart: AppTheme - Integration theme should be usable in MaterialApp
00:01 +191: C:/Users/zarik/OneDrive/Desktop/TrossApp/frontend/test/config/app_theme_test.dart: AppTheme - Integration theme should be usable in MaterialApp
00:01 +192: C:/Users/zarik/OneDrive/Desktop/TrossApp/frontend/test/config/app_theme_test.dart: AppTheme - Integration theme should be usable in MaterialApp
00:01 +193: C:/Users/zarik/OneDrive/Desktop/TrossApp/frontend/test/config/app_theme_test.dart: AppTheme - Integration theme should be usable in MaterialApp
00:01 +194: C:/Users/zarik/OneDrive/Desktop/TrossApp/frontend/test/config/app_theme_test.dart: AppTheme - Integration theme should be usable in MaterialApp
00:01 +195: C:/Users/zarik/OneDrive/Desktop/TrossApp/frontend/test/config/app_theme_test.dart: AppTheme - Integration theme should be usable in MaterialApp
00:01 +196: C:/Users/zarik/OneDrive/Desktop/TrossApp/frontend/test/config/app_theme_test.dart: AppTheme - Integration theme should be usable in MaterialApp
00:01 +197: C:/Users/zarik/OneDrive/Desktop/TrossApp/frontend/test/config/app_theme_test.dart: AppTheme - Integration theme should be usable in MaterialApp
00:01 +198: C:/Users/zarik/OneDrive/Desktop/TrossApp/frontend/test/config/app_theme_test.dart: AppTheme - Integration theme should be usable in MaterialApp
00:01 +199: C:/Users/zarik/OneDrive/Desktop/TrossApp/frontend/test/config/app_theme_test.dart: AppTheme - Integration theme should be usable in MaterialApp
00:01 +200: C:/Users/zarik/OneDrive/Desktop/TrossApp/frontend/test/config/app_theme_test.dart: AppTheme - Integration theme should be usable in MaterialApp
00:01 +201: C:/Users/zarik/OneDrive/Desktop/TrossApp/frontend/test/config/app_theme_test.dart: AppTheme - Integration theme should be usable in MaterialApp
00:01 +202: C:/Users/zarik/OneDrive/Desktop/TrossApp/frontend/test/config/app_theme_test.dart: AppTheme - Integration theme should be usable in MaterialApp
00:01 +203: C:/Users/zarik/OneDrive/Desktop/TrossApp/frontend/test/config/app_theme_test.dart: AppTheme - Integration theme should be usable in MaterialApp
00:01 +204: C:/Users/zarik/OneDrive/Desktop/TrossApp/frontend/test/config/app_theme_test.dart: AppTheme - Integration theme should be usable in MaterialApp
00:01 +205: C:/Users/zarik/OneDrive/Desktop/TrossApp/frontend/test/config/app_theme_test.dart: AppTheme - Integration theme should be usable in MaterialApp
00:02 +206: C:/Users/zarik/OneDrive/Desktop/TrossApp/frontend/test/config/app_theme_test.dart: AppTheme - Integration theme should be usable in MaterialApp
00:02 +207: C:/Users/zarik/OneDrive/Desktop/TrossApp/frontend/test/config/app_theme_test.dart: AppTheme - Integration theme should be usable in MaterialApp
00:02 +208: C:/Users/zarik/OneDrive/Desktop/TrossApp/frontend/test/config/app_theme_test.dart: AppTheme - Integration theme should be usable in MaterialApp
00:02 +209: C:/Users/zarik/OneDrive/Desktop/TrossApp/frontend/test/config/app_theme_test.dart: AppTheme - Integration theme should be usable in MaterialApp
00:02 +210: C:/Users/zarik/OneDrive/Desktop/TrossApp/frontend/test/config/app_theme_test.dart: AppTheme - Integration theme should be usable in MaterialApp
00:02 +211: C:/Users/zarik/OneDrive/Desktop/TrossApp/frontend/test/config/app_theme_test.dart: AppTheme - Integration theme should be usable in MaterialApp
00:02 +212: C:/Users/zarik/OneDrive/Desktop/TrossApp/frontend/test/config/app_theme_test.dart: AppTheme - Integration theme should be usable in MaterialApp
00:02 +213: C:/Users/zarik/OneDrive/Desktop/TrossApp/frontend/test/config/app_theme_test.dart: AppTheme - Integration theme should be usable in MaterialApp
00:02 +214: C:/Users/zarik/OneDrive/Desktop/TrossApp/frontend/test/config/app_theme_test.dart: AppTheme - Integration theme should be usable in MaterialApp
00:02 +215: C:/Users/zarik/OneDrive/Desktop/TrossApp/frontend/test/config/app_theme_test.dart: AppTheme - Integration theme should be usable in MaterialApp
00:02 +216: C:/Users/zarik/OneDrive/Desktop/TrossApp/frontend/test/config/app_theme_test.dart: AppTheme - Integration theme should be usable in MaterialApp
00:02 +217: C:/Users/zarik/OneDrive/Desktop/TrossApp/frontend/test/config/app_theme_test.dart: AppTheme - Integration theme should be usable in MaterialApp
00:02 +218: C:/Users/zarik/OneDrive/Desktop/TrossApp/frontend/test/config/app_theme_test.dart: AppTheme - Integration theme should be usable in MaterialApp
00:02 +219: C:/Users/zarik/OneDrive/Desktop/TrossApp/frontend/test/config/app_theme_test.dart: AppTheme - Integration theme should be usable in MaterialApp
00:02 +220: C:/Users/zarik/OneDrive/Desktop/TrossApp/frontend/test/config/app_theme_test.dart: AppTheme - Integration theme should be usable in MaterialApp
00:02 +221: C:/Users/zarik/OneDrive/Desktop/TrossApp/frontend/test/config/app_theme_test.dart: AppTheme - Integration theme should be usable in MaterialApp
00:02 +222: C:/Users/zarik/OneDrive/Desktop/TrossApp/frontend/test/config/app_theme_test.dart: AppTheme - Integration theme should be usable in MaterialApp
00:02 +223: C:/Users/zarik/OneDrive/Desktop/TrossApp/frontend/test/config/app_theme_test.dart: AppTheme - Integration theme should be usable in MaterialApp
00:02 +224: C:/Users/zarik/OneDrive/Desktop/TrossApp/frontend/test/config/app_theme_test.dart: AppTheme - Integration theme should be usable in MaterialApp
00:02 +225: C:/Users/zarik/OneDrive/Desktop/TrossApp/frontend/test/config/app_theme_test.dart: AppTheme - Integration theme should be usable in MaterialApp
00:02 +226: C:/Users/zarik/OneDrive/Desktop/TrossApp/frontend/test/config/app_theme_test.dart: AppTheme - Integration theme should be usable in MaterialApp
00:02 +227: C:/Users/zarik/OneDrive/Desktop/TrossApp/frontend/test/config/app_theme_test.dart: AppTheme - Integration theme should be usable in MaterialApp
00:02 +228: C:/Users/zarik/OneDrive/Desktop/TrossApp/frontend/test/config/app_theme_test.dart: AppTheme - Integration theme should be usable in MaterialApp
00:02 +229: C:/Users/zarik/OneDrive/Desktop/TrossApp/frontend/test/config/app_theme_test.dart: AppTheme - Integration theme should be usable in MaterialApp
00:02 +230: C:/Users/zarik/OneDrive/Desktop/TrossApp/frontend/test/config/app_theme_test.dart: AppTheme - Integration theme should be usable in MaterialApp
00:02 +231: C:/Users/zarik/OneDrive/Desktop/TrossApp/frontend/test/config/app_theme_test.dart: AppTheme - Integration theme should be usable in MaterialApp
00:02 +232: C:/Users/zarik/OneDrive/Desktop/TrossApp/frontend/test/config/app_theme_test.dart: AppTheme - Integration theme should be usable in MaterialApp
00:02 +233: C:/Users/zarik/OneDrive/Desktop/TrossApp/frontend/test/config/app_theme_test.dart: AppTheme - Integration dark theme should be usable in MaterialApp
00:02 +234: C:/Users/zarik/OneDrive/Desktop/TrossApp/frontend/test/config/app_theme_test.dart: AppTheme - Integration theme colors should be accessible in widgets
00:02 +235: C:/Users/zarik/OneDrive/Desktop/TrossApp/frontend/test/config/table_columns/role_columns_test.dart: (setUpAll)
00:02 +235: C:/Users/zarik/OneDrive/Desktop/TrossApp/frontend/test/config/table_columns/role_columns_test.dart: getRoleColumns returns correct number of columns
00:02 +236: C:/Users/zarik/OneDrive/Desktop/TrossApp/frontend/test/config/table_columns/role_columns_test.dart: getRoleColumns column IDs are unique and correct
00:02 +237: C:/Users/zarik/OneDrive/Desktop/TrossApp/frontend/test/config/table_columns/role_columns_test.dart: getRoleColumns all columns have labels
00:02 +238: C:/Users/zarik/OneDrive/Desktop/TrossApp/frontend/test/config/table_columns/role_columns_test.dart: getRoleColumns name column is configured correctly
00:02 +239: C:/Users/zarik/OneDrive/Desktop/TrossApp/frontend/test/config/table_columns/role_columns_test.dart: getRoleColumns id column is configured correctly
00:02 +240: C:/Users/zarik/OneDrive/Desktop/TrossApp/frontend/test/config/table_columns/role_columns_test.dart: getRoleColumns priority column is configured correctly
00:02 +241: C:/Users/zarik/OneDrive/Desktop/TrossApp/frontend/test/config/table_columns/role_columns_test.dart: getRoleColumns description column is configured correctly
00:02 +242: C:/Users/zarik/OneDrive/Desktop/TrossApp/frontend/test/config/table_columns/role_columns_test.dart: getRoleColumns status column is configured correctly
00:02 +243: C:/Users/zarik/OneDrive/Desktop/TrossApp/frontend/test/config/table_columns/role_columns_test.dart: getRoleColumns protected column is configured correctly
00:02 +244: C:/Users/zarik/OneDrive/Desktop/TrossApp/frontend/test/config/table_columns/role_columns_test.dart: getRoleColumns created column is configured correctly
00:02 +245: C:/Users/zarik/OneDrive/Desktop/TrossApp/frontend/test/config/table_columns/role_columns_test.dart: getRoleColumns onRoleUpdated callback parameter works
00:02 +246: C:/Users/zarik/OneDrive/Desktop/TrossApp/frontend/test/config/table_columns/role_columns_test.dart: (tearDownAll)
00:02 +246: C:/Users/zarik/OneDrive/Desktop/TrossApp/frontend/test/config/table_columns/user_columns_test.dart: (setUpAll)
00:02 +246: C:/Users/zarik/OneDrive/Desktop/TrossApp/frontend/test/config/table_columns/user_columns_test.dart: getUserColumns returns correct number of columns
00:02 +246 -1: C:/Users/zarik/OneDrive/Desktop/TrossApp/frontend/test/config/table_columns/user_columns_test.dart: getUserColumns returns correct number of columns [E]
  Expected: <5>
    Actual: <6>
  
  package:matcher                                        expect
  package:flutter_test/src/widget_tester.dart 473:18     expect
  test\config\table_columns\user_columns_test.dart 21:7  main.<fn>.<fn>
  
00:02 +246 -1: C:/Users/zarik/OneDrive/Desktop/TrossApp/frontend/test/config/table_columns/user_columns_test.dart: getUserColumns column IDs are unique and correct
00:02 +246 -2: C:/Users/zarik/OneDrive/Desktop/TrossApp/frontend/test/config/table_columns/user_columns_test.dart: getUserColumns column IDs are unique and correct [E]
  Expected: ['name', 'email', 'role', 'status', 'created']
    Actual: ['name', 'email', 'role', 'lifecycle_status', 'is_active', 'created']
     Which: at location [3] is 'lifecycle_status' instead of 'status'
  
  package:matcher                                        expect
  package:flutter_test/src/widget_tester.dart 473:18     expect
  test\config\table_columns\user_columns_test.dart 26:7  main.<fn>.<fn>
  
00:02 +246 -2: C:/Users/zarik/OneDrive/Desktop/TrossApp/frontend/test/config/table_columns/user_columns_test.dart: getUserColumns all columns have labels
00:02 +247 -2: C:/Users/zarik/OneDrive/Desktop/TrossApp/frontend/test/config/table_columns/user_columns_test.dart: getUserColumns name column is configured correctly
00:02 +248 -2: C:/Users/zarik/OneDrive/Desktop/TrossApp/frontend/test/config/table_columns/user_columns_test.dart: getUserColumns email column is configured correctly
00:02 +249 -2: C:/Users/zarik/OneDrive/Desktop/TrossApp/frontend/test/config/table_columns/user_columns_test.dart: getUserColumns role column is configured correctly
00:02 +250 -2: C:/Users/zarik/OneDrive/Desktop/TrossApp/frontend/test/config/table_columns/user_columns_test.dart: getUserColumns status column is configured correctly
00:02 +250 -3: C:/Users/zarik/OneDrive/Desktop/TrossApp/frontend/test/config/table_columns/user_columns_test.dart: getUserColumns status column is configured correctly [E]
  Bad state: No element
  dart:collection                                         ListBase.firstWhere
  test\config\table_columns\user_columns_test.dart 61:33  main.<fn>.<fn>
  
00:02 +250 -3: C:/Users/zarik/OneDrive/Desktop/TrossApp/frontend/test/config/table_columns/user_columns_test.dart: getUserColumns created column is configured correctly
00:02 +251 -3: C:/Users/zarik/OneDrive/Desktop/TrossApp/frontend/test/config/table_columns/user_columns_test.dart: getUserColumns onUserUpdated callback parameter works
00:02 +251 -4: C:/Users/zarik/OneDrive/Desktop/TrossApp/frontend/test/config/table_columns/user_columns_test.dart: getUserColumns onUserUpdated callback parameter works [E]
  Expected: <5>
    Actual: <6>
  
  package:matcher                                        expect
  package:flutter_test/src/widget_tester.dart 473:18     expect
  test\config\table_columns\user_columns_test.dart 80:7  main.<fn>.<fn>
  
00:02 +251 -4: C:/Users/zarik/OneDrive/Desktop/TrossApp/frontend/test/config/table_columns/user_columns_test.dart: (tearDownAll)
00:02 +251 -4: C:/Users/zarik/OneDrive/Desktop/TrossApp/frontend/test/core/routing/app_routes_test.dart: (setUpAll)
00:03 +251 -4: C:/Users/zarik/OneDrive/Desktop/TrossApp/frontend/test/core/routing/app_routes_test.dart: AppRoutes - Route Constants public routes are correctly defined
00:03 +252 -4: C:/Users/zarik/OneDrive/Desktop/TrossApp/frontend/test/core/routing/app_routes_test.dart: AppRoutes - Route Constants protected routes are correctly defined
00:03 +253 -4: C:/Users/zarik/OneDrive/Desktop/TrossApp/frontend/test/core/routing/app_routes_test.dart: AppRoutes - Route Constants admin routes are correctly defined
00:03 +254 -4: C:/Users/zarik/OneDrive/Desktop/TrossApp/frontend/test/core/routing/app_routes_test.dart: AppRoutes - Route Constants status/error routes are correctly defined
00:03 +255 -4: C:/Users/zarik/OneDrive/Desktop/TrossApp/frontend/test/core/routing/app_routes_test.dart: AppRoutes - Route Groups publicRoutes list contains all public routes
00:03 +256 -4: C:/Users/zarik/OneDrive/Desktop/TrossApp/frontend/test/core/routing/app_routes_test.dart: AppRoutes - Route Groups protectedRoutes list contains protected routes
00:03 +257 -4: C:/Users/zarik/OneDrive/Desktop/TrossApp/frontend/test/core/routing/app_routes_test.dart: AppRoutes - Route Groups adminRoutes list contains all admin routes
00:03 +258 -4: C:/Users/zarik/OneDrive/Desktop/TrossApp/frontend/test/core/routing/app_routes_test.dart: AppRoutes - Route Groups route groups do not overlap
00:03 +259 -4: C:/Users/zarik/OneDrive/Desktop/TrossApp/frontend/test/core/routing/app_routes_test.dart: AppRoutes - Helper Methods isPublicRoute() identifies public routes correctly
00:03 +260 -4: C:/Users/zarik/OneDrive/Desktop/TrossApp/frontend/test/core/routing/app_routes_test.dart: AppRoutes - Helper Methods isPublicRoute() returns false for non-public routes
00:03 +261 -4: C:/Users/zarik/OneDrive/Desktop/TrossApp/frontend/test/core/routing/app_routes_test.dart: AppRoutes - Helper Methods requiresAuth() identifies routes requiring authentication
00:03 +262 -4: C:/Users/zarik/OneDrive/Desktop/TrossApp/frontend/test/core/routing/app_routes_test.dart: AppRoutes - Helper Methods requiresAuth() returns false for public routes
00:03 +263 -4: C:/Users/zarik/OneDrive/Desktop/TrossApp/frontend/test/core/routing/app_routes_test.dart: AppRoutes - Helper Methods requiresAdmin() identifies admin routes correctly
00:03 +264 -4: C:/Users/zarik/OneDrive/Desktop/TrossApp/frontend/test/core/routing/app_routes_test.dart: AppRoutes - Helper Methods requiresAdmin() returns false for non-admin routes
00:03 +265 -4: C:/Users/zarik/OneDrive/Desktop/TrossApp/frontend/test/core/routing/app_routes_test.dart: AppRoutes - Helper Methods requiresAdmin() uses startsWith for admin sub-routes
00:03 +266 -4: C:/Users/zarik/OneDrive/Desktop/TrossApp/frontend/test/core/routing/app_routes_test.dart: AppRoutes - Helper Methods getRouteName() returns user-friendly names
00:03 +267 -4: C:/Users/zarik/OneDrive/Desktop/TrossApp/frontend/test/core/routing/app_routes_test.dart: AppRoutes - Helper Methods getRouteName() returns default for unknown routes
00:03 +268 -4: C:/Users/zarik/OneDrive/Desktop/TrossApp/frontend/test/core/routing/app_routes_test.dart: AppRoutes - Consistency Checks all admin routes start with /admin
00:03 +269 -4: C:/Users/zarik/OneDrive/Desktop/TrossApp/frontend/test/core/routing/app_routes_test.dart: AppRoutes - Consistency Checks all route constants start with /
00:03 +270 -4: C:/Users/zarik/OneDrive/Desktop/TrossApp/frontend/test/core/routing/app_routes_test.dart: AppRoutes - Consistency Checks no duplicate routes across all groups
00:03 +271 -4: C:/Users/zarik/OneDrive/Desktop/TrossApp/frontend/test/core/routing/app_routes_test.dart: (tearDownAll)
00:03 +271 -4: C:/Users/zarik/OneDrive/Desktop/TrossApp/frontend/test/core/routing/route_guard_test.dart: (setUpAll)
00:03 +271 -4: C:/Users/zarik/OneDrive/Desktop/TrossApp/frontend/test/core/routing/route_guard_test.dart: RouteGuardResult allow() creates result with canAccess=true
00:03 +272 -4: C:/Users/zarik/OneDrive/Desktop/TrossApp/frontend/test/core/routing/route_guard_test.dart: RouteGuardResult requiresLogin() creates result redirecting to login
00:03 +273 -4: C:/Users/zarik/OneDrive/Desktop/TrossApp/frontend/test/core/routing/route_guard_test.dart: RouteGuardResult unauthorized() creates result redirecting to unauthorized page
00:03 +274 -4: C:/Users/zarik/OneDrive/Desktop/TrossApp/frontend/test/core/routing/route_guard_test.dart: RouteGuardResult unauthorized() accepts custom reason
00:03 +275 -4: C:/Users/zarik/OneDrive/Desktop/TrossApp/frontend/test/core/routing/route_guard_test.dart: RouteGuardResult redirectToHome() creates result redirecting to home
00:03 +276 -4: C:/Users/zarik/OneDrive/Desktop/TrossApp/frontend/test/core/routing/route_guard_test.dart: RouteGuardResult toString() returns formatted string
00:03 +277 -4: C:/Users/zarik/OneDrive/Desktop/TrossApp/frontend/test/core/routing/route_guard_test.dart: RouteGuard - Public Routes allows access to root route without authentication
00:03 +278 -4: C:/Users/zarik/OneDrive/Desktop/TrossApp/frontend/test/core/routing/route_guard_test.dart: RouteGuard - Public Routes allows access to login route without authentication
00:03 +279 -4: C:/Users/zarik/OneDrive/Desktop/TrossApp/frontend/test/core/routing/route_guard_test.dart: RouteGuard - Public Routes allows access to callback route without authentication
00:03 +280 -4: C:/Users/zarik/OneDrive/Desktop/TrossApp/frontend/test/core/routing/route_guard_test.dart: RouteGuard - Public Routes allows access to error pages without authentication
00:03 +281 -4: C:/Users/zarik/OneDrive/Desktop/TrossApp/frontend/test/core/routing/route_guard_test.dart: RouteGuard - Protected Routes (Authentication Required) denies access to home route without authentication
00:03 +282 -4: C:/Users/zarik/OneDrive/Desktop/TrossApp/frontend/test/core/routing/route_guard_test.dart: RouteGuard - Protected Routes (Authentication Required) allows access to home route with authentication
00:03 +283 -4: C:/Users/zarik/OneDrive/Desktop/TrossApp/frontend/test/core/routing/route_guard_test.dart: RouteGuard - Protected Routes (Authentication Required) denies access to profile route without authentication
00:03 +284 -4: C:/Users/zarik/OneDrive/Desktop/TrossApp/frontend/test/core/routing/route_guard_test.dart: RouteGuard - Admin Routes (Admin Role Required) denies access to admin route without authentication
00:03 +285 -4: C:/Users/zarik/OneDrive/Desktop/TrossApp/frontend/test/core/routing/route_guard_test.dart: RouteGuard - Admin Routes (Admin Role Required) denies access to admin route for non-admin user
00:03 +286 -4: C:/Users/zarik/OneDrive/Desktop/TrossApp/frontend/test/core/routing/route_guard_test.dart: RouteGuard - Admin Routes (Admin Role Required) allows access to admin route for admin user
00:03 +287 -4: C:/Users/zarik/OneDrive/Desktop/TrossApp/frontend/test/core/routing/route_guard_test.dart: RouteGuard - Admin Routes (Admin Role Required) denies access to admin sub-routes for non-admin
00:03 +288 -4: C:/Users/zarik/OneDrive/Desktop/TrossApp/frontend/test/core/routing/route_guard_test.dart: RouteGuard - Admin Routes (Admin Role Required) allows access to admin sub-routes for admin
00:03 +289 -4: C:/Users/zarik/OneDrive/Desktop/TrossApp/frontend/test/core/routing/route_guard_test.dart: RouteGuard - Helper Methods hasRequiredRole() returns true for admin on admin route
00:03 +290 -4: C:/Users/zarik/OneDrive/Desktop/TrossApp/frontend/test/core/routing/route_guard_test.dart: RouteGuard - Helper Methods hasRequiredRole() returns false for non-admin on admin route
00:03 +291 -4: C:/Users/zarik/OneDrive/Desktop/TrossApp/frontend/test/core/routing/route_guard_test.dart: RouteGuard - Helper Methods hasRequiredRole() returns true for any authenticated user on home
00:03 +292 -4: C:/Users/zarik/OneDrive/Desktop/TrossApp/frontend/test/core/routing/route_guard_test.dart: RouteGuard - Helper Methods hasRequiredRole() returns true for public routes without user
00:03 +293 -4: C:/Users/zarik/OneDrive/Desktop/TrossApp/frontend/test/core/routing/route_guard_test.dart: RouteGuard - Helper Methods getAccessDeniedMessage() returns admin-specific message
00:03 +294 -4: C:/Users/zarik/OneDrive/Desktop/TrossApp/frontend/test/core/routing/route_guard_test.dart: RouteGuard - Helper Methods getAccessDeniedMessage() returns auth message for protected routes
00:03 +295 -4: C:/Users/zarik/OneDrive/Desktop/TrossApp/frontend/test/core/routing/route_guard_test.dart: RouteGuard - Helper Methods isValidRoute() returns true for known routes
00:03 +296 -4: C:/Users/zarik/OneDrive/Desktop/TrossApp/frontend/test/core/routing/route_guard_test.dart: RouteGuard - Helper Methods isValidRoute() returns false for unknown routes
00:03 +297 -4: C:/Users/zarik/OneDrive/Desktop/TrossApp/frontend/test/e2e/concurrent_operations_test.dart: (setUpAll)
00:03 +298 -4: C:/Users/zarik/OneDrive/Desktop/TrossApp/frontend/test/e2e/concurrent_operations_test.dart: (setUpAll)
00:03 +299 -4: C:/Users/zarik/OneDrive/Desktop/TrossApp/frontend/test/e2e/concurrent_operations_test.dart: (setUpAll)
00:03 +300 -4: C:/Users/zarik/OneDrive/Desktop/TrossApp/frontend/test/e2e/concurrent_operations_test.dart: (setUpAll)
00:03 +301 -4: C:/Users/zarik/OneDrive/Desktop/TrossApp/frontend/test/e2e/concurrent_operations_test.dart: (setUpAll)
00:03 +302 -4: C:/Users/zarik/OneDrive/Desktop/TrossApp/frontend/test/e2e/concurrent_operations_test.dart: (setUpAll)
00:03 +302 -4: C:/Users/zarik/OneDrive/Desktop/TrossApp/frontend/test/e2e/concurrent_operations_test.dart: Concurrent Operations Tests - High Concurrency Scenarios Single Provider Concurrency AuthProvider handles 50 concurrent logout operations
❌ ERROR: Failed to retrieve stored auth data | MissingPluginException(No implementation found for method read on channel plugins.it_nomads.com/flutter_secure_storage)
ℹ️  INFO: No stored auth data found
ℹ️  INFO: No stored auth data found
ℹ️  INFO: Auth state initialized - no active session
ℹ️  INFO: 🔑 AUTH SERVICE: ========== LOGOUT START (2025-11-11 13:25:23) ==========
   Context: {token: null, strategy: unknown, isAuth0: false, isDevUser: false}
ℹ️  INFO: 🔑 AUTH SERVICE: No token, skipping backend logout
ℹ️  INFO: 🔑 AUTH SERVICE: Unknown auth strategy, clearing state...
ℹ️  INFO: Clearing auth state
ℹ️  INFO: 🔑 AUTH SERVICE: ========== LOGOUT START (2025-11-11 13:25:23) ==========
   Context: {token: null, strategy: unknown, isAuth0: false, isDevUser: false}
ℹ️  INFO: 🔑 AUTH SERVICE: No token, skipping backend logout
ℹ️  INFO: 🔑 AUTH SERVICE: Unknown auth strategy, clearing state...
ℹ️  INFO: Clearing auth state
ℹ️  INFO: 🔑 AUTH SERVICE: ========== LOGOUT START (2025-11-11 13:25:23) ==========
   Context: {token: null, strategy: unknown, isAuth0: false, isDevUser: false}
ℹ️  INFO: 🔑 AUTH SERVICE: No token, skipping backend logout
ℹ️  INFO: 🔑 AUTH SERVICE: Unknown auth strategy, clearing state...
ℹ️  INFO: Clearing auth state
ℹ️  INFO: 🔑 AUTH SERVICE: ========== LOGOUT START (2025-11-11 13:25:23) ==========
   Context: {token: null, strategy: unknown, isAuth0: false, isDevUser: false}
ℹ️  INFO: 🔑 AUTH SERVICE: No token, skipping backend logout
ℹ️  INFO: 🔑 AUTH SERVICE: Unknown auth strategy, clearing state...
ℹ️  INFO: Clearing auth state
ℹ️  INFO: 🔑 AUTH SERVICE: ========== LOGOUT START (2025-11-11 13:25:23) ==========
   Context: {token: null, strategy: unknown, isAuth0: false, isDevUser: false}
ℹ️  INFO: 🔑 AUTH SERVICE: No token, skipping backend logout
ℹ️  INFO: 🔑 AUTH SERVICE: Unknown auth strategy, clearing state...
ℹ️  INFO: Clearing auth state
ℹ️  INFO: 🔑 AUTH SERVICE: ========== LOGOUT START (2025-11-11 13:25:23) ==========
   Context: {token: null, strategy: unknown, isAuth0: false, isDevUser: false}
ℹ️  INFO: 🔑 AUTH SERVICE: No token, skipping backend logout
ℹ️  INFO: 🔑 AUTH SERVICE: Unknown auth strategy, clearing state...
ℹ️  INFO: Clearing auth state
ℹ️  INFO: 🔑 AUTH SERVICE: ========== LOGOUT START (2025-11-11 13:25:23) ==========
   Context: {token: null, strategy: unknown, isAuth0: false, isDevUser: false}
ℹ️  INFO: 🔑 AUTH SERVICE: No token, skipping backend logout
ℹ️  INFO: 🔑 AUTH SERVICE: Unknown auth strategy, clearing state...
ℹ️  INFO: Clearing auth state
ℹ️  INFO: 🔑 AUTH SERVICE: ========== LOGOUT START (2025-11-11 13:25:23) ==========
   Context: {token: null, strategy: unknown, isAuth0: false, isDevUser: false}
ℹ️  INFO: 🔑 AUTH SERVICE: No token, skipping backend logout
ℹ️  INFO: 🔑 AUTH SERVICE: Unknown auth strategy, clearing state...
ℹ️  INFO: Clearing auth state
ℹ️  INFO: 🔑 AUTH SERVICE: ========== LOGOUT START (2025-11-11 13:25:23) ==========
   Context: {token: null, strategy: unknown, isAuth0: false, isDevUser: false}
ℹ️  INFO: 🔑 AUTH SERVICE: No token, skipping backend logout
ℹ️  INFO: 🔑 AUTH SERVICE: Unknown auth strategy, clearing state...
ℹ️  INFO: Clearing auth state
ℹ️  INFO: 🔑 AUTH SERVICE: ========== LOGOUT START (2025-11-11 13:25:23) ==========
   Context: {token: null, strategy: unknown, isAuth0: false, isDevUser: false}
ℹ️  INFO: 🔑 AUTH SERVICE: No token, skipping backend logout
ℹ️  INFO: 🔑 AUTH SERVICE: Unknown auth strategy, clearing state...
ℹ️  INFO: Clearing auth state
ℹ️  INFO: 🔑 AUTH SERVICE: ========== LOGOUT START (2025-11-11 13:25:23) ==========
   Context: {token: null, strategy: unknown, isAuth0: false, isDevUser: false}
ℹ️  INFO: 🔑 AUTH SERVICE: No token, skipping backend logout
ℹ️  INFO: 🔑 AUTH SERVICE: Unknown auth strategy, clearing state...
ℹ️  INFO: Clearing auth state
ℹ️  INFO: 🔑 AUTH SERVICE: ========== LOGOUT START (2025-11-11 13:25:23) ==========
   Context: {token: null, strategy: unknown, isAuth0: false, isDevUser: false}
ℹ️  INFO: 🔑 AUTH SERVICE: No token, skipping backend logout
ℹ️  INFO: 🔑 AUTH SERVICE: Unknown auth strategy, clearing state...
ℹ️  INFO: Clearing auth state
ℹ️  INFO: 🔑 AUTH SERVICE: ========== LOGOUT START (2025-11-11 13:25:23) ==========
   Context: {token: null, strategy: unknown, isAuth0: false, isDevUser: false}
ℹ️  INFO: 🔑 AUTH SERVICE: No token, skipping backend logout
ℹ️  INFO: 🔑 AUTH SERVICE: Unknown auth strategy, clearing state...
ℹ️  INFO: Clearing auth state
ℹ️  INFO: 🔑 AUTH SERVICE: ========== LOGOUT START (2025-11-11 13:25:23) ==========
   Context: {token: null, strategy: unknown, isAuth0: false, isDevUser: false}
ℹ️  INFO: 🔑 AUTH SERVICE: No token, skipping backend logout
ℹ️  INFO: 🔑 AUTH SERVICE: Unknown auth strategy, clearing state...
ℹ️  INFO: Clearing auth state
ℹ️  INFO: 🔑 AUTH SERVICE: ========== LOGOUT START (2025-11-11 13:25:23) ==========
   Context: {token: null, strategy: unknown, isAuth0: false, isDevUser: false}
ℹ️  INFO: 🔑 AUTH SERVICE: No token, skipping backend logout
ℹ️  INFO: 🔑 AUTH SERVICE: Unknown auth strategy, clearing state...
ℹ️  INFO: Clearing auth state
ℹ️  INFO: 🔑 AUTH SERVICE: ========== LOGOUT START (2025-11-11 13:25:23) ==========
   Context: {token: null, strategy: unknown, isAuth0: false, isDevUser: false}
ℹ️  INFO: 🔑 AUTH SERVICE: No token, skipping backend logout
ℹ️  INFO: 🔑 AUTH SERVICE: Unknown auth strategy, clearing state...
ℹ️  INFO: Clearing auth state
ℹ️  INFO: 🔑 AUTH SERVICE: ========== LOGOUT START (2025-11-11 13:25:23) ==========
   Context: {token: null, strategy: unknown, isAuth0: false, isDevUser: false}
ℹ️  INFO: 🔑 AUTH SERVICE: No token, skipping backend logout
ℹ️  INFO: 🔑 AUTH SERVICE: Unknown auth strategy, clearing state...
ℹ️  INFO: Clearing auth state
ℹ️  INFO: 🔑 AUTH SERVICE: ========== LOGOUT START (2025-11-11 13:25:23) ==========
   Context: {token: null, strategy: unknown, isAuth0: false, isDevUser: false}
ℹ️  INFO: 🔑 AUTH SERVICE: No token, skipping backend logout
ℹ️  INFO: 🔑 AUTH SERVICE: Unknown auth strategy, clearing state...
ℹ️  INFO: Clearing auth state
ℹ️  INFO: 🔑 AUTH SERVICE: ========== LOGOUT START (2025-11-11 13:25:23) ==========
   Context: {token: null, strategy: unknown, isAuth0: false, isDevUser: false}
ℹ️  INFO: 🔑 AUTH SERVICE: No token, skipping backend logout
ℹ️  INFO: 🔑 AUTH SERVICE: Unknown auth strategy, clearing state...
ℹ️  INFO: Clearing auth state
ℹ️  INFO: 🔑 AUTH SERVICE: ========== LOGOUT START (2025-11-11 13:25:23) ==========
   Context: {token: null, strategy: unknown, isAuth0: false, isDevUser: false}
ℹ️  INFO: 🔑 AUTH SERVICE: No token, skipping backend logout
ℹ️  INFO: 🔑 AUTH SERVICE: Unknown auth strategy, clearing state...
ℹ️  INFO: Clearing auth state
ℹ️  INFO: 🔑 AUTH SERVICE: ========== LOGOUT START (2025-11-11 13:25:23) ==========
   Context: {token: null, strategy: unknown, isAuth0: false, isDevUser: false}
ℹ️  INFO: 🔑 AUTH SERVICE: No token, skipping backend logout
ℹ️  INFO: 🔑 AUTH SERVICE: Unknown auth strategy, clearing state...
ℹ️  INFO: Clearing auth state
ℹ️  INFO: 🔑 AUTH SERVICE: ========== LOGOUT START (2025-11-11 13:25:23) ==========
   Context: {token: null, strategy: unknown, isAuth0: false, isDevUser: false}
ℹ️  INFO: 🔑 AUTH SERVICE: No token, skipping backend logout
ℹ️  INFO: 🔑 AUTH SERVICE: Unknown auth strategy, clearing state...
ℹ️  INFO: Clearing auth state
ℹ️  INFO: 🔑 AUTH SERVICE: ========== LOGOUT START (2025-11-11 13:25:23) ==========
   Context: {token: null, strategy: unknown, isAuth0: false, isDevUser: false}
ℹ️  INFO: 🔑 AUTH SERVICE: No token, skipping backend logout
ℹ️  INFO: 🔑 AUTH SERVICE: Unknown auth strategy, clearing state...
ℹ️  INFO: Clearing auth state
ℹ️  INFO: 🔑 AUTH SERVICE: ========== LOGOUT START (2025-11-11 13:25:23) ==========
   Context: {token: null, strategy: unknown, isAuth0: false, isDevUser: false}
ℹ️  INFO: 🔑 AUTH SERVICE: No token, skipping backend logout
ℹ️  INFO: 🔑 AUTH SERVICE: Unknown auth strategy, clearing state...
ℹ️  INFO: Clearing auth state
ℹ️  INFO: 🔑 AUTH SERVICE: ========== LOGOUT START (2025-11-11 13:25:23) ==========
   Context: {token: null, strategy: unknown, isAuth0: false, isDevUser: false}
ℹ️  INFO: 🔑 AUTH SERVICE: No token, skipping backend logout
ℹ️  INFO: 🔑 AUTH SERVICE: Unknown auth strategy, clearing state...
ℹ️  INFO: Clearing auth state
ℹ️  INFO: 🔑 AUTH SERVICE: ========== LOGOUT START (2025-11-11 13:25:23) ==========
   Context: {token: null, strategy: unknown, isAuth0: false, isDevUser: false}
ℹ️  INFO: 🔑 AUTH SERVICE: No token, skipping backend logout
ℹ️  INFO: 🔑 AUTH SERVICE: Unknown auth strategy, clearing state...
ℹ️  INFO: Clearing auth state
ℹ️  INFO: 🔑 AUTH SERVICE: ========== LOGOUT START (2025-11-11 13:25:23) ==========
   Context: {token: null, strategy: unknown, isAuth0: false, isDevUser: false}
ℹ️  INFO: 🔑 AUTH SERVICE: No token, skipping backend logout
ℹ️  INFO: 🔑 AUTH SERVICE: Unknown auth strategy, clearing state...
ℹ️  INFO: Clearing auth state
ℹ️  INFO: 🔑 AUTH SERVICE: ========== LOGOUT START (2025-11-11 13:25:23) ==========
   Context: {token: null, strategy: unknown, isAuth0: false, isDevUser: false}
ℹ️  INFO: 🔑 AUTH SERVICE: No token, skipping backend logout
ℹ️  INFO: 🔑 AUTH SERVICE: Unknown auth strategy, clearing state...
ℹ️  INFO: Clearing auth state
ℹ️  INFO: 🔑 AUTH SERVICE: ========== LOGOUT START (2025-11-11 13:25:23) ==========
   Context: {token: null, strategy: unknown, isAuth0: false, isDevUser: false}
ℹ️  INFO: 🔑 AUTH SERVICE: No token, skipping backend logout
ℹ️  INFO: 🔑 AUTH SERVICE: Unknown auth strategy, clearing state...
ℹ️  INFO: Clearing auth state
ℹ️  INFO: 🔑 AUTH SERVICE: ========== LOGOUT START (2025-11-11 13:25:23) ==========
   Context: {token: null, strategy: unknown, isAuth0: false, isDevUser: false}
ℹ️  INFO: 🔑 AUTH SERVICE: No token, skipping backend logout
ℹ️  INFO: 🔑 AUTH SERVICE: Unknown auth strategy, clearing state...
ℹ️  INFO: Clearing auth state
ℹ️  INFO: 🔑 AUTH SERVICE: ========== LOGOUT START (2025-11-11 13:25:23) ==========
   Context: {token: null, strategy: unknown, isAuth0: false, isDevUser: false}
ℹ️  INFO: 🔑 AUTH SERVICE: No token, skipping backend logout
ℹ️  INFO: 🔑 AUTH SERVICE: Unknown auth strategy, clearing state...
ℹ️  INFO: Clearing auth state
ℹ️  INFO: 🔑 AUTH SERVICE: ========== LOGOUT START (2025-11-11 13:25:23) ==========
   Context: {token: null, strategy: unknown, isAuth0: false, isDevUser: false}
ℹ️  INFO: 🔑 AUTH SERVICE: No token, skipping backend logout
ℹ️  INFO: 🔑 AUTH SERVICE: Unknown auth strategy, clearing state...
ℹ️  INFO: Clearing auth state
ℹ️  INFO: 🔑 AUTH SERVICE: ========== LOGOUT START (2025-11-11 13:25:23) ==========
   Context: {token: null, strategy: unknown, isAuth0: false, isDevUser: false}
ℹ️  INFO: 🔑 AUTH SERVICE: No token, skipping backend logout
ℹ️  INFO: 🔑 AUTH SERVICE: Unknown auth strategy, clearing state...
ℹ️  INFO: Clearing auth state
ℹ️  INFO: 🔑 AUTH SERVICE: ========== LOGOUT START (2025-11-11 13:25:23) ==========
   Context: {token: null, strategy: unknown, isAuth0: false, isDevUser: false}
ℹ️  INFO: 🔑 AUTH SERVICE: No token, skipping backend logout
ℹ️  INFO: 🔑 AUTH SERVICE: Unknown auth strategy, clearing state...
ℹ️  INFO: Clearing auth state
ℹ️  INFO: 🔑 AUTH SERVICE: ========== LOGOUT START (2025-11-11 13:25:23) ==========
   Context: {token: null, strategy: unknown, isAuth0: false, isDevUser: false}
ℹ️  INFO: 🔑 AUTH SERVICE: No token, skipping backend logout
ℹ️  INFO: 🔑 AUTH SERVICE: Unknown auth strategy, clearing state...
ℹ️  INFO: Clearing auth state
ℹ️  INFO: 🔑 AUTH SERVICE: ========== LOGOUT START (2025-11-11 13:25:23) ==========
   Context: {token: null, strategy: unknown, isAuth0: false, isDevUser: false}
ℹ️  INFO: 🔑 AUTH SERVICE: No token, skipping backend logout
ℹ️  INFO: 🔑 AUTH SERVICE: Unknown auth strategy, clearing state...
ℹ️  INFO: Clearing auth state
ℹ️  INFO: 🔑 AUTH SERVICE: ========== LOGOUT START (2025-11-11 13:25:23) ==========
   Context: {token: null, strategy: unknown, isAuth0: false, isDevUser: false}
ℹ️  INFO: 🔑 AUTH SERVICE: No token, skipping backend logout
ℹ️  INFO: 🔑 AUTH SERVICE: Unknown auth strategy, clearing state...
ℹ️  INFO: Clearing auth state
ℹ️  INFO: 🔑 AUTH SERVICE: ========== LOGOUT START (2025-11-11 13:25:23) ==========
   Context: {token: null, strategy: unknown, isAuth0: false, isDevUser: false}
ℹ️  INFO: 🔑 AUTH SERVICE: No token, skipping backend logout
ℹ️  INFO: 🔑 AUTH SERVICE: Unknown auth strategy, clearing state...
ℹ️  INFO: Clearing auth state
ℹ️  INFO: 🔑 AUTH SERVICE: ========== LOGOUT START (2025-11-11 13:25:23) ==========
   Context: {token: null, strategy: unknown, isAuth0: false, isDevUser: false}
ℹ️  INFO: 🔑 AUTH SERVICE: No token, skipping backend logout
ℹ️  INFO: 🔑 AUTH SERVICE: Unknown auth strategy, clearing state...
ℹ️  INFO: Clearing auth state
ℹ️  INFO: 🔑 AUTH SERVICE: ========== LOGOUT START (2025-11-11 13:25:23) ==========
   Context: {token: null, strategy: unknown, isAuth0: false, isDevUser: false}
ℹ️  INFO: 🔑 AUTH SERVICE: No token, skipping backend logout
ℹ️  INFO: 🔑 AUTH SERVICE: Unknown auth strategy, clearing state...
ℹ️  INFO: Clearing auth state
ℹ️  INFO: 🔑 AUTH SERVICE: ========== LOGOUT START (2025-11-11 13:25:23) ==========
   Context: {token: null, strategy: unknown, isAuth0: false, isDevUser: false}
ℹ️  INFO: 🔑 AUTH SERVICE: No token, skipping backend logout
ℹ️  INFO: 🔑 AUTH SERVICE: Unknown auth strategy, clearing state...
ℹ️  INFO: Clearing auth state
ℹ️  INFO: 🔑 AUTH SERVICE: ========== LOGOUT START (2025-11-11 13:25:23) ==========
   Context: {token: null, strategy: unknown, isAuth0: false, isDevUser: false}
ℹ️  INFO: 🔑 AUTH SERVICE: No token, skipping backend logout
ℹ️  INFO: 🔑 AUTH SERVICE: Unknown auth strategy, clearing state...
ℹ️  INFO: Clearing auth state
ℹ️  INFO: 🔑 AUTH SERVICE: ========== LOGOUT START (2025-11-11 13:25:23) ==========
   Context: {token: null, strategy: unknown, isAuth0: false, isDevUser: false}
ℹ️  INFO: 🔑 AUTH SERVICE: No token, skipping backend logout
ℹ️  INFO: 🔑 AUTH SERVICE: Unknown auth strategy, clearing state...
ℹ️  INFO: Clearing auth state
ℹ️  INFO: 🔑 AUTH SERVICE: ========== LOGOUT START (2025-11-11 13:25:23) ==========
   Context: {token: null, strategy: unknown, isAuth0: false, isDevUser: false}
ℹ️  INFO: 🔑 AUTH SERVICE: No token, skipping backend logout
ℹ️  INFO: 🔑 AUTH SERVICE: Unknown auth strategy, clearing state...
ℹ️  INFO: Clearing auth state
ℹ️  INFO: 🔑 AUTH SERVICE: ========== LOGOUT START (2025-11-11 13:25:23) ==========
   Context: {token: null, strategy: unknown, isAuth0: false, isDevUser: false}
ℹ️  INFO: 🔑 AUTH SERVICE: No token, skipping backend logout
ℹ️  INFO: 🔑 AUTH SERVICE: Unknown auth strategy, clearing state...
ℹ️  INFO: Clearing auth state
ℹ️  INFO: 🔑 AUTH SERVICE: ========== LOGOUT START (2025-11-11 13:25:23) ==========
   Context: {token: null, strategy: unknown, isAuth0: false, isDevUser: false}
ℹ️  INFO: 🔑 AUTH SERVICE: No token, skipping backend logout
ℹ️  INFO: 🔑 AUTH SERVICE: Unknown auth strategy, clearing state...
ℹ️  INFO: Clearing auth state
ℹ️  INFO: 🔑 AUTH SERVICE: ========== LOGOUT START (2025-11-11 13:25:23) ==========
   Context: {token: null, strategy: unknown, isAuth0: false, isDevUser: false}
ℹ️  INFO: 🔑 AUTH SERVICE: No token, skipping backend logout
ℹ️  INFO: 🔑 AUTH SERVICE: Unknown auth strategy, clearing state...
ℹ️  INFO: Clearing auth state
ℹ️  INFO: 🔑 AUTH SERVICE: ========== LOGOUT START (2025-11-11 13:25:23) ==========
   Context: {token: null, strategy: unknown, isAuth0: false, isDevUser: false}
ℹ️  INFO: 🔑 AUTH SERVICE: No token, skipping backend logout
ℹ️  INFO: 🔑 AUTH SERVICE: Unknown auth strategy, clearing state...
ℹ️  INFO: Clearing auth state
ℹ️  INFO: 🔑 AUTH SERVICE: ========== LOGOUT START (2025-11-11 13:25:23) ==========
   Context: {token: null, strategy: unknown, isAuth0: false, isDevUser: false}
ℹ️  INFO: 🔑 AUTH SERVICE: No token, skipping backend logout
ℹ️  INFO: 🔑 AUTH SERVICE: Unknown auth strategy, clearing state...
ℹ️  INFO: Clearing auth state
ℹ️  INFO: 🔑 AUTH SERVICE: ========== LOGOUT START (2025-11-11 13:25:23) ==========
   Context: {token: null, strategy: unknown, isAuth0: false, isDevUser: false}
ℹ️  INFO: 🔑 AUTH SERVICE: No token, skipping backend logout
ℹ️  INFO: 🔑 AUTH SERVICE: Unknown auth strategy, clearing state...
ℹ️  INFO: Clearing auth state
❌ ERROR: Failed to clear auth data | MissingPluginException(No implementation found for method delete on channel plugins.it_nomads.com/flutter_secure_storage)
ℹ️  INFO: Auth data cleared
ℹ️  INFO: Auth state cleared
ℹ️  INFO: 🔑 AUTH SERVICE: ========== LOGOUT END (total: 34ms) ==========
❌ ERROR: Failed to clear auth data | MissingPluginException(No implementation found for method delete on channel plugins.it_nomads.com/flutter_secure_storage)
ℹ️  INFO: Auth data cleared
ℹ️  INFO: Auth state cleared
ℹ️  INFO: 🔑 AUTH SERVICE: ========== LOGOUT END (total: 30ms) ==========
❌ ERROR: Failed to clear auth data | MissingPluginException(No implementation found for method delete on channel plugins.it_nomads.com/flutter_secure_storage)
ℹ️  INFO: Auth data cleared
ℹ️  INFO: Auth state cleared
ℹ️  INFO: 🔑 AUTH SERVICE: ========== LOGOUT END (total: 30ms) ==========
❌ ERROR: Failed to clear auth data | MissingPluginException(No implementation found for method delete on channel plugins.it_nomads.com/flutter_secure_storage)
ℹ️  INFO: Auth data cleared
ℹ️  INFO: Auth state cleared
ℹ️  INFO: 🔑 AUTH SERVICE: ========== LOGOUT END (total: 29ms) ==========
❌ ERROR: Failed to clear auth data | MissingPluginException(No implementation found for method delete on channel plugins.it_nomads.com/flutter_secure_storage)
ℹ️  INFO: Auth data cleared
ℹ️  INFO: Auth state cleared
ℹ️  INFO: 🔑 AUTH SERVICE: ========== LOGOUT END (total: 29ms) ==========
❌ ERROR: Failed to clear auth data | MissingPluginException(No implementation found for method delete on channel plugins.it_nomads.com/flutter_secure_storage)
ℹ️  INFO: Auth data cleared
ℹ️  INFO: Auth state cleared
ℹ️  INFO: 🔑 AUTH SERVICE: ========== LOGOUT END (total: 29ms) ==========
❌ ERROR: Failed to clear auth data | MissingPluginException(No implementation found for method delete on channel plugins.it_nomads.com/flutter_secure_storage)
ℹ️  INFO: Auth data cleared
ℹ️  INFO: Auth state cleared
ℹ️  INFO: 🔑 AUTH SERVICE: ========== LOGOUT END (total: 29ms) ==========
❌ ERROR: Failed to clear auth data | MissingPluginException(No implementation found for method delete on channel plugins.it_nomads.com/flutter_secure_storage)
ℹ️  INFO: Auth data cleared
ℹ️  INFO: Auth state cleared
ℹ️  INFO: 🔑 AUTH SERVICE: ========== LOGOUT END (total: 28ms) ==========
❌ ERROR: Failed to clear auth data | MissingPluginException(No implementation found for method delete on channel plugins.it_nomads.com/flutter_secure_storage)
ℹ️  INFO: Auth data cleared
ℹ️  INFO: Auth state cleared
ℹ️  INFO: 🔑 AUTH SERVICE: ========== LOGOUT END (total: 31ms) ==========
❌ ERROR: Failed to clear auth data | MissingPluginException(No implementation found for method delete on channel plugins.it_nomads.com/flutter_secure_storage)
ℹ️  INFO: Auth data cleared
ℹ️  INFO: Auth state cleared
ℹ️  INFO: 🔑 AUTH SERVICE: ========== LOGOUT END (total: 32ms) ==========
❌ ERROR: Failed to clear auth data | MissingPluginException(No implementation found for method delete on channel plugins.it_nomads.com/flutter_secure_storage)
ℹ️  INFO: Auth data cleared
ℹ️  INFO: Auth state cleared
ℹ️  INFO: 🔑 AUTH SERVICE: ========== LOGOUT END (total: 31ms) ==========
❌ ERROR: Failed to clear auth data | MissingPluginException(No implementation found for method delete on channel plugins.it_nomads.com/flutter_secure_storage)
ℹ️  INFO: Auth data cleared
ℹ️  INFO: Auth state cleared
ℹ️  INFO: 🔑 AUTH SERVICE: ========== LOGOUT END (total: 26ms) ==========
❌ ERROR: Failed to clear auth data | MissingPluginException(No implementation found for method delete on channel plugins.it_nomads.com/flutter_secure_storage)
ℹ️  INFO: Auth data cleared
ℹ️  INFO: Auth state cleared
ℹ️  INFO: 🔑 AUTH SERVICE: ========== LOGOUT END (total: 25ms) ==========
❌ ERROR: Failed to clear auth data | MissingPluginException(No implementation found for method delete on channel plugins.it_nomads.com/flutter_secure_storage)
ℹ️  INFO: Auth data cleared
ℹ️  INFO: Auth state cleared
ℹ️  INFO: 🔑 AUTH SERVICE: ========== LOGOUT END (total: 24ms) ==========
❌ ERROR: Failed to clear auth data | MissingPluginException(No implementation found for method delete on channel plugins.it_nomads.com/flutter_secure_storage)
ℹ️  INFO: Auth data cleared
ℹ️  INFO: Auth state cleared
ℹ️  INFO: 🔑 AUTH SERVICE: ========== LOGOUT END (total: 24ms) ==========
❌ ERROR: Failed to clear auth data | MissingPluginException(No implementation found for method delete on channel plugins.it_nomads.com/flutter_secure_storage)
ℹ️  INFO: Auth data cleared
ℹ️  INFO: Auth state cleared
ℹ️  INFO: 🔑 AUTH SERVICE: ========== LOGOUT END (total: 24ms) ==========
❌ ERROR: Failed to clear auth data | MissingPluginException(No implementation found for method delete on channel plugins.it_nomads.com/flutter_secure_storage)
ℹ️  INFO: Auth data cleared
ℹ️  INFO: Auth state cleared
ℹ️  INFO: 🔑 AUTH SERVICE: ========== LOGOUT END (total: 25ms) ==========
❌ ERROR: Failed to clear auth data | MissingPluginException(No implementation found for method delete on channel plugins.it_nomads.com/flutter_secure_storage)
ℹ️  INFO: Auth data cleared
ℹ️  INFO: Auth state cleared
ℹ️  INFO: 🔑 AUTH SERVICE: ========== LOGOUT END (total: 25ms) ==========
❌ ERROR: Failed to clear auth data | MissingPluginException(No implementation found for method delete on channel plugins.it_nomads.com/flutter_secure_storage)
ℹ️  INFO: Auth data cleared
ℹ️  INFO: Auth state cleared
ℹ️  INFO: 🔑 AUTH SERVICE: ========== LOGOUT END (total: 24ms) ==========
❌ ERROR: Failed to clear auth data | MissingPluginException(No implementation found for method delete on channel plugins.it_nomads.com/flutter_secure_storage)
ℹ️  INFO: Auth data cleared
ℹ️  INFO: Auth state cleared
ℹ️  INFO: 🔑 AUTH SERVICE: ========== LOGOUT END (total: 24ms) ==========
❌ ERROR: Failed to clear auth data | MissingPluginException(No implementation found for method delete on channel plugins.it_nomads.com/flutter_secure_storage)
ℹ️  INFO: Auth data cleared
ℹ️  INFO: Auth state cleared
ℹ️  INFO: 🔑 AUTH SERVICE: ========== LOGOUT END (total: 23ms) ==========
❌ ERROR: Failed to clear auth data | MissingPluginException(No implementation found for method delete on channel plugins.it_nomads.com/flutter_secure_storage)
ℹ️  INFO: Auth data cleared
ℹ️  INFO: Auth state cleared
ℹ️  INFO: 🔑 AUTH SERVICE: ========== LOGOUT END (total: 24ms) ==========
❌ ERROR: Failed to clear auth data | MissingPluginException(No implementation found for method delete on channel plugins.it_nomads.com/flutter_secure_storage)
ℹ️  INFO: Auth data cleared
ℹ️  INFO: Auth state cleared
ℹ️  INFO: 🔑 AUTH SERVICE: ========== LOGOUT END (total: 25ms) ==========
❌ ERROR: Failed to clear auth data | MissingPluginException(No implementation found for method delete on channel plugins.it_nomads.com/flutter_secure_storage)
ℹ️  INFO: Auth data cleared
ℹ️  INFO: Auth state cleared
ℹ️  INFO: 🔑 AUTH SERVICE: ========== LOGOUT END (total: 24ms) ==========
❌ ERROR: Failed to clear auth data | MissingPluginException(No implementation found for method delete on channel plugins.it_nomads.com/flutter_secure_storage)
ℹ️  INFO: Auth data cleared
ℹ️  INFO: Auth state cleared
ℹ️  INFO: 🔑 AUTH SERVICE: ========== LOGOUT END (total: 24ms) ==========
❌ ERROR: Failed to clear auth data | MissingPluginException(No implementation found for method delete on channel plugins.it_nomads.com/flutter_secure_storage)
ℹ️  INFO: Auth data cleared
ℹ️  INFO: Auth state cleared
ℹ️  INFO: 🔑 AUTH SERVICE: ========== LOGOUT END (total: 23ms) ==========
❌ ERROR: Failed to clear auth data | MissingPluginException(No implementation found for method delete on channel plugins.it_nomads.com/flutter_secure_storage)
ℹ️  INFO: Auth data cleared
ℹ️  INFO: Auth state cleared
ℹ️  INFO: 🔑 AUTH SERVICE: ========== LOGOUT END (total: 23ms) ==========
❌ ERROR: Failed to clear auth data | MissingPluginException(No implementation found for method delete on channel plugins.it_nomads.com/flutter_secure_storage)
ℹ️  INFO: Auth data cleared
ℹ️  INFO: Auth state cleared
ℹ️  INFO: 🔑 AUTH SERVICE: ========== LOGOUT END (total: 23ms) ==========
❌ ERROR: Failed to clear auth data | MissingPluginException(No implementation found for method delete on channel plugins.it_nomads.com/flutter_secure_storage)
ℹ️  INFO: Auth data cleared
ℹ️  INFO: Auth state cleared
ℹ️  INFO: 🔑 AUTH SERVICE: ========== LOGOUT END (total: 23ms) ==========
❌ ERROR: Failed to clear auth data | MissingPluginException(No implementation found for method delete on channel plugins.it_nomads.com/flutter_secure_storage)
ℹ️  INFO: Auth data cleared
ℹ️  INFO: Auth state cleared
ℹ️  INFO: 🔑 AUTH SERVICE: ========== LOGOUT END (total: 23ms) ==========
❌ ERROR: Failed to clear auth data | MissingPluginException(No implementation found for method delete on channel plugins.it_nomads.com/flutter_secure_storage)
ℹ️  INFO: Auth data cleared
ℹ️  INFO: Auth state cleared
ℹ️  INFO: 🔑 AUTH SERVICE: ========== LOGOUT END (total: 24ms) ==========
❌ ERROR: Failed to clear auth data | MissingPluginException(No implementation found for method delete on channel plugins.it_nomads.com/flutter_secure_storage)
ℹ️  INFO: Auth data cleared
ℹ️  INFO: Auth state cleared
ℹ️  INFO: 🔑 AUTH SERVICE: ========== LOGOUT END (total: 23ms) ==========
❌ ERROR: Failed to clear auth data | MissingPluginException(No implementation found for method delete on channel plugins.it_nomads.com/flutter_secure_storage)
ℹ️  INFO: Auth data cleared
ℹ️  INFO: Auth state cleared
ℹ️  INFO: 🔑 AUTH SERVICE: ========== LOGOUT END (total: 23ms) ==========
❌ ERROR: Failed to clear auth data | MissingPluginException(No implementation found for method delete on channel plugins.it_nomads.com/flutter_secure_storage)
ℹ️  INFO: Auth data cleared
ℹ️  INFO: Auth state cleared
ℹ️  INFO: 🔑 AUTH SERVICE: ========== LOGOUT END (total: 24ms) ==========
❌ ERROR: Failed to clear auth data | MissingPluginException(No implementation found for method delete on channel plugins.it_nomads.com/flutter_secure_storage)
ℹ️  INFO: Auth data cleared
ℹ️  INFO: Auth state cleared
ℹ️  INFO: 🔑 AUTH SERVICE: ========== LOGOUT END (total: 24ms) ==========
❌ ERROR: Failed to clear auth data | MissingPluginException(No implementation found for method delete on channel plugins.it_nomads.com/flutter_secure_storage)
ℹ️  INFO: Auth data cleared
ℹ️  INFO: Auth state cleared
ℹ️  INFO: 🔑 AUTH SERVICE: ========== LOGOUT END (total: 22ms) ==========
❌ ERROR: Failed to clear auth data | MissingPluginException(No implementation found for method delete on channel plugins.it_nomads.com/flutter_secure_storage)
ℹ️  INFO: Auth data cleared
ℹ️  INFO: Auth state cleared
ℹ️  INFO: 🔑 AUTH SERVICE: ========== LOGOUT END (total: 23ms) ==========
❌ ERROR: Failed to clear auth data | MissingPluginException(No implementation found for method delete on channel plugins.it_nomads.com/flutter_secure_storage)
ℹ️  INFO: Auth data cleared
ℹ️  INFO: Auth state cleared
ℹ️  INFO: 🔑 AUTH SERVICE: ========== LOGOUT END (total: 23ms) ==========
❌ ERROR: Failed to clear auth data | MissingPluginException(No implementation found for method delete on channel plugins.it_nomads.com/flutter_secure_storage)
ℹ️  INFO: Auth data cleared
ℹ️  INFO: Auth state cleared
ℹ️  INFO: 🔑 AUTH SERVICE: ========== LOGOUT END (total: 23ms) ==========
❌ ERROR: Failed to clear auth data | MissingPluginException(No implementation found for method delete on channel plugins.it_nomads.com/flutter_secure_storage)
ℹ️  INFO: Auth data cleared
ℹ️  INFO: Auth state cleared
ℹ️  INFO: 🔑 AUTH SERVICE: ========== LOGOUT END (total: 23ms) ==========
❌ ERROR: Failed to clear auth data | MissingPluginException(No implementation found for method delete on channel plugins.it_nomads.com/flutter_secure_storage)
ℹ️  INFO: Auth data cleared
ℹ️  INFO: Auth state cleared
ℹ️  INFO: 🔑 AUTH SERVICE: ========== LOGOUT END (total: 23ms) ==========
❌ ERROR: Failed to clear auth data | MissingPluginException(No implementation found for method delete on channel plugins.it_nomads.com/flutter_secure_storage)
ℹ️  INFO: Auth data cleared
ℹ️  INFO: Auth state cleared
ℹ️  INFO: 🔑 AUTH SERVICE: ========== LOGOUT END (total: 23ms) ==========
❌ ERROR: Failed to clear auth data | MissingPluginException(No implementation found for method delete on channel plugins.it_nomads.com/flutter_secure_storage)
ℹ️  INFO: Auth data cleared
ℹ️  INFO: Auth state cleared
ℹ️  INFO: 🔑 AUTH SERVICE: ========== LOGOUT END (total: 23ms) ==========
❌ ERROR: Failed to clear auth data | MissingPluginException(No implementation found for method delete on channel plugins.it_nomads.com/flutter_secure_storage)
ℹ️  INFO: Auth data cleared
ℹ️  INFO: Auth state cleared
ℹ️  INFO: 🔑 AUTH SERVICE: ========== LOGOUT END (total: 23ms) ==========
❌ ERROR: Failed to clear auth data | MissingPluginException(No implementation found for method delete on channel plugins.it_nomads.com/flutter_secure_storage)
ℹ️  INFO: Auth data cleared
ℹ️  INFO: Auth state cleared
ℹ️  INFO: 🔑 AUTH SERVICE: ========== LOGOUT END (total: 22ms) ==========
❌ ERROR: Failed to clear auth data | MissingPluginException(No implementation found for method delete on channel plugins.it_nomads.com/flutter_secure_storage)
ℹ️  INFO: Auth data cleared
ℹ️  INFO: Auth state cleared
ℹ️  INFO: 🔑 AUTH SERVICE: ========== LOGOUT END (total: 22ms) ==========
❌ ERROR: Failed to clear auth data | MissingPluginException(No implementation found for method delete on channel plugins.it_nomads.com/flutter_secure_storage)
ℹ️  INFO: Auth data cleared
ℹ️  INFO: Auth state cleared
ℹ️  INFO: 🔑 AUTH SERVICE: ========== LOGOUT END (total: 23ms) ==========
❌ ERROR: Failed to clear auth data | MissingPluginException(No implementation found for method delete on channel plugins.it_nomads.com/flutter_secure_storage)
ℹ️  INFO: Auth data cleared
ℹ️  INFO: Auth state cleared
ℹ️  INFO: 🔑 AUTH SERVICE: ========== LOGOUT END (total: 24ms) ==========
❌ ERROR: Failed to clear auth data | MissingPluginException(No implementation found for method delete on channel plugins.it_nomads.com/flutter_secure_storage)
ℹ️  INFO: Auth data cleared
ℹ️  INFO: Auth state cleared
ℹ️  INFO: 🔑 AUTH SERVICE: ========== LOGOUT END (total: 23ms) ==========
❌ ERROR: Failed to clear auth data | MissingPluginException(No implementation found for method delete on channel plugins.it_nomads.com/flutter_secure_storage)
ℹ️  INFO: Auth data cleared
ℹ️  INFO: Auth state cleared
ℹ️  INFO: 🔑 AUTH SERVICE: ========== LOGOUT END (total: 23ms) ==========
00:03 +303 -4: C:/Users/zarik/OneDrive/Desktop/TrossApp/frontend/test/e2e/security_e2e_test.dart: (setUpAll)
00:03 +303 -4: C:/Users/zarik/OneDrive/Desktop/TrossApp/frontend/test/e2e/concurrent_operations_test.dart: Concurrent Operations Tests - High Concurrency Scenarios Single Provider Concurrency AuthProvider handles 100 concurrent logout operations
❌ ERROR: Failed to retrieve stored auth data | MissingPluginException(No implementation found for method read on channel plugins.it_nomads.com/flutter_secure_storage)
ℹ️  INFO: No stored auth data found
ℹ️  INFO: No stored auth data found
ℹ️  INFO: Auth state initialized - no active session
ℹ️  INFO: 🔑 AUTH SERVICE: ========== LOGOUT START (2025-11-11 13:25:23) ==========
   Context: {token: null, strategy: unknown, isAuth0: false, isDevUser: false}
ℹ️  INFO: 🔑 AUTH SERVICE: No token, skipping backend logout
ℹ️  INFO: 🔑 AUTH SERVICE: Unknown auth strategy, clearing state...
ℹ️  INFO: Clearing auth state
ℹ️  INFO: 🔑 AUTH SERVICE: ========== LOGOUT START (2025-11-11 13:25:23) ==========
   Context: {token: null, strategy: unknown, isAuth0: false, isDevUser: false}
ℹ️  INFO: 🔑 AUTH SERVICE: No token, skipping backend logout
ℹ️  INFO: 🔑 AUTH SERVICE: Unknown auth strategy, clearing state...
ℹ️  INFO: Clearing auth state
ℹ️  INFO: 🔑 AUTH SERVICE: ========== LOGOUT START (2025-11-11 13:25:23) ==========
   Context: {token: null, strategy: unknown, isAuth0: false, isDevUser: false}
ℹ️  INFO: 🔑 AUTH SERVICE: No token, skipping backend logout
ℹ️  INFO: 🔑 AUTH SERVICE: Unknown auth strategy, clearing state...
ℹ️  INFO: Clearing auth state
ℹ️  INFO: 🔑 AUTH SERVICE: ========== LOGOUT START (2025-11-11 13:25:23) ==========
   Context: {token: null, strategy: unknown, isAuth0: false, isDevUser: false}
ℹ️  INFO: 🔑 AUTH SERVICE: No token, skipping backend logout
ℹ️  INFO: 🔑 AUTH SERVICE: Unknown auth strategy, clearing state...
ℹ️  INFO: Clearing auth state
ℹ️  INFO: 🔑 AUTH SERVICE: ========== LOGOUT START (2025-11-11 13:25:23) ==========
   Context: {token: null, strategy: unknown, isAuth0: false, isDevUser: false}
ℹ️  INFO: 🔑 AUTH SERVICE: No token, skipping backend logout
ℹ️  INFO: 🔑 AUTH SERVICE: Unknown auth strategy, clearing state...
ℹ️  INFO: Clearing auth state
ℹ️  INFO: 🔑 AUTH SERVICE: ========== LOGOUT START (2025-11-11 13:25:23) ==========
   Context: {token: null, strategy: unknown, isAuth0: false, isDevUser: false}
ℹ️  INFO: 🔑 AUTH SERVICE: No token, skipping backend logout
ℹ️  INFO: 🔑 AUTH SERVICE: Unknown auth strategy, clearing state...
ℹ️  INFO: Clearing auth state
ℹ️  INFO: 🔑 AUTH SERVICE: ========== LOGOUT START (2025-11-11 13:25:23) ==========
   Context: {token: null, strategy: unknown, isAuth0: false, isDevUser: false}
ℹ️  INFO: 🔑 AUTH SERVICE: No token, skipping backend logout
ℹ️  INFO: 🔑 AUTH SERVICE: Unknown auth strategy, clearing state...
ℹ️  INFO: Clearing auth state
ℹ️  INFO: 🔑 AUTH SERVICE: ========== LOGOUT START (2025-11-11 13:25:23) ==========
   Context: {token: null, strategy: unknown, isAuth0: false, isDevUser: false}
ℹ️  INFO: 🔑 AUTH SERVICE: No token, skipping backend logout
ℹ️  INFO: 🔑 AUTH SERVICE: Unknown auth strategy, clearing state...
ℹ️  INFO: Clearing auth state
ℹ️  INFO: 🔑 AUTH SERVICE: ========== LOGOUT START (2025-11-11 13:25:23) ==========
   Context: {token: null, strategy: unknown, isAuth0: false, isDevUser: false}
ℹ️  INFO: 🔑 AUTH SERVICE: No token, skipping backend logout
ℹ️  INFO: 🔑 AUTH SERVICE: Unknown auth strategy, clearing state...
ℹ️  INFO: Clearing auth state
ℹ️  INFO: 🔑 AUTH SERVICE: ========== LOGOUT START (2025-11-11 13:25:23) ==========
   Context: {token: null, strategy: unknown, isAuth0: false, isDevUser: false}
ℹ️  INFO: 🔑 AUTH SERVICE: No token, skipping backend logout
ℹ️  INFO: 🔑 AUTH SERVICE: Unknown auth strategy, clearing state...
ℹ️  INFO: Clearing auth state
ℹ️  INFO: 🔑 AUTH SERVICE: ========== LOGOUT START (2025-11-11 13:25:23) ==========
   Context: {token: null, strategy: unknown, isAuth0: false, isDevUser: false}
ℹ️  INFO: 🔑 AUTH SERVICE: No token, skipping backend logout
ℹ️  INFO: 🔑 AUTH SERVICE: Unknown auth strategy, clearing state...
ℹ️  INFO: Clearing auth state
ℹ️  INFO: 🔑 AUTH SERVICE: ========== LOGOUT START (2025-11-11 13:25:23) ==========
   Context: {token: null, strategy: unknown, isAuth0: false, isDevUser: false}
ℹ️  INFO: 🔑 AUTH SERVICE: No token, skipping backend logout
ℹ️  INFO: 🔑 AUTH SERVICE: Unknown auth strategy, clearing state...
ℹ️  INFO: Clearing auth state
ℹ️  INFO: 🔑 AUTH SERVICE: ========== LOGOUT START (2025-11-11 13:25:23) ==========
   Context: {token: null, strategy: unknown, isAuth0: false, isDevUser: false}
ℹ️  INFO: 🔑 AUTH SERVICE: No token, skipping backend logout
ℹ️  INFO: 🔑 AUTH SERVICE: Unknown auth strategy, clearing state...
ℹ️  INFO: Clearing auth state
ℹ️  INFO: 🔑 AUTH SERVICE: ========== LOGOUT START (2025-11-11 13:25:23) ==========
   Context: {token: null, strategy: unknown, isAuth0: false, isDevUser: false}
ℹ️  INFO: 🔑 AUTH SERVICE: No token, skipping backend logout
ℹ️  INFO: 🔑 AUTH SERVICE: Unknown auth strategy, clearing state...
ℹ️  INFO: Clearing auth state
ℹ️  INFO: 🔑 AUTH SERVICE: ========== LOGOUT START (2025-11-11 13:25:23) ==========
   Context: {token: null, strategy: unknown, isAuth0: false, isDevUser: false}
ℹ️  INFO: 🔑 AUTH SERVICE: No token, skipping backend logout
ℹ️  INFO: 🔑 AUTH SERVICE: Unknown auth strategy, clearing state...
ℹ️  INFO: Clearing auth state
ℹ️  INFO: 🔑 AUTH SERVICE: ========== LOGOUT START (2025-11-11 13:25:23) ==========
   Context: {token: null, strategy: unknown, isAuth0: false, isDevUser: false}
ℹ️  INFO: 🔑 AUTH SERVICE: No token, skipping backend logout
ℹ️  INFO: 🔑 AUTH SERVICE: Unknown auth strategy, clearing state...
ℹ️  INFO: Clearing auth state
ℹ️  INFO: 🔑 AUTH SERVICE: ========== LOGOUT START (2025-11-11 13:25:23) ==========
   Context: {token: null, strategy: unknown, isAuth0: false, isDevUser: false}
ℹ️  INFO: 🔑 AUTH SERVICE: No token, skipping backend logout
ℹ️  INFO: 🔑 AUTH SERVICE: Unknown auth strategy, clearing state...
ℹ️  INFO: Clearing auth state
ℹ️  INFO: 🔑 AUTH SERVICE: ========== LOGOUT START (2025-11-11 13:25:23) ==========
   Context: {token: null, strategy: unknown, isAuth0: false, isDevUser: false}
ℹ️  INFO: 🔑 AUTH SERVICE: No token, skipping backend logout
ℹ️  INFO: 🔑 AUTH SERVICE: Unknown auth strategy, clearing state...
ℹ️  INFO: Clearing auth state
ℹ️  INFO: 🔑 AUTH SERVICE: ========== LOGOUT START (2025-11-11 13:25:23) ==========
   Context: {token: null, strategy: unknown, isAuth0: false, isDevUser: false}
ℹ️  INFO: 🔑 AUTH SERVICE: No token, skipping backend logout
ℹ️  INFO: 🔑 AUTH SERVICE: Unknown auth strategy, clearing state...
ℹ️  INFO: Clearing auth state
ℹ️  INFO: 🔑 AUTH SERVICE: ========== LOGOUT START (2025-11-11 13:25:23) ==========
   Context: {token: null, strategy: unknown, isAuth0: false, isDevUser: false}
ℹ️  INFO: 🔑 AUTH SERVICE: No token, skipping backend logout
ℹ️  INFO: 🔑 AUTH SERVICE: Unknown auth strategy, clearing state...
ℹ️  INFO: Clearing auth state
ℹ️  INFO: 🔑 AUTH SERVICE: ========== LOGOUT START (2025-11-11 13:25:23) ==========
   Context: {token: null, strategy: unknown, isAuth0: false, isDevUser: false}
ℹ️  INFO: 🔑 AUTH SERVICE: No token, skipping backend logout
ℹ️  INFO: 🔑 AUTH SERVICE: Unknown auth strategy, clearing state...
ℹ️  INFO: Clearing auth state
ℹ️  INFO: 🔑 AUTH SERVICE: ========== LOGOUT START (2025-11-11 13:25:23) ==========
   Context: {token: null, strategy: unknown, isAuth0: false, isDevUser: false}
ℹ️  INFO: 🔑 AUTH SERVICE: No token, skipping backend logout
ℹ️  INFO: 🔑 AUTH SERVICE: Unknown auth strategy, clearing state...
ℹ️  INFO: Clearing auth state
ℹ️  INFO: 🔑 AUTH SERVICE: ========== LOGOUT START (2025-11-11 13:25:23) ==========
   Context: {token: null, strategy: unknown, isAuth0: false, isDevUser: false}
ℹ️  INFO: 🔑 AUTH SERVICE: No token, skipping backend logout
ℹ️  INFO: 🔑 AUTH SERVICE: Unknown auth strategy, clearing state...
ℹ️  INFO: Clearing auth state
ℹ️  INFO: 🔑 AUTH SERVICE: ========== LOGOUT START (2025-11-11 13:25:23) ==========
   Context: {token: null, strategy: unknown, isAuth0: false, isDevUser: false}
ℹ️  INFO: 🔑 AUTH SERVICE: No token, skipping backend logout
ℹ️  INFO: 🔑 AUTH SERVICE: Unknown auth strategy, clearing state...
ℹ️  INFO: Clearing auth state
ℹ️  INFO: 🔑 AUTH SERVICE: ========== LOGOUT START (2025-11-11 13:25:23) ==========
   Context: {token: null, strategy: unknown, isAuth0: false, isDevUser: false}
ℹ️  INFO: 🔑 AUTH SERVICE: No token, skipping backend logout
ℹ️  INFO: 🔑 AUTH SERVICE: Unknown auth strategy, clearing state...
ℹ️  INFO: Clearing auth state
ℹ️  INFO: 🔑 AUTH SERVICE: ========== LOGOUT START (2025-11-11 13:25:23) ==========
   Context: {token: null, strategy: unknown, isAuth0: false, isDevUser: false}
ℹ️  INFO: 🔑 AUTH SERVICE: No token, skipping backend logout
ℹ️  INFO: 🔑 AUTH SERVICE: Unknown auth strategy, clearing state...
ℹ️  INFO: Clearing auth state
ℹ️  INFO: 🔑 AUTH SERVICE: ========== LOGOUT START (2025-11-11 13:25:23) ==========
   Context: {token: null, strategy: unknown, isAuth0: false, isDevUser: false}
ℹ️  INFO: 🔑 AUTH SERVICE: No token, skipping backend logout
ℹ️  INFO: 🔑 AUTH SERVICE: Unknown auth strategy, clearing state...
ℹ️  INFO: Clearing auth state
ℹ️  INFO: 🔑 AUTH SERVICE: ========== LOGOUT START (2025-11-11 13:25:23) ==========
   Context: {token: null, strategy: unknown, isAuth0: false, isDevUser: false}
ℹ️  INFO: 🔑 AUTH SERVICE: No token, skipping backend logout
ℹ️  INFO: 🔑 AUTH SERVICE: Unknown auth strategy, clearing state...
ℹ️  INFO: Clearing auth state
ℹ️  INFO: 🔑 AUTH SERVICE: ========== LOGOUT START (2025-11-11 13:25:23) ==========
   Context: {token: null, strategy: unknown, isAuth0: false, isDevUser: false}
ℹ️  INFO: 🔑 AUTH SERVICE: No token, skipping backend logout
ℹ️  INFO: 🔑 AUTH SERVICE: Unknown auth strategy, clearing state...
ℹ️  INFO: Clearing auth state
ℹ️  INFO: 🔑 AUTH SERVICE: ========== LOGOUT START (2025-11-11 13:25:23) ==========
   Context: {token: null, strategy: unknown, isAuth0: false, isDevUser: false}
ℹ️  INFO: 🔑 AUTH SERVICE: No token, skipping backend logout
ℹ️  INFO: 🔑 AUTH SERVICE: Unknown auth strategy, clearing state...
ℹ️  INFO: Clearing auth state
ℹ️  INFO: 🔑 AUTH SERVICE: ========== LOGOUT START (2025-11-11 13:25:23) ==========
   Context: {token: null, strategy: unknown, isAuth0: false, isDevUser: false}
ℹ️  INFO: 🔑 AUTH SERVICE: No token, skipping backend logout
ℹ️  INFO: 🔑 AUTH SERVICE: Unknown auth strategy, clearing state...
ℹ️  INFO: Clearing auth state
ℹ️  INFO: 🔑 AUTH SERVICE: ========== LOGOUT START (2025-11-11 13:25:23) ==========
   Context: {token: null, strategy: unknown, isAuth0: false, isDevUser: false}
ℹ️  INFO: 🔑 AUTH SERVICE: No token, skipping backend logout
ℹ️  INFO: 🔑 AUTH SERVICE: Unknown auth strategy, clearing state...
ℹ️  INFO: Clearing auth state
ℹ️  INFO: 🔑 AUTH SERVICE: ========== LOGOUT START (2025-11-11 13:25:23) ==========
   Context: {token: null, strategy: unknown, isAuth0: false, isDevUser: false}
ℹ️  INFO: 🔑 AUTH SERVICE: No token, skipping backend logout
ℹ️  INFO: 🔑 AUTH SERVICE: Unknown auth strategy, clearing state...
ℹ️  INFO: Clearing auth state
ℹ️  INFO: 🔑 AUTH SERVICE: ========== LOGOUT START (2025-11-11 13:25:23) ==========
   Context: {token: null, strategy: unknown, isAuth0: false, isDevUser: false}
ℹ️  INFO: 🔑 AUTH SERVICE: No token, skipping backend logout
ℹ️  INFO: 🔑 AUTH SERVICE: Unknown auth strategy, clearing state...
ℹ️  INFO: Clearing auth state
ℹ️  INFO: 🔑 AUTH SERVICE: ========== LOGOUT START (2025-11-11 13:25:23) ==========
   Context: {token: null, strategy: unknown, isAuth0: false, isDevUser: false}
ℹ️  INFO: 🔑 AUTH SERVICE: No token, skipping backend logout
ℹ️  INFO: 🔑 AUTH SERVICE: Unknown auth strategy, clearing state...
ℹ️  INFO: Clearing auth state
ℹ️  INFO: 🔑 AUTH SERVICE: ========== LOGOUT START (2025-11-11 13:25:23) ==========
   Context: {token: null, strategy: unknown, isAuth0: false, isDevUser: false}
ℹ️  INFO: 🔑 AUTH SERVICE: No token, skipping backend logout
ℹ️  INFO: 🔑 AUTH SERVICE: Unknown auth strategy, clearing state...
ℹ️  INFO: Clearing auth state
ℹ️  INFO: 🔑 AUTH SERVICE: ========== LOGOUT START (2025-11-11 13:25:23) ==========
   Context: {token: null, strategy: unknown, isAuth0: false, isDevUser: false}
ℹ️  INFO: 🔑 AUTH SERVICE: No token, skipping backend logout
ℹ️  INFO: 🔑 AUTH SERVICE: Unknown auth strategy, clearing state...
ℹ️  INFO: Clearing auth state
ℹ️  INFO: 🔑 AUTH SERVICE: ========== LOGOUT START (2025-11-11 13:25:23) ==========
   Context: {token: null, strategy: unknown, isAuth0: false, isDevUser: false}
ℹ️  INFO: 🔑 AUTH SERVICE: No token, skipping backend logout
ℹ️  INFO: 🔑 AUTH SERVICE: Unknown auth strategy, clearing state...
ℹ️  INFO: Clearing auth state
ℹ️  INFO: 🔑 AUTH SERVICE: ========== LOGOUT START (2025-11-11 13:25:23) ==========
   Context: {token: null, strategy: unknown, isAuth0: false, isDevUser: false}
ℹ️  INFO: 🔑 AUTH SERVICE: No token, skipping backend logout
ℹ️  INFO: 🔑 AUTH SERVICE: Unknown auth strategy, clearing state...
ℹ️  INFO: Clearing auth state
ℹ️  INFO: 🔑 AUTH SERVICE: ========== LOGOUT START (2025-11-11 13:25:23) ==========
   Context: {token: null, strategy: unknown, isAuth0: false, isDevUser: false}
ℹ️  INFO: 🔑 AUTH SERVICE: No token, skipping backend logout
ℹ️  INFO: 🔑 AUTH SERVICE: Unknown auth strategy, clearing state...
ℹ️  INFO: Clearing auth state
ℹ️  INFO: 🔑 AUTH SERVICE: ========== LOGOUT START (2025-11-11 13:25:23) ==========
   Context: {token: null, strategy: unknown, isAuth0: false, isDevUser: false}
ℹ️  INFO: 🔑 AUTH SERVICE: No token, skipping backend logout
ℹ️  INFO: 🔑 AUTH SERVICE: Unknown auth strategy, clearing state...
ℹ️  INFO: Clearing auth state
ℹ️  INFO: 🔑 AUTH SERVICE: ========== LOGOUT START (2025-11-11 13:25:23) ==========
   Context: {token: null, strategy: unknown, isAuth0: false, isDevUser: false}
ℹ️  INFO: 🔑 AUTH SERVICE: No token, skipping backend logout
ℹ️  INFO: 🔑 AUTH SERVICE: Unknown auth strategy, clearing state...
ℹ️  INFO: Clearing auth state
ℹ️  INFO: 🔑 AUTH SERVICE: ========== LOGOUT START (2025-11-11 13:25:23) ==========
   Context: {token: null, strategy: unknown, isAuth0: false, isDevUser: false}
ℹ️  INFO: 🔑 AUTH SERVICE: No token, skipping backend logout
ℹ️  INFO: 🔑 AUTH SERVICE: Unknown auth strategy, clearing state...
ℹ️  INFO: Clearing auth state
ℹ️  INFO: 🔑 AUTH SERVICE: ========== LOGOUT START (2025-11-11 13:25:23) ==========
   Context: {token: null, strategy: unknown, isAuth0: false, isDevUser: false}
ℹ️  INFO: 🔑 AUTH SERVICE: No token, skipping backend logout
ℹ️  INFO: 🔑 AUTH SERVICE: Unknown auth strategy, clearing state...
ℹ️  INFO: Clearing auth state
ℹ️  INFO: 🔑 AUTH SERVICE: ========== LOGOUT START (2025-11-11 13:25:23) ==========
   Context: {token: null, strategy: unknown, isAuth0: false, isDevUser: false}
ℹ️  INFO: 🔑 AUTH SERVICE: No token, skipping backend logout
ℹ️  INFO: 🔑 AUTH SERVICE: Unknown auth strategy, clearing state...
ℹ️  INFO: Clearing auth state
ℹ️  INFO: 🔑 AUTH SERVICE: ========== LOGOUT START (2025-11-11 13:25:23) ==========
   Context: {token: null, strategy: unknown, isAuth0: false, isDevUser: false}
ℹ️  INFO: 🔑 AUTH SERVICE: No token, skipping backend logout
ℹ️  INFO: 🔑 AUTH SERVICE: Unknown auth strategy, clearing state...
ℹ️  INFO: Clearing auth state
ℹ️  INFO: 🔑 AUTH SERVICE: ========== LOGOUT START (2025-11-11 13:25:23) ==========
   Context: {token: null, strategy: unknown, isAuth0: false, isDevUser: false}
ℹ️  INFO: 🔑 AUTH SERVICE: No token, skipping backend logout
ℹ️  INFO: 🔑 AUTH SERVICE: Unknown auth strategy, clearing state...
ℹ️  INFO: Clearing auth state
ℹ️  INFO: 🔑 AUTH SERVICE: ========== LOGOUT START (2025-11-11 13:25:23) ==========
   Context: {token: null, strategy: unknown, isAuth0: false, isDevUser: false}
ℹ️  INFO: 🔑 AUTH SERVICE: No token, skipping backend logout
ℹ️  INFO: 🔑 AUTH SERVICE: Unknown auth strategy, clearing state...
ℹ️  INFO: Clearing auth state
ℹ️  INFO: 🔑 AUTH SERVICE: ========== LOGOUT START (2025-11-11 13:25:23) ==========
   Context: {token: null, strategy: unknown, isAuth0: false, isDevUser: false}
ℹ️  INFO: 🔑 AUTH SERVICE: No token, skipping backend logout
ℹ️  INFO: 🔑 AUTH SERVICE: Unknown auth strategy, clearing state...
ℹ️  INFO: Clearing auth state
ℹ️  INFO: 🔑 AUTH SERVICE: ========== LOGOUT START (2025-11-11 13:25:23) ==========
   Context: {token: null, strategy: unknown, isAuth0: false, isDevUser: false}
ℹ️  INFO: 🔑 AUTH SERVICE: No token, skipping backend logout
ℹ️  INFO: 🔑 AUTH SERVICE: Unknown auth strategy, clearing state...
ℹ️  INFO: Clearing auth state
ℹ️  INFO: 🔑 AUTH SERVICE: ========== LOGOUT START (2025-11-11 13:25:23) ==========
   Context: {token: null, strategy: unknown, isAuth0: false, isDevUser: false}
ℹ️  INFO: 🔑 AUTH SERVICE: No token, skipping backend logout
ℹ️  INFO: 🔑 AUTH SERVICE: Unknown auth strategy, clearing state...
ℹ️  INFO: Clearing auth state
ℹ️  INFO: 🔑 AUTH SERVICE: ========== LOGOUT START (2025-11-11 13:25:23) ==========
   Context: {token: null, strategy: unknown, isAuth0: false, isDevUser: false}
ℹ️  INFO: 🔑 AUTH SERVICE: No token, skipping backend logout
ℹ️  INFO: 🔑 AUTH SERVICE: Unknown auth strategy, clearing state...
ℹ️  INFO: Clearing auth state
ℹ️  INFO: 🔑 AUTH SERVICE: ========== LOGOUT START (2025-11-11 13:25:23) ==========
   Context: {token: null, strategy: unknown, isAuth0: false, isDevUser: false}
ℹ️  INFO: 🔑 AUTH SERVICE: No token, skipping backend logout
ℹ️  INFO: 🔑 AUTH SERVICE: Unknown auth strategy, clearing state...
ℹ️  INFO: Clearing auth state
ℹ️  INFO: 🔑 AUTH SERVICE: ========== LOGOUT START (2025-11-11 13:25:23) ==========
   Context: {token: null, strategy: unknown, isAuth0: false, isDevUser: false}
ℹ️  INFO: 🔑 AUTH SERVICE: No token, skipping backend logout
ℹ️  INFO: 🔑 AUTH SERVICE: Unknown auth strategy, clearing state...
ℹ️  INFO: Clearing auth state
ℹ️  INFO: 🔑 AUTH SERVICE: ========== LOGOUT START (2025-11-11 13:25:23) ==========
   Context: {token: null, strategy: unknown, isAuth0: false, isDevUser: false}
ℹ️  INFO: 🔑 AUTH SERVICE: No token, skipping backend logout
ℹ️  INFO: 🔑 AUTH SERVICE: Unknown auth strategy, clearing state...
ℹ️  INFO: Clearing auth state
ℹ️  INFO: 🔑 AUTH SERVICE: ========== LOGOUT START (2025-11-11 13:25:23) ==========
   Context: {token: null, strategy: unknown, isAuth0: false, isDevUser: false}
ℹ️  INFO: 🔑 AUTH SERVICE: No token, skipping backend logout
00:03 +304 -4: C:/Users/zarik/OneDrive/Desktop/TrossApp/frontend/test/e2e/concurrent_operations_test.dart: Concurrent Operations Tests - High Concurrency Scenarios Single Provider Concurrency AuthProvider handles 100 concurrent logout operations
ℹ️  INFO: 🔑 AUTH SERVICE: Unknown auth strategy, clearing state...
ℹ️  INFO: Clearing auth state
ℹ️  INFO: 🔑 AUTH SERVICE: ========== LOGOUT START (2025-11-11 13:25:23) ==========
   Context: {token: null, strategy: unknown, isAuth0: false, isDevUser: false}
ℹ️  INFO: 🔑 AUTH SERVICE: No token, skipping backend logout
ℹ️  INFO: 🔑 AUTH SERVICE: Unknown auth strategy, clearing state...
ℹ️  INFO: Clearing auth state
ℹ️  INFO: 🔑 AUTH SERVICE: ========== LOGOUT START (2025-11-11 13:25:23) ==========
   Context: {token: null, strategy: unknown, isAuth0: false, isDevUser: false}
ℹ️  INFO: 🔑 AUTH SERVICE: No token, skipping backend logout
ℹ️  INFO: 🔑 AUTH SERVICE: Unknown auth strategy, clearing state...
ℹ️  INFO: Clearing auth state
ℹ️  INFO: 🔑 AUTH SERVICE: ========== LOGOUT START (2025-11-11 13:25:23) ==========
   Context: {token: null, strategy: unknown, isAuth0: false, isDevUser: false}
ℹ️  INFO: 🔑 AUTH SERVICE: No token, skipping backend logout
ℹ️  INFO: 🔑 AUTH SERVICE: Unknown auth strategy, clearing state...
ℹ️  INFO: Clearing auth state
ℹ️  INFO: 🔑 AUTH SERVICE: ========== LOGOUT START (2025-11-11 13:25:23) ==========
   Context: {token: null, strategy: unknown, isAuth0: false, isDevUser: false}
ℹ️  INFO: 🔑 AUTH SERVICE: No token, skipping backend logout
ℹ️  INFO: 🔑 AUTH SERVICE: Unknown auth strategy, clearing state...
ℹ️  INFO: Clearing auth state
ℹ️  INFO: 🔑 AUTH SERVICE: ========== LOGOUT START (2025-11-11 13:25:23) ==========
   Context: {token: null, strategy: unknown, isAuth0: false, isDevUser: false}
ℹ️  INFO: 🔑 AUTH SERVICE: No token, skipping backend logout
ℹ️  INFO: 🔑 AUTH SERVICE: Unknown auth strategy, clearing state...
ℹ️  INFO: Clearing auth state
ℹ️  INFO: 🔑 AUTH SERVICE: ========== LOGOUT START (2025-11-11 13:25:23) ==========
   Context: {token: null, strategy: unknown, isAuth0: false, isDevUser: false}
ℹ️  INFO: 🔑 AUTH SERVICE: No token, skipping backend logout
ℹ️  INFO: 🔑 AUTH SERVICE: Unknown auth strategy, clearing state...
ℹ️  INFO: Clearing auth state
ℹ️  INFO: 🔑 AUTH SERVICE: ========== LOGOUT START (2025-11-11 13:25:23) ==========
   Context: {token: null, strategy: unknown, isAuth0: false, isDevUser: false}
ℹ️  INFO: 🔑 AUTH SERVICE: No token, skipping backend logout
ℹ️  INFO: 🔑 AUTH SERVICE: Unknown auth strategy, clearing state...
00:03 +305 -4: C:/Users/zarik/OneDrive/Desktop/TrossApp/frontend/test/e2e/concurrent_operations_test.dart: Concurrent Operations Tests - High Concurrency Scenarios Single Provider Concurrency AuthProvider handles 100 concurrent logout operations
ℹ️  INFO: Clearing auth state
ℹ️  INFO: 🔑 AUTH SERVICE: ========== LOGOUT START (2025-11-11 13:25:23) ==========
   Context: {token: null, strategy: unknown, isAuth0: false, isDevUser: false}
ℹ️  INFO: 🔑 AUTH SERVICE: No token, skipping backend logout
ℹ️  INFO: 🔑 AUTH SERVICE: Unknown auth strategy, clearing state...
ℹ️  INFO: Clearing auth state
ℹ️  INFO: 🔑 AUTH SERVICE: ========== LOGOUT START (2025-11-11 13:25:23) ==========
   Context: {token: null, strategy: unknown, isAuth0: false, isDevUser: false}
ℹ️  INFO: 🔑 AUTH SERVICE: No token, skipping backend logout
ℹ️  INFO: 🔑 AUTH SERVICE: Unknown auth strategy, clearing state...
ℹ️  INFO: Clearing auth state
ℹ️  INFO: 🔑 AUTH SERVICE: ========== LOGOUT START (2025-11-11 13:25:23) ==========
   Context: {token: null, strategy: unknown, isAuth0: false, isDevUser: false}
ℹ️  INFO: 🔑 AUTH SERVICE: No token, skipping backend logout
ℹ️  INFO: 🔑 AUTH SERVICE: Unknown auth strategy, clearing state...
ℹ️  INFO: Clearing auth state
ℹ️  INFO: 🔑 AUTH SERVICE: ========== LOGOUT START (2025-11-11 13:25:23) ==========
   Context: {token: null, strategy: unknown, isAuth0: false, isDevUser: false}
ℹ️  INFO: 🔑 AUTH SERVICE: No token, skipping backend logout
ℹ️  INFO: 🔑 AUTH SERVICE: Unknown auth strategy, clearing state...
ℹ️  INFO: Clearing auth state
ℹ️  INFO: 🔑 AUTH SERVICE: ========== LOGOUT START (2025-11-11 13:25:23) ==========
   Context: {token: null, strategy: unknown, isAuth0: false, isDevUser: false}
ℹ️  INFO: 🔑 AUTH SERVICE: No token, skipping backend logout
ℹ️  INFO: 🔑 AUTH SERVICE: Unknown auth strategy, clearing state...
ℹ️  INFO: Clearing auth state
ℹ️  INFO: 🔑 AUTH SERVICE: ========== LOGOUT START (2025-11-11 13:25:23) ==========
   Context: {token: null, strategy: unknown, isAuth0: false, isDevUser: false}
ℹ️  INFO: 🔑 AUTH SERVICE: No token, skipping backend logout
ℹ️  INFO: 🔑 AUTH SERVICE: Unknown auth strategy, clearing state...
ℹ️  INFO: Clearing auth state
00:03 +306 -4: C:/Users/zarik/OneDrive/Desktop/TrossApp/frontend/test/e2e/concurrent_operations_test.dart: Concurrent Operations Tests - High Concurrency Scenarios Single Provider Concurrency AuthProvider handles 100 concurrent logout operations
ℹ️  INFO: 🔑 AUTH SERVICE: ========== LOGOUT START (2025-11-11 13:25:23) ==========
   Context: {token: null, strategy: unknown, isAuth0: false, isDevUser: false}
ℹ️  INFO: 🔑 AUTH SERVICE: No token, skipping backend logout
ℹ️  INFO: 🔑 AUTH SERVICE: Unknown auth strategy, clearing state...
ℹ️  INFO: Clearing auth state
ℹ️  INFO: 🔑 AUTH SERVICE: ========== LOGOUT START (2025-11-11 13:25:23) ==========
   Context: {token: null, strategy: unknown, isAuth0: false, isDevUser: false}
ℹ️  INFO: 🔑 AUTH SERVICE: No token, skipping backend logout
ℹ️  INFO: 🔑 AUTH SERVICE: Unknown auth strategy, clearing state...
ℹ️  INFO: Clearing auth state
ℹ️  INFO: 🔑 AUTH SERVICE: ========== LOGOUT START (2025-11-11 13:25:23) ==========
   Context: {token: null, strategy: unknown, isAuth0: false, isDevUser: false}
ℹ️  INFO: 🔑 AUTH SERVICE: No token, skipping backend logout
ℹ️  INFO: 🔑 AUTH SERVICE: Unknown auth strategy, clearing state...
ℹ️  INFO: Clearing auth state
ℹ️  INFO: 🔑 AUTH SERVICE: ========== LOGOUT START (2025-11-11 13:25:23) ==========
   Context: {token: null, strategy: unknown, isAuth0: false, isDevUser: false}
ℹ️  INFO: 🔑 AUTH SERVICE: No token, skipping backend logout
ℹ️  INFO: 🔑 AUTH SERVICE: Unknown auth strategy, clearing state...
ℹ️  INFO: Clearing auth state
ℹ️  INFO: 🔑 AUTH SERVICE: ========== LOGOUT START (2025-11-11 13:25:23) ==========
   Context: {token: null, strategy: unknown, isAuth0: false, isDevUser: false}
ℹ️  INFO: 🔑 AUTH SERVICE: No token, skipping backend logout
ℹ️  INFO: 🔑 AUTH SERVICE: Unknown auth strategy, clearing state...
ℹ️  INFO: Clearing auth state
ℹ️  INFO: 🔑 AUTH SERVICE: ========== LOGOUT START (2025-11-11 13:25:23) ==========
   Context: {token: null, strategy: unknown, isAuth0: false, isDevUser: false}
ℹ️  INFO: 🔑 AUTH SERVICE: No token, skipping backend logout
ℹ️  INFO: 🔑 AUTH SERVICE: Unknown auth strategy, clearing state...
ℹ️  INFO: Clearing auth state
ℹ️  INFO: 🔑 AUTH SERVICE: ========== LOGOUT START (2025-11-11 13:25:23) ==========
   Context: {token: null, strategy: unknown, isAuth0: false, isDevUser: false}
ℹ️  INFO: 🔑 AUTH SERVICE: No token, skipping backend logout
ℹ️  INFO: 🔑 AUTH SERVICE: Unknown auth strategy, clearing state...
ℹ️  INFO: Clearing auth state
ℹ️  INFO: 🔑 AUTH SERVICE: ========== LOGOUT START (2025-11-11 13:25:23) ==========
   Context: {token: null, strategy: unknown, isAuth0: false, isDevUser: false}
ℹ️  INFO: 🔑 AUTH SERVICE: No token, skipping backend logout
ℹ️  INFO: 🔑 AUTH SERVICE: Unknown auth strategy, clearing state...
ℹ️  INFO: Clearing auth state
ℹ️  INFO: 🔑 AUTH SERVICE: ========== LOGOUT START (2025-11-11 13:25:23) ==========
   Context: {token: null, strategy: unknown, isAuth0: false, isDevUser: false}
ℹ️  INFO: 🔑 AUTH SERVICE: No token, skipping backend logout
ℹ️  INFO: 🔑 AUTH SERVICE: Unknown auth strategy, clearing state...
ℹ️  INFO: Clearing auth state
ℹ️  INFO: 🔑 AUTH SERVICE: ========== LOGOUT START (2025-11-11 13:25:23) ==========
   Context: {token: null, strategy: unknown, isAuth0: false, isDevUser: false}
ℹ️  INFO: 🔑 AUTH SERVICE: No token, skipping backend logout
ℹ️  INFO: 🔑 AUTH SERVICE: Unknown auth strategy, clearing state...
ℹ️  INFO: Clearing auth state
ℹ️  INFO: 🔑 AUTH SERVICE: ========== LOGOUT START (2025-11-11 13:25:23) ==========
   Context: {token: null, strategy: unknown, isAuth0: false, isDevUser: false}
ℹ️  INFO: 🔑 AUTH SERVICE: No token, skipping backend logout
ℹ️  INFO: 🔑 AUTH SERVICE: Unknown auth strategy, clearing state...
ℹ️  INFO: Clearing auth state
ℹ️  INFO: 🔑 AUTH SERVICE: ========== LOGOUT START (2025-11-11 13:25:23) ==========
   Context: {token: null, strategy: unknown, isAuth0: false, isDevUser: false}
ℹ️  INFO: 🔑 AUTH SERVICE: No token, skipping backend logout
ℹ️  INFO: 🔑 AUTH SERVICE: Unknown auth strategy, clearing state...
ℹ️  INFO: Clearing auth state
ℹ️  INFO: 🔑 AUTH SERVICE: ========== LOGOUT START (2025-11-11 13:25:23) ==========
   Context: {token: null, strategy: unknown, isAuth0: false, isDevUser: false}
00:03 +307 -4: C:/Users/zarik/OneDrive/Desktop/TrossApp/frontend/test/e2e/concurrent_operations_test.dart: Concurrent Operations Tests - High Concurrency Scenarios Single Provider Concurrency AuthProvider handles 100 concurrent logout operations
ℹ️  INFO: 🔑 AUTH SERVICE: No token, skipping backend logout
ℹ️  INFO: 🔑 AUTH SERVICE: Unknown auth strategy, clearing state...
ℹ️  INFO: Clearing auth state
ℹ️  INFO: 🔑 AUTH SERVICE: ========== LOGOUT START (2025-11-11 13:25:23) ==========
   Context: {token: null, strategy: unknown, isAuth0: false, isDevUser: false}
ℹ️  INFO: 🔑 AUTH SERVICE: No token, skipping backend logout
ℹ️  INFO: 🔑 AUTH SERVICE: Unknown auth strategy, clearing state...
ℹ️  INFO: Clearing auth state
ℹ️  INFO: 🔑 AUTH SERVICE: ========== LOGOUT START (2025-11-11 13:25:23) ==========
   Context: {token: null, strategy: unknown, isAuth0: false, isDevUser: false}
ℹ️  INFO: 🔑 AUTH SERVICE: No token, skipping backend logout
ℹ️  INFO: 🔑 AUTH SERVICE: Unknown auth strategy, clearing state...
ℹ️  INFO: Clearing auth state
ℹ️  INFO: 🔑 AUTH SERVICE: ========== LOGOUT START (2025-11-11 13:25:23) ==========
   Context: {token: null, strategy: unknown, isAuth0: false, isDevUser: false}
ℹ️  INFO: 🔑 AUTH SERVICE: No token, skipping backend logout
ℹ️  INFO: 🔑 AUTH SERVICE: Unknown auth strategy, clearing state...
ℹ️  INFO: Clearing auth state
ℹ️  INFO: 🔑 AUTH SERVICE: ========== LOGOUT START (2025-11-11 13:25:23) ==========
   Context: {token: null, strategy: unknown, isAuth0: false, isDevUser: false}
ℹ️  INFO: 🔑 AUTH SERVICE: No token, skipping backend logout
ℹ️  INFO: 🔑 AUTH SERVICE: Unknown auth strategy, clearing state...
ℹ️  INFO: Clearing auth state
ℹ️  INFO: 🔑 AUTH SERVICE: ========== LOGOUT START (2025-11-11 13:25:23) ==========
   Context: {token: null, strategy: unknown, isAuth0: false, isDevUser: false}
ℹ️  INFO: 🔑 AUTH SERVICE: No token, skipping backend logout
ℹ️  INFO: 🔑 AUTH SERVICE: Unknown auth strategy, clearing state...
ℹ️  INFO: Clearing auth state
ℹ️  INFO: 🔑 AUTH SERVICE: ========== LOGOUT START (2025-11-11 13:25:23) ==========
   Context: {token: null, strategy: unknown, isAuth0: false, isDevUser: false}
ℹ️  INFO: 🔑 AUTH SERVICE: No token, skipping backend logout
ℹ️  INFO: 🔑 AUTH SERVICE: Unknown auth strategy, clearing state...
ℹ️  INFO: Clearing auth state
ℹ️  INFO: 🔑 AUTH SERVICE: ========== LOGOUT START (2025-11-11 13:25:23) ==========
   Context: {token: null, strategy: unknown, isAuth0: false, isDevUser: false}
ℹ️  INFO: 🔑 AUTH SERVICE: No token, skipping backend logout
ℹ️  INFO: 🔑 AUTH SERVICE: Unknown auth strategy, clearing state...
ℹ️  INFO: Clearing auth state
ℹ️  INFO: 🔑 AUTH SERVICE: ========== LOGOUT START (2025-11-11 13:25:23) ==========
   Context: {token: null, strategy: unknown, isAuth0: false, isDevUser: false}
ℹ️  INFO: 🔑 AUTH SERVICE: No token, skipping backend logout
ℹ️  INFO: 🔑 AUTH SERVICE: Unknown auth strategy, clearing state...
ℹ️  INFO: Clearing auth state
ℹ️  INFO: 🔑 AUTH SERVICE: ========== LOGOUT START (2025-11-11 13:25:23) ==========
   Context: {token: null, strategy: unknown, isAuth0: false, isDevUser: false}
ℹ️  INFO: 🔑 AUTH SERVICE: No token, skipping backend logout
ℹ️  INFO: 🔑 AUTH SERVICE: Unknown auth strategy, clearing state...
ℹ️  INFO: Clearing auth state
ℹ️  INFO: 🔑 AUTH SERVICE: ========== LOGOUT START (2025-11-11 13:25:23) ==========
   Context: {token: null, strategy: unknown, isAuth0: false, isDevUser: false}
ℹ️  INFO: 🔑 AUTH SERVICE: No token, skipping backend logout
ℹ️  INFO: 🔑 AUTH SERVICE: Unknown auth strategy, clearing state...
ℹ️  INFO: Clearing auth state
ℹ️  INFO: 🔑 AUTH SERVICE: ========== LOGOUT START (2025-11-11 13:25:23) ==========
   Context: {token: null, strategy: unknown, isAuth0: false, isDevUser: false}
ℹ️  INFO: 🔑 AUTH SERVICE: No token, skipping backend logout
ℹ️  INFO: 🔑 AUTH SERVICE: Unknown auth strategy, clearing state...
ℹ️  INFO: Clearing auth state
ℹ️  INFO: 🔑 AUTH SERVICE: ========== LOGOUT START (2025-11-11 13:25:23) ==========
   Context: {token: null, strategy: unknown, isAuth0: false, isDevUser: false}
ℹ️  INFO: 🔑 AUTH SERVICE: No token, skipping backend logout
ℹ️  INFO: 🔑 AUTH SERVICE: Unknown auth strategy, clearing state...
ℹ️  INFO: Clearing auth state
ℹ️  INFO: 🔑 AUTH SERVICE: ========== LOGOUT START (2025-11-11 13:25:23) ==========
   Context: {token: null, strategy: unknown, isAuth0: false, isDevUser: false}
ℹ️  INFO: 🔑 AUTH SERVICE: No token, skipping backend logout
00:03 +307 -4: C:/Users/zarik/OneDrive/Desktop/TrossApp/frontend/test/e2e/security_e2e_test.dart: E2E Security Tests - All Three Layers Layer 2: Service Security service layer logs security violations
❌ ERROR: Security violation: Dev authentication attempted in production 
00:03 +307 -4: C:/Users/zarik/OneDrive/Desktop/TrossApp/frontend/test/e2e/concurrent_operations_test.dart: Concurrent Operations Tests - High Concurrency Scenarios Single Provider Concurrency AuthProvider handles 100 concurrent logout operations
ℹ️  INFO: 🔑 AUTH SERVICE: Unknown auth strategy, clearing state...
ℹ️  INFO: Clearing auth state
00:03 +307 -4: C:/Users/zarik/OneDrive/Desktop/TrossApp/frontend/test/e2e/security_e2e_test.dart: E2E Security Tests - All Three Layers Layer 2: Service Security service layer logs security violations
   Context: {layer: service, method: loginWithTestToken, environment: Development}
00:03 +307 -4: C:/Users/zarik/OneDrive/Desktop/TrossApp/frontend/test/e2e/concurrent_operations_test.dart: Concurrent Operations Tests - High Concurrency Scenarios Single Provider Concurrency AuthProvider handles 100 concurrent logout operations
ℹ️  INFO: 🔑 AUTH SERVICE: ========== LOGOUT START (2025-11-11 13:25:23) ==========
   Context: {token: null, strategy: unknown, isAuth0: false, isDevUser: false}
ℹ️  INFO: 🔑 AUTH SERVICE: No token, skipping backend logout
00:03 +308 -4: C:/Users/zarik/OneDrive/Desktop/TrossApp/frontend/test/e2e/concurrent_operations_test.dart: Concurrent Operations Tests - High Concurrency Scenarios Single Provider Concurrency AuthProvider handles 100 concurrent logout operations
ℹ️  INFO: 🔑 AUTH SERVICE: Unknown auth strategy, clearing state...
ℹ️  INFO: Clearing auth state
ℹ️  INFO: 🔑 AUTH SERVICE: ========== LOGOUT START (2025-11-11 13:25:23) ==========
   Context: {token: null, strategy: unknown, isAuth0: false, isDevUser: false}
ℹ️  INFO: 🔑 AUTH SERVICE: No token, skipping backend logout
ℹ️  INFO: 🔑 AUTH SERVICE: Unknown auth strategy, clearing state...
ℹ️  INFO: Clearing auth state
ℹ️  INFO: 🔑 AUTH SERVICE: ========== LOGOUT START (2025-11-11 13:25:23) ==========
   Context: {token: null, strategy: unknown, isAuth0: false, isDevUser: false}
ℹ️  INFO: 🔑 AUTH SERVICE: No token, skipping backend logout
ℹ️  INFO: 🔑 AUTH SERVICE: Unknown auth strategy, clearing state...
ℹ️  INFO: Clearing auth state
ℹ️  INFO: 🔑 AUTH SERVICE: ========== LOGOUT START (2025-11-11 13:25:23) ==========
   Context: {token: null, strategy: unknown, isAuth0: false, isDevUser: false}
ℹ️  INFO: 🔑 AUTH SERVICE: No token, skipping backend logout
ℹ️  INFO: 🔑 AUTH SERVICE: Unknown auth strategy, clearing state...
ℹ️  INFO: Clearing auth state
ℹ️  INFO: 🔑 AUTH SERVICE: ========== LOGOUT START (2025-11-11 13:25:23) ==========
   Context: {token: null, strategy: unknown, isAuth0: false, isDevUser: false}
ℹ️  INFO: 🔑 AUTH SERVICE: No token, skipping backend logout
ℹ️  INFO: 🔑 AUTH SERVICE: Unknown auth strategy, clearing state...
ℹ️  INFO: Clearing auth state
❌ ERROR: Failed to clear auth data | MissingPluginException(No implementation found for method delete on channel plugins.it_nomads.com/flutter_secure_storage)
00:03 +309 -4: C:/Users/zarik/OneDrive/Desktop/TrossApp/frontend/test/e2e/concurrent_operations_test.dart: Concurrent Operations Tests - High Concurrency Scenarios Single Provider Concurrency AuthProvider handles 100 concurrent logout operations
ℹ️  INFO: Auth data cleared
ℹ️  INFO: Auth state cleared
ℹ️  INFO: 🔑 AUTH SERVICE: ========== LOGOUT END (total: 31ms) ==========
❌ ERROR: Failed to clear auth data | MissingPluginException(No implementation found for method delete on channel plugins.it_nomads.com/flutter_secure_storage)
ℹ️  INFO: Auth data cleared
ℹ️  INFO: Auth state cleared
ℹ️  INFO: 🔑 AUTH SERVICE: ========== LOGOUT END (total: 31ms) ==========
❌ ERROR: Failed to clear auth data | MissingPluginException(No implementation found for method delete on channel plugins.it_nomads.com/flutter_secure_storage)
ℹ️  INFO: Auth data cleared
ℹ️  INFO: Auth state cleared
ℹ️  INFO: 🔑 AUTH SERVICE: ========== LOGOUT END (total: 30ms) ==========
❌ ERROR: Failed to clear auth data | MissingPluginException(No implementation found for method delete on channel plugins.it_nomads.com/flutter_secure_storage)
ℹ️  INFO: Auth data cleared
ℹ️  INFO: Auth state cleared
ℹ️  INFO: 🔑 AUTH SERVICE: ========== LOGOUT END (total: 30ms) ==========
❌ ERROR: Failed to clear auth data | MissingPluginException(No implementation found for method delete on channel plugins.it_nomads.com/flutter_secure_storage)
ℹ️  INFO: Auth data cleared
ℹ️  INFO: Auth state cleared
ℹ️  INFO: 🔑 AUTH SERVICE: ========== LOGOUT END (total: 31ms) ==========
❌ ERROR: Failed to clear auth data | MissingPluginException(No implementation found for method delete on channel plugins.it_nomads.com/flutter_secure_storage)
ℹ️  INFO: Auth data cleared
00:03 +310 -4: C:/Users/zarik/OneDrive/Desktop/TrossApp/frontend/test/e2e/concurrent_operations_test.dart: Concurrent Operations Tests - High Concurrency Scenarios Single Provider Concurrency AuthProvider handles 100 concurrent logout operations
ℹ️  INFO: Auth state cleared
ℹ️  INFO: 🔑 AUTH SERVICE: ========== LOGOUT END (total: 30ms) ==========
❌ ERROR: Failed to clear auth data | MissingPluginException(No implementation found for method delete on channel plugins.it_nomads.com/flutter_secure_storage)
ℹ️  INFO: Auth data cleared
ℹ️  INFO: Auth state cleared
ℹ️  INFO: 🔑 AUTH SERVICE: ========== LOGOUT END (total: 30ms) ==========
❌ ERROR: Failed to clear auth data | MissingPluginException(No implementation found for method delete on channel plugins.it_nomads.com/flutter_secure_storage)
ℹ️  INFO: Auth data cleared
ℹ️  INFO: Auth state cleared
ℹ️  INFO: 🔑 AUTH SERVICE: ========== LOGOUT END (total: 30ms) ==========
❌ ERROR: Failed to clear auth data | MissingPluginException(No implementation found for method delete on channel plugins.it_nomads.com/flutter_secure_storage)
ℹ️  INFO: Auth data cleared
ℹ️  INFO: Auth state cleared
ℹ️  INFO: 🔑 AUTH SERVICE: ========== LOGOUT END (total: 29ms) ==========
❌ ERROR: Failed to clear auth data | MissingPluginException(No implementation found for method delete on channel plugins.it_nomads.com/flutter_secure_storage)
ℹ️  INFO: Auth data cleared
ℹ️  INFO: Auth state cleared
ℹ️  INFO: 🔑 AUTH SERVICE: ========== LOGOUT END (total: 30ms) ==========
❌ ERROR: Failed to clear auth data | MissingPluginException(No implementation found for method delete on channel plugins.it_nomads.com/flutter_secure_storage)
00:03 +311 -4: C:/Users/zarik/OneDrive/Desktop/TrossApp/frontend/test/e2e/concurrent_operations_test.dart: Concurrent Operations Tests - High Concurrency Scenarios Single Provider Concurrency AuthProvider handles 100 concurrent logout operations
ℹ️  INFO: Auth data cleared
ℹ️  INFO: Auth state cleared
ℹ️  INFO: 🔑 AUTH SERVICE: ========== LOGOUT END (total: 30ms) ==========
❌ ERROR: Failed to clear auth data | MissingPluginException(No implementation found for method delete on channel plugins.it_nomads.com/flutter_secure_storage)
ℹ️  INFO: Auth data cleared
ℹ️  INFO: Auth state cleared
ℹ️  INFO: 🔑 AUTH SERVICE: ========== LOGOUT END (total: 30ms) ==========
❌ ERROR: Failed to clear auth data | MissingPluginException(No implementation found for method delete on channel plugins.it_nomads.com/flutter_secure_storage)
ℹ️  INFO: Auth data cleared
ℹ️  INFO: Auth state cleared
ℹ️  INFO: 🔑 AUTH SERVICE: ========== LOGOUT END (total: 29ms) ==========
❌ ERROR: Failed to clear auth data | MissingPluginException(No implementation found for method delete on channel plugins.it_nomads.com/flutter_secure_storage)
ℹ️  INFO: Auth data cleared
ℹ️  INFO: Auth state cleared
ℹ️  INFO: 🔑 AUTH SERVICE: ========== LOGOUT END (total: 29ms) ==========
❌ ERROR: Failed to clear auth data | MissingPluginException(No implementation found for method delete on channel plugins.it_nomads.com/flutter_secure_storage)
ℹ️  INFO: Auth data cleared
ℹ️  INFO: Auth state cleared
ℹ️  INFO: 🔑 AUTH SERVICE: ========== LOGOUT END (total: 29ms) ==========
❌ ERROR: Failed to clear auth data | MissingPluginException(No implementation found for method delete on channel plugins.it_nomads.com/flutter_secure_storage)
ℹ️  INFO: Auth data cleared
ℹ️  INFO: Auth state cleared
ℹ️  INFO: 🔑 AUTH SERVICE: ========== LOGOUT END (total: 29ms) ==========
❌ ERROR: Failed to clear auth data | MissingPluginException(No implementation found for method delete on channel plugins.it_nomads.com/flutter_secure_storage)
ℹ️  INFO: Auth data cleared
ℹ️  INFO: Auth state cleared
00:03 +312 -4: C:/Users/zarik/OneDrive/Desktop/TrossApp/frontend/test/e2e/concurrent_operations_test.dart: Concurrent Operations Tests - High Concurrency Scenarios Single Provider Concurrency AuthProvider handles 100 concurrent logout operations
ℹ️  INFO: 🔑 AUTH SERVICE: ========== LOGOUT END (total: 29ms) ==========
❌ ERROR: Failed to clear auth data | MissingPluginException(No implementation found for method delete on channel plugins.it_nomads.com/flutter_secure_storage)
ℹ️  INFO: Auth data cleared
ℹ️  INFO: Auth state cleared
ℹ️  INFO: 🔑 AUTH SERVICE: ========== LOGOUT END (total: 29ms) ==========
❌ ERROR: Failed to clear auth data | MissingPluginException(No implementation found for method delete on channel plugins.it_nomads.com/flutter_secure_storage)
ℹ️  INFO: Auth data cleared
ℹ️  INFO: Auth state cleared
ℹ️  INFO: 🔑 AUTH SERVICE: ========== LOGOUT END (total: 29ms) ==========
❌ ERROR: Failed to clear auth data | MissingPluginException(No implementation found for method delete on channel plugins.it_nomads.com/flutter_secure_storage)
ℹ️  INFO: Auth data cleared
ℹ️  INFO: Auth state cleared
ℹ️  INFO: 🔑 AUTH SERVICE: ========== LOGOUT END (total: 29ms) ==========
❌ ERROR: Failed to clear auth data | MissingPluginException(No implementation found for method delete on channel plugins.it_nomads.com/flutter_secure_storage)
ℹ️  INFO: Auth data cleared
ℹ️  INFO: Auth state cleared
ℹ️  INFO: 🔑 AUTH SERVICE: ========== LOGOUT END (total: 28ms) ==========
❌ ERROR: Failed to clear auth data | MissingPluginException(No implementation found for method delete on channel plugins.it_nomads.com/flutter_secure_storage)
ℹ️  INFO: Auth data cleared
00:03 +313 -4: C:/Users/zarik/OneDrive/Desktop/TrossApp/frontend/test/e2e/concurrent_operations_test.dart: Concurrent Operations Tests - High Concurrency Scenarios Single Provider Concurrency AuthProvider handles 100 concurrent logout operations
ℹ️  INFO: Auth state cleared
ℹ️  INFO: 🔑 AUTH SERVICE: ========== LOGOUT END (total: 28ms) ==========
❌ ERROR: Failed to clear auth data | MissingPluginException(No implementation found for method delete on channel plugins.it_nomads.com/flutter_secure_storage)
ℹ️  INFO: Auth data cleared
ℹ️  INFO: Auth state cleared
ℹ️  INFO: 🔑 AUTH SERVICE: ========== LOGOUT END (total: 28ms) ==========
❌ ERROR: Failed to clear auth data | MissingPluginException(No implementation found for method delete on channel plugins.it_nomads.com/flutter_secure_storage)
ℹ️  INFO: Auth data cleared
ℹ️  INFO: Auth state cleared
ℹ️  INFO: 🔑 AUTH SERVICE: ========== LOGOUT END (total: 27ms) ==========
❌ ERROR: Failed to clear auth data | MissingPluginException(No implementation found for method delete on channel plugins.it_nomads.com/flutter_secure_storage)
ℹ️  INFO: Auth data cleared
ℹ️  INFO: Auth state cleared
ℹ️  INFO: 🔑 AUTH SERVICE: ========== LOGOUT END (total: 28ms) ==========
❌ ERROR: Failed to clear auth data | MissingPluginException(No implementation found for method delete on channel plugins.it_nomads.com/flutter_secure_storage)
ℹ️  INFO: Auth data cleared
ℹ️  INFO: Auth state cleared
ℹ️  INFO: 🔑 AUTH SERVICE: ========== LOGOUT END (total: 28ms) ==========
❌ ERROR: Failed to clear auth data | MissingPluginException(No implementation found for method delete on channel plugins.it_nomads.com/flutter_secure_storage)
ℹ️  INFO: Auth data cleared
ℹ️  INFO: Auth state cleared
ℹ️  INFO: 🔑 AUTH SERVICE: ========== LOGOUT END (total: 27ms) ==========
❌ ERROR: Failed to clear auth data | MissingPluginException(No implementation found for method delete on channel plugins.it_nomads.com/flutter_secure_storage)
ℹ️  INFO: Auth data cleared
ℹ️  INFO: Auth state cleared
00:03 +314 -4: C:/Users/zarik/OneDrive/Desktop/TrossApp/frontend/test/e2e/concurrent_operations_test.dart: Concurrent Operations Tests - High Concurrency Scenarios Single Provider Concurrency AuthProvider handles 100 concurrent logout operations
ℹ️  INFO: 🔑 AUTH SERVICE: ========== LOGOUT END (total: 27ms) ==========
❌ ERROR: Failed to clear auth data | MissingPluginException(No implementation found for method delete on channel plugins.it_nomads.com/flutter_secure_storage)
ℹ️  INFO: Auth data cleared
ℹ️  INFO: Auth state cleared
ℹ️  INFO: 🔑 AUTH SERVICE: ========== LOGOUT END (total: 27ms) ==========
❌ ERROR: Failed to clear auth data | MissingPluginException(No implementation found for method delete on channel plugins.it_nomads.com/flutter_secure_storage)
ℹ️  INFO: Auth data cleared
ℹ️  INFO: Auth state cleared
ℹ️  INFO: 🔑 AUTH SERVICE: ========== LOGOUT END (total: 27ms) ==========
❌ ERROR: Failed to clear auth data | MissingPluginException(No implementation found for method delete on channel plugins.it_nomads.com/flutter_secure_storage)
ℹ️  INFO: Auth data cleared
ℹ️  INFO: Auth state cleared
ℹ️  INFO: 🔑 AUTH SERVICE: ========== LOGOUT END (total: 27ms) ==========
❌ ERROR: Failed to clear auth data | MissingPluginException(No implementation found for method delete on channel plugins.it_nomads.com/flutter_secure_storage)
ℹ️  INFO: Auth data cleared
ℹ️  INFO: Auth state cleared
ℹ️  INFO: 🔑 AUTH SERVICE: ========== LOGOUT END (total: 26ms) ==========
❌ ERROR: Failed to clear auth data | MissingPluginException(No implementation found for method delete on channel plugins.it_nomads.com/flutter_secure_storage)
ℹ️  INFO: Auth data cleared
ℹ️  INFO: Auth state cleared
ℹ️  INFO: 🔑 AUTH SERVICE: ========== LOGOUT END (total: 26ms) ==========
❌ ERROR: Failed to clear auth data | MissingPluginException(No implementation found for method delete on channel plugins.it_nomads.com/flutter_secure_storage)
ℹ️  INFO: Auth data cleared
ℹ️  INFO: Auth state cleared
ℹ️  INFO: 🔑 AUTH SERVICE: ========== LOGOUT END (total: 27ms) ==========
❌ ERROR: Failed to clear auth data | MissingPluginException(No implementation found for method delete on channel plugins.it_nomads.com/flutter_secure_storage)
ℹ️  INFO: Auth data cleared
ℹ️  INFO: Auth state cleared
ℹ️  INFO: 🔑 AUTH SERVICE: ========== LOGOUT END (total: 27ms) ==========
❌ ERROR: Failed to clear auth data | MissingPluginException(No implementation found for method delete on channel plugins.it_nomads.com/flutter_secure_storage)
00:03 +315 -4: C:/Users/zarik/OneDrive/Desktop/TrossApp/frontend/test/e2e/concurrent_operations_test.dart: Concurrent Operations Tests - High Concurrency Scenarios Single Provider Concurrency AuthProvider handles 100 concurrent logout operations
ℹ️  INFO: Auth data cleared
ℹ️  INFO: Auth state cleared
ℹ️  INFO: 🔑 AUTH SERVICE: ========== LOGOUT END (total: 27ms) ==========
❌ ERROR: Failed to clear auth data | MissingPluginException(No implementation found for method delete on channel plugins.it_nomads.com/flutter_secure_storage)
ℹ️  INFO: Auth data cleared
ℹ️  INFO: Auth state cleared
ℹ️  INFO: 🔑 AUTH SERVICE: ========== LOGOUT END (total: 25ms) ==========
❌ ERROR: Failed to clear auth data | MissingPluginException(No implementation found for method delete on channel plugins.it_nomads.com/flutter_secure_storage)
ℹ️  INFO: Auth data cleared
ℹ️  INFO: Auth state cleared
ℹ️  INFO: 🔑 AUTH SERVICE: ========== LOGOUT END (total: 25ms) ==========
❌ ERROR: Failed to clear auth data | MissingPluginException(No implementation found for method delete on channel plugins.it_nomads.com/flutter_secure_storage)
ℹ️  INFO: Auth data cleared
ℹ️  INFO: Auth state cleared
ℹ️  INFO: 🔑 AUTH SERVICE: ========== LOGOUT END (total: 25ms) ==========
00:03 +316 -4: C:/Users/zarik/OneDrive/Desktop/TrossApp/frontend/test/e2e/concurrent_operations_test.dart: Concurrent Operations Tests - High Concurrency Scenarios Single Provider Concurrency AuthProvider handles 100 concurrent logout operations
❌ ERROR: Failed to clear auth data | MissingPluginException(No implementation found for method delete on channel plugins.it_nomads.com/flutter_secure_storage)
ℹ️  INFO: Auth data cleared
ℹ️  INFO: Auth state cleared
ℹ️  INFO: 🔑 AUTH SERVICE: ========== LOGOUT END (total: 25ms) ==========
❌ ERROR: Failed to clear auth data | MissingPluginException(No implementation found for method delete on channel plugins.it_nomads.com/flutter_secure_storage)
ℹ️  INFO: Auth data cleared
ℹ️  INFO: Auth state cleared
ℹ️  INFO: 🔑 AUTH SERVICE: ========== LOGOUT END (total: 24ms) ==========
❌ ERROR: Failed to clear auth data | MissingPluginException(No implementation found for method delete on channel plugins.it_nomads.com/flutter_secure_storage)
ℹ️  INFO: Auth data cleared
ℹ️  INFO: Auth state cleared
ℹ️  INFO: 🔑 AUTH SERVICE: ========== LOGOUT END (total: 24ms) ==========
00:03 +317 -4: C:/Users/zarik/OneDrive/Desktop/TrossApp/frontend/test/e2e/concurrent_operations_test.dart: Concurrent Operations Tests - High Concurrency Scenarios Single Provider Concurrency AuthProvider handles 100 concurrent logout operations
❌ ERROR: Failed to clear auth data | MissingPluginException(No implementation found for method delete on channel plugins.it_nomads.com/flutter_secure_storage)
ℹ️  INFO: Auth data cleared
ℹ️  INFO: Auth state cleared
ℹ️  INFO: 🔑 AUTH SERVICE: ========== LOGOUT END (total: 25ms) ==========
❌ ERROR: Failed to clear auth data | MissingPluginException(No implementation found for method delete on channel plugins.it_nomads.com/flutter_secure_storage)
ℹ️  INFO: Auth data cleared
ℹ️  INFO: Auth state cleared
ℹ️  INFO: 🔑 AUTH SERVICE: ========== LOGOUT END (total: 25ms) ==========
❌ ERROR: Failed to clear auth data | MissingPluginException(No implementation found for method delete on channel plugins.it_nomads.com/flutter_secure_storage)
ℹ️  INFO: Auth data cleared
ℹ️  INFO: Auth state cleared
ℹ️  INFO: 🔑 AUTH SERVICE: ========== LOGOUT END (total: 25ms) ==========
❌ ERROR: Failed to clear auth data | MissingPluginException(No implementation found for method delete on channel plugins.it_nomads.com/flutter_secure_storage)
ℹ️  INFO: Auth data cleared
ℹ️  INFO: Auth state cleared
ℹ️  INFO: 🔑 AUTH SERVICE: ========== LOGOUT END (total: 24ms) ==========
❌ ERROR: Failed to clear auth data | MissingPluginException(No implementation found for method delete on channel plugins.it_nomads.com/flutter_secure_storage)
ℹ️  INFO: Auth data cleared
ℹ️  INFO: Auth state cleared
ℹ️  INFO: 🔑 AUTH SERVICE: ========== LOGOUT END (total: 24ms) ==========
❌ ERROR: Failed to clear auth data | MissingPluginException(No implementation found for method delete on channel plugins.it_nomads.com/flutter_secure_storage)
ℹ️  INFO: Auth data cleared
ℹ️  INFO: Auth state cleared
ℹ️  INFO: 🔑 AUTH SERVICE: ========== LOGOUT END (total: 24ms) ==========
❌ ERROR: Failed to clear auth data | MissingPluginException(No implementation found for method delete on channel plugins.it_nomads.com/flutter_secure_storage)
ℹ️  INFO: Auth data cleared
ℹ️  INFO: Auth state cleared
ℹ️  INFO: 🔑 AUTH SERVICE: ========== LOGOUT END (total: 24ms) ==========
❌ ERROR: Failed to clear auth data | MissingPluginException(No implementation found for method delete on channel plugins.it_nomads.com/flutter_secure_storage)
ℹ️  INFO: Auth data cleared
ℹ️  INFO: Auth state cleared
ℹ️  INFO: 🔑 AUTH SERVICE: ========== LOGOUT END (total: 23ms) ==========
00:03 +318 -4: C:/Users/zarik/OneDrive/Desktop/TrossApp/frontend/test/e2e/concurrent_operations_test.dart: Concurrent Operations Tests - High Concurrency Scenarios Single Provider Concurrency AuthProvider handles 100 concurrent logout operations
❌ ERROR: Failed to clear auth data | MissingPluginException(No implementation found for method delete on channel plugins.it_nomads.com/flutter_secure_storage)
ℹ️  INFO: Auth data cleared
ℹ️  INFO: Auth state cleared
ℹ️  INFO: 🔑 AUTH SERVICE: ========== LOGOUT END (total: 24ms) ==========
❌ ERROR: Failed to clear auth data | MissingPluginException(No implementation found for method delete on channel plugins.it_nomads.com/flutter_secure_storage)
ℹ️  INFO: Auth data cleared
ℹ️  INFO: Auth state cleared
ℹ️  INFO: 🔑 AUTH SERVICE: ========== LOGOUT END (total: 25ms) ==========
❌ ERROR: Failed to clear auth data | MissingPluginException(No implementation found for method delete on channel plugins.it_nomads.com/flutter_secure_storage)
ℹ️  INFO: Auth data cleared
ℹ️  INFO: Auth state cleared
ℹ️  INFO: 🔑 AUTH SERVICE: ========== LOGOUT END (total: 25ms) ==========
❌ ERROR: Failed to clear auth data | MissingPluginException(No implementation found for method delete on channel plugins.it_nomads.com/flutter_secure_storage)
ℹ️  INFO: Auth data cleared
ℹ️  INFO: Auth state cleared
ℹ️  INFO: 🔑 AUTH SERVICE: ========== LOGOUT END (total: 24ms) ==========
❌ ERROR: Failed to clear auth data | MissingPluginException(No implementation found for method delete on channel plugins.it_nomads.com/flutter_secure_storage)
ℹ️  INFO: Auth data cleared
ℹ️  INFO: Auth state cleared
ℹ️  INFO: 🔑 AUTH SERVICE: ========== LOGOUT END (total: 24ms) ==========
❌ ERROR: Failed to clear auth data | MissingPluginException(No implementation found for method delete on channel plugins.it_nomads.com/flutter_secure_storage)
ℹ️  INFO: Auth data cleared
ℹ️  INFO: Auth state cleared
ℹ️  INFO: 🔑 AUTH SERVICE: ========== LOGOUT END (total: 24ms) ==========
❌ ERROR: Failed to clear auth data | MissingPluginException(No implementation found for method delete on channel plugins.it_nomads.com/flutter_secure_storage)
ℹ️  INFO: Auth data cleared
ℹ️  INFO: Auth state cleared
00:03 +319 -4: C:/Users/zarik/OneDrive/Desktop/TrossApp/frontend/test/e2e/concurrent_operations_test.dart: Concurrent Operations Tests - High Concurrency Scenarios Single Provider Concurrency AuthProvider handles 100 concurrent logout operations
ℹ️  INFO: 🔑 AUTH SERVICE: ========== LOGOUT END (total: 24ms) ==========
❌ ERROR: Failed to clear auth data | MissingPluginException(No implementation found for method delete on channel plugins.it_nomads.com/flutter_secure_storage)
ℹ️  INFO: Auth data cleared
ℹ️  INFO: Auth state cleared
ℹ️  INFO: 🔑 AUTH SERVICE: ========== LOGOUT END (total: 24ms) ==========
❌ ERROR: Failed to clear auth data | MissingPluginException(No implementation found for method delete on channel plugins.it_nomads.com/flutter_secure_storage)
ℹ️  INFO: Auth data cleared
ℹ️  INFO: Auth state cleared
ℹ️  INFO: 🔑 AUTH SERVICE: ========== LOGOUT END (total: 23ms) ==========
00:04 +320 -4: C:/Users/zarik/OneDrive/Desktop/TrossApp/frontend/test/e2e/concurrent_operations_test.dart: Concurrent Operations Tests - High Concurrency Scenarios Single Provider Concurrency AuthProvider handles 100 concurrent logout operations
❌ ERROR: Failed to clear auth data | MissingPluginException(No implementation found for method delete on channel plugins.it_nomads.com/flutter_secure_storage)
ℹ️  INFO: Auth data cleared
ℹ️  INFO: Auth state cleared
ℹ️  INFO: 🔑 AUTH SERVICE: ========== LOGOUT END (total: 23ms) ==========
❌ ERROR: Failed to clear auth data | MissingPluginException(No implementation found for method delete on channel plugins.it_nomads.com/flutter_secure_storage)
ℹ️  INFO: Auth data cleared
ℹ️  INFO: Auth state cleared
ℹ️  INFO: 🔑 AUTH SERVICE: ========== LOGOUT END (total: 23ms) ==========
❌ ERROR: Failed to clear auth data | MissingPluginException(No implementation found for method delete on channel plugins.it_nomads.com/flutter_secure_storage)
ℹ️  INFO: Auth data cleared
ℹ️  INFO: Auth state cleared
ℹ️  INFO: 🔑 AUTH SERVICE: ========== LOGOUT END (total: 23ms) ==========
❌ ERROR: Failed to clear auth data | MissingPluginException(No implementation found for method delete on channel plugins.it_nomads.com/flutter_secure_storage)
ℹ️  INFO: Auth data cleared
ℹ️  INFO: Auth state cleared
ℹ️  INFO: 🔑 AUTH SERVICE: ========== LOGOUT END (total: 22ms) ==========
❌ ERROR: Failed to clear auth data | MissingPluginException(No implementation found for method delete on channel plugins.it_nomads.com/flutter_secure_storage)
ℹ️  INFO: Auth data cleared
ℹ️  INFO: Auth state cleared
ℹ️  INFO: 🔑 AUTH SERVICE: ========== LOGOUT END (total: 23ms) ==========
❌ ERROR: Failed to clear auth data | MissingPluginException(No implementation found for method delete on channel plugins.it_nomads.com/flutter_secure_storage)
ℹ️  INFO: Auth data cleared
ℹ️  INFO: Auth state cleared
ℹ️  INFO: 🔑 AUTH SERVICE: ========== LOGOUT END (total: 22ms) ==========
❌ ERROR: Failed to clear auth data | MissingPluginException(No implementation found for method delete on channel plugins.it_nomads.com/flutter_secure_storage)
ℹ️  INFO: Auth data cleared
ℹ️  INFO: Auth state cleared
ℹ️  INFO: 🔑 AUTH SERVICE: ========== LOGOUT END (total: 22ms) ==========
00:04 +321 -4: C:/Users/zarik/OneDrive/Desktop/TrossApp/frontend/test/e2e/concurrent_operations_test.dart: Concurrent Operations Tests - High Concurrency Scenarios Single Provider Concurrency AuthProvider handles 100 concurrent logout operations
❌ ERROR: Failed to clear auth data | MissingPluginException(No implementation found for method delete on channel plugins.it_nomads.com/flutter_secure_storage)
ℹ️  INFO: Auth data cleared
ℹ️  INFO: Auth state cleared
ℹ️  INFO: 🔑 AUTH SERVICE: ========== LOGOUT END (total: 21ms) ==========
❌ ERROR: Failed to clear auth data | MissingPluginException(No implementation found for method delete on channel plugins.it_nomads.com/flutter_secure_storage)
ℹ️  INFO: Auth data cleared
ℹ️  INFO: Auth state cleared
ℹ️  INFO: 🔑 AUTH SERVICE: ========== LOGOUT END (total: 21ms) ==========
❌ ERROR: Failed to clear auth data | MissingPluginException(No implementation found for method delete on channel plugins.it_nomads.com/flutter_secure_storage)
ℹ️  INFO: Auth data cleared
ℹ️  INFO: Auth state cleared
ℹ️  INFO: 🔑 AUTH SERVICE: ========== LOGOUT END (total: 21ms) ==========
❌ ERROR: Failed to clear auth data | MissingPluginException(No implementation found for method delete on channel plugins.it_nomads.com/flutter_secure_storage)
ℹ️  INFO: Auth data cleared
ℹ️  INFO: Auth state cleared
ℹ️  INFO: 🔑 AUTH SERVICE: ========== LOGOUT END (total: 20ms) ==========
❌ ERROR: Failed to clear auth data | MissingPluginException(No implementation found for method delete on channel plugins.it_nomads.com/flutter_secure_storage)
ℹ️  INFO: Auth data cleared
ℹ️  INFO: Auth state cleared
ℹ️  INFO: 🔑 AUTH SERVICE: ========== LOGOUT END (total: 21ms) ==========
❌ ERROR: Failed to clear auth data | MissingPluginException(No implementation found for method delete on channel plugins.it_nomads.com/flutter_secure_storage)
ℹ️  INFO: Auth data cleared
ℹ️  INFO: Auth state cleared
ℹ️  INFO: 🔑 AUTH SERVICE: ========== LOGOUT END (total: 21ms) ==========
❌ ERROR: Failed to clear auth data | MissingPluginException(No implementation found for method delete on channel plugins.it_nomads.com/flutter_secure_storage)
ℹ️  INFO: Auth data cleared
ℹ️  INFO: Auth state cleared
00:04 +322 -4: C:/Users/zarik/OneDrive/Desktop/TrossApp/frontend/test/e2e/concurrent_operations_test.dart: Concurrent Operations Tests - High Concurrency Scenarios Single Provider Concurrency AuthProvider handles 100 concurrent logout operations
ℹ️  INFO: 🔑 AUTH SERVICE: ========== LOGOUT END (total: 21ms) ==========
❌ ERROR: Failed to clear auth data | MissingPluginException(No implementation found for method delete on channel plugins.it_nomads.com/flutter_secure_storage)
ℹ️  INFO: Auth data cleared
ℹ️  INFO: Auth state cleared
ℹ️  INFO: 🔑 AUTH SERVICE: ========== LOGOUT END (total: 20ms) ==========
❌ ERROR: Failed to clear auth data | MissingPluginException(No implementation found for method delete on channel plugins.it_nomads.com/flutter_secure_storage)
ℹ️  INFO: Auth data cleared
ℹ️  INFO: Auth state cleared
ℹ️  INFO: 🔑 AUTH SERVICE: ========== LOGOUT END (total: 20ms) ==========
❌ ERROR: Failed to clear auth data | MissingPluginException(No implementation found for method delete on channel plugins.it_nomads.com/flutter_secure_storage)
ℹ️  INFO: Auth data cleared
ℹ️  INFO: Auth state cleared
ℹ️  INFO: 🔑 AUTH SERVICE: ========== LOGOUT END (total: 20ms) ==========
❌ ERROR: Failed to clear auth data | MissingPluginException(No implementation found for method delete on channel plugins.it_nomads.com/flutter_secure_storage)
ℹ️  INFO: Auth data cleared
ℹ️  INFO: Auth state cleared
ℹ️  INFO: 🔑 AUTH SERVICE: ========== LOGOUT END (total: 20ms) ==========
❌ ERROR: Failed to clear auth data | MissingPluginException(No implementation found for method delete on channel plugins.it_nomads.com/flutter_secure_storage)
ℹ️  INFO: Auth data cleared
ℹ️  INFO: Auth state cleared
ℹ️  INFO: 🔑 AUTH SERVICE: ========== LOGOUT END (total: 19ms) ==========
❌ ERROR: Failed to clear auth data | MissingPluginException(No implementation found for method delete on channel plugins.it_nomads.com/flutter_secure_storage)
ℹ️  INFO: Auth data cleared
ℹ️  INFO: Auth state cleared
ℹ️  INFO: 🔑 AUTH SERVICE: ========== LOGOUT END (total: 20ms) ==========
❌ ERROR: Failed to clear auth data | MissingPluginException(No implementation found for method delete on channel plugins.it_nomads.com/flutter_secure_storage)
ℹ️  INFO: Auth data cleared
ℹ️  INFO: Auth state cleared
ℹ️  INFO: 🔑 AUTH SERVICE: ========== LOGOUT END (total: 20ms) ==========
❌ ERROR: Failed to clear auth data | MissingPluginException(No implementation found for method delete on channel plugins.it_nomads.com/flutter_secure_storage)
ℹ️  INFO: Auth data cleared
ℹ️  INFO: Auth state cleared
ℹ️  INFO: 🔑 AUTH SERVICE: ========== LOGOUT END (total: 20ms) ==========
00:04 +323 -4: C:/Users/zarik/OneDrive/Desktop/TrossApp/frontend/test/e2e/concurrent_operations_test.dart: Concurrent Operations Tests - High Concurrency Scenarios Single Provider Concurrency AuthProvider handles 100 concurrent logout operations
❌ ERROR: Failed to clear auth data | MissingPluginException(No implementation found for method delete on channel plugins.it_nomads.com/flutter_secure_storage)
ℹ️  INFO: Auth data cleared
ℹ️  INFO: Auth state cleared
ℹ️  INFO: 🔑 AUTH SERVICE: ========== LOGOUT END (total: 20ms) ==========
❌ ERROR: Failed to clear auth data | MissingPluginException(No implementation found for method delete on channel plugins.it_nomads.com/flutter_secure_storage)
ℹ️  INFO: Auth data cleared
ℹ️  INFO: Auth state cleared
ℹ️  INFO: 🔑 AUTH SERVICE: ========== LOGOUT END (total: 19ms) ==========
❌ ERROR: Failed to clear auth data | MissingPluginException(No implementation found for method delete on channel plugins.it_nomads.com/flutter_secure_storage)
ℹ️  INFO: Auth data cleared
ℹ️  INFO: Auth state cleared
ℹ️  INFO: 🔑 AUTH SERVICE: ========== LOGOUT END (total: 20ms) ==========
❌ ERROR: Failed to clear auth data | MissingPluginException(No implementation found for method delete on channel plugins.it_nomads.com/flutter_secure_storage)
ℹ️  INFO: Auth data cleared
ℹ️  INFO: Auth state cleared
ℹ️  INFO: 🔑 AUTH SERVICE: ========== LOGOUT END (total: 19ms) ==========
❌ ERROR: Failed to clear auth data | MissingPluginException(No implementation found for method delete on channel plugins.it_nomads.com/flutter_secure_storage)
ℹ️  INFO: Auth data cleared
ℹ️  INFO: Auth state cleared
ℹ️  INFO: 🔑 AUTH SERVICE: ========== LOGOUT END (total: 19ms) ==========
❌ ERROR: Failed to clear auth data | MissingPluginException(No implementation found for method delete on channel plugins.it_nomads.com/flutter_secure_storage)
ℹ️  INFO: Auth data cleared
ℹ️  INFO: Auth state cleared
ℹ️  INFO: 🔑 AUTH SERVICE: ========== LOGOUT END (total: 19ms) ==========
❌ ERROR: Failed to clear auth data | MissingPluginException(No implementation found for method delete on channel plugins.it_nomads.com/flutter_secure_storage)
ℹ️  INFO: Auth data cleared
ℹ️  INFO: Auth state cleared
ℹ️  INFO: 🔑 AUTH SERVICE: ========== LOGOUT END (total: 19ms) ==========
❌ ERROR: Failed to clear auth data | MissingPluginException(No implementation found for method delete on channel plugins.it_nomads.com/flutter_secure_storage)
ℹ️  INFO: Auth data cleared
ℹ️  INFO: Auth state cleared
ℹ️  INFO: 🔑 AUTH SERVICE: ========== LOGOUT END (total: 19ms) ==========
❌ ERROR: Failed to clear auth data | MissingPluginException(No implementation found for method delete on channel plugins.it_nomads.com/flutter_secure_storage)
ℹ️  INFO: Auth data cleared
ℹ️  INFO: Auth state cleared
ℹ️  INFO: 🔑 AUTH SERVICE: ========== LOGOUT END (total: 19ms) ==========
❌ ERROR: Failed to clear auth data | MissingPluginException(No implementation found for method delete on channel plugins.it_nomads.com/flutter_secure_storage)
ℹ️  INFO: Auth data cleared
ℹ️  INFO: Auth state cleared
ℹ️  INFO: 🔑 AUTH SERVICE: ========== LOGOUT END (total: 18ms) ==========
❌ ERROR: Failed to clear auth data | MissingPluginException(No implementation found for method delete on channel plugins.it_nomads.com/flutter_secure_storage)
ℹ️  INFO: Auth data cleared
ℹ️  INFO: Auth state cleared
ℹ️  INFO: 🔑 AUTH SERVICE: ========== LOGOUT END (total: 19ms) ==========
❌ ERROR: Failed to clear auth data | MissingPluginException(No implementation found for method delete on channel plugins.it_nomads.com/flutter_secure_storage)
ℹ️  INFO: Auth data cleared
00:04 +323 -4: C:/Users/zarik/OneDrive/Desktop/TrossApp/frontend/test/e2e/security_e2e_test.dart: E2E Security Tests - All Three Layers Security Compliance security logs capture required context
❌ ERROR: Security event test 
00:04 +323 -4: C:/Users/zarik/OneDrive/Desktop/TrossApp/frontend/test/e2e/concurrent_operations_test.dart: Concurrent Operations Tests - High Concurrency Scenarios Single Provider Concurrency AuthProvider handles 100 concurrent logout operations
ℹ️  INFO: Auth state cleared
ℹ️  INFO: 🔑 AUTH SERVICE: ========== LOGOUT END (total: 19ms) ==========
❌ ERROR: Failed to clear auth data | MissingPluginException(No implementation found for method delete on channel plugins.it_nomads.com/flutter_secure_storage)
ℹ️  INFO: Auth data cleared
00:04 +323 -4: C:/Users/zarik/OneDrive/Desktop/TrossApp/frontend/test/e2e/security_e2e_test.dart: E2E Security Tests - All Three Layers Security Compliance security logs capture required context
   Context: {timestamp: 2025-11-11T13:25:23.530175, environment: Development, method: loginWithTestToken, devAuthEnabled: true, layer: service}
00:04 +324 -4: C:/Users/zarik/OneDrive/Desktop/TrossApp/frontend/test/e2e/concurrent_operations_test.dart: Concurrent Operations Tests - High Concurrency Scenarios Single Provider Concurrency AuthProvider handles 100 concurrent logout operations
ℹ️  INFO: Auth state cleared
ℹ️  INFO: 🔑 AUTH SERVICE: ========== LOGOUT END (total: 19ms) ==========
❌ ERROR: Failed to clear auth data | MissingPluginException(No implementation found for method delete on channel plugins.it_nomads.com/flutter_secure_storage)
ℹ️  INFO: Auth data cleared
ℹ️  INFO: Auth state cleared
ℹ️  INFO: 🔑 AUTH SERVICE: ========== LOGOUT END (total: 18ms) ==========
❌ ERROR: Failed to clear auth data | MissingPluginException(No implementation found for method delete on channel plugins.it_nomads.com/flutter_secure_storage)
ℹ️  INFO: Auth data cleared
ℹ️  INFO: Auth state cleared
ℹ️  INFO: 🔑 AUTH SERVICE: ========== LOGOUT END (total: 18ms) ==========
❌ ERROR: Failed to clear auth data | MissingPluginException(No implementation found for method delete on channel plugins.it_nomads.com/flutter_secure_storage)
ℹ️  INFO: Auth data cleared
ℹ️  INFO: Auth state cleared
ℹ️  INFO: 🔑 AUTH SERVICE: ========== LOGOUT END (total: 18ms) ==========
❌ ERROR: Failed to clear auth data | MissingPluginException(No implementation found for method delete on channel plugins.it_nomads.com/flutter_secure_storage)
ℹ️  INFO: Auth data cleared
ℹ️  INFO: Auth state cleared
ℹ️  INFO: 🔑 AUTH SERVICE: ========== LOGOUT END (total: 17ms) ==========
❌ ERROR: Failed to clear auth data | MissingPluginException(No implementation found for method delete on channel plugins.it_nomads.com/flutter_secure_storage)
ℹ️  INFO: Auth data cleared
ℹ️  INFO: Auth state cleared
ℹ️  INFO: 🔑 AUTH SERVICE: ========== LOGOUT END (total: 17ms) ==========
❌ ERROR: Failed to clear auth data | MissingPluginException(No implementation found for method delete on channel plugins.it_nomads.com/flutter_secure_storage)
ℹ️  INFO: Auth data cleared
ℹ️  INFO: Auth state cleared
ℹ️  INFO: 🔑 AUTH SERVICE: ========== LOGOUT END (total: 17ms) ==========
00:04 +325 -4: C:/Users/zarik/OneDrive/Desktop/TrossApp/frontend/test/e2e/security_e2e_test.dart: E2E Security Tests - All Three Layers Security Compliance all security checks are fail-secure
00:04 +326 -4: C:/Users/zarik/OneDrive/Desktop/TrossApp/frontend/test/e2e/concurrent_operations_test.dart: Concurrent Operations Tests - High Concurrency Scenarios Single Provider Concurrency AppProvider handles 50 concurrent initialization calls
ℹ️  INFO: Initializing app state...
ℹ️  INFO: Initializing app state...
ℹ️  INFO: Initializing app state...
ℹ️  INFO: Initializing app state...
ℹ️  INFO: Initializing app state...
ℹ️  INFO: Initializing app state...
ℹ️  INFO: Initializing app state...
ℹ️  INFO: Initializing app state...
ℹ️  INFO: Initializing app state...
ℹ️  INFO: Initializing app state...
ℹ️  INFO: Initializing app state...
ℹ️  INFO: Initializing app state...
ℹ️  INFO: Initializing app state...
ℹ️  INFO: Initializing app state...
ℹ️  INFO: Initializing app state...
ℹ️  INFO: Initializing app state...
ℹ️  INFO: Initializing app state...
ℹ️  INFO: Initializing app state...
ℹ️  INFO: Initializing app state...
ℹ️  INFO: Initializing app state...
ℹ️  INFO: Initializing app state...
ℹ️  INFO: Initializing app state...
ℹ️  INFO: Initializing app state...
ℹ️  INFO: Initializing app state...
ℹ️  INFO: Initializing app state...
ℹ️  INFO: Initializing app state...
ℹ️  INFO: Initializing app state...
ℹ️  INFO: Initializing app state...
ℹ️  INFO: Initializing app state...
ℹ️  INFO: Initializing app state...
ℹ️  INFO: Initializing app state...
ℹ️  INFO: Initializing app state...
ℹ️  INFO: Initializing app state...
ℹ️  INFO: Initializing app state...
ℹ️  INFO: Initializing app state...
ℹ️  INFO: Initializing app state...
ℹ️  INFO: Initializing app state...
ℹ️  INFO: Initializing app state...
ℹ️  INFO: Initializing app state...
ℹ️  INFO: Initializing app state...
ℹ️  INFO: Initializing app state...
ℹ️  INFO: Initializing app state...
ℹ️  INFO: Initializing app state...
ℹ️  INFO: Initializing app state...
ℹ️  INFO: Initializing app state...
ℹ️  INFO: Initializing app state...
ℹ️  INFO: Initializing app state...
ℹ️  INFO: Initializing app state...
ℹ️  INFO: Initializing app state...
ℹ️  INFO: Initializing app state...
❌ ERROR: Network connectivity check failed | MissingPluginException(No implementation found for method check on channel dev.fluttercommunity.plus/connectivity)
❌ ERROR: Network connectivity check failed | MissingPluginException(No implementation found for method check on channel dev.fluttercommunity.plus/connectivity)
❌ ERROR: Network connectivity check failed | MissingPluginException(No implementation found for method check on channel dev.fluttercommunity.plus/connectivity)
❌ ERROR: Network connectivity check failed | MissingPluginException(No implementation found for method check on channel dev.fluttercommunity.plus/connectivity)
❌ ERROR: Network connectivity check failed | MissingPluginException(No implementation found for method check on channel dev.fluttercommunity.plus/connectivity)
❌ ERROR: Network connectivity check failed | MissingPluginException(No implementation found for method check on channel dev.fluttercommunity.plus/connectivity)
❌ ERROR: Network connectivity check failed | MissingPluginException(No implementation found for method check on channel dev.fluttercommunity.plus/connectivity)
❌ ERROR: Network connectivity check failed | MissingPluginException(No implementation found for method check on channel dev.fluttercommunity.plus/connectivity)
❌ ERROR: Network connectivity check failed | MissingPluginException(No implementation found for method check on channel dev.fluttercommunity.plus/connectivity)
❌ ERROR: Network connectivity check failed | MissingPluginException(No implementation found for method check on channel dev.fluttercommunity.plus/connectivity)
❌ ERROR: Network connectivity check failed | MissingPluginException(No implementation found for method check on channel dev.fluttercommunity.plus/connectivity)
❌ ERROR: Network connectivity check failed | MissingPluginException(No implementation found for method check on channel dev.fluttercommunity.plus/connectivity)
❌ ERROR: Network connectivity check failed | MissingPluginException(No implementation found for method check on channel dev.fluttercommunity.plus/connectivity)
❌ ERROR: Network connectivity check failed | MissingPluginException(No implementation found for method check on channel dev.fluttercommunity.plus/connectivity)
❌ ERROR: Network connectivity check failed | MissingPluginException(No implementation found for method check on channel dev.fluttercommunity.plus/connectivity)
❌ ERROR: Network connectivity check failed | MissingPluginException(No implementation found for method check on channel dev.fluttercommunity.plus/connectivity)
❌ ERROR: Network connectivity check failed | MissingPluginException(No implementation found for method check on channel dev.fluttercommunity.plus/connectivity)
❌ ERROR: Network connectivity check failed | MissingPluginException(No implementation found for method check on channel dev.fluttercommunity.plus/connectivity)
❌ ERROR: Network connectivity check failed | MissingPluginException(No implementation found for method check on channel dev.fluttercommunity.plus/connectivity)
❌ ERROR: Network connectivity check failed | MissingPluginException(No implementation found for method check on channel dev.fluttercommunity.plus/connectivity)
❌ ERROR: Network connectivity check failed | MissingPluginException(No implementation found for method check on channel dev.fluttercommunity.plus/connectivity)
❌ ERROR: Network connectivity check failed | MissingPluginException(No implementation found for method check on channel dev.fluttercommunity.plus/connectivity)
❌ ERROR: Network connectivity check failed | MissingPluginException(No implementation found for method check on channel dev.fluttercommunity.plus/connectivity)
❌ ERROR: Network connectivity check failed | MissingPluginException(No implementation found for method check on channel dev.fluttercommunity.plus/connectivity)
❌ ERROR: Network connectivity check failed | MissingPluginException(No implementation found for method check on channel dev.fluttercommunity.plus/connectivity)
❌ ERROR: Network connectivity check failed | MissingPluginException(No implementation found for method check on channel dev.fluttercommunity.plus/connectivity)
❌ ERROR: Network connectivity check failed | MissingPluginException(No implementation found for method check on channel dev.fluttercommunity.plus/connectivity)
❌ ERROR: Network connectivity check failed | MissingPluginException(No implementation found for method check on channel dev.fluttercommunity.plus/connectivity)
❌ ERROR: Network connectivity check failed | MissingPluginException(No implementation found for method check on channel dev.fluttercommunity.plus/connectivity)
❌ ERROR: Network connectivity check failed | MissingPluginException(No implementation found for method check on channel dev.fluttercommunity.plus/connectivity)
❌ ERROR: Network connectivity check failed | MissingPluginException(No implementation found for method check on channel dev.fluttercommunity.plus/connectivity)
❌ ERROR: Network connectivity check failed | MissingPluginException(No implementation found for method check on channel dev.fluttercommunity.plus/connectivity)
❌ ERROR: Network connectivity check failed | MissingPluginException(No implementation found for method check on channel dev.fluttercommunity.plus/connectivity)
❌ ERROR: Network connectivity check failed | MissingPluginException(No implementation found for method check on channel dev.fluttercommunity.plus/connectivity)
❌ ERROR: Network connectivity check failed | MissingPluginException(No implementation found for method check on channel dev.fluttercommunity.plus/connectivity)
❌ ERROR: Network connectivity check failed | MissingPluginException(No implementation found for method check on channel dev.fluttercommunity.plus/connectivity)
❌ ERROR: Network connectivity check failed | MissingPluginException(No implementation found for method check on channel dev.fluttercommunity.plus/connectivity)
❌ ERROR: Network connectivity check failed | MissingPluginException(No implementation found for method check on channel dev.fluttercommunity.plus/connectivity)
❌ ERROR: Network connectivity check failed | MissingPluginException(No implementation found for method check on channel dev.fluttercommunity.plus/connectivity)
❌ ERROR: Network connectivity check failed | MissingPluginException(No implementation found for method check on channel dev.fluttercommunity.plus/connectivity)
❌ ERROR: Network connectivity check failed | MissingPluginException(No implementation found for method check on channel dev.fluttercommunity.plus/connectivity)
❌ ERROR: Network connectivity check failed | MissingPluginException(No implementation found for method check on channel dev.fluttercommunity.plus/connectivity)
❌ ERROR: Network connectivity check failed | MissingPluginException(No implementation found for method check on channel dev.fluttercommunity.plus/connectivity)
❌ ERROR: Network connectivity check failed | MissingPluginException(No implementation found for method check on channel dev.fluttercommunity.plus/connectivity)
❌ ERROR: Network connectivity check failed | MissingPluginException(No implementation found for method check on channel dev.fluttercommunity.plus/connectivity)
❌ ERROR: Network connectivity check failed | MissingPluginException(No implementation found for method check on channel dev.fluttercommunity.plus/connectivity)
❌ ERROR: Network connectivity check failed | MissingPluginException(No implementation found for method check on channel dev.fluttercommunity.plus/connectivity)
❌ ERROR: Network connectivity check failed | MissingPluginException(No implementation found for method check on channel dev.fluttercommunity.plus/connectivity)
❌ ERROR: Network connectivity check failed | MissingPluginException(No implementation found for method check on channel dev.fluttercommunity.plus/connectivity)
❌ ERROR: Network connectivity check failed | MissingPluginException(No implementation found for method check on channel dev.fluttercommunity.plus/connectivity)
❌ ERROR: Network connectivity check failed | MissingPluginException(No implementation found for method check on channel dev.fluttercommunity.plus/connectivity)
ℹ️  INFO: Service health check completed
   Context: {status: offline, isConnected: false}
ℹ️  INFO: App state initialized successfully
❌ ERROR: Network connectivity check failed | MissingPluginException(No implementation found for method check on channel dev.fluttercommunity.plus/connectivity)
ℹ️  INFO: Service health check completed
   Context: {status: offline, isConnected: false}
ℹ️  INFO: App state initialized successfully
❌ ERROR: Network connectivity check failed | MissingPluginException(No implementation found for method check on channel dev.fluttercommunity.plus/connectivity)
ℹ️  INFO: Service health check completed
   Context: {status: offline, isConnected: false}
ℹ️  INFO: App state initialized successfully
❌ ERROR: Network connectivity check failed | MissingPluginException(No implementation found for method check on channel dev.fluttercommunity.plus/connectivity)
ℹ️  INFO: Service health check completed
   Context: {status: offline, isConnected: false}
ℹ️  INFO: App state initialized successfully
❌ ERROR: Network connectivity check failed | MissingPluginException(No implementation found for method check on channel dev.fluttercommunity.plus/connectivity)
ℹ️  INFO: Service health check completed
   Context: {status: offline, isConnected: false}
ℹ️  INFO: App state initialized successfully
❌ ERROR: Network connectivity check failed | MissingPluginException(No implementation found for method check on channel dev.fluttercommunity.plus/connectivity)
ℹ️  INFO: Service health check completed
   Context: {status: offline, isConnected: false}
ℹ️  INFO: App state initialized successfully
❌ ERROR: Network connectivity check failed | MissingPluginException(No implementation found for method check on channel dev.fluttercommunity.plus/connectivity)
ℹ️  INFO: Service health check completed
   Context: {status: offline, isConnected: false}
ℹ️  INFO: App state initialized successfully
❌ ERROR: Network connectivity check failed | MissingPluginException(No implementation found for method check on channel dev.fluttercommunity.plus/connectivity)
ℹ️  INFO: Service health check completed
   Context: {status: offline, isConnected: false}
ℹ️  INFO: App state initialized successfully
❌ ERROR: Network connectivity check failed | MissingPluginException(No implementation found for method check on channel dev.fluttercommunity.plus/connectivity)
ℹ️  INFO: Service health check completed
   Context: {status: offline, isConnected: false}
ℹ️  INFO: App state initialized successfully
❌ ERROR: Network connectivity check failed | MissingPluginException(No implementation found for method check on channel dev.fluttercommunity.plus/connectivity)
ℹ️  INFO: Service health check completed
   Context: {status: offline, isConnected: false}
ℹ️  INFO: App state initialized successfully
❌ ERROR: Network connectivity check failed | MissingPluginException(No implementation found for method check on channel dev.fluttercommunity.plus/connectivity)
ℹ️  INFO: Service health check completed
   Context: {status: offline, isConnected: false}
ℹ️  INFO: App state initialized successfully
❌ ERROR: Network connectivity check failed | MissingPluginException(No implementation found for method check on channel dev.fluttercommunity.plus/connectivity)
ℹ️  INFO: Service health check completed
   Context: {status: offline, isConnected: false}
ℹ️  INFO: App state initialized successfully
❌ ERROR: Network connectivity check failed | MissingPluginException(No implementation found for method check on channel dev.fluttercommunity.plus/connectivity)
ℹ️  INFO: Service health check completed
   Context: {status: offline, isConnected: false}
ℹ️  INFO: App state initialized successfully
❌ ERROR: Network connectivity check failed | MissingPluginException(No implementation found for method check on channel dev.fluttercommunity.plus/connectivity)
ℹ️  INFO: Service health check completed
   Context: {status: offline, isConnected: false}
ℹ️  INFO: App state initialized successfully
❌ ERROR: Network connectivity check failed | MissingPluginException(No implementation found for method check on channel dev.fluttercommunity.plus/connectivity)
ℹ️  INFO: Service health check completed
   Context: {status: offline, isConnected: false}
ℹ️  INFO: App state initialized successfully
❌ ERROR: Network connectivity check failed | MissingPluginException(No implementation found for method check on channel dev.fluttercommunity.plus/connectivity)
ℹ️  INFO: Service health check completed
   Context: {status: offline, isConnected: false}
ℹ️  INFO: App state initialized successfully
❌ ERROR: Network connectivity check failed | MissingPluginException(No implementation found for method check on channel dev.fluttercommunity.plus/connectivity)
ℹ️  INFO: Service health check completed
   Context: {status: offline, isConnected: false}
ℹ️  INFO: App state initialized successfully
❌ ERROR: Network connectivity check failed | MissingPluginException(No implementation found for method check on channel dev.fluttercommunity.plus/connectivity)
ℹ️  INFO: Service health check completed
   Context: {status: offline, isConnected: false}
ℹ️  INFO: App state initialized successfully
❌ ERROR: Network connectivity check failed | MissingPluginException(No implementation found for method check on channel dev.fluttercommunity.plus/connectivity)
ℹ️  INFO: Service health check completed
   Context: {status: offline, isConnected: false}
ℹ️  INFO: App state initialized successfully
❌ ERROR: Network connectivity check failed | MissingPluginException(No implementation found for method check on channel dev.fluttercommunity.plus/connectivity)
ℹ️  INFO: Service health check completed
   Context: {status: offline, isConnected: false}
ℹ️  INFO: App state initialized successfully
❌ ERROR: Network connectivity check failed | MissingPluginException(No implementation found for method check on channel dev.fluttercommunity.plus/connectivity)
ℹ️  INFO: Service health check completed
   Context: {status: offline, isConnected: false}
ℹ️  INFO: App state initialized successfully
❌ ERROR: Network connectivity check failed | MissingPluginException(No implementation found for method check on channel dev.fluttercommunity.plus/connectivity)
ℹ️  INFO: Service health check completed
   Context: {status: offline, isConnected: false}
ℹ️  INFO: App state initialized successfully
❌ ERROR: Network connectivity check failed | MissingPluginException(No implementation found for method check on channel dev.fluttercommunity.plus/connectivity)
ℹ️  INFO: Service health check completed
   Context: {status: offline, isConnected: false}
ℹ️  INFO: App state initialized successfully
❌ ERROR: Network connectivity check failed | MissingPluginException(No implementation found for method check on channel dev.fluttercommunity.plus/connectivity)
ℹ️  INFO: Service health check completed
   Context: {status: offline, isConnected: false}
ℹ️  INFO: App state initialized successfully
❌ ERROR: Network connectivity check failed | MissingPluginException(No implementation found for method check on channel dev.fluttercommunity.plus/connectivity)
ℹ️  INFO: Service health check completed
   Context: {status: offline, isConnected: false}
ℹ️  INFO: App state initialized successfully
❌ ERROR: Network connectivity check failed | MissingPluginException(No implementation found for method check on channel dev.fluttercommunity.plus/connectivity)
ℹ️  INFO: Service health check completed
   Context: {status: offline, isConnected: false}
ℹ️  INFO: App state initialized successfully
❌ ERROR: Network connectivity check failed | MissingPluginException(No implementation found for method check on channel dev.fluttercommunity.plus/connectivity)
ℹ️  INFO: Service health check completed
   Context: {status: offline, isConnected: false}
ℹ️  INFO: App state initialized successfully
❌ ERROR: Network connectivity check failed | MissingPluginException(No implementation found for method check on channel dev.fluttercommunity.plus/connectivity)
ℹ️  INFO: Service health check completed
   Context: {status: offline, isConnected: false}
ℹ️  INFO: App state initialized successfully
❌ ERROR: Network connectivity check failed | MissingPluginException(No implementation found for method check on channel dev.fluttercommunity.plus/connectivity)
ℹ️  INFO: Service health check completed
   Context: {status: offline, isConnected: false}
ℹ️  INFO: App state initialized successfully
❌ ERROR: Network connectivity check failed | MissingPluginException(No implementation found for method check on channel dev.fluttercommunity.plus/connectivity)
ℹ️  INFO: Service health check completed
   Context: {status: offline, isConnected: false}
ℹ️  INFO: App state initialized successfully
❌ ERROR: Network connectivity check failed | MissingPluginException(No implementation found for method check on channel dev.fluttercommunity.plus/connectivity)
ℹ️  INFO: Service health check completed
   Context: {status: offline, isConnected: false}
ℹ️  INFO: App state initialized successfully
❌ ERROR: Network connectivity check failed | MissingPluginException(No implementation found for method check on channel dev.fluttercommunity.plus/connectivity)
ℹ️  INFO: Service health check completed
   Context: {status: offline, isConnected: false}
ℹ️  INFO: App state initialized successfully
❌ ERROR: Network connectivity check failed | MissingPluginException(No implementation found for method check on channel dev.fluttercommunity.plus/connectivity)
ℹ️  INFO: Service health check completed
   Context: {status: offline, isConnected: false}
ℹ️  INFO: App state initialized successfully
❌ ERROR: Network connectivity check failed | MissingPluginException(No implementation found for method check on channel dev.fluttercommunity.plus/connectivity)
ℹ️  INFO: Service health check completed
   Context: {status: offline, isConnected: false}
ℹ️  INFO: App state initialized successfully
❌ ERROR: Network connectivity check failed | MissingPluginException(No implementation found for method check on channel dev.fluttercommunity.plus/connectivity)
ℹ️  INFO: Service health check completed
   Context: {status: offline, isConnected: false}
ℹ️  INFO: App state initialized successfully
❌ ERROR: Network connectivity check failed | MissingPluginException(No implementation found for method check on channel dev.fluttercommunity.plus/connectivity)
ℹ️  INFO: Service health check completed
   Context: {status: offline, isConnected: false}
ℹ️  INFO: App state initialized successfully
❌ ERROR: Network connectivity check failed | MissingPluginException(No implementation found for method check on channel dev.fluttercommunity.plus/connectivity)
ℹ️  INFO: Service health check completed
   Context: {status: offline, isConnected: false}
ℹ️  INFO: App state initialized successfully
❌ ERROR: Network connectivity check failed | MissingPluginException(No implementation found for method check on channel dev.fluttercommunity.plus/connectivity)
ℹ️  INFO: Service health check completed
   Context: {status: offline, isConnected: false}
ℹ️  INFO: App state initialized successfully
❌ ERROR: Network connectivity check failed | MissingPluginException(No implementation found for method check on channel dev.fluttercommunity.plus/connectivity)
ℹ️  INFO: Service health check completed
   Context: {status: offline, isConnected: false}
ℹ️  INFO: App state initialized successfully
❌ ERROR: Network connectivity check failed | MissingPluginException(No implementation found for method check on channel dev.fluttercommunity.plus/connectivity)
ℹ️  INFO: Service health check completed
   Context: {status: offline, isConnected: false}
ℹ️  INFO: App state initialized successfully
❌ ERROR: Network connectivity check failed | MissingPluginException(No implementation found for method check on channel dev.fluttercommunity.plus/connectivity)
ℹ️  INFO: Service health check completed
   Context: {status: offline, isConnected: false}
ℹ️  INFO: App state initialized successfully
❌ ERROR: Network connectivity check failed | MissingPluginException(No implementation found for method check on channel dev.fluttercommunity.plus/connectivity)
ℹ️  INFO: Service health check completed
   Context: {status: offline, isConnected: false}
ℹ️  INFO: App state initialized successfully
❌ ERROR: Network connectivity check failed | MissingPluginException(No implementation found for method check on channel dev.fluttercommunity.plus/connectivity)
ℹ️  INFO: Service health check completed
   Context: {status: offline, isConnected: false}
ℹ️  INFO: App state initialized successfully
❌ ERROR: Network connectivity check failed | MissingPluginException(No implementation found for method check on channel dev.fluttercommunity.plus/connectivity)
ℹ️  INFO: Service health check completed
   Context: {status: offline, isConnected: false}
ℹ️  INFO: App state initialized successfully
❌ ERROR: Network connectivity check failed | MissingPluginException(No implementation found for method check on channel dev.fluttercommunity.plus/connectivity)
ℹ️  INFO: Service health check completed
   Context: {status: offline, isConnected: false}
ℹ️  INFO: App state initialized successfully
❌ ERROR: Network connectivity check failed | MissingPluginException(No implementation found for method check on channel dev.fluttercommunity.plus/connectivity)
ℹ️  INFO: Service health check completed
   Context: {status: offline, isConnected: false}
ℹ️  INFO: App state initialized successfully
❌ ERROR: Network connectivity check failed | MissingPluginException(No implementation found for method check on channel dev.fluttercommunity.plus/connectivity)
ℹ️  INFO: Service health check completed
   Context: {status: offline, isConnected: false}
ℹ️  INFO: App state initialized successfully
❌ ERROR: Network connectivity check failed | MissingPluginException(No implementation found for method check on channel dev.fluttercommunity.plus/connectivity)
ℹ️  INFO: Service health check completed
   Context: {status: offline, isConnected: false}
ℹ️  INFO: App state initialized successfully
❌ ERROR: Network connectivity check failed | MissingPluginException(No implementation found for method check on channel dev.fluttercommunity.plus/connectivity)
ℹ️  INFO: Service health check completed
   Context: {status: offline, isConnected: false}
ℹ️  INFO: App state initialized successfully
❌ ERROR: Network connectivity check failed | MissingPluginException(No implementation found for method check on channel dev.fluttercommunity.plus/connectivity)
ℹ️  INFO: Service health check completed
   Context: {status: offline, isConnected: false}
ℹ️  INFO: App state initialized successfully
00:04 +327 -4: C:/Users/zarik/OneDrive/Desktop/TrossApp/frontend/test/e2e/user_journey_e2e_test.dart: (setUpAll)
00:04 +327 -4: C:/Users/zarik/OneDrive/Desktop/TrossApp/frontend/test/e2e/concurrent_operations_test.dart: Concurrent Operations Tests - High Concurrency Scenarios Single Provider Concurrency AppProvider handles 50 concurrent health checks
ℹ️  INFO: Initializing app state...
❌ ERROR: Network connectivity check failed | MissingPluginException(No implementation found for method check on channel dev.fluttercommunity.plus/connectivity)
❌ ERROR: Network connectivity check failed | MissingPluginException(No implementation found for method check on channel dev.fluttercommunity.plus/connectivity)
00:04 +327 -4: C:/Users/zarik/OneDrive/Desktop/TrossApp/frontend/test/e2e/user_journey_e2e_test.dart: E2E User Journey Tests - State & Integration Complete User Journey: Login → Dashboard → Logout User journey validates all provider state transitions
ℹ️  INFO: Initializing app state...
00:04 +327 -4: C:/Users/zarik/OneDrive/Desktop/TrossApp/frontend/test/e2e/concurrent_operations_test.dart: Concurrent Operations Tests - High Concurrency Scenarios Single Provider Concurrency AppProvider handles 50 concurrent health checks
ℹ️  INFO: Service health check completed
   Context: {status: offline, isConnected: false}
ℹ️  INFO: App state initialized successfully
❌ ERROR: Network connectivity check failed | MissingPluginException(No implementation found for method check on channel dev.fluttercommunity.plus/connectivity)
ℹ️  INFO: Service health check completed
   Context: {status: offline, isConnected: false}
❌ ERROR: Network connectivity check failed | MissingPluginException(No implementation found for method check on channel dev.fluttercommunity.plus/connectivity)
ℹ️  INFO: Service health check completed
   Context: {status: offline, isConnected: false}
❌ ERROR: Network connectivity check failed | MissingPluginException(No implementation found for method check on channel dev.fluttercommunity.plus/connectivity)
ℹ️  INFO: Service health check completed
   Context: {status: offline, isConnected: false}
❌ ERROR: Network connectivity check failed | MissingPluginException(No implementation found for method check on channel dev.fluttercommunity.plus/connectivity)
ℹ️  INFO: Service health check completed
   Context: {status: offline, isConnected: false}
❌ ERROR: Network connectivity check failed | MissingPluginException(No implementation found for method check on channel dev.fluttercommunity.plus/connectivity)
ℹ️  INFO: Service health check completed
   Context: {status: offline, isConnected: false}
00:04 +327 -4: C:/Users/zarik/OneDrive/Desktop/TrossApp/frontend/test/e2e/user_journey_e2e_test.dart: E2E User Journey Tests - State & Integration Complete User Journey: Login → Dashboard → Logout User journey validates all provider state transitions
❌ ERROR: Network connectivity check failed | MissingPluginException(No implementation found for method check on channel dev.fluttercommunity.plus/connectivity)
00:04 +327 -4: C:/Users/zarik/OneDrive/Desktop/TrossApp/frontend/test/e2e/concurrent_operations_test.dart: Concurrent Operations Tests - High Concurrency Scenarios Single Provider Concurrency AppProvider handles 50 concurrent health checks
❌ ERROR: Network connectivity check failed | MissingPluginException(No implementation found for method check on channel dev.fluttercommunity.plus/connectivity)
ℹ️  INFO: Service health check completed
   Context: {status: offline, isConnected: false}
❌ ERROR: Network connectivity check failed | MissingPluginException(No implementation found for method check on channel dev.fluttercommunity.plus/connectivity)
ℹ️  INFO: Service health check completed
   Context: {status: offline, isConnected: false}
❌ ERROR: Network connectivity check failed | MissingPluginException(No implementation found for method check on channel dev.fluttercommunity.plus/connectivity)
ℹ️  INFO: Service health check completed
   Context: {status: offline, isConnected: false}
❌ ERROR: Network connectivity check failed | MissingPluginException(No implementation found for method check on channel dev.fluttercommunity.plus/connectivity)
ℹ️  INFO: Service health check completed
   Context: {status: offline, isConnected: false}
❌ ERROR: Network connectivity check failed | MissingPluginException(No implementation found for method check on channel dev.fluttercommunity.plus/connectivity)
ℹ️  INFO: Service health check completed
   Context: {status: offline, isConnected: false}
❌ ERROR: Network connectivity check failed | MissingPluginException(No implementation found for method check on channel dev.fluttercommunity.plus/connectivity)
ℹ️  INFO: Service health check completed
   Context: {status: offline, isConnected: false}
❌ ERROR: Network connectivity check failed | MissingPluginException(No implementation found for method check on channel dev.fluttercommunity.plus/connectivity)
ℹ️  INFO: Service health check completed
   Context: {status: offline, isConnected: false}
❌ ERROR: Network connectivity check failed | MissingPluginException(No implementation found for method check on channel dev.fluttercommunity.plus/connectivity)
ℹ️  INFO: Service health check completed
   Context: {status: offline, isConnected: false}
❌ ERROR: Network connectivity check failed | MissingPluginException(No implementation found for method check on channel dev.fluttercommunity.plus/connectivity)
ℹ️  INFO: Service health check completed
   Context: {status: offline, isConnected: false}
❌ ERROR: Network connectivity check failed | MissingPluginException(No implementation found for method check on channel dev.fluttercommunity.plus/connectivity)
ℹ️  INFO: Service health check completed
   Context: {status: offline, isConnected: false}
❌ ERROR: Network connectivity check failed | MissingPluginException(No implementation found for method check on channel dev.fluttercommunity.plus/connectivity)
ℹ️  INFO: Service health check completed
   Context: {status: offline, isConnected: false}
❌ ERROR: Network connectivity check failed | MissingPluginException(No implementation found for method check on channel dev.fluttercommunity.plus/connectivity)
ℹ️  INFO: Service health check completed
   Context: {status: offline, isConnected: false}
❌ ERROR: Network connectivity check failed | MissingPluginException(No implementation found for method check on channel dev.fluttercommunity.plus/connectivity)
ℹ️  INFO: Service health check completed
   Context: {status: offline, isConnected: false}
❌ ERROR: Network connectivity check failed | MissingPluginException(No implementation found for method check on channel dev.fluttercommunity.plus/connectivity)
ℹ️  INFO: Service health check completed
   Context: {status: offline, isConnected: false}
❌ ERROR: Network connectivity check failed | MissingPluginException(No implementation found for method check on channel dev.fluttercommunity.plus/connectivity)
ℹ️  INFO: Service health check completed
   Context: {status: offline, isConnected: false}
❌ ERROR: Network connectivity check failed | MissingPluginException(No implementation found for method check on channel dev.fluttercommunity.plus/connectivity)
ℹ️  INFO: Service health check completed
   Context: {status: offline, isConnected: false}
❌ ERROR: Network connectivity check failed | MissingPluginException(No implementation found for method check on channel dev.fluttercommunity.plus/connectivity)
ℹ️  INFO: Service health check completed
   Context: {status: offline, isConnected: false}
❌ ERROR: Network connectivity check failed | MissingPluginException(No implementation found for method check on channel dev.fluttercommunity.plus/connectivity)
ℹ️  INFO: Service health check completed
   Context: {status: offline, isConnected: false}
❌ ERROR: Network connectivity check failed | MissingPluginException(No implementation found for method check on channel dev.fluttercommunity.plus/connectivity)
ℹ️  INFO: Service health check completed
   Context: {status: offline, isConnected: false}
❌ ERROR: Network connectivity check failed | MissingPluginException(No implementation found for method check on channel dev.fluttercommunity.plus/connectivity)
ℹ️  INFO: Service health check completed
   Context: {status: offline, isConnected: false}
❌ ERROR: Network connectivity check failed | MissingPluginException(No implementation found for method check on channel dev.fluttercommunity.plus/connectivity)
ℹ️  INFO: Service health check completed
   Context: {status: offline, isConnected: false}
❌ ERROR: Network connectivity check failed | MissingPluginException(No implementation found for method check on channel dev.fluttercommunity.plus/connectivity)
ℹ️  INFO: Service health check completed
   Context: {status: offline, isConnected: false}
❌ ERROR: Network connectivity check failed | MissingPluginException(No implementation found for method check on channel dev.fluttercommunity.plus/connectivity)
ℹ️  INFO: Service health check completed
   Context: {status: offline, isConnected: false}
❌ ERROR: Network connectivity check failed | MissingPluginException(No implementation found for method check on channel dev.fluttercommunity.plus/connectivity)
ℹ️  INFO: Service health check completed
   Context: {status: offline, isConnected: false}
❌ ERROR: Network connectivity check failed | MissingPluginException(No implementation found for method check on channel dev.fluttercommunity.plus/connectivity)
ℹ️  INFO: Service health check completed
   Context: {status: offline, isConnected: false}
❌ ERROR: Network connectivity check failed | MissingPluginException(No implementation found for method check on channel dev.fluttercommunity.plus/connectivity)
ℹ️  INFO: Service health check completed
   Context: {status: offline, isConnected: false}
❌ ERROR: Network connectivity check failed | MissingPluginException(No implementation found for method check on channel dev.fluttercommunity.plus/connectivity)
ℹ️  INFO: Service health check completed
   Context: {status: offline, isConnected: false}
❌ ERROR: Network connectivity check failed | MissingPluginException(No implementation found for method check on channel dev.fluttercommunity.plus/connectivity)
ℹ️  INFO: Service health check completed
   Context: {status: offline, isConnected: false}
❌ ERROR: Network connectivity check failed | MissingPluginException(No implementation found for method check on channel dev.fluttercommunity.plus/connectivity)
ℹ️  INFO: Service health check completed
   Context: {status: offline, isConnected: false}
❌ ERROR: Network connectivity check failed | MissingPluginException(No implementation found for method check on channel dev.fluttercommunity.plus/connectivity)
ℹ️  INFO: Service health check completed
   Context: {status: offline, isConnected: false}
❌ ERROR: Network connectivity check failed | MissingPluginException(No implementation found for method check on channel dev.fluttercommunity.plus/connectivity)
ℹ️  INFO: Service health check completed
   Context: {status: offline, isConnected: false}
❌ ERROR: Network connectivity check failed | MissingPluginException(No implementation found for method check on channel dev.fluttercommunity.plus/connectivity)
ℹ️  INFO: Service health check completed
   Context: {status: offline, isConnected: false}
❌ ERROR: Network connectivity check failed | MissingPluginException(No implementation found for method check on channel dev.fluttercommunity.plus/connectivity)
ℹ️  INFO: Service health check completed
   Context: {status: offline, isConnected: false}
❌ ERROR: Network connectivity check failed | MissingPluginException(No implementation found for method check on channel dev.fluttercommunity.plus/connectivity)
ℹ️  INFO: Service health check completed
   Context: {status: offline, isConnected: false}
❌ ERROR: Network connectivity check failed | MissingPluginException(No implementation found for method check on channel dev.fluttercommunity.plus/connectivity)
ℹ️  INFO: Service health check completed
   Context: {status: offline, isConnected: false}
❌ ERROR: Network connectivity check failed | MissingPluginException(No implementation found for method check on channel dev.fluttercommunity.plus/connectivity)
ℹ️  INFO: Service health check completed
   Context: {status: offline, isConnected: false}
❌ ERROR: Network connectivity check failed | MissingPluginException(No implementation found for method check on channel dev.fluttercommunity.plus/connectivity)
ℹ️  INFO: Service health check completed
   Context: {status: offline, isConnected: false}
❌ ERROR: Network connectivity check failed | MissingPluginException(No implementation found for method check on channel dev.fluttercommunity.plus/connectivity)
ℹ️  INFO: Service health check completed
   Context: {status: offline, isConnected: false}
❌ ERROR: Network connectivity check failed | MissingPluginException(No implementation found for method check on channel dev.fluttercommunity.plus/connectivity)
ℹ️  INFO: Service health check completed
   Context: {status: offline, isConnected: false}
❌ ERROR: Network connectivity check failed | MissingPluginException(No implementation found for method check on channel dev.fluttercommunity.plus/connectivity)
ℹ️  INFO: Service health check completed
   Context: {status: offline, isConnected: false}
❌ ERROR: Network connectivity check failed | MissingPluginException(No implementation found for method check on channel dev.fluttercommunity.plus/connectivity)
ℹ️  INFO: Service health check completed
   Context: {status: offline, isConnected: false}
❌ ERROR: Network connectivity check failed | MissingPluginException(No implementation found for method check on channel dev.fluttercommunity.plus/connectivity)
ℹ️  INFO: Service health check completed
   Context: {status: offline, isConnected: false}
❌ ERROR: Network connectivity check failed | MissingPluginException(No implementation found for method check on channel dev.fluttercommunity.plus/connectivity)
ℹ️  INFO: Service health check completed
   Context: {status: offline, isConnected: false}
❌ ERROR: Network connectivity check failed | MissingPluginException(No implementation found for method check on channel dev.fluttercommunity.plus/connectivity)
ℹ️  INFO: Service health check completed
   Context: {status: offline, isConnected: false}
❌ ERROR: Network connectivity check failed | MissingPluginException(No implementation found for method check on channel dev.fluttercommunity.plus/connectivity)
ℹ️  INFO: Service health check completed
   Context: {status: offline, isConnected: false}
00:04 +328 -4: C:/Users/zarik/OneDrive/Desktop/TrossApp/frontend/test/e2e/user_journey_e2e_test.dart: E2E User Journey Tests - State & Integration Complete User Journey: Login → Dashboard → Logout User journey validates all provider state transitions
00:04 +328 -4: C:/Users/zarik/OneDrive/Desktop/TrossApp/frontend/test/e2e/concurrent_operations_test.dart: Concurrent Operations Tests - High Concurrency Scenarios Multi-Provider Concurrency Auth and App providers handle simultaneous operations
ℹ️  INFO: Initializing app state...
ℹ️  INFO: Initializing app state...
00:04 +328 -4: C:/Users/zarik/OneDrive/Desktop/TrossApp/frontend/test/e2e/user_journey_e2e_test.dart: E2E User Journey Tests - State & Integration Complete User Journey: Login → Dashboard → Logout User journey validates all provider state transitions
❌ ERROR: Network connectivity check failed | MissingPluginException(No implementation found for method check on channel dev.fluttercommunity.plus/connectivity)
ℹ️  INFO: Service health check completed
   Context: {status: offline, isConnected: false}
ℹ️  INFO: App state initialized successfully
ℹ️  INFO: 🔑 AUTH SERVICE: ========== LOGOUT START (2025-11-11 13:25:23) ==========
   Context: {token: null, strategy: unknown, isAuth0: false, isDevUser: false}
ℹ️  INFO: 🔑 AUTH SERVICE: No token, skipping backend logout
ℹ️  INFO: 🔑 AUTH SERVICE: Unknown auth strategy, clearing state...
ℹ️  INFO: Clearing auth state
❌ ERROR: Failed to clear auth data | MissingPluginException(No implementation found for method delete on channel plugins.it_nomads.com/flutter_secure_storage)
ℹ️  INFO: Auth data cleared
ℹ️  INFO: Auth state cleared
ℹ️  INFO: 🔑 AUTH SERVICE: ========== LOGOUT END (total: 15ms) ==========
00:04 +329 -4: C:/Users/zarik/OneDrive/Desktop/TrossApp/frontend/test/e2e/concurrent_operations_test.dart: Concurrent Operations Tests - High Concurrency Scenarios Multi-Provider Concurrency Auth and App providers handle simultaneous operations
ℹ️  INFO: Initializing app state...
ℹ️  INFO: Initializing app state...
ℹ️  INFO: Initializing app state...
ℹ️  INFO: Initializing app state...
ℹ️  INFO: Initializing app state...
ℹ️  INFO: Initializing app state...
00:04 +329 -4: C:/Users/zarik/OneDrive/Desktop/TrossApp/frontend/test/e2e/user_journey_e2e_test.dart: E2E User Journey Tests - State & Integration Complete User Journey: Login → Dashboard → Logout Multiple login-logout cycles maintain state integrity
ℹ️  INFO: Initializing app state...
00:04 +329 -4: C:/Users/zarik/OneDrive/Desktop/TrossApp/frontend/test/e2e/concurrent_operations_test.dart: Concurrent Operations Tests - High Concurrency Scenarios Multi-Provider Concurrency Auth and App providers handle simultaneous operations
ℹ️  INFO: Initializing app state...
ℹ️  INFO: Initializing app state...
ℹ️  INFO: Initializing app state...
ℹ️  INFO: Initializing app state...
ℹ️  INFO: Initializing app state...
ℹ️  INFO: Initializing app state...
ℹ️  INFO: Initializing app state...
00:04 +329 -4: C:/Users/zarik/OneDrive/Desktop/TrossApp/frontend/test/e2e/user_journey_e2e_test.dart: E2E User Journey Tests - State & Integration Complete User Journey: Login → Dashboard → Logout Multiple login-logout cycles maintain state integrity
❌ ERROR: Network connectivity check failed | MissingPluginException(No implementation found for method check on channel dev.fluttercommunity.plus/connectivity)
00:04 +329 -4: C:/Users/zarik/OneDrive/Desktop/TrossApp/frontend/test/e2e/concurrent_operations_test.dart: Concurrent Operations Tests - High Concurrency Scenarios Multi-Provider Concurrency Auth and App providers handle simultaneous operations
ℹ️  INFO: Initializing app state...
ℹ️  INFO: Initializing app state...
ℹ️  INFO: Initializing app state...
ℹ️  INFO: Initializing app state...
ℹ️  INFO: Initializing app state...
ℹ️  INFO: Initializing app state...
ℹ️  INFO: Initializing app state...
ℹ️  INFO: Initializing app state...
ℹ️  INFO: Initializing app state...
ℹ️  INFO: Initializing app state...
❌ ERROR: Failed to retrieve stored auth data | MissingPluginException(No implementation found for method read on channel plugins.it_nomads.com/flutter_secure_storage)
ℹ️  INFO: No stored auth data found
ℹ️  INFO: No stored auth data found
ℹ️  INFO: Auth state initialized - no active session
❌ ERROR: Network connectivity check failed | MissingPluginException(No implementation found for method check on channel dev.fluttercommunity.plus/connectivity)
❌ ERROR: Failed to retrieve stored auth data | MissingPluginException(No implementation found for method read on channel plugins.it_nomads.com/flutter_secure_storage)
ℹ️  INFO: No stored auth data found
00:04 +329 -4: C:/Users/zarik/OneDrive/Desktop/TrossApp/frontend/test/e2e/user_journey_e2e_test.dart: E2E User Journey Tests - State & Integration Complete User Journey: Login → Dashboard → Logout Multiple login-logout cycles maintain state integrity
❌ ERROR: Network connectivity check failed | MissingPluginException(No implementation found for method check on channel dev.fluttercommunity.plus/connectivity)
00:04 +329 -4: C:/Users/zarik/OneDrive/Desktop/TrossApp/frontend/test/e2e/concurrent_operations_test.dart: Concurrent Operations Tests - High Concurrency Scenarios Multi-Provider Concurrency Auth and App providers handle simultaneous operations
ℹ️  INFO: No stored auth data found
ℹ️  INFO: Auth state initialized - no active session
❌ ERROR: Network connectivity check failed | MissingPluginException(No implementation found for method check on channel dev.fluttercommunity.plus/connectivity)
❌ ERROR: Failed to retrieve stored auth data | MissingPluginException(No implementation found for method read on channel plugins.it_nomads.com/flutter_secure_storage)
00:04 +329 -4: C:/Users/zarik/OneDrive/Desktop/TrossApp/frontend/test/e2e/user_journey_e2e_test.dart: E2E User Journey Tests - State & Integration Complete User Journey: Login → Dashboard → Logout Multiple login-logout cycles maintain state integrity
ℹ️  INFO: Service health check completed
00:04 +329 -4: C:/Users/zarik/OneDrive/Desktop/TrossApp/frontend/test/e2e/concurrent_operations_test.dart: Concurrent Operations Tests - High Concurrency Scenarios Multi-Provider Concurrency Auth and App providers handle simultaneous operations
ℹ️  INFO: No stored auth data found
ℹ️  INFO: No stored auth data found
ℹ️  INFO: Auth state initialized - no active session
❌ ERROR: Network connectivity check failed | MissingPluginException(No implementation found for method check on channel dev.fluttercommunity.plus/connectivity)
❌ ERROR: Failed to retrieve stored auth data | MissingPluginException(No implementation found for method read on channel plugins.it_nomads.com/flutter_secure_storage)
ℹ️  INFO: No stored auth data found
ℹ️  INFO: No stored auth data found
ℹ️  INFO: Auth state initialized - no active session
❌ ERROR: Network connectivity check failed | MissingPluginException(No implementation found for method check on channel dev.fluttercommunity.plus/connectivity)
❌ ERROR: Failed to retrieve stored auth data | MissingPluginException(No implementation found for method read on channel plugins.it_nomads.com/flutter_secure_storage)
ℹ️  INFO: No stored auth data found
ℹ️  INFO: No stored auth data found
ℹ️  INFO: Auth state initialized - no active session
❌ ERROR: Network connectivity check failed | MissingPluginException(No implementation found for method check on channel dev.fluttercommunity.plus/connectivity)
❌ ERROR: Failed to retrieve stored auth data | MissingPluginException(No implementation found for method read on channel plugins.it_nomads.com/flutter_secure_storage)
ℹ️  INFO: No stored auth data found
ℹ️  INFO: No stored auth data found
ℹ️  INFO: Auth state initialized - no active session
❌ ERROR: Network connectivity check failed | MissingPluginException(No implementation found for method check on channel dev.fluttercommunity.plus/connectivity)
❌ ERROR: Failed to retrieve stored auth data | MissingPluginException(No implementation found for method read on channel plugins.it_nomads.com/flutter_secure_storage)
ℹ️  INFO: No stored auth data found
ℹ️  INFO: No stored auth data found
ℹ️  INFO: Auth state initialized - no active session
00:04 +329 -4: C:/Users/zarik/OneDrive/Desktop/TrossApp/frontend/test/e2e/user_journey_e2e_test.dart: E2E User Journey Tests - State & Integration Complete User Journey: Login → Dashboard → Logout Multiple login-logout cycles maintain state integrity
   Context: {status: offline, isConnected: false}
00:04 +329 -4: C:/Users/zarik/OneDrive/Desktop/TrossApp/frontend/test/e2e/concurrent_operations_test.dart: Concurrent Operations Tests - High Concurrency Scenarios Multi-Provider Concurrency Auth and App providers handle simultaneous operations
❌ ERROR: Network connectivity check failed | MissingPluginException(No implementation found for method check on channel dev.fluttercommunity.plus/connectivity)
❌ ERROR: Failed to retrieve stored auth data | MissingPluginException(No implementation found for method read on channel plugins.it_nomads.com/flutter_secure_storage)
ℹ️  INFO: No stored auth data found
ℹ️  INFO: No stored auth data found
00:04 +329 -4: C:/Users/zarik/OneDrive/Desktop/TrossApp/frontend/test/e2e/user_journey_e2e_test.dart: E2E User Journey Tests - State & Integration Complete User Journey: Login → Dashboard → Logout Multiple login-logout cycles maintain state integrity
ℹ️  INFO: App state initialized successfully
00:04 +329 -4: C:/Users/zarik/OneDrive/Desktop/TrossApp/frontend/test/e2e/concurrent_operations_test.dart: Concurrent Operations Tests - High Concurrency Scenarios Multi-Provider Concurrency Auth and App providers handle simultaneous operations
ℹ️  INFO: Auth state initialized - no active session
❌ ERROR: Network connectivity check failed | MissingPluginException(No implementation found for method check on channel dev.fluttercommunity.plus/connectivity)
❌ ERROR: Failed to retrieve stored auth data | MissingPluginException(No implementation found for method read on channel plugins.it_nomads.com/flutter_secure_storage)
ℹ️  INFO: No stored auth data found
ℹ️  INFO: No stored auth data found
ℹ️  INFO: Auth state initialized - no active session
❌ ERROR: Network connectivity check failed | MissingPluginException(No implementation found for method check on channel dev.fluttercommunity.plus/connectivity)
❌ ERROR: Failed to retrieve stored auth data | MissingPluginException(No implementation found for method read on channel plugins.it_nomads.com/flutter_secure_storage)
ℹ️  INFO: No stored auth data found
ℹ️  INFO: No stored auth data found
00:04 +329 -4: C:/Users/zarik/OneDrive/Desktop/TrossApp/frontend/test/e2e/user_journey_e2e_test.dart: E2E User Journey Tests - State & Integration Complete User Journey: Login → Dashboard → Logout Multiple login-logout cycles maintain state integrity
ℹ️  INFO: 🔑 AUTH SERVICE: ========== LOGOUT START (2025-11-11 13:25:23) ==========
00:04 +329 -4: C:/Users/zarik/OneDrive/Desktop/TrossApp/frontend/test/e2e/concurrent_operations_test.dart: Concurrent Operations Tests - High Concurrency Scenarios Multi-Provider Concurrency Auth and App providers handle simultaneous operations
ℹ️  INFO: Auth state initialized - no active session
00:04 +329 -4: C:/Users/zarik/OneDrive/Desktop/TrossApp/frontend/test/e2e/user_journey_e2e_test.dart: E2E User Journey Tests - State & Integration Complete User Journey: Login → Dashboard → Logout Multiple login-logout cycles maintain state integrity
   Context: {token: null, strategy: unknown, isAuth0: false, isDevUser: false}
00:04 +329 -4: C:/Users/zarik/OneDrive/Desktop/TrossApp/frontend/test/e2e/concurrent_operations_test.dart: Concurrent Operations Tests - High Concurrency Scenarios Multi-Provider Concurrency Auth and App providers handle simultaneous operations
❌ ERROR: Network connectivity check failed | MissingPluginException(No implementation found for method check on channel dev.fluttercommunity.plus/connectivity)
❌ ERROR: Failed to retrieve stored auth data | MissingPluginException(No implementation found for method read on channel plugins.it_nomads.com/flutter_secure_storage)
ℹ️  INFO: No stored auth data found
ℹ️  INFO: No stored auth data found
ℹ️  INFO: Auth state initialized - no active session
❌ ERROR: Network connectivity check failed | MissingPluginException(No implementation found for method check on channel dev.fluttercommunity.plus/connectivity)
❌ ERROR: Failed to retrieve stored auth data | MissingPluginException(No implementation found for method read on channel plugins.it_nomads.com/flutter_secure_storage)
ℹ️  INFO: No stored auth data found
ℹ️  INFO: No stored auth data found
ℹ️  INFO: Auth state initialized - no active session
00:04 +329 -4: C:/Users/zarik/OneDrive/Desktop/TrossApp/frontend/test/e2e/user_journey_e2e_test.dart: E2E User Journey Tests - State & Integration Complete User Journey: Login → Dashboard → Logout Multiple login-logout cycles maintain state integrity
ℹ️  INFO: 🔑 AUTH SERVICE: No token, skipping backend logout
00:04 +329 -4: C:/Users/zarik/OneDrive/Desktop/TrossApp/frontend/test/e2e/concurrent_operations_test.dart: Concurrent Operations Tests - High Concurrency Scenarios Multi-Provider Concurrency Auth and App providers handle simultaneous operations
❌ ERROR: Network connectivity check failed | MissingPluginException(No implementation found for method check on channel dev.fluttercommunity.plus/connectivity)
00:04 +329 -4: C:/Users/zarik/OneDrive/Desktop/TrossApp/frontend/test/e2e/user_journey_e2e_test.dart: E2E User Journey Tests - State & Integration Complete User Journey: Login → Dashboard → Logout Multiple login-logout cycles maintain state integrity
ℹ️  INFO: 🔑 AUTH SERVICE: Unknown auth strategy, clearing state...
00:04 +329 -4: C:/Users/zarik/OneDrive/Desktop/TrossApp/frontend/test/e2e/concurrent_operations_test.dart: Concurrent Operations Tests - High Concurrency Scenarios Multi-Provider Concurrency Auth and App providers handle simultaneous operations
❌ ERROR: Failed to retrieve stored auth data | MissingPluginException(No implementation found for method read on channel plugins.it_nomads.com/flutter_secure_storage)
ℹ️  INFO: No stored auth data found
ℹ️  INFO: No stored auth data found
00:04 +329 -4: C:/Users/zarik/OneDrive/Desktop/TrossApp/frontend/test/e2e/user_journey_e2e_test.dart: E2E User Journey Tests - State & Integration Complete User Journey: Login → Dashboard → Logout Multiple login-logout cycles maintain state integrity
ℹ️  INFO: Clearing auth state
00:04 +329 -4: C:/Users/zarik/OneDrive/Desktop/TrossApp/frontend/test/e2e/concurrent_operations_test.dart: Concurrent Operations Tests - High Concurrency Scenarios Multi-Provider Concurrency Auth and App providers handle simultaneous operations
ℹ️  INFO: Auth state initialized - no active session
00:04 +329 -4: C:/Users/zarik/OneDrive/Desktop/TrossApp/frontend/test/e2e/user_journey_e2e_test.dart: E2E User Journey Tests - State & Integration Complete User Journey: Login → Dashboard → Logout Multiple login-logout cycles maintain state integrity
❌ ERROR: Failed to clear auth data | MissingPluginException(No implementation found for method delete on channel plugins.it_nomads.com/flutter_secure_storage)
00:04 +329 -4: C:/Users/zarik/OneDrive/Desktop/TrossApp/frontend/test/e2e/concurrent_operations_test.dart: Concurrent Operations Tests - High Concurrency Scenarios Multi-Provider Concurrency Auth and App providers handle simultaneous operations
❌ ERROR: Network connectivity check failed | MissingPluginException(No implementation found for method check on channel dev.fluttercommunity.plus/connectivity)
❌ ERROR: Failed to retrieve stored auth data | MissingPluginException(No implementation found for method read on channel plugins.it_nomads.com/flutter_secure_storage)
ℹ️  INFO: No stored auth data found
00:04 +329 -4: C:/Users/zarik/OneDrive/Desktop/TrossApp/frontend/test/e2e/user_journey_e2e_test.dart: E2E User Journey Tests - State & Integration Complete User Journey: Login → Dashboard → Logout Multiple login-logout cycles maintain state integrity
ℹ️  INFO: Auth data cleared
00:04 +329 -4: C:/Users/zarik/OneDrive/Desktop/TrossApp/frontend/test/e2e/concurrent_operations_test.dart: Concurrent Operations Tests - High Concurrency Scenarios Multi-Provider Concurrency Auth and App providers handle simultaneous operations
ℹ️  INFO: No stored auth data found
00:04 +329 -4: C:/Users/zarik/OneDrive/Desktop/TrossApp/frontend/test/e2e/user_journey_e2e_test.dart: E2E User Journey Tests - State & Integration Complete User Journey: Login → Dashboard → Logout Multiple login-logout cycles maintain state integrity
ℹ️  INFO: Auth state cleared
00:04 +329 -4: C:/Users/zarik/OneDrive/Desktop/TrossApp/frontend/test/e2e/concurrent_operations_test.dart: Concurrent Operations Tests - High Concurrency Scenarios Multi-Provider Concurrency Auth and App providers handle simultaneous operations
ℹ️  INFO: Auth state initialized - no active session
00:04 +329 -4: C:/Users/zarik/OneDrive/Desktop/TrossApp/frontend/test/e2e/user_journey_e2e_test.dart: E2E User Journey Tests - State & Integration Complete User Journey: Login → Dashboard → Logout Multiple login-logout cycles maintain state integrity
ℹ️  INFO: 🔑 AUTH SERVICE: ========== LOGOUT END (total: 3ms) ==========
00:04 +329 -4: C:/Users/zarik/OneDrive/Desktop/TrossApp/frontend/test/e2e/concurrent_operations_test.dart: Concurrent Operations Tests - High Concurrency Scenarios Multi-Provider Concurrency Auth and App providers handle simultaneous operations
❌ ERROR: Network connectivity check failed | MissingPluginException(No implementation found for method check on channel dev.fluttercommunity.plus/connectivity)
❌ ERROR: Failed to retrieve stored auth data | MissingPluginException(No implementation found for method read on channel plugins.it_nomads.com/flutter_secure_storage)
ℹ️  INFO: No stored auth data found
00:04 +329 -4: C:/Users/zarik/OneDrive/Desktop/TrossApp/frontend/test/e2e/user_journey_e2e_test.dart: E2E User Journey Tests - State & Integration Complete User Journey: Login → Dashboard → Logout Multiple login-logout cycles maintain state integrity
ℹ️  INFO: 🔑 AUTH SERVICE: ========== LOGOUT START (2025-11-11 13:25:23) ==========
   Context: {token: null, strategy: unknown, isAuth0: false, isDevUser: false}
ℹ️  INFO: 🔑 AUTH SERVICE: No token, skipping backend logout
00:04 +329 -4: C:/Users/zarik/OneDrive/Desktop/TrossApp/frontend/test/e2e/concurrent_operations_test.dart: Concurrent Operations Tests - High Concurrency Scenarios Multi-Provider Concurrency Auth and App providers handle simultaneous operations
ℹ️  INFO: No stored auth data found
ℹ️  INFO: Auth state initialized - no active session
00:04 +329 -4: C:/Users/zarik/OneDrive/Desktop/TrossApp/frontend/test/e2e/user_journey_e2e_test.dart: E2E User Journey Tests - State & Integration Complete User Journey: Login → Dashboard → Logout Multiple login-logout cycles maintain state integrity
ℹ️  INFO: 🔑 AUTH SERVICE: Unknown auth strategy, clearing state...
00:04 +329 -4: C:/Users/zarik/OneDrive/Desktop/TrossApp/frontend/test/e2e/concurrent_operations_test.dart: Concurrent Operations Tests - High Concurrency Scenarios Multi-Provider Concurrency Auth and App providers handle simultaneous operations
❌ ERROR: Network connectivity check failed | MissingPluginException(No implementation found for method check on channel dev.fluttercommunity.plus/connectivity)
00:04 +329 -4: C:/Users/zarik/OneDrive/Desktop/TrossApp/frontend/test/e2e/user_journey_e2e_test.dart: E2E User Journey Tests - State & Integration Complete User Journey: Login → Dashboard → Logout Multiple login-logout cycles maintain state integrity
ℹ️  INFO: Clearing auth state
00:04 +329 -4: C:/Users/zarik/OneDrive/Desktop/TrossApp/frontend/test/e2e/concurrent_operations_test.dart: Concurrent Operations Tests - High Concurrency Scenarios Multi-Provider Concurrency Auth and App providers handle simultaneous operations
❌ ERROR: Failed to retrieve stored auth data | MissingPluginException(No implementation found for method read on channel plugins.it_nomads.com/flutter_secure_storage)
ℹ️  INFO: No stored auth data found
00:04 +329 -4: C:/Users/zarik/OneDrive/Desktop/TrossApp/frontend/test/e2e/user_journey_e2e_test.dart: E2E User Journey Tests - State & Integration Complete User Journey: Login → Dashboard → Logout Multiple login-logout cycles maintain state integrity
❌ ERROR: Failed to clear auth data | MissingPluginException(No implementation found for method delete on channel plugins.it_nomads.com/flutter_secure_storage)
00:04 +329 -4: C:/Users/zarik/OneDrive/Desktop/TrossApp/frontend/test/e2e/concurrent_operations_test.dart: Concurrent Operations Tests - High Concurrency Scenarios Multi-Provider Concurrency Auth and App providers handle simultaneous operations
ℹ️  INFO: No stored auth data found
00:04 +329 -4: C:/Users/zarik/OneDrive/Desktop/TrossApp/frontend/test/e2e/user_journey_e2e_test.dart: E2E User Journey Tests - State & Integration Complete User Journey: Login → Dashboard → Logout Multiple login-logout cycles maintain state integrity
ℹ️  INFO: Auth data cleared
00:04 +329 -4: C:/Users/zarik/OneDrive/Desktop/TrossApp/frontend/test/e2e/concurrent_operations_test.dart: Concurrent Operations Tests - High Concurrency Scenarios Multi-Provider Concurrency Auth and App providers handle simultaneous operations
ℹ️  INFO: Auth state initialized - no active session
00:04 +329 -4: C:/Users/zarik/OneDrive/Desktop/TrossApp/frontend/test/e2e/user_journey_e2e_test.dart: E2E User Journey Tests - State & Integration Complete User Journey: Login → Dashboard → Logout Multiple login-logout cycles maintain state integrity
ℹ️  INFO: Auth state cleared
00:04 +329 -4: C:/Users/zarik/OneDrive/Desktop/TrossApp/frontend/test/e2e/concurrent_operations_test.dart: Concurrent Operations Tests - High Concurrency Scenarios Multi-Provider Concurrency Auth and App providers handle simultaneous operations
❌ ERROR: Network connectivity check failed | MissingPluginException(No implementation found for method check on channel dev.fluttercommunity.plus/connectivity)
00:04 +329 -4: C:/Users/zarik/OneDrive/Desktop/TrossApp/frontend/test/e2e/user_journey_e2e_test.dart: E2E User Journey Tests - State & Integration Complete User Journey: Login → Dashboard → Logout Multiple login-logout cycles maintain state integrity
ℹ️  INFO: 🔑 AUTH SERVICE: ========== LOGOUT END (total: 6ms) ==========
00:04 +329 -4: C:/Users/zarik/OneDrive/Desktop/TrossApp/frontend/test/e2e/concurrent_operations_test.dart: Concurrent Operations Tests - High Concurrency Scenarios Multi-Provider Concurrency Auth and App providers handle simultaneous operations
❌ ERROR: Failed to retrieve stored auth data | MissingPluginException(No implementation found for method read on channel plugins.it_nomads.com/flutter_secure_storage)
ℹ️  INFO: No stored auth data found
00:04 +329 -4: C:/Users/zarik/OneDrive/Desktop/TrossApp/frontend/test/e2e/user_journey_e2e_test.dart: E2E User Journey Tests - State & Integration Complete User Journey: Login → Dashboard → Logout Multiple login-logout cycles maintain state integrity
ℹ️  INFO: 🔑 AUTH SERVICE: ========== LOGOUT START (2025-11-11 13:25:23) ==========
00:04 +329 -4: C:/Users/zarik/OneDrive/Desktop/TrossApp/frontend/test/e2e/concurrent_operations_test.dart: Concurrent Operations Tests - High Concurrency Scenarios Multi-Provider Concurrency Auth and App providers handle simultaneous operations
ℹ️  INFO: No stored auth data found
00:04 +329 -4: C:/Users/zarik/OneDrive/Desktop/TrossApp/frontend/test/e2e/user_journey_e2e_test.dart: E2E User Journey Tests - State & Integration Complete User Journey: Login → Dashboard → Logout Multiple login-logout cycles maintain state integrity
   Context: {token: null, strategy: unknown, isAuth0: false, isDevUser: false}
00:04 +329 -4: C:/Users/zarik/OneDrive/Desktop/TrossApp/frontend/test/e2e/concurrent_operations_test.dart: Concurrent Operations Tests - High Concurrency Scenarios Multi-Provider Concurrency Auth and App providers handle simultaneous operations
ℹ️  INFO: Auth state initialized - no active session
❌ ERROR: Network connectivity check failed | MissingPluginException(No implementation found for method check on channel dev.fluttercommunity.plus/connectivity)
00:04 +329 -4: C:/Users/zarik/OneDrive/Desktop/TrossApp/frontend/test/e2e/user_journey_e2e_test.dart: E2E User Journey Tests - State & Integration Complete User Journey: Login → Dashboard → Logout Multiple login-logout cycles maintain state integrity
ℹ️  INFO: 🔑 AUTH SERVICE: No token, skipping backend logout
00:04 +329 -4: C:/Users/zarik/OneDrive/Desktop/TrossApp/frontend/test/e2e/concurrent_operations_test.dart: Concurrent Operations Tests - High Concurrency Scenarios Multi-Provider Concurrency Auth and App providers handle simultaneous operations
❌ ERROR: Failed to retrieve stored auth data | MissingPluginException(No implementation found for method read on channel plugins.it_nomads.com/flutter_secure_storage)
00:04 +329 -4: C:/Users/zarik/OneDrive/Desktop/TrossApp/frontend/test/e2e/user_journey_e2e_test.dart: E2E User Journey Tests - State & Integration Complete User Journey: Login → Dashboard → Logout Multiple login-logout cycles maintain state integrity
ℹ️  INFO: 🔑 AUTH SERVICE: Unknown auth strategy, clearing state...
00:04 +329 -4: C:/Users/zarik/OneDrive/Desktop/TrossApp/frontend/test/e2e/concurrent_operations_test.dart: Concurrent Operations Tests - High Concurrency Scenarios Multi-Provider Concurrency Auth and App providers handle simultaneous operations
ℹ️  INFO: No stored auth data found
ℹ️  INFO: No stored auth data found
00:04 +329 -4: C:/Users/zarik/OneDrive/Desktop/TrossApp/frontend/test/e2e/user_journey_e2e_test.dart: E2E User Journey Tests - State & Integration Complete User Journey: Login → Dashboard → Logout Multiple login-logout cycles maintain state integrity
ℹ️  INFO: Clearing auth state
00:04 +329 -4: C:/Users/zarik/OneDrive/Desktop/TrossApp/frontend/test/e2e/concurrent_operations_test.dart: Concurrent Operations Tests - High Concurrency Scenarios Multi-Provider Concurrency Auth and App providers handle simultaneous operations
ℹ️  INFO: Auth state initialized - no active session
00:04 +329 -4: C:/Users/zarik/OneDrive/Desktop/TrossApp/frontend/test/e2e/user_journey_e2e_test.dart: E2E User Journey Tests - State & Integration Complete User Journey: Login → Dashboard → Logout Multiple login-logout cycles maintain state integrity
❌ ERROR: Failed to clear auth data | MissingPluginException(No implementation found for method delete on channel plugins.it_nomads.com/flutter_secure_storage)
00:04 +329 -4: C:/Users/zarik/OneDrive/Desktop/TrossApp/frontend/test/e2e/concurrent_operations_test.dart: Concurrent Operations Tests - High Concurrency Scenarios Multi-Provider Concurrency Auth and App providers handle simultaneous operations
❌ ERROR: Network connectivity check failed | MissingPluginException(No implementation found for method check on channel dev.fluttercommunity.plus/connectivity)
❌ ERROR: Failed to retrieve stored auth data | MissingPluginException(No implementation found for method read on channel plugins.it_nomads.com/flutter_secure_storage)
00:04 +329 -4: C:/Users/zarik/OneDrive/Desktop/TrossApp/frontend/test/e2e/user_journey_e2e_test.dart: E2E User Journey Tests - State & Integration Complete User Journey: Login → Dashboard → Logout Multiple login-logout cycles maintain state integrity
ℹ️  INFO: Auth data cleared
00:04 +329 -4: C:/Users/zarik/OneDrive/Desktop/TrossApp/frontend/test/e2e/concurrent_operations_test.dart: Concurrent Operations Tests - High Concurrency Scenarios Multi-Provider Concurrency Auth and App providers handle simultaneous operations
ℹ️  INFO: No stored auth data found
00:04 +329 -4: C:/Users/zarik/OneDrive/Desktop/TrossApp/frontend/test/e2e/user_journey_e2e_test.dart: E2E User Journey Tests - State & Integration Complete User Journey: Login → Dashboard → Logout Multiple login-logout cycles maintain state integrity
ℹ️  INFO: Auth state cleared
00:04 +329 -4: C:/Users/zarik/OneDrive/Desktop/TrossApp/frontend/test/e2e/concurrent_operations_test.dart: Concurrent Operations Tests - High Concurrency Scenarios Multi-Provider Concurrency Auth and App providers handle simultaneous operations
ℹ️  INFO: No stored auth data found
ℹ️  INFO: Auth state initialized - no active session
00:04 +329 -4: C:/Users/zarik/OneDrive/Desktop/TrossApp/frontend/test/e2e/user_journey_e2e_test.dart: E2E User Journey Tests - State & Integration Complete User Journey: Login → Dashboard → Logout Multiple login-logout cycles maintain state integrity
ℹ️  INFO: 🔑 AUTH SERVICE: ========== LOGOUT END (total: 2ms) ==========
00:04 +329 -4: C:/Users/zarik/OneDrive/Desktop/TrossApp/frontend/test/e2e/concurrent_operations_test.dart: Concurrent Operations Tests - High Concurrency Scenarios Multi-Provider Concurrency Auth and App providers handle simultaneous operations
❌ ERROR: Network connectivity check failed | MissingPluginException(No implementation found for method check on channel dev.fluttercommunity.plus/connectivity)
❌ ERROR: Failed to retrieve stored auth data | MissingPluginException(No implementation found for method read on channel plugins.it_nomads.com/flutter_secure_storage)
ℹ️  INFO: No stored auth data found
00:04 +330 -4: C:/Users/zarik/OneDrive/Desktop/TrossApp/frontend/test/e2e/concurrent_operations_test.dart: Concurrent Operations Tests - High Concurrency Scenarios Multi-Provider Concurrency Auth and App providers handle simultaneous operations
ℹ️  INFO: No stored auth data found
ℹ️  INFO: Auth state initialized - no active session
❌ ERROR: Network connectivity check failed | MissingPluginException(No implementation found for method check on channel dev.fluttercommunity.plus/connectivity)
❌ ERROR: Failed to retrieve stored auth data | MissingPluginException(No implementation found for method read on channel plugins.it_nomads.com/flutter_secure_storage)
ℹ️  INFO: No stored auth data found
ℹ️  INFO: No stored auth data found
ℹ️  INFO: Auth state initialized - no active session
❌ ERROR: Network connectivity check failed | MissingPluginException(No implementation found for method check on channel dev.fluttercommunity.plus/connectivity)
❌ ERROR: Failed to retrieve stored auth data | MissingPluginException(No implementation found for method read on channel plugins.it_nomads.com/flutter_secure_storage)
ℹ️  INFO: No stored auth data found
ℹ️  INFO: No stored auth data found
ℹ️  INFO: Auth state initialized - no active session
❌ ERROR: Network connectivity check failed | MissingPluginException(No implementation found for method check on channel dev.fluttercommunity.plus/connectivity)
❌ ERROR: Failed to retrieve stored auth data | MissingPluginException(No implementation found for method read on channel plugins.it_nomads.com/flutter_secure_storage)
ℹ️  INFO: No stored auth data found
ℹ️  INFO: No stored auth data found
ℹ️  INFO: Auth state initialized - no active session
❌ ERROR: Network connectivity check failed | MissingPluginException(No implementation found for method check on channel dev.fluttercommunity.plus/connectivity)
❌ ERROR: Failed to retrieve stored auth data | MissingPluginException(No implementation found for method read on channel plugins.it_nomads.com/flutter_secure_storage)
ℹ️  INFO: No stored auth data found
ℹ️  INFO: No stored auth data found
ℹ️  INFO: Auth state initialized - no active session
❌ ERROR: Network connectivity check failed | MissingPluginException(No implementation found for method check on channel dev.fluttercommunity.plus/connectivity)
❌ ERROR: Failed to retrieve stored auth data | MissingPluginException(No implementation found for method read on channel plugins.it_nomads.com/flutter_secure_storage)
ℹ️  INFO: No stored auth data found
ℹ️  INFO: No stored auth data found
ℹ️  INFO: Auth state initialized - no active session
❌ ERROR: Network connectivity check failed | MissingPluginException(No implementation found for method check on channel dev.fluttercommunity.plus/connectivity)
❌ ERROR: Network connectivity check failed | MissingPluginException(No implementation found for method check on channel dev.fluttercommunity.plus/connectivity)
ℹ️  INFO: Service health check completed
   Context: {status: offline, isConnected: false}
00:04 +330 -4: C:/Users/zarik/OneDrive/Desktop/TrossApp/frontend/test/e2e/user_journey_e2e_test.dart: E2E User Journey Tests - State & Integration Complete User Journey: Login → Dashboard → Logout User journey handles errors gracefully
ℹ️  INFO: Initializing app state...
00:04 +330 -4: C:/Users/zarik/OneDrive/Desktop/TrossApp/frontend/test/e2e/concurrent_operations_test.dart: Concurrent Operations Tests - High Concurrency Scenarios Multi-Provider Concurrency Auth and App providers handle simultaneous operations
ℹ️  INFO: App state initialized successfully
❌ ERROR: Network connectivity check failed | MissingPluginException(No implementation found for method check on channel dev.fluttercommunity.plus/connectivity)
ℹ️  INFO: Service health check completed
   Context: {status: offline, isConnected: false}
ℹ️  INFO: App state initialized successfully
00:04 +330 -4: C:/Users/zarik/OneDrive/Desktop/TrossApp/frontend/test/e2e/user_journey_e2e_test.dart: E2E User Journey Tests - State & Integration Complete User Journey: Login → Dashboard → Logout User journey handles errors gracefully
❌ ERROR: Network connectivity check failed | MissingPluginException(No implementation found for method check on channel dev.fluttercommunity.plus/connectivity)
00:04 +330 -4: C:/Users/zarik/OneDrive/Desktop/TrossApp/frontend/test/e2e/concurrent_operations_test.dart: Concurrent Operations Tests - High Concurrency Scenarios Multi-Provider Concurrency Auth and App providers handle simultaneous operations
❌ ERROR: Network connectivity check failed | MissingPluginException(No implementation found for method check on channel dev.fluttercommunity.plus/connectivity)
ℹ️  INFO: Service health check completed
   Context: {status: offline, isConnected: false}
ℹ️  INFO: App state initialized successfully
❌ ERROR: Network connectivity check failed | MissingPluginException(No implementation found for method check on channel dev.fluttercommunity.plus/connectivity)
ℹ️  INFO: Service health check completed
   Context: {status: offline, isConnected: false}
ℹ️  INFO: App state initialized successfully
❌ ERROR: Network connectivity check failed | MissingPluginException(No implementation found for method check on channel dev.fluttercommunity.plus/connectivity)
ℹ️  INFO: Service health check completed
   Context: {status: offline, isConnected: false}
ℹ️  INFO: App state initialized successfully
❌ ERROR: Network connectivity check failed | MissingPluginException(No implementation found for method check on channel dev.fluttercommunity.plus/connectivity)
ℹ️  INFO: Service health check completed
00:04 +330 -4: C:/Users/zarik/OneDrive/Desktop/TrossApp/frontend/test/e2e/user_journey_e2e_test.dart: E2E User Journey Tests - State & Integration Complete User Journey: Login → Dashboard → Logout User journey handles errors gracefully
❌ ERROR: Network connectivity check failed | MissingPluginException(No implementation found for method check on channel dev.fluttercommunity.plus/connectivity)
00:04 +330 -4: C:/Users/zarik/OneDrive/Desktop/TrossApp/frontend/test/e2e/concurrent_operations_test.dart: Concurrent Operations Tests - High Concurrency Scenarios Multi-Provider Concurrency Auth and App providers handle simultaneous operations
   Context: {status: offline, isConnected: false}
ℹ️  INFO: App state initialized successfully
❌ ERROR: Network connectivity check failed | MissingPluginException(No implementation found for method check on channel dev.fluttercommunity.plus/connectivity)
ℹ️  INFO: Service health check completed
   Context: {status: offline, isConnected: false}
ℹ️  INFO: App state initialized successfully
❌ ERROR: Network connectivity check failed | MissingPluginException(No implementation found for method check on channel dev.fluttercommunity.plus/connectivity)
00:04 +330 -4: C:/Users/zarik/OneDrive/Desktop/TrossApp/frontend/test/e2e/user_journey_e2e_test.dart: E2E User Journey Tests - State & Integration Complete User Journey: Login → Dashboard → Logout User journey handles errors gracefully
ℹ️  INFO: Service health check completed
00:04 +330 -4: C:/Users/zarik/OneDrive/Desktop/TrossApp/frontend/test/e2e/concurrent_operations_test.dart: Concurrent Operations Tests - High Concurrency Scenarios Multi-Provider Concurrency Auth and App providers handle simultaneous operations
ℹ️  INFO: Service health check completed
00:04 +330 -4: C:/Users/zarik/OneDrive/Desktop/TrossApp/frontend/test/e2e/user_journey_e2e_test.dart: E2E User Journey Tests - State & Integration Complete User Journey: Login → Dashboard → Logout User journey handles errors gracefully
   Context: {status: offline, isConnected: false}
00:04 +330 -4: C:/Users/zarik/OneDrive/Desktop/TrossApp/frontend/test/e2e/concurrent_operations_test.dart: Concurrent Operations Tests - High Concurrency Scenarios Multi-Provider Concurrency Auth and App providers handle simultaneous operations
   Context: {status: offline, isConnected: false}
ℹ️  INFO: App state initialized successfully
00:04 +330 -4: C:/Users/zarik/OneDrive/Desktop/TrossApp/frontend/test/e2e/user_journey_e2e_test.dart: E2E User Journey Tests - State & Integration Complete User Journey: Login → Dashboard → Logout User journey handles errors gracefully
ℹ️  INFO: App state initialized successfully
00:04 +330 -4: C:/Users/zarik/OneDrive/Desktop/TrossApp/frontend/test/e2e/concurrent_operations_test.dart: Concurrent Operations Tests - High Concurrency Scenarios Multi-Provider Concurrency Auth and App providers handle simultaneous operations
❌ ERROR: Network connectivity check failed | MissingPluginException(No implementation found for method check on channel dev.fluttercommunity.plus/connectivity)
ℹ️  INFO: Service health check completed
00:04 +330 -4: C:/Users/zarik/OneDrive/Desktop/TrossApp/frontend/test/e2e/user_journey_e2e_test.dart: E2E User Journey Tests - State & Integration Complete User Journey: Login → Dashboard → Logout User journey handles errors gracefully
ℹ️  INFO: 🔑 AUTH SERVICE: ========== LOGOUT START (2025-11-11 13:25:23) ==========
00:04 +330 -4: C:/Users/zarik/OneDrive/Desktop/TrossApp/frontend/test/e2e/concurrent_operations_test.dart: Concurrent Operations Tests - High Concurrency Scenarios Multi-Provider Concurrency Auth and App providers handle simultaneous operations
   Context: {status: offline, isConnected: false}
ℹ️  INFO: App state initialized successfully
❌ ERROR: Network connectivity check failed | MissingPluginException(No implementation found for method check on channel dev.fluttercommunity.plus/connectivity)
00:04 +330 -4: C:/Users/zarik/OneDrive/Desktop/TrossApp/frontend/test/e2e/user_journey_e2e_test.dart: E2E User Journey Tests - State & Integration Complete User Journey: Login → Dashboard → Logout User journey handles errors gracefully
   Context: {token: null, strategy: unknown, isAuth0: false, isDevUser: false}
00:04 +330 -4: C:/Users/zarik/OneDrive/Desktop/TrossApp/frontend/test/e2e/concurrent_operations_test.dart: Concurrent Operations Tests - High Concurrency Scenarios Multi-Provider Concurrency Auth and App providers handle simultaneous operations
ℹ️  INFO: Service health check completed
00:04 +330 -4: C:/Users/zarik/OneDrive/Desktop/TrossApp/frontend/test/e2e/user_journey_e2e_test.dart: E2E User Journey Tests - State & Integration Complete User Journey: Login → Dashboard → Logout User journey handles errors gracefully
ℹ️  INFO: 🔑 AUTH SERVICE: No token, skipping backend logout
ℹ️  INFO: 🔑 AUTH SERVICE: Unknown auth strategy, clearing state...
ℹ️  INFO: Clearing auth state
00:04 +330 -4: C:/Users/zarik/OneDrive/Desktop/TrossApp/frontend/test/e2e/concurrent_operations_test.dart: Concurrent Operations Tests - High Concurrency Scenarios Multi-Provider Concurrency Auth and App providers handle simultaneous operations
   Context: {status: offline, isConnected: false}
00:04 +330 -4: C:/Users/zarik/OneDrive/Desktop/TrossApp/frontend/test/e2e/user_journey_e2e_test.dart: E2E User Journey Tests - State & Integration Complete User Journey: Login → Dashboard → Logout User journey handles errors gracefully
❌ ERROR: Failed to clear auth data | MissingPluginException(No implementation found for method delete on channel plugins.it_nomads.com/flutter_secure_storage)
00:04 +330 -4: C:/Users/zarik/OneDrive/Desktop/TrossApp/frontend/test/e2e/concurrent_operations_test.dart: Concurrent Operations Tests - High Concurrency Scenarios Multi-Provider Concurrency Auth and App providers handle simultaneous operations
ℹ️  INFO: App state initialized successfully
00:04 +330 -4: C:/Users/zarik/OneDrive/Desktop/TrossApp/frontend/test/e2e/user_journey_e2e_test.dart: E2E User Journey Tests - State & Integration Complete User Journey: Login → Dashboard → Logout User journey handles errors gracefully
ℹ️  INFO: Auth data cleared
00:04 +330 -4: C:/Users/zarik/OneDrive/Desktop/TrossApp/frontend/test/e2e/concurrent_operations_test.dart: Concurrent Operations Tests - High Concurrency Scenarios Multi-Provider Concurrency Auth and App providers handle simultaneous operations
❌ ERROR: Network connectivity check failed | MissingPluginException(No implementation found for method check on channel dev.fluttercommunity.plus/connectivity)
ℹ️  INFO: Service health check completed
00:04 +330 -4: C:/Users/zarik/OneDrive/Desktop/TrossApp/frontend/test/e2e/user_journey_e2e_test.dart: E2E User Journey Tests - State & Integration Complete User Journey: Login → Dashboard → Logout User journey handles errors gracefully
ℹ️  INFO: Auth state cleared
00:04 +330 -4: C:/Users/zarik/OneDrive/Desktop/TrossApp/frontend/test/e2e/concurrent_operations_test.dart: Concurrent Operations Tests - High Concurrency Scenarios Multi-Provider Concurrency Auth and App providers handle simultaneous operations
   Context: {status: offline, isConnected: false}
00:04 +330 -4: C:/Users/zarik/OneDrive/Desktop/TrossApp/frontend/test/e2e/user_journey_e2e_test.dart: E2E User Journey Tests - State & Integration Complete User Journey: Login → Dashboard → Logout User journey handles errors gracefully
ℹ️  INFO: 🔑 AUTH SERVICE: ========== LOGOUT END (total: 1ms) ==========
00:04 +330 -4: C:/Users/zarik/OneDrive/Desktop/TrossApp/frontend/test/e2e/concurrent_operations_test.dart: Concurrent Operations Tests - High Concurrency Scenarios Multi-Provider Concurrency Auth and App providers handle simultaneous operations
ℹ️  INFO: App state initialized successfully
❌ ERROR: Network connectivity check failed | MissingPluginException(No implementation found for method check on channel dev.fluttercommunity.plus/connectivity)
00:04 +331 -4: C:/Users/zarik/OneDrive/Desktop/TrossApp/frontend/test/e2e/concurrent_operations_test.dart: Concurrent Operations Tests - High Concurrency Scenarios Multi-Provider Concurrency Auth and App providers handle simultaneous operations
ℹ️  INFO: Service health check completed
   Context: {status: offline, isConnected: false}
ℹ️  INFO: App state initialized successfully
❌ ERROR: Network connectivity check failed | MissingPluginException(No implementation found for method check on channel dev.fluttercommunity.plus/connectivity)
ℹ️  INFO: Service health check completed
   Context: {status: offline, isConnected: false}
ℹ️  INFO: App state initialized successfully
❌ ERROR: Network connectivity check failed | MissingPluginException(No implementation found for method check on channel dev.fluttercommunity.plus/connectivity)
ℹ️  INFO: Service health check completed
   Context: {status: offline, isConnected: false}
ℹ️  INFO: App state initialized successfully
❌ ERROR: Network connectivity check failed | MissingPluginException(No implementation found for method check on channel dev.fluttercommunity.plus/connectivity)
ℹ️  INFO: Service health check completed
   Context: {status: offline, isConnected: false}
ℹ️  INFO: App state initialized successfully
❌ ERROR: Network connectivity check failed | MissingPluginException(No implementation found for method check on channel dev.fluttercommunity.plus/connectivity)
ℹ️  INFO: Service health check completed
   Context: {status: offline, isConnected: false}
ℹ️  INFO: App state initialized successfully
❌ ERROR: Network connectivity check failed | MissingPluginException(No implementation found for method check on channel dev.fluttercommunity.plus/connectivity)
ℹ️  INFO: Service health check completed
   Context: {status: offline, isConnected: false}
ℹ️  INFO: App state initialized successfully
❌ ERROR: Network connectivity check failed | MissingPluginException(No implementation found for method check on channel dev.fluttercommunity.plus/connectivity)
ℹ️  INFO: Service health check completed
   Context: {status: offline, isConnected: false}
ℹ️  INFO: App state initialized successfully
❌ ERROR: Network connectivity check failed | MissingPluginException(No implementation found for method check on channel dev.fluttercommunity.plus/connectivity)
ℹ️  INFO: Service health check completed
   Context: {status: offline, isConnected: false}
ℹ️  INFO: App state initialized successfully
❌ ERROR: Network connectivity check failed | MissingPluginException(No implementation found for method check on channel dev.fluttercommunity.plus/connectivity)
ℹ️  INFO: Service health check completed
   Context: {status: offline, isConnected: false}
ℹ️  INFO: App state initialized successfully
❌ ERROR: Network connectivity check failed | MissingPluginException(No implementation found for method check on channel dev.fluttercommunity.plus/connectivity)
ℹ️  INFO: Service health check completed
   Context: {status: offline, isConnected: false}
ℹ️  INFO: App state initialized successfully
❌ ERROR: Network connectivity check failed | MissingPluginException(No implementation found for method check on channel dev.fluttercommunity.plus/connectivity)
ℹ️  INFO: Service health check completed
   Context: {status: offline, isConnected: false}
ℹ️  INFO: App state initialized successfully
00:04 +331 -4: C:/Users/zarik/OneDrive/Desktop/TrossApp/frontend/test/e2e/user_journey_e2e_test.dart: E2E User Journey Tests - State & Integration Concurrent Operations & State Consistency Rapid state changes maintain consistency
ℹ️  INFO: Initializing app state...
00:04 +331 -4: C:/Users/zarik/OneDrive/Desktop/TrossApp/frontend/test/e2e/concurrent_operations_test.dart: Concurrent Operations Tests - High Concurrency Scenarios Multi-Provider Concurrency Auth and App providers handle simultaneous operations
❌ ERROR: Network connectivity check failed | MissingPluginException(No implementation found for method check on channel dev.fluttercommunity.plus/connectivity)
ℹ️  INFO: Service health check completed
   Context: {status: offline, isConnected: false}
ℹ️  INFO: App state initialized successfully
❌ ERROR: Network connectivity check failed | MissingPluginException(No implementation found for method check on channel dev.fluttercommunity.plus/connectivity)
ℹ️  INFO: Service health check completed
   Context: {status: offline, isConnected: false}
ℹ️  INFO: App state initialized successfully
❌ ERROR: Network connectivity check failed | MissingPluginException(No implementation found for method check on channel dev.fluttercommunity.plus/connectivity)
ℹ️  INFO: Service health check completed
   Context: {status: offline, isConnected: false}
ℹ️  INFO: App state initialized successfully
00:04 +332 -4: C:/Users/zarik/OneDrive/Desktop/TrossApp/frontend/test/e2e/user_journey_e2e_test.dart: E2E User Journey Tests - State & Integration Concurrent Operations & State Consistency Rapid state changes maintain consistency
❌ ERROR: Network connectivity check failed | MissingPluginException(No implementation found for method check on channel dev.fluttercommunity.plus/connectivity)
❌ ERROR: Network connectivity check failed | MissingPluginException(No implementation found for method check on channel dev.fluttercommunity.plus/connectivity)
ℹ️  INFO: Service health check completed
00:04 +332 -4: C:/Users/zarik/OneDrive/Desktop/TrossApp/frontend/test/e2e/concurrent_operations_test.dart: Concurrent Operations Tests - High Concurrency Scenarios Multi-Provider Concurrency Mixed operations across providers (100 total ops)
❌ ERROR: Failed to retrieve stored auth data | MissingPluginException(No implementation found for method read on channel plugins.it_nomads.com/flutter_secure_storage)
ℹ️  INFO: No stored auth data found
00:04 +332 -4: C:/Users/zarik/OneDrive/Desktop/TrossApp/frontend/test/e2e/user_journey_e2e_test.dart: E2E User Journey Tests - State & Integration Concurrent Operations & State Consistency Rapid state changes maintain consistency
   Context: {status: offline, isConnected: false}
ℹ️  INFO: App state initialized successfully
ℹ️  INFO: 🔑 AUTH SERVICE: ========== LOGOUT START (2025-11-11 13:25:23) ==========
   Context: {token: null, strategy: unknown, isAuth0: false, isDevUser: false}
ℹ️  INFO: 🔑 AUTH SERVICE: No token, skipping backend logout
ℹ️  INFO: 🔑 AUTH SERVICE: Unknown auth strategy, clearing state...
ℹ️  INFO: Clearing auth state
ℹ️  INFO: 🔑 AUTH SERVICE: ========== LOGOUT START (2025-11-11 13:25:23) ==========
   Context: {token: null, strategy: unknown, isAuth0: false, isDevUser: false}
ℹ️  INFO: 🔑 AUTH SERVICE: No token, skipping backend logout
ℹ️  INFO: 🔑 AUTH SERVICE: Unknown auth strategy, clearing state...
ℹ️  INFO: Clearing auth state
ℹ️  INFO: 🔑 AUTH SERVICE: ========== LOGOUT START (2025-11-11 13:25:23) ==========
   Context: {token: null, strategy: unknown, isAuth0: false, isDevUser: false}
ℹ️  INFO: 🔑 AUTH SERVICE: No token, skipping backend logout
ℹ️  INFO: 🔑 AUTH SERVICE: Unknown auth strategy, clearing state...
ℹ️  INFO: Clearing auth state
ℹ️  INFO: 🔑 AUTH SERVICE: ========== LOGOUT START (2025-11-11 13:25:23) ==========
   Context: {token: null, strategy: unknown, isAuth0: false, isDevUser: false}
ℹ️  INFO: 🔑 AUTH SERVICE: No token, skipping backend logout
ℹ️  INFO: 🔑 AUTH SERVICE: Unknown auth strategy, clearing state...
ℹ️  INFO: Clearing auth state
ℹ️  INFO: 🔑 AUTH SERVICE: ========== LOGOUT START (2025-11-11 13:25:23) ==========
   Context: {token: null, strategy: unknown, isAuth0: false, isDevUser: false}
ℹ️  INFO: 🔑 AUTH SERVICE: No token, skipping backend logout
ℹ️  INFO: 🔑 AUTH SERVICE: Unknown auth strategy, clearing state...
ℹ️  INFO: Clearing auth state
ℹ️  INFO: 🔑 AUTH SERVICE: ========== LOGOUT START (2025-11-11 13:25:23) ==========
   Context: {token: null, strategy: unknown, isAuth0: false, isDevUser: false}
ℹ️  INFO: 🔑 AUTH SERVICE: No token, skipping backend logout
ℹ️  INFO: 🔑 AUTH SERVICE: Unknown auth strategy, clearing state...
ℹ️  INFO: Clearing auth state
ℹ️  INFO: 🔑 AUTH SERVICE: ========== LOGOUT START (2025-11-11 13:25:23) ==========
   Context: {token: null, strategy: unknown, isAuth0: false, isDevUser: false}
ℹ️  INFO: 🔑 AUTH SERVICE: No token, skipping backend logout
ℹ️  INFO: 🔑 AUTH SERVICE: Unknown auth strategy, clearing state...
ℹ️  INFO: Clearing auth state
ℹ️  INFO: 🔑 AUTH SERVICE: ========== LOGOUT START (2025-11-11 13:25:23) ==========
   Context: {token: null, strategy: unknown, isAuth0: false, isDevUser: false}
ℹ️  INFO: 🔑 AUTH SERVICE: No token, skipping backend logout
ℹ️  INFO: 🔑 AUTH SERVICE: Unknown auth strategy, clearing state...
ℹ️  INFO: Clearing auth state
ℹ️  INFO: 🔑 AUTH SERVICE: ========== LOGOUT START (2025-11-11 13:25:23) ==========
   Context: {token: null, strategy: unknown, isAuth0: false, isDevUser: false}
ℹ️  INFO: 🔑 AUTH SERVICE: No token, skipping backend logout
ℹ️  INFO: 🔑 AUTH SERVICE: Unknown auth strategy, clearing state...
ℹ️  INFO: Clearing auth state
ℹ️  INFO: 🔑 AUTH SERVICE: ========== LOGOUT START (2025-11-11 13:25:23) ==========
   Context: {token: null, strategy: unknown, isAuth0: false, isDevUser: false}
ℹ️  INFO: 🔑 AUTH SERVICE: No token, skipping backend logout
ℹ️  INFO: 🔑 AUTH SERVICE: Unknown auth strategy, clearing state...
ℹ️  INFO: Clearing auth state
❌ ERROR: Failed to clear auth data | MissingPluginException(No implementation found for method delete on channel plugins.it_nomads.com/flutter_secure_storage)
ℹ️  INFO: Auth data cleared
ℹ️  INFO: Auth state cleared
ℹ️  INFO: 🔑 AUTH SERVICE: ========== LOGOUT END (total: 10ms) ==========
❌ ERROR: Failed to clear auth data | MissingPluginException(No implementation found for method delete on channel plugins.it_nomads.com/flutter_secure_storage)
ℹ️  INFO: Auth data cleared
ℹ️  INFO: Auth state cleared
ℹ️  INFO: 🔑 AUTH SERVICE: ========== LOGOUT END (total: 7ms) ==========
❌ ERROR: Failed to clear auth data | MissingPluginException(No implementation found for method delete on channel plugins.it_nomads.com/flutter_secure_storage)
ℹ️  INFO: Auth data cleared
ℹ️  INFO: Auth state cleared
ℹ️  INFO: 🔑 AUTH SERVICE: ========== LOGOUT END (total: 5ms) ==========
❌ ERROR: Failed to clear auth data | MissingPluginException(No implementation found for method delete on channel plugins.it_nomads.com/flutter_secure_storage)
ℹ️  INFO: Auth data cleared
ℹ️  INFO: Auth state cleared
ℹ️  INFO: 🔑 AUTH SERVICE: ========== LOGOUT END (total: 6ms) ==========
❌ ERROR: Failed to clear auth data | MissingPluginException(No implementation found for method delete on channel plugins.it_nomads.com/flutter_secure_storage)
ℹ️  INFO: Auth data cleared
00:04 +332 -4: C:/Users/zarik/OneDrive/Desktop/TrossApp/frontend/test/e2e/concurrent_operations_test.dart: Concurrent Operations Tests - High Concurrency Scenarios Multi-Provider Concurrency Mixed operations across providers (100 total ops)
ℹ️  INFO: No stored auth data found
00:04 +332 -4: C:/Users/zarik/OneDrive/Desktop/TrossApp/frontend/test/e2e/user_journey_e2e_test.dart: E2E User Journey Tests - State & Integration Concurrent Operations & State Consistency Rapid state changes maintain consistency
ℹ️  INFO: Auth state cleared
ℹ️  INFO: 🔑 AUTH SERVICE: ========== LOGOUT END (total: 6ms) ==========
❌ ERROR: Failed to clear auth data | MissingPluginException(No implementation found for method delete on channel plugins.it_nomads.com/flutter_secure_storage)
ℹ️  INFO: Auth data cleared
ℹ️  INFO: Auth state cleared
ℹ️  INFO: 🔑 AUTH SERVICE: ========== LOGOUT END (total: 5ms) ==========
❌ ERROR: Failed to clear auth data | MissingPluginException(No implementation found for method delete on channel plugins.it_nomads.com/flutter_secure_storage)
ℹ️  INFO: Auth data cleared
ℹ️  INFO: Auth state cleared
ℹ️  INFO: 🔑 AUTH SERVICE: ========== LOGOUT END (total: 6ms) ==========
❌ ERROR: Failed to clear auth data | MissingPluginException(No implementation found for method delete on channel plugins.it_nomads.com/flutter_secure_storage)
ℹ️  INFO: Auth data cleared
ℹ️  INFO: Auth state cleared
ℹ️  INFO: 🔑 AUTH SERVICE: ========== LOGOUT END (total: 5ms) ==========
❌ ERROR: Failed to clear auth data | MissingPluginException(No implementation found for method delete on channel plugins.it_nomads.com/flutter_secure_storage)
ℹ️  INFO: Auth data cleared
ℹ️  INFO: Auth state cleared
ℹ️  INFO: 🔑 AUTH SERVICE: ========== LOGOUT END (total: 5ms) ==========
❌ ERROR: Failed to clear auth data | MissingPluginException(No implementation found for method delete on channel plugins.it_nomads.com/flutter_secure_storage)
ℹ️  INFO: Auth data cleared
ℹ️  INFO: Auth state cleared
ℹ️  INFO: 🔑 AUTH SERVICE: ========== LOGOUT END (total: 5ms) ==========
00:04 +333 -4: C:/Users/zarik/OneDrive/Desktop/TrossApp/frontend/test/e2e/concurrent_operations_test.dart: Concurrent Operations Tests - High Concurrency Scenarios Multi-Provider Concurrency Mixed operations across providers (100 total ops)
00:04 +333 -4: C:/Users/zarik/OneDrive/Desktop/TrossApp/frontend/test/e2e/user_journey_e2e_test.dart: E2E User Journey Tests - State & Integration Concurrent Operations & State Consistency App initialization is idempotent
ℹ️  INFO: Initializing app state...
❌ ERROR: Network connectivity check failed | MissingPluginException(No implementation found for method check on channel dev.fluttercommunity.plus/connectivity)
❌ ERROR: Network connectivity check failed | MissingPluginException(No implementation found for method check on channel dev.fluttercommunity.plus/connectivity)
ℹ️  INFO: Service health check completed
   Context: {status: offline, isConnected: false}
ℹ️  INFO: App state initialized successfully
ℹ️  INFO: Initializing app state...
❌ ERROR: Network connectivity check failed | MissingPluginException(No implementation found for method check on channel dev.fluttercommunity.plus/connectivity)
❌ ERROR: Network connectivity check failed | MissingPluginException(No implementation found for method check on channel dev.fluttercommunity.plus/connectivity)
ℹ️  INFO: Service health check completed
   Context: {status: offline, isConnected: false}
ℹ️  INFO: App state initialized successfully
ℹ️  INFO: Initializing app state...
❌ ERROR: Network connectivity check failed | MissingPluginException(No implementation found for method check on channel dev.fluttercommunity.plus/connectivity)
❌ ERROR: Network connectivity check failed | MissingPluginException(No implementation found for method check on channel dev.fluttercommunity.plus/connectivity)
ℹ️  INFO: Service health check completed
   Context: {status: offline, isConnected: false}
ℹ️  INFO: App state initialized successfully
00:04 +334 -4: C:/Users/zarik/OneDrive/Desktop/TrossApp/frontend/test/e2e/concurrent_operations_test.dart: Concurrent Operations Tests - High Concurrency Scenarios Multi-Provider Concurrency Mixed operations across providers (100 total ops)
00:04 +334 -4: C:/Users/zarik/OneDrive/Desktop/TrossApp/frontend/test/e2e/user_journey_e2e_test.dart: E2E User Journey Tests - State & Integration Provider Integration AuthProvider and AppProvider work together correctly
❌ ERROR: Failed to retrieve stored auth data | MissingPluginException(No implementation found for method read on channel plugins.it_nomads.com/flutter_secure_storage)
ℹ️  INFO: No stored auth data found
ℹ️  INFO: No stored auth data found
ℹ️  INFO: Auth state initialized - no active session
ℹ️  INFO: Initializing app state...
❌ ERROR: Network connectivity check failed | MissingPluginException(No implementation found for method check on channel dev.fluttercommunity.plus/connectivity)
❌ ERROR: Network connectivity check failed | MissingPluginException(No implementation found for method check on channel dev.fluttercommunity.plus/connectivity)
ℹ️  INFO: Service health check completed
   Context: {status: offline, isConnected: false}
ℹ️  INFO: App state initialized successfully
ℹ️  INFO: 🔑 AUTH SERVICE: ========== LOGOUT START (2025-11-11 13:25:23) ==========
   Context: {token: null, strategy: unknown, isAuth0: false, isDevUser: false}
ℹ️  INFO: 🔑 AUTH SERVICE: No token, skipping backend logout
ℹ️  INFO: 🔑 AUTH SERVICE: Unknown auth strategy, clearing state...
ℹ️  INFO: Clearing auth state
❌ ERROR: Failed to clear auth data | MissingPluginException(No implementation found for method delete on channel plugins.it_nomads.com/flutter_secure_storage)
ℹ️  INFO: Auth data cleared
ℹ️  INFO: Auth state cleared
00:04 +334 -4: C:/Users/zarik/OneDrive/Desktop/TrossApp/frontend/test/e2e/concurrent_operations_test.dart: Concurrent Operations Tests - High Concurrency Scenarios Multi-Provider Concurrency Mixed operations across providers (100 total ops)
ℹ️  INFO: Auth state initialized - no active session
00:04 +334 -4: C:/Users/zarik/OneDrive/Desktop/TrossApp/frontend/test/e2e/user_journey_e2e_test.dart: E2E User Journey Tests - State & Integration Provider Integration AuthProvider and AppProvider work together correctly
ℹ️  INFO: 🔑 AUTH SERVICE: ========== LOGOUT END (total: 2ms) ==========
00:04 +335 -4: C:/Users/zarik/OneDrive/Desktop/TrossApp/frontend/test/e2e/concurrent_operations_test.dart: Concurrent Operations Tests - High Concurrency Scenarios Multi-Provider Concurrency Mixed operations across providers (100 total ops)
ℹ️  INFO: Initializing app state...
❌ ERROR: Network connectivity check failed | MissingPluginException(No implementation found for method check on channel dev.fluttercommunity.plus/connectivity)
❌ ERROR: Network connectivity check failed | MissingPluginException(No implementation found for method check on channel dev.fluttercommunity.plus/connectivity)
ℹ️  INFO: Service health check completed
   Context: {status: offline, isConnected: false}
ℹ️  INFO: App state initialized successfully
ℹ️  INFO: 🔑 AUTH SERVICE: ========== LOGOUT START (2025-11-11 13:25:23) ==========
   Context: {token: null, strategy: unknown, isAuth0: false, isDevUser: false}
ℹ️  INFO: 🔑 AUTH SERVICE: No token, skipping backend logout
ℹ️  INFO: 🔑 AUTH SERVICE: Unknown auth strategy, clearing state...
ℹ️  INFO: Clearing auth state
ℹ️  INFO: 🔑 AUTH SERVICE: ========== LOGOUT START (2025-11-11 13:25:23) ==========
   Context: {token: null, strategy: unknown, isAuth0: false, isDevUser: false}
ℹ️  INFO: 🔑 AUTH SERVICE: No token, skipping backend logout
ℹ️  INFO: 🔑 AUTH SERVICE: Unknown auth strategy, clearing state...
ℹ️  INFO: Clearing auth state
ℹ️  INFO: 🔑 AUTH SERVICE: ========== LOGOUT START (2025-11-11 13:25:23) ==========
   Context: {token: null, strategy: unknown, isAuth0: false, isDevUser: false}
ℹ️  INFO: 🔑 AUTH SERVICE: No token, skipping backend logout
ℹ️  INFO: 🔑 AUTH SERVICE: Unknown auth strategy, clearing state...
ℹ️  INFO: Clearing auth state
ℹ️  INFO: 🔑 AUTH SERVICE: ========== LOGOUT START (2025-11-11 13:25:23) ==========
   Context: {token: null, strategy: unknown, isAuth0: false, isDevUser: false}
ℹ️  INFO: 🔑 AUTH SERVICE: No token, skipping backend logout
ℹ️  INFO: 🔑 AUTH SERVICE: Unknown auth strategy, clearing state...
ℹ️  INFO: Clearing auth state
ℹ️  INFO: 🔑 AUTH SERVICE: ========== LOGOUT START (2025-11-11 13:25:23) ==========
   Context: {token: null, strategy: unknown, isAuth0: false, isDevUser: false}
ℹ️  INFO: 🔑 AUTH SERVICE: No token, skipping backend logout
ℹ️  INFO: 🔑 AUTH SERVICE: Unknown auth strategy, clearing state...
ℹ️  INFO: Clearing auth state
ℹ️  INFO: 🔑 AUTH SERVICE: ========== LOGOUT START (2025-11-11 13:25:23) ==========
   Context: {token: null, strategy: unknown, isAuth0: false, isDevUser: false}
ℹ️  INFO: 🔑 AUTH SERVICE: No token, skipping backend logout
ℹ️  INFO: 🔑 AUTH SERVICE: Unknown auth strategy, clearing state...
ℹ️  INFO: Clearing auth state
ℹ️  INFO: 🔑 AUTH SERVICE: ========== LOGOUT START (2025-11-11 13:25:23) ==========
   Context: {token: null, strategy: unknown, isAuth0: false, isDevUser: false}
ℹ️  INFO: 🔑 AUTH SERVICE: No token, skipping backend logout
ℹ️  INFO: 🔑 AUTH SERVICE: Unknown auth strategy, clearing state...
ℹ️  INFO: Clearing auth state
ℹ️  INFO: 🔑 AUTH SERVICE: ========== LOGOUT START (2025-11-11 13:25:23) ==========
   Context: {token: null, strategy: unknown, isAuth0: false, isDevUser: false}
ℹ️  INFO: 🔑 AUTH SERVICE: No token, skipping backend logout
ℹ️  INFO: 🔑 AUTH SERVICE: Unknown auth strategy, clearing state...
ℹ️  INFO: Clearing auth state
ℹ️  INFO: 🔑 AUTH SERVICE: ========== LOGOUT START (2025-11-11 13:25:23) ==========
   Context: {token: null, strategy: unknown, isAuth0: false, isDevUser: false}
ℹ️  INFO: 🔑 AUTH SERVICE: No token, skipping backend logout
ℹ️  INFO: 🔑 AUTH SERVICE: Unknown auth strategy, clearing state...
ℹ️  INFO: Clearing auth state
ℹ️  INFO: 🔑 AUTH SERVICE: ========== LOGOUT START (2025-11-11 13:25:23) ==========
   Context: {token: null, strategy: unknown, isAuth0: false, isDevUser: false}
ℹ️  INFO: 🔑 AUTH SERVICE: No token, skipping backend logout
ℹ️  INFO: 🔑 AUTH SERVICE: Unknown auth strategy, clearing state...
ℹ️  INFO: Clearing auth state
ℹ️  INFO: 🔑 AUTH SERVICE: ========== LOGOUT START (2025-11-11 13:25:23) ==========
   Context: {token: null, strategy: unknown, isAuth0: false, isDevUser: false}
ℹ️  INFO: 🔑 AUTH SERVICE: No token, skipping backend logout
ℹ️  INFO: 🔑 AUTH SERVICE: Unknown auth strategy, clearing state...
ℹ️  INFO: Clearing auth state
ℹ️  INFO: 🔑 AUTH SERVICE: ========== LOGOUT START (2025-11-11 13:25:23) ==========
   Context: {token: null, strategy: unknown, isAuth0: false, isDevUser: false}
ℹ️  INFO: 🔑 AUTH SERVICE: No token, skipping backend logout
ℹ️  INFO: 🔑 AUTH SERVICE: Unknown auth strategy, clearing state...
ℹ️  INFO: Clearing auth state
ℹ️  INFO: 🔑 AUTH SERVICE: ========== LOGOUT START (2025-11-11 13:25:23) ==========
   Context: {token: null, strategy: unknown, isAuth0: false, isDevUser: false}
ℹ️  INFO: 🔑 AUTH SERVICE: No token, skipping backend logout
ℹ️  INFO: 🔑 AUTH SERVICE: Unknown auth strategy, clearing state...
ℹ️  INFO: Clearing auth state
ℹ️  INFO: 🔑 AUTH SERVICE: ========== LOGOUT START (2025-11-11 13:25:23) ==========
   Context: {token: null, strategy: unknown, isAuth0: false, isDevUser: false}
ℹ️  INFO: 🔑 AUTH SERVICE: No token, skipping backend logout
ℹ️  INFO: 🔑 AUTH SERVICE: Unknown auth strategy, clearing state...
ℹ️  INFO: Clearing auth state
ℹ️  INFO: 🔑 AUTH SERVICE: ========== LOGOUT START (2025-11-11 13:25:23) ==========
   Context: {token: null, strategy: unknown, isAuth0: false, isDevUser: false}
ℹ️  INFO: 🔑 AUTH SERVICE: No token, skipping backend logout
ℹ️  INFO: 🔑 AUTH SERVICE: Unknown auth strategy, clearing state...
00:04 +335 -4: C:/Users/zarik/OneDrive/Desktop/TrossApp/frontend/test/e2e/user_journey_e2e_test.dart: E2E User Journey Tests - State & Integration Provider Integration Backend health check integrates with app flow
ℹ️  INFO: Initializing app state...
00:04 +335 -4: C:/Users/zarik/OneDrive/Desktop/TrossApp/frontend/test/e2e/concurrent_operations_test.dart: Concurrent Operations Tests - High Concurrency Scenarios Multi-Provider Concurrency Mixed operations across providers (100 total ops)
ℹ️  INFO: Clearing auth state
ℹ️  INFO: 🔑 AUTH SERVICE: ========== LOGOUT START (2025-11-11 13:25:23) ==========
   Context: {token: null, strategy: unknown, isAuth0: false, isDevUser: false}
ℹ️  INFO: 🔑 AUTH SERVICE: No token, skipping backend logout
ℹ️  INFO: 🔑 AUTH SERVICE: Unknown auth strategy, clearing state...
ℹ️  INFO: Clearing auth state
00:04 +335 -4: C:/Users/zarik/OneDrive/Desktop/TrossApp/frontend/test/e2e/user_journey_e2e_test.dart: E2E User Journey Tests - State & Integration Provider Integration Backend health check integrates with app flow
❌ ERROR: Network connectivity check failed | MissingPluginException(No implementation found for method check on channel dev.fluttercommunity.plus/connectivity)
00:04 +335 -4: C:/Users/zarik/OneDrive/Desktop/TrossApp/frontend/test/e2e/concurrent_operations_test.dart: Concurrent Operations Tests - High Concurrency Scenarios Multi-Provider Concurrency Mixed operations across providers (100 total ops)
ℹ️  INFO: 🔑 AUTH SERVICE: ========== LOGOUT START (2025-11-11 13:25:23) ==========
   Context: {token: null, strategy: unknown, isAuth0: false, isDevUser: false}
ℹ️  INFO: 🔑 AUTH SERVICE: No token, skipping backend logout
ℹ️  INFO: 🔑 AUTH SERVICE: Unknown auth strategy, clearing state...
ℹ️  INFO: Clearing auth state
ℹ️  INFO: 🔑 AUTH SERVICE: ========== LOGOUT START (2025-11-11 13:25:23) ==========
   Context: {token: null, strategy: unknown, isAuth0: false, isDevUser: false}
ℹ️  INFO: 🔑 AUTH SERVICE: No token, skipping backend logout
ℹ️  INFO: 🔑 AUTH SERVICE: Unknown auth strategy, clearing state...
ℹ️  INFO: Clearing auth state
00:04 +335 -4: C:/Users/zarik/OneDrive/Desktop/TrossApp/frontend/test/e2e/user_journey_e2e_test.dart: E2E User Journey Tests - State & Integration Provider Integration Backend health check integrates with app flow
❌ ERROR: Network connectivity check failed | MissingPluginException(No implementation found for method check on channel dev.fluttercommunity.plus/connectivity)
00:04 +335 -4: C:/Users/zarik/OneDrive/Desktop/TrossApp/frontend/test/e2e/concurrent_operations_test.dart: Concurrent Operations Tests - High Concurrency Scenarios Multi-Provider Concurrency Mixed operations across providers (100 total ops)
ℹ️  INFO: 🔑 AUTH SERVICE: ========== LOGOUT START (2025-11-11 13:25:23) ==========
   Context: {token: null, strategy: unknown, isAuth0: false, isDevUser: false}
ℹ️  INFO: 🔑 AUTH SERVICE: No token, skipping backend logout
ℹ️  INFO: 🔑 AUTH SERVICE: Unknown auth strategy, clearing state...
ℹ️  INFO: Clearing auth state
ℹ️  INFO: 🔑 AUTH SERVICE: ========== LOGOUT START (2025-11-11 13:25:23) ==========
   Context: {token: null, strategy: unknown, isAuth0: false, isDevUser: false}
ℹ️  INFO: 🔑 AUTH SERVICE: No token, skipping backend logout
ℹ️  INFO: 🔑 AUTH SERVICE: Unknown auth strategy, clearing state...
ℹ️  INFO: Clearing auth state
ℹ️  INFO: 🔑 AUTH SERVICE: ========== LOGOUT START (2025-11-11 13:25:23) ==========
   Context: {token: null, strategy: unknown, isAuth0: false, isDevUser: false}
ℹ️  INFO: 🔑 AUTH SERVICE: No token, skipping backend logout
ℹ️  INFO: 🔑 AUTH SERVICE: Unknown auth strategy, clearing state...
ℹ️  INFO: Clearing auth state
ℹ️  INFO: 🔑 AUTH SERVICE: ========== LOGOUT START (2025-11-11 13:25:23) ==========
   Context: {token: null, strategy: unknown, isAuth0: false, isDevUser: false}
00:04 +335 -4: C:/Users/zarik/OneDrive/Desktop/TrossApp/frontend/test/e2e/user_journey_e2e_test.dart: E2E User Journey Tests - State & Integration Provider Integration Backend health check integrates with app flow
ℹ️  INFO: Service health check completed
00:04 +335 -4: C:/Users/zarik/OneDrive/Desktop/TrossApp/frontend/test/e2e/concurrent_operations_test.dart: Concurrent Operations Tests - High Concurrency Scenarios Multi-Provider Concurrency Mixed operations across providers (100 total ops)
ℹ️  INFO: 🔑 AUTH SERVICE: No token, skipping backend logout
ℹ️  INFO: 🔑 AUTH SERVICE: Unknown auth strategy, clearing state...
ℹ️  INFO: Clearing auth state
ℹ️  INFO: 🔑 AUTH SERVICE: ========== LOGOUT START (2025-11-11 13:25:23) ==========
00:04 +335 -4: C:/Users/zarik/OneDrive/Desktop/TrossApp/frontend/test/e2e/user_journey_e2e_test.dart: E2E User Journey Tests - State & Integration Provider Integration Backend health check integrates with app flow
   Context: {status: offline, isConnected: false}
00:04 +335 -4: C:/Users/zarik/OneDrive/Desktop/TrossApp/frontend/test/e2e/concurrent_operations_test.dart: Concurrent Operations Tests - High Concurrency Scenarios Multi-Provider Concurrency Mixed operations across providers (100 total ops)
   Context: {token: null, strategy: unknown, isAuth0: false, isDevUser: false}
ℹ️  INFO: 🔑 AUTH SERVICE: No token, skipping backend logout
ℹ️  INFO: 🔑 AUTH SERVICE: Unknown auth strategy, clearing state...
00:04 +335 -4: C:/Users/zarik/OneDrive/Desktop/TrossApp/frontend/test/e2e/user_journey_e2e_test.dart: E2E User Journey Tests - State & Integration Provider Integration Backend health check integrates with app flow
ℹ️  INFO: App state initialized successfully
00:04 +335 -4: C:/Users/zarik/OneDrive/Desktop/TrossApp/frontend/test/e2e/concurrent_operations_test.dart: Concurrent Operations Tests - High Concurrency Scenarios Multi-Provider Concurrency Mixed operations across providers (100 total ops)
ℹ️  INFO: Clearing auth state
ℹ️  INFO: 🔑 AUTH SERVICE: ========== LOGOUT START (2025-11-11 13:25:23) ==========
   Context: {token: null, strategy: unknown, isAuth0: false, isDevUser: false}
ℹ️  INFO: 🔑 AUTH SERVICE: No token, skipping backend logout
ℹ️  INFO: 🔑 AUTH SERVICE: Unknown auth strategy, clearing state...
ℹ️  INFO: Clearing auth state
ℹ️  INFO: 🔑 AUTH SERVICE: ========== LOGOUT START (2025-11-11 13:25:23) ==========
   Context: {token: null, strategy: unknown, isAuth0: false, isDevUser: false}
ℹ️  INFO: 🔑 AUTH SERVICE: No token, skipping backend logout
ℹ️  INFO: 🔑 AUTH SERVICE: Unknown auth strategy, clearing state...
ℹ️  INFO: Clearing auth state
ℹ️  INFO: 🔑 AUTH SERVICE: ========== LOGOUT START (2025-11-11 13:25:23) ==========
00:04 +335 -4: C:/Users/zarik/OneDrive/Desktop/TrossApp/frontend/test/e2e/user_journey_e2e_test.dart: E2E User Journey Tests - State & Integration Provider Integration Backend health check integrates with app flow
❌ ERROR: Network connectivity check failed | MissingPluginException(No implementation found for method check on channel dev.fluttercommunity.plus/connectivity)
00:04 +335 -4: C:/Users/zarik/OneDrive/Desktop/TrossApp/frontend/test/e2e/concurrent_operations_test.dart: Concurrent Operations Tests - High Concurrency Scenarios Multi-Provider Concurrency Mixed operations across providers (100 total ops)
   Context: {token: null, strategy: unknown, isAuth0: false, isDevUser: false}
ℹ️  INFO: 🔑 AUTH SERVICE: No token, skipping backend logout
00:04 +335 -4: C:/Users/zarik/OneDrive/Desktop/TrossApp/frontend/test/e2e/user_journey_e2e_test.dart: E2E User Journey Tests - State & Integration Provider Integration Backend health check integrates with app flow
ℹ️  INFO: Service health check completed
   Context: {status: offline, isConnected: false}
00:04 +336 -4: C:/Users/zarik/OneDrive/Desktop/TrossApp/frontend/test/e2e/concurrent_operations_test.dart: Concurrent Operations Tests - High Concurrency Scenarios Multi-Provider Concurrency Mixed operations across providers (100 total ops)
ℹ️  INFO: 🔑 AUTH SERVICE: Unknown auth strategy, clearing state...
ℹ️  INFO: Clearing auth state
ℹ️  INFO: 🔑 AUTH SERVICE: ========== LOGOUT START (2025-11-11 13:25:23) ==========
   Context: {token: null, strategy: unknown, isAuth0: false, isDevUser: false}
ℹ️  INFO: 🔑 AUTH SERVICE: No token, skipping backend logout
ℹ️  INFO: 🔑 AUTH SERVICE: Unknown auth strategy, clearing state...
ℹ️  INFO: Clearing auth state
ℹ️  INFO: 🔑 AUTH SERVICE: ========== LOGOUT START (2025-11-11 13:25:23) ==========
   Context: {token: null, strategy: unknown, isAuth0: false, isDevUser: false}
ℹ️  INFO: 🔑 AUTH SERVICE: No token, skipping backend logout
ℹ️  INFO: 🔑 AUTH SERVICE: Unknown auth strategy, clearing state...
ℹ️  INFO: Clearing auth state
ℹ️  INFO: 🔑 AUTH SERVICE: ========== LOGOUT START (2025-11-11 13:25:23) ==========
   Context: {token: null, strategy: unknown, isAuth0: false, isDevUser: false}
ℹ️  INFO: 🔑 AUTH SERVICE: No token, skipping backend logout
ℹ️  INFO: 🔑 AUTH SERVICE: Unknown auth strategy, clearing state...
ℹ️  INFO: Clearing auth state
ℹ️  INFO: 🔑 AUTH SERVICE: ========== LOGOUT START (2025-11-11 13:25:23) ==========
   Context: {token: null, strategy: unknown, isAuth0: false, isDevUser: false}
ℹ️  INFO: 🔑 AUTH SERVICE: No token, skipping backend logout
ℹ️  INFO: 🔑 AUTH SERVICE: Unknown auth strategy, clearing state...
ℹ️  INFO: Clearing auth state
ℹ️  INFO: 🔑 AUTH SERVICE: ========== LOGOUT START (2025-11-11 13:25:23) ==========
   Context: {token: null, strategy: unknown, isAuth0: false, isDevUser: false}
ℹ️  INFO: 🔑 AUTH SERVICE: No token, skipping backend logout
ℹ️  INFO: 🔑 AUTH SERVICE: Unknown auth strategy, clearing state...
ℹ️  INFO: Clearing auth state
ℹ️  INFO: 🔑 AUTH SERVICE: ========== LOGOUT START (2025-11-11 13:25:23) ==========
   Context: {token: null, strategy: unknown, isAuth0: false, isDevUser: false}
ℹ️  INFO: 🔑 AUTH SERVICE: No token, skipping backend logout
ℹ️  INFO: 🔑 AUTH SERVICE: Unknown auth strategy, clearing state...
ℹ️  INFO: Clearing auth state
ℹ️  INFO: 🔑 AUTH SERVICE: ========== LOGOUT START (2025-11-11 13:25:23) ==========
   Context: {token: null, strategy: unknown, isAuth0: false, isDevUser: false}
ℹ️  INFO: 🔑 AUTH SERVICE: No token, skipping backend logout
00:04 +336 -4: C:/Users/zarik/OneDrive/Desktop/TrossApp/frontend/test/e2e/user_journey_e2e_test.dart: E2E User Journey Tests - State & Integration Provider Integration Network connectivity check integrates properly
ℹ️  INFO: Initializing app state...
00:04 +336 -4: C:/Users/zarik/OneDrive/Desktop/TrossApp/frontend/test/e2e/concurrent_operations_test.dart: Concurrent Operations Tests - High Concurrency Scenarios Multi-Provider Concurrency Mixed operations across providers (100 total ops)
ℹ️  INFO: 🔑 AUTH SERVICE: Unknown auth strategy, clearing state...
ℹ️  INFO: Clearing auth state
ℹ️  INFO: 🔑 AUTH SERVICE: ========== LOGOUT START (2025-11-11 13:25:23) ==========
   Context: {token: null, strategy: unknown, isAuth0: false, isDevUser: false}
ℹ️  INFO: 🔑 AUTH SERVICE: No token, skipping backend logout
ℹ️  INFO: 🔑 AUTH SERVICE: Unknown auth strategy, clearing state...
00:04 +336 -4: C:/Users/zarik/OneDrive/Desktop/TrossApp/frontend/test/e2e/user_journey_e2e_test.dart: E2E User Journey Tests - State & Integration Provider Integration Network connectivity check integrates properly
❌ ERROR: Network connectivity check failed | MissingPluginException(No implementation found for method check on channel dev.fluttercommunity.plus/connectivity)
00:04 +336 -4: C:/Users/zarik/OneDrive/Desktop/TrossApp/frontend/test/e2e/concurrent_operations_test.dart: Concurrent Operations Tests - High Concurrency Scenarios Multi-Provider Concurrency Mixed operations across providers (100 total ops)
ℹ️  INFO: Clearing auth state
ℹ️  INFO: 🔑 AUTH SERVICE: ========== LOGOUT START (2025-11-11 13:25:23) ==========
   Context: {token: null, strategy: unknown, isAuth0: false, isDevUser: false}
ℹ️  INFO: 🔑 AUTH SERVICE: No token, skipping backend logout
ℹ️  INFO: 🔑 AUTH SERVICE: Unknown auth strategy, clearing state...
ℹ️  INFO: Clearing auth state
ℹ️  INFO: 🔑 AUTH SERVICE: ========== LOGOUT START (2025-11-11 13:25:23) ==========
   Context: {token: null, strategy: unknown, isAuth0: false, isDevUser: false}
ℹ️  INFO: 🔑 AUTH SERVICE: No token, skipping backend logout
ℹ️  INFO: 🔑 AUTH SERVICE: Unknown auth strategy, clearing state...
ℹ️  INFO: Clearing auth state
ℹ️  INFO: 🔑 AUTH SERVICE: ========== LOGOUT START (2025-11-11 13:25:23) ==========
   Context: {token: null, strategy: unknown, isAuth0: false, isDevUser: false}
ℹ️  INFO: 🔑 AUTH SERVICE: No token, skipping backend logout
ℹ️  INFO: 🔑 AUTH SERVICE: Unknown auth strategy, clearing state...
ℹ️  INFO: Clearing auth state
ℹ️  INFO: 🔑 AUTH SERVICE: ========== LOGOUT START (2025-11-11 13:25:23) ==========
   Context: {token: null, strategy: unknown, isAuth0: false, isDevUser: false}
ℹ️  INFO: 🔑 AUTH SERVICE: No token, skipping backend logout
ℹ️  INFO: 🔑 AUTH SERVICE: Unknown auth strategy, clearing state...
ℹ️  INFO: Clearing auth state
ℹ️  INFO: 🔑 AUTH SERVICE: ========== LOGOUT START (2025-11-11 13:25:23) ==========
   Context: {token: null, strategy: unknown, isAuth0: false, isDevUser: false}
ℹ️  INFO: 🔑 AUTH SERVICE: No token, skipping backend logout
00:04 +336 -4: C:/Users/zarik/OneDrive/Desktop/TrossApp/frontend/test/e2e/user_journey_e2e_test.dart: E2E User Journey Tests - State & Integration Provider Integration Network connectivity check integrates properly
❌ ERROR: Network connectivity check failed | MissingPluginException(No implementation found for method check on channel dev.fluttercommunity.plus/connectivity)
00:04 +336 -4: C:/Users/zarik/OneDrive/Desktop/TrossApp/frontend/test/e2e/concurrent_operations_test.dart: Concurrent Operations Tests - High Concurrency Scenarios Multi-Provider Concurrency Mixed operations across providers (100 total ops)
ℹ️  INFO: 🔑 AUTH SERVICE: Unknown auth strategy, clearing state...
ℹ️  INFO: Clearing auth state
ℹ️  INFO: 🔑 AUTH SERVICE: ========== LOGOUT START (2025-11-11 13:25:23) ==========
   Context: {token: null, strategy: unknown, isAuth0: false, isDevUser: false}
ℹ️  INFO: 🔑 AUTH SERVICE: No token, skipping backend logout
ℹ️  INFO: 🔑 AUTH SERVICE: Unknown auth strategy, clearing state...
ℹ️  INFO: Clearing auth state
ℹ️  INFO: 🔑 AUTH SERVICE: ========== LOGOUT START (2025-11-11 13:25:23) ==========
   Context: {token: null, strategy: unknown, isAuth0: false, isDevUser: false}
ℹ️  INFO: 🔑 AUTH SERVICE: No token, skipping backend logout
ℹ️  INFO: 🔑 AUTH SERVICE: Unknown auth strategy, clearing state...
00:04 +336 -4: C:/Users/zarik/OneDrive/Desktop/TrossApp/frontend/test/e2e/user_journey_e2e_test.dart: E2E User Journey Tests - State & Integration Provider Integration Network connectivity check integrates properly
ℹ️  INFO: Service health check completed
   Context: {status: offline, isConnected: false}
00:04 +336 -4: C:/Users/zarik/OneDrive/Desktop/TrossApp/frontend/test/e2e/concurrent_operations_test.dart: Concurrent Operations Tests - High Concurrency Scenarios Multi-Provider Concurrency Mixed operations across providers (100 total ops)
ℹ️  INFO: Clearing auth state
ℹ️  INFO: 🔑 AUTH SERVICE: ========== LOGOUT START (2025-11-11 13:25:23) ==========
   Context: {token: null, strategy: unknown, isAuth0: false, isDevUser: false}
ℹ️  INFO: 🔑 AUTH SERVICE: No token, skipping backend logout
ℹ️  INFO: 🔑 AUTH SERVICE: Unknown auth strategy, clearing state...
ℹ️  INFO: Clearing auth state
00:04 +336 -4: C:/Users/zarik/OneDrive/Desktop/TrossApp/frontend/test/e2e/user_journey_e2e_test.dart: E2E User Journey Tests - State & Integration Provider Integration Network connectivity check integrates properly
ℹ️  INFO: App state initialized successfully
❌ ERROR: Network connectivity check failed | MissingPluginException(No implementation found for method check on channel dev.fluttercommunity.plus/connectivity)
00:04 +336 -4: C:/Users/zarik/OneDrive/Desktop/TrossApp/frontend/test/e2e/concurrent_operations_test.dart: Concurrent Operations Tests - High Concurrency Scenarios Multi-Provider Concurrency Mixed operations across providers (100 total ops)
ℹ️  INFO: 🔑 AUTH SERVICE: ========== LOGOUT START (2025-11-11 13:25:23) ==========
00:04 +337 -4: C:/Users/zarik/OneDrive/Desktop/TrossApp/frontend/test/e2e/concurrent_operations_test.dart: Concurrent Operations Tests - High Concurrency Scenarios Multi-Provider Concurrency Mixed operations across providers (100 total ops)
   Context: {token: null, strategy: unknown, isAuth0: false, isDevUser: false}
ℹ️  INFO: 🔑 AUTH SERVICE: No token, skipping backend logout
ℹ️  INFO: 🔑 AUTH SERVICE: Unknown auth strategy, clearing state...
ℹ️  INFO: Clearing auth state
ℹ️  INFO: 🔑 AUTH SERVICE: ========== LOGOUT START (2025-11-11 13:25:23) ==========
   Context: {token: null, strategy: unknown, isAuth0: false, isDevUser: false}
ℹ️  INFO: 🔑 AUTH SERVICE: No token, skipping backend logout
ℹ️  INFO: 🔑 AUTH SERVICE: Unknown auth strategy, clearing state...
ℹ️  INFO: Clearing auth state
ℹ️  INFO: 🔑 AUTH SERVICE: ========== LOGOUT START (2025-11-11 13:25:23) ==========
   Context: {token: null, strategy: unknown, isAuth0: false, isDevUser: false}
ℹ️  INFO: 🔑 AUTH SERVICE: No token, skipping backend logout
ℹ️  INFO: 🔑 AUTH SERVICE: Unknown auth strategy, clearing state...
ℹ️  INFO: Clearing auth state
ℹ️  INFO: 🔑 AUTH SERVICE: ========== LOGOUT START (2025-11-11 13:25:23) ==========
   Context: {token: null, strategy: unknown, isAuth0: false, isDevUser: false}
ℹ️  INFO: 🔑 AUTH SERVICE: No token, skipping backend logout
ℹ️  INFO: 🔑 AUTH SERVICE: Unknown auth strategy, clearing state...
ℹ️  INFO: Clearing auth state
ℹ️  INFO: 🔑 AUTH SERVICE: ========== LOGOUT START (2025-11-11 13:25:23) ==========
   Context: {token: null, strategy: unknown, isAuth0: false, isDevUser: false}
ℹ️  INFO: 🔑 AUTH SERVICE: No token, skipping backend logout
ℹ️  INFO: 🔑 AUTH SERVICE: Unknown auth strategy, clearing state...
ℹ️  INFO: Clearing auth state
ℹ️  INFO: 🔑 AUTH SERVICE: ========== LOGOUT START (2025-11-11 13:25:23) ==========
   Context: {token: null, strategy: unknown, isAuth0: false, isDevUser: false}
ℹ️  INFO: 🔑 AUTH SERVICE: No token, skipping backend logout
ℹ️  INFO: 🔑 AUTH SERVICE: Unknown auth strategy, clearing state...
ℹ️  INFO: Clearing auth state
ℹ️  INFO: 🔑 AUTH SERVICE: ========== LOGOUT START (2025-11-11 13:25:23) ==========
   Context: {token: null, strategy: unknown, isAuth0: false, isDevUser: false}
ℹ️  INFO: 🔑 AUTH SERVICE: No token, skipping backend logout
ℹ️  INFO: 🔑 AUTH SERVICE: Unknown auth strategy, clearing state...
ℹ️  INFO: Clearing auth state
ℹ️  INFO: 🔑 AUTH SERVICE: ========== LOGOUT START (2025-11-11 13:25:23) ==========
   Context: {token: null, strategy: unknown, isAuth0: false, isDevUser: false}
00:04 +337 -4: C:/Users/zarik/OneDrive/Desktop/TrossApp/frontend/test/e2e/user_journey_e2e_test.dart: E2E User Journey Tests - State & Integration Error Recovery & Resilience Providers recover from initialization failures
ℹ️  INFO: Initializing app state...
00:04 +337 -4: C:/Users/zarik/OneDrive/Desktop/TrossApp/frontend/test/e2e/concurrent_operations_test.dart: Concurrent Operations Tests - High Concurrency Scenarios Multi-Provider Concurrency Mixed operations across providers (100 total ops)
ℹ️  INFO: 🔑 AUTH SERVICE: No token, skipping backend logout
ℹ️  INFO: 🔑 AUTH SERVICE: Unknown auth strategy, clearing state...
ℹ️  INFO: Clearing auth state
❌ ERROR: Failed to clear auth data | MissingPluginException(No implementation found for method delete on channel plugins.it_nomads.com/flutter_secure_storage)
ℹ️  INFO: Auth data cleared
ℹ️  INFO: Auth state cleared
00:04 +337 -4: C:/Users/zarik/OneDrive/Desktop/TrossApp/frontend/test/e2e/user_journey_e2e_test.dart: E2E User Journey Tests - State & Integration Error Recovery & Resilience Providers recover from initialization failures
❌ ERROR: Network connectivity check failed | MissingPluginException(No implementation found for method check on channel dev.fluttercommunity.plus/connectivity)
00:04 +337 -4: C:/Users/zarik/OneDrive/Desktop/TrossApp/frontend/test/e2e/concurrent_operations_test.dart: Concurrent Operations Tests - High Concurrency Scenarios Multi-Provider Concurrency Mixed operations across providers (100 total ops)
ℹ️  INFO: 🔑 AUTH SERVICE: ========== LOGOUT END (total: 24ms) ==========
❌ ERROR: Network connectivity check failed | MissingPluginException(No implementation found for method check on channel dev.fluttercommunity.plus/connectivity)
ℹ️  INFO: Service health check completed
   Context: {status: offline, isConnected: false}
❌ ERROR: Failed to clear auth data | MissingPluginException(No implementation found for method delete on channel plugins.it_nomads.com/flutter_secure_storage)
ℹ️  INFO: Auth data cleared
ℹ️  INFO: Auth state cleared
ℹ️  INFO: 🔑 AUTH SERVICE: ========== LOGOUT END (total: 25ms) ==========
❌ ERROR: Network connectivity check failed | MissingPluginException(No implementation found for method check on channel dev.fluttercommunity.plus/connectivity)
ℹ️  INFO: Service health check completed
   Context: {status: offline, isConnected: false}
❌ ERROR: Failed to clear auth data | MissingPluginException(No implementation found for method delete on channel plugins.it_nomads.com/flutter_secure_storage)
ℹ️  INFO: Auth data cleared
00:04 +337 -4: C:/Users/zarik/OneDrive/Desktop/TrossApp/frontend/test/e2e/user_journey_e2e_test.dart: E2E User Journey Tests - State & Integration Error Recovery & Resilience Providers recover from initialization failures
❌ ERROR: Network connectivity check failed | MissingPluginException(No implementation found for method check on channel dev.fluttercommunity.plus/connectivity)
00:04 +337 -4: C:/Users/zarik/OneDrive/Desktop/TrossApp/frontend/test/e2e/concurrent_operations_test.dart: Concurrent Operations Tests - High Concurrency Scenarios Multi-Provider Concurrency Mixed operations across providers (100 total ops)
ℹ️  INFO: Auth state cleared
ℹ️  INFO: 🔑 AUTH SERVICE: ========== LOGOUT END (total: 25ms) ==========
❌ ERROR: Network connectivity check failed | MissingPluginException(No implementation found for method check on channel dev.fluttercommunity.plus/connectivity)
ℹ️  INFO: Service health check completed
   Context: {status: offline, isConnected: false}
❌ ERROR: Failed to clear auth data | MissingPluginException(No implementation found for method delete on channel plugins.it_nomads.com/flutter_secure_storage)
ℹ️  INFO: Auth data cleared
ℹ️  INFO: Auth state cleared
ℹ️  INFO: 🔑 AUTH SERVICE: ========== LOGOUT END (total: 27ms) ==========
❌ ERROR: Network connectivity check failed | MissingPluginException(No implementation found for method check on channel dev.fluttercommunity.plus/connectivity)
ℹ️  INFO: Service health check completed
00:04 +337 -4: C:/Users/zarik/OneDrive/Desktop/TrossApp/frontend/test/e2e/user_journey_e2e_test.dart: E2E User Journey Tests - State & Integration Error Recovery & Resilience Providers recover from initialization failures
ℹ️  INFO: Service health check completed
00:04 +337 -4: C:/Users/zarik/OneDrive/Desktop/TrossApp/frontend/test/e2e/concurrent_operations_test.dart: Concurrent Operations Tests - High Concurrency Scenarios Multi-Provider Concurrency Mixed operations across providers (100 total ops)
   Context: {status: offline, isConnected: false}
00:04 +337 -4: C:/Users/zarik/OneDrive/Desktop/TrossApp/frontend/test/e2e/user_journey_e2e_test.dart: E2E User Journey Tests - State & Integration Error Recovery & Resilience Providers recover from initialization failures
   Context: {status: offline, isConnected: false}
00:04 +337 -4: C:/Users/zarik/OneDrive/Desktop/TrossApp/frontend/test/e2e/concurrent_operations_test.dart: Concurrent Operations Tests - High Concurrency Scenarios Multi-Provider Concurrency Mixed operations across providers (100 total ops)
❌ ERROR: Failed to clear auth data | MissingPluginException(No implementation found for method delete on channel plugins.it_nomads.com/flutter_secure_storage)
ℹ️  INFO: Auth data cleared
00:04 +337 -4: C:/Users/zarik/OneDrive/Desktop/TrossApp/frontend/test/e2e/user_journey_e2e_test.dart: E2E User Journey Tests - State & Integration Error Recovery & Resilience Providers recover from initialization failures
ℹ️  INFO: App state initialized successfully
00:04 +337 -4: C:/Users/zarik/OneDrive/Desktop/TrossApp/frontend/test/e2e/concurrent_operations_test.dart: Concurrent Operations Tests - High Concurrency Scenarios Multi-Provider Concurrency Mixed operations across providers (100 total ops)
ℹ️  INFO: Auth state cleared
00:04 +337 -4: C:/Users/zarik/OneDrive/Desktop/TrossApp/frontend/test/e2e/user_journey_e2e_test.dart: E2E User Journey Tests - State & Integration Error Recovery & Resilience Providers recover from initialization failures
❌ ERROR: Failed to retrieve stored auth data | MissingPluginException(No implementation found for method read on channel plugins.it_nomads.com/flutter_secure_storage)
00:04 +337 -4: C:/Users/zarik/OneDrive/Desktop/TrossApp/frontend/test/e2e/concurrent_operations_test.dart: Concurrent Operations Tests - High Concurrency Scenarios Multi-Provider Concurrency Mixed operations across providers (100 total ops)
ℹ️  INFO: 🔑 AUTH SERVICE: ========== LOGOUT END (total: 28ms) ==========
❌ ERROR: Network connectivity check failed | MissingPluginException(No implementation found for method check on channel dev.fluttercommunity.plus/connectivity)
00:04 +337 -4: C:/Users/zarik/OneDrive/Desktop/TrossApp/frontend/test/e2e/user_journey_e2e_test.dart: E2E User Journey Tests - State & Integration Error Recovery & Resilience Providers recover from initialization failures
ℹ️  INFO: No stored auth data found
ℹ️  INFO: No stored auth data found
ℹ️  INFO: Auth state initialized - no active session
00:04 +338 -4: C:/Users/zarik/OneDrive/Desktop/TrossApp/frontend/test/e2e/concurrent_operations_test.dart: Concurrent Operations Tests - High Concurrency Scenarios Multi-Provider Concurrency Mixed operations across providers (100 total ops)
ℹ️  INFO: Service health check completed
   Context: {status: offline, isConnected: false}
❌ ERROR: Failed to clear auth data | MissingPluginException(No implementation found for method delete on channel plugins.it_nomads.com/flutter_secure_storage)
ℹ️  INFO: Auth data cleared
ℹ️  INFO: Auth state cleared
ℹ️  INFO: 🔑 AUTH SERVICE: ========== LOGOUT END (total: 29ms) ==========
❌ ERROR: Network connectivity check failed | MissingPluginException(No implementation found for method check on channel dev.fluttercommunity.plus/connectivity)
ℹ️  INFO: Service health check completed
   Context: {status: offline, isConnected: false}
❌ ERROR: Failed to clear auth data | MissingPluginException(No implementation found for method delete on channel plugins.it_nomads.com/flutter_secure_storage)
ℹ️  INFO: Auth data cleared
ℹ️  INFO: Auth state cleared
ℹ️  INFO: 🔑 AUTH SERVICE: ========== LOGOUT END (total: 30ms) ==========
❌ ERROR: Network connectivity check failed | MissingPluginException(No implementation found for method check on channel dev.fluttercommunity.plus/connectivity)
ℹ️  INFO: Service health check completed
   Context: {status: offline, isConnected: false}
❌ ERROR: Failed to clear auth data | MissingPluginException(No implementation found for method delete on channel plugins.it_nomads.com/flutter_secure_storage)
ℹ️  INFO: Auth data cleared
ℹ️  INFO: Auth state cleared
ℹ️  INFO: 🔑 AUTH SERVICE: ========== LOGOUT END (total: 30ms) ==========
❌ ERROR: Network connectivity check failed | MissingPluginException(No implementation found for method check on channel dev.fluttercommunity.plus/connectivity)
ℹ️  INFO: Service health check completed
   Context: {status: offline, isConnected: false}
❌ ERROR: Failed to clear auth data | MissingPluginException(No implementation found for method delete on channel plugins.it_nomads.com/flutter_secure_storage)
ℹ️  INFO: Auth data cleared
ℹ️  INFO: Auth state cleared
ℹ️  INFO: 🔑 AUTH SERVICE: ========== LOGOUT END (total: 33ms) ==========
❌ ERROR: Network connectivity check failed | MissingPluginException(No implementation found for method check on channel dev.fluttercommunity.plus/connectivity)
ℹ️  INFO: Service health check completed
   Context: {status: offline, isConnected: false}
❌ ERROR: Failed to clear auth data | MissingPluginException(No implementation found for method delete on channel plugins.it_nomads.com/flutter_secure_storage)
ℹ️  INFO: Auth data cleared
ℹ️  INFO: Auth state cleared
ℹ️  INFO: 🔑 AUTH SERVICE: ========== LOGOUT END (total: 33ms) ==========
00:04 +338 -4: C:/Users/zarik/OneDrive/Desktop/TrossApp/frontend/test/e2e/user_journey_e2e_test.dart: E2E User Journey Tests - State & Integration Error Recovery & Resilience Logout works even with errors
ℹ️  INFO: 🔑 AUTH SERVICE: ========== LOGOUT START (2025-11-11 13:25:23) ==========
00:04 +338 -4: C:/Users/zarik/OneDrive/Desktop/TrossApp/frontend/test/e2e/concurrent_operations_test.dart: Concurrent Operations Tests - High Concurrency Scenarios Multi-Provider Concurrency Mixed operations across providers (100 total ops)
❌ ERROR: Network connectivity check failed | MissingPluginException(No implementation found for method check on channel dev.fluttercommunity.plus/connectivity)
ℹ️  INFO: Service health check completed
   Context: {status: offline, isConnected: false}
❌ ERROR: Failed to clear auth data | MissingPluginException(No implementation found for method delete on channel plugins.it_nomads.com/flutter_secure_storage)
ℹ️  INFO: Auth data cleared
ℹ️  INFO: Auth state cleared
ℹ️  INFO: 🔑 AUTH SERVICE: ========== LOGOUT END (total: 35ms) ==========
❌ ERROR: Network connectivity check failed | MissingPluginException(No implementation found for method check on channel dev.fluttercommunity.plus/connectivity)
ℹ️  INFO: Service health check completed
   Context: {status: offline, isConnected: false}
❌ ERROR: Failed to clear auth data | MissingPluginException(No implementation found for method delete on channel plugins.it_nomads.com/flutter_secure_storage)
00:04 +338 -4: C:/Users/zarik/OneDrive/Desktop/TrossApp/frontend/test/e2e/user_journey_e2e_test.dart: E2E User Journey Tests - State & Integration Error Recovery & Resilience Logout works even with errors
   Context: {token: null, strategy: unknown, isAuth0: false, isDevUser: false}
00:04 +338 -4: C:/Users/zarik/OneDrive/Desktop/TrossApp/frontend/test/e2e/concurrent_operations_test.dart: Concurrent Operations Tests - High Concurrency Scenarios Multi-Provider Concurrency Mixed operations across providers (100 total ops)
ℹ️  INFO: Auth data cleared
00:04 +338 -4: C:/Users/zarik/OneDrive/Desktop/TrossApp/frontend/test/e2e/user_journey_e2e_test.dart: E2E User Journey Tests - State & Integration Error Recovery & Resilience Logout works even with errors
ℹ️  INFO: 🔑 AUTH SERVICE: No token, skipping backend logout
ℹ️  INFO: 🔑 AUTH SERVICE: Unknown auth strategy, clearing state...
00:04 +338 -4: C:/Users/zarik/OneDrive/Desktop/TrossApp/frontend/test/e2e/concurrent_operations_test.dart: Concurrent Operations Tests - High Concurrency Scenarios Multi-Provider Concurrency Mixed operations across providers (100 total ops)
ℹ️  INFO: Auth state cleared
ℹ️  INFO: 🔑 AUTH SERVICE: ========== LOGOUT END (total: 35ms) ==========
❌ ERROR: Network connectivity check failed | MissingPluginException(No implementation found for method check on channel dev.fluttercommunity.plus/connectivity)
ℹ️  INFO: Service health check completed
   Context: {status: offline, isConnected: false}
❌ ERROR: Failed to clear auth data | MissingPluginException(No implementation found for method delete on channel plugins.it_nomads.com/flutter_secure_storage)
ℹ️  INFO: Auth data cleared
00:04 +338 -4: C:/Users/zarik/OneDrive/Desktop/TrossApp/frontend/test/e2e/user_journey_e2e_test.dart: E2E User Journey Tests - State & Integration Error Recovery & Resilience Logout works even with errors
ℹ️  INFO: Clearing auth state
❌ ERROR: Failed to clear auth data | MissingPluginException(No implementation found for method delete on channel plugins.it_nomads.com/flutter_secure_storage)
00:04 +338 -4: C:/Users/zarik/OneDrive/Desktop/TrossApp/frontend/test/e2e/concurrent_operations_test.dart: Concurrent Operations Tests - High Concurrency Scenarios Multi-Provider Concurrency Mixed operations across providers (100 total ops)
ℹ️  INFO: Auth state cleared
ℹ️  INFO: 🔑 AUTH SERVICE: ========== LOGOUT END (total: 35ms) ==========
❌ ERROR: Network connectivity check failed | MissingPluginException(No implementation found for method check on channel dev.fluttercommunity.plus/connectivity)
00:04 +338 -4: C:/Users/zarik/OneDrive/Desktop/TrossApp/frontend/test/e2e/user_journey_e2e_test.dart: E2E User Journey Tests - State & Integration Error Recovery & Resilience Logout works even with errors
ℹ️  INFO: Auth data cleared
00:04 +338 -4: C:/Users/zarik/OneDrive/Desktop/TrossApp/frontend/test/e2e/concurrent_operations_test.dart: Concurrent Operations Tests - High Concurrency Scenarios Multi-Provider Concurrency Mixed operations across providers (100 total ops)
ℹ️  INFO: Service health check completed
00:04 +338 -4: C:/Users/zarik/OneDrive/Desktop/TrossApp/frontend/test/e2e/user_journey_e2e_test.dart: E2E User Journey Tests - State & Integration Error Recovery & Resilience Logout works even with errors
ℹ️  INFO: Auth state cleared
00:04 +338 -4: C:/Users/zarik/OneDrive/Desktop/TrossApp/frontend/test/e2e/concurrent_operations_test.dart: Concurrent Operations Tests - High Concurrency Scenarios Multi-Provider Concurrency Mixed operations across providers (100 total ops)
   Context: {status: offline, isConnected: false}
❌ ERROR: Failed to clear auth data | MissingPluginException(No implementation found for method delete on channel plugins.it_nomads.com/flutter_secure_storage)
00:04 +338 -4: C:/Users/zarik/OneDrive/Desktop/TrossApp/frontend/test/e2e/user_journey_e2e_test.dart: E2E User Journey Tests - State & Integration Error Recovery & Resilience Logout works even with errors
ℹ️  INFO: 🔑 AUTH SERVICE: ========== LOGOUT END (total: 1ms) ==========
00:04 +338 -4: C:/Users/zarik/OneDrive/Desktop/TrossApp/frontend/test/e2e/concurrent_operations_test.dart: Concurrent Operations Tests - High Concurrency Scenarios Multi-Provider Concurrency Mixed operations across providers (100 total ops)
ℹ️  INFO: Auth data cleared
ℹ️  INFO: Auth state cleared
00:04 +339 -4: C:/Users/zarik/OneDrive/Desktop/TrossApp/frontend/test/e2e/concurrent_operations_test.dart: Concurrent Operations Tests - High Concurrency Scenarios Multi-Provider Concurrency Mixed operations across providers (100 total ops)
ℹ️  INFO: 🔑 AUTH SERVICE: ========== LOGOUT END (total: 36ms) ==========
❌ ERROR: Network connectivity check failed | MissingPluginException(No implementation found for method check on channel dev.fluttercommunity.plus/connectivity)
ℹ️  INFO: Service health check completed
   Context: {status: offline, isConnected: false}
❌ ERROR: Failed to clear auth data | MissingPluginException(No implementation found for method delete on channel plugins.it_nomads.com/flutter_secure_storage)
ℹ️  INFO: Auth data cleared
ℹ️  INFO: Auth state cleared
ℹ️  INFO: 🔑 AUTH SERVICE: ========== LOGOUT END (total: 36ms) ==========
❌ ERROR: Network connectivity check failed | MissingPluginException(No implementation found for method check on channel dev.fluttercommunity.plus/connectivity)
ℹ️  INFO: Service health check completed
   Context: {status: offline, isConnected: false}
❌ ERROR: Failed to clear auth data | MissingPluginException(No implementation found for method delete on channel plugins.it_nomads.com/flutter_secure_storage)
ℹ️  INFO: Auth data cleared
ℹ️  INFO: Auth state cleared
ℹ️  INFO: 🔑 AUTH SERVICE: ========== LOGOUT END (total: 37ms) ==========
❌ ERROR: Network connectivity check failed | MissingPluginException(No implementation found for method check on channel dev.fluttercommunity.plus/connectivity)
ℹ️  INFO: Service health check completed
   Context: {status: offline, isConnected: false}
❌ ERROR: Failed to clear auth data | MissingPluginException(No implementation found for method delete on channel plugins.it_nomads.com/flutter_secure_storage)
ℹ️  INFO: Auth data cleared
ℹ️  INFO: Auth state cleared
ℹ️  INFO: 🔑 AUTH SERVICE: ========== LOGOUT END (total: 37ms) ==========
❌ ERROR: Network connectivity check failed | MissingPluginException(No implementation found for method check on channel dev.fluttercommunity.plus/connectivity)
ℹ️  INFO: Service health check completed
   Context: {status: offline, isConnected: false}
❌ ERROR: Failed to clear auth data | MissingPluginException(No implementation found for method delete on channel plugins.it_nomads.com/flutter_secure_storage)
ℹ️  INFO: Auth data cleared
ℹ️  INFO: Auth state cleared
ℹ️  INFO: 🔑 AUTH SERVICE: ========== LOGOUT END (total: 38ms) ==========
❌ ERROR: Network connectivity check failed | MissingPluginException(No implementation found for method check on channel dev.fluttercommunity.plus/connectivity)
ℹ️  INFO: Service health check completed
   Context: {status: offline, isConnected: false}
00:04 +339 -4: C:/Users/zarik/OneDrive/Desktop/TrossApp/frontend/test/e2e/user_journey_e2e_test.dart: E2E User Journey Tests - State & Integration Error Recovery & Resilience App remains functional after errors
ℹ️  INFO: Initializing app state...
❌ ERROR: Network connectivity check failed | MissingPluginException(No implementation found for method check on channel dev.fluttercommunity.plus/connectivity)
00:04 +339 -4: C:/Users/zarik/OneDrive/Desktop/TrossApp/frontend/test/e2e/concurrent_operations_test.dart: Concurrent Operations Tests - High Concurrency Scenarios Multi-Provider Concurrency Mixed operations across providers (100 total ops)
❌ ERROR: Failed to clear auth data | MissingPluginException(No implementation found for method delete on channel plugins.it_nomads.com/flutter_secure_storage)
ℹ️  INFO: Auth data cleared
ℹ️  INFO: Auth state cleared
ℹ️  INFO: 🔑 AUTH SERVICE: ========== LOGOUT END (total: 39ms) ==========
❌ ERROR: Network connectivity check failed | MissingPluginException(No implementation found for method check on channel dev.fluttercommunity.plus/connectivity)
ℹ️  INFO: Service health check completed
   Context: {status: offline, isConnected: false}
❌ ERROR: Failed to clear auth data | MissingPluginException(No implementation found for method delete on channel plugins.it_nomads.com/flutter_secure_storage)
ℹ️  INFO: Auth data cleared
ℹ️  INFO: Auth state cleared
ℹ️  INFO: 🔑 AUTH SERVICE: ========== LOGOUT END (total: 38ms) ==========
❌ ERROR: Network connectivity check failed | MissingPluginException(No implementation found for method check on channel dev.fluttercommunity.plus/connectivity)
ℹ️  INFO: Service health check completed
   Context: {status: offline, isConnected: false}
❌ ERROR: Failed to clear auth data | MissingPluginException(No implementation found for method delete on channel plugins.it_nomads.com/flutter_secure_storage)
ℹ️  INFO: Auth data cleared
00:04 +339 -4: C:/Users/zarik/OneDrive/Desktop/TrossApp/frontend/test/e2e/user_journey_e2e_test.dart: E2E User Journey Tests - State & Integration Error Recovery & Resilience App remains functional after errors
❌ ERROR: Network connectivity check failed | MissingPluginException(No implementation found for method check on channel dev.fluttercommunity.plus/connectivity)
00:04 +339 -4: C:/Users/zarik/OneDrive/Desktop/TrossApp/frontend/test/e2e/concurrent_operations_test.dart: Concurrent Operations Tests - High Concurrency Scenarios Multi-Provider Concurrency Mixed operations across providers (100 total ops)
ℹ️  INFO: Auth state cleared
ℹ️  INFO: 🔑 AUTH SERVICE: ========== LOGOUT END (total: 39ms) ==========
00:04 +339 -4: C:/Users/zarik/OneDrive/Desktop/TrossApp/frontend/test/e2e/user_journey_e2e_test.dart: E2E User Journey Tests - State & Integration Error Recovery & Resilience App remains functional after errors
ℹ️  INFO: Service health check completed
00:04 +339 -4: C:/Users/zarik/OneDrive/Desktop/TrossApp/frontend/test/e2e/concurrent_operations_test.dart: Concurrent Operations Tests - High Concurrency Scenarios Multi-Provider Concurrency Mixed operations across providers (100 total ops)
❌ ERROR: Network connectivity check failed | MissingPluginException(No implementation found for method check on channel dev.fluttercommunity.plus/connectivity)
ℹ️  INFO: Service health check completed
   Context: {status: offline, isConnected: false}
❌ ERROR: Failed to clear auth data | MissingPluginException(No implementation found for method delete on channel plugins.it_nomads.com/flutter_secure_storage)
ℹ️  INFO: Auth data cleared
00:04 +339 -4: C:/Users/zarik/OneDrive/Desktop/TrossApp/frontend/test/e2e/user_journey_e2e_test.dart: E2E User Journey Tests - State & Integration Error Recovery & Resilience App remains functional after errors
   Context: {status: offline, isConnected: false}
00:04 +339 -4: C:/Users/zarik/OneDrive/Desktop/TrossApp/frontend/test/e2e/concurrent_operations_test.dart: Concurrent Operations Tests - High Concurrency Scenarios Multi-Provider Concurrency Mixed operations across providers (100 total ops)
ℹ️  INFO: Auth state cleared
ℹ️  INFO: 🔑 AUTH SERVICE: ========== LOGOUT END (total: 40ms) ==========
❌ ERROR: Network connectivity check failed | MissingPluginException(No implementation found for method check on channel dev.fluttercommunity.plus/connectivity)
ℹ️  INFO: Service health check completed
   Context: {status: offline, isConnected: false}
00:04 +339 -4: C:/Users/zarik/OneDrive/Desktop/TrossApp/frontend/test/e2e/user_journey_e2e_test.dart: E2E User Journey Tests - State & Integration Error Recovery & Resilience App remains functional after errors
ℹ️  INFO: App state initialized successfully
00:04 +339 -4: C:/Users/zarik/OneDrive/Desktop/TrossApp/frontend/test/e2e/concurrent_operations_test.dart: Concurrent Operations Tests - High Concurrency Scenarios Multi-Provider Concurrency Mixed operations across providers (100 total ops)
❌ ERROR: Failed to clear auth data | MissingPluginException(No implementation found for method delete on channel plugins.it_nomads.com/flutter_secure_storage)
ℹ️  INFO: Auth data cleared
ℹ️  INFO: Auth state cleared
ℹ️  INFO: 🔑 AUTH SERVICE: ========== LOGOUT END (total: 39ms) ==========
00:04 +339 -4: C:/Users/zarik/OneDrive/Desktop/TrossApp/frontend/test/e2e/user_journey_e2e_test.dart: E2E User Journey Tests - State & Integration Error Recovery & Resilience App remains functional after errors
❌ ERROR: Network connectivity check failed | MissingPluginException(No implementation found for method check on channel dev.fluttercommunity.plus/connectivity)
00:04 +339 -4: C:/Users/zarik/OneDrive/Desktop/TrossApp/frontend/test/e2e/concurrent_operations_test.dart: Concurrent Operations Tests - High Concurrency Scenarios Multi-Provider Concurrency Mixed operations across providers (100 total ops)
❌ ERROR: Network connectivity check failed | MissingPluginException(No implementation found for method check on channel dev.fluttercommunity.plus/connectivity)
ℹ️  INFO: Service health check completed
   Context: {status: offline, isConnected: false}
❌ ERROR: Failed to clear auth data | MissingPluginException(No implementation found for method delete on channel plugins.it_nomads.com/flutter_secure_storage)
ℹ️  INFO: Auth data cleared
ℹ️  INFO: Auth state cleared
ℹ️  INFO: 🔑 AUTH SERVICE: ========== LOGOUT END (total: 40ms) ==========
❌ ERROR: Network connectivity check failed | MissingPluginException(No implementation found for method check on channel dev.fluttercommunity.plus/connectivity)
ℹ️  INFO: Service health check completed
00:04 +339 -4: C:/Users/zarik/OneDrive/Desktop/TrossApp/frontend/test/e2e/user_journey_e2e_test.dart: E2E User Journey Tests - State & Integration Error Recovery & Resilience App remains functional after errors
ℹ️  INFO: Service health check completed
   Context: {status: offline, isConnected: false}
❌ ERROR: Network connectivity check failed | MissingPluginException(No implementation found for method check on channel dev.fluttercommunity.plus/connectivity)
00:04 +340 -4: C:/Users/zarik/OneDrive/Desktop/TrossApp/frontend/test/e2e/concurrent_operations_test.dart: Concurrent Operations Tests - High Concurrency Scenarios Multi-Provider Concurrency Mixed operations across providers (100 total ops)
   Context: {status: offline, isConnected: false}
❌ ERROR: Failed to clear auth data | MissingPluginException(No implementation found for method delete on channel plugins.it_nomads.com/flutter_secure_storage)
ℹ️  INFO: Auth data cleared
ℹ️  INFO: Auth state cleared
ℹ️  INFO: 🔑 AUTH SERVICE: ========== LOGOUT END (total: 40ms) ==========
❌ ERROR: Network connectivity check failed | MissingPluginException(No implementation found for method check on channel dev.fluttercommunity.plus/connectivity)
ℹ️  INFO: Service health check completed
   Context: {status: offline, isConnected: false}
❌ ERROR: Failed to clear auth data | MissingPluginException(No implementation found for method delete on channel plugins.it_nomads.com/flutter_secure_storage)
ℹ️  INFO: Auth data cleared
ℹ️  INFO: Auth state cleared
ℹ️  INFO: 🔑 AUTH SERVICE: ========== LOGOUT END (total: 41ms) ==========
❌ ERROR: Network connectivity check failed | MissingPluginException(No implementation found for method check on channel dev.fluttercommunity.plus/connectivity)
ℹ️  INFO: Service health check completed
   Context: {status: offline, isConnected: false}
❌ ERROR: Failed to clear auth data | MissingPluginException(No implementation found for method delete on channel plugins.it_nomads.com/flutter_secure_storage)
ℹ️  INFO: Auth data cleared
ℹ️  INFO: Auth state cleared
ℹ️  INFO: 🔑 AUTH SERVICE: ========== LOGOUT END (total: 42ms) ==========
❌ ERROR: Network connectivity check failed | MissingPluginException(No implementation found for method check on channel dev.fluttercommunity.plus/connectivity)
ℹ️  INFO: Service health check completed
   Context: {status: offline, isConnected: false}
❌ ERROR: Failed to clear auth data | MissingPluginException(No implementation found for method delete on channel plugins.it_nomads.com/flutter_secure_storage)
ℹ️  INFO: Auth data cleared
ℹ️  INFO: Auth state cleared
ℹ️  INFO: 🔑 AUTH SERVICE: ========== LOGOUT END (total: 42ms) ==========
❌ ERROR: Network connectivity check failed | MissingPluginException(No implementation found for method check on channel dev.fluttercommunity.plus/connectivity)
ℹ️  INFO: Service health check completed
   Context: {status: offline, isConnected: false}
❌ ERROR: Failed to clear auth data | MissingPluginException(No implementation found for method delete on channel plugins.it_nomads.com/flutter_secure_storage)
ℹ️  INFO: Auth data cleared
ℹ️  INFO: Auth state cleared
ℹ️  INFO: 🔑 AUTH SERVICE: ========== LOGOUT END (total: 43ms) ==========
00:04 +340 -4: C:/Users/zarik/OneDrive/Desktop/TrossApp/frontend/test/e2e/user_journey_e2e_test.dart: E2E User Journey Tests - State & Integration State Transitions & Workflow Validation Complete app lifecycle: cold start → use → shutdown
❌ ERROR: Failed to retrieve stored auth data | MissingPluginException(No implementation found for method read on channel plugins.it_nomads.com/flutter_secure_storage)
00:04 +340 -4: C:/Users/zarik/OneDrive/Desktop/TrossApp/frontend/test/e2e/concurrent_operations_test.dart: Concurrent Operations Tests - High Concurrency Scenarios Multi-Provider Concurrency Mixed operations across providers (100 total ops)
❌ ERROR: Network connectivity check failed | MissingPluginException(No implementation found for method check on channel dev.fluttercommunity.plus/connectivity)
ℹ️  INFO: Service health check completed
   Context: {status: offline, isConnected: false}
❌ ERROR: Failed to clear auth data | MissingPluginException(No implementation found for method delete on channel plugins.it_nomads.com/flutter_secure_storage)
ℹ️  INFO: Auth data cleared
ℹ️  INFO: Auth state cleared
ℹ️  INFO: 🔑 AUTH SERVICE: ========== LOGOUT END (total: 43ms) ==========
❌ ERROR: Network connectivity check failed | MissingPluginException(No implementation found for method check on channel dev.fluttercommunity.plus/connectivity)
00:04 +340 -4: C:/Users/zarik/OneDrive/Desktop/TrossApp/frontend/test/e2e/user_journey_e2e_test.dart: E2E User Journey Tests - State & Integration State Transitions & Workflow Validation Complete app lifecycle: cold start → use → shutdown
ℹ️  INFO: No stored auth data found
00:04 +340 -4: C:/Users/zarik/OneDrive/Desktop/TrossApp/frontend/test/e2e/concurrent_operations_test.dart: Concurrent Operations Tests - High Concurrency Scenarios Multi-Provider Concurrency Mixed operations across providers (100 total ops)
ℹ️  INFO: Service health check completed
   Context: {status: offline, isConnected: false}
❌ ERROR: Failed to clear auth data | MissingPluginException(No implementation found for method delete on channel plugins.it_nomads.com/flutter_secure_storage)
ℹ️  INFO: Auth data cleared
ℹ️  INFO: Auth state cleared
ℹ️  INFO: 🔑 AUTH SERVICE: ========== LOGOUT END (total: 44ms) ==========
00:04 +340 -4: C:/Users/zarik/OneDrive/Desktop/TrossApp/frontend/test/e2e/user_journey_e2e_test.dart: E2E User Journey Tests - State & Integration State Transitions & Workflow Validation Complete app lifecycle: cold start → use → shutdown
ℹ️  INFO: No stored auth data found
00:04 +340 -4: C:/Users/zarik/OneDrive/Desktop/TrossApp/frontend/test/e2e/concurrent_operations_test.dart: Concurrent Operations Tests - High Concurrency Scenarios Multi-Provider Concurrency Mixed operations across providers (100 total ops)
❌ ERROR: Network connectivity check failed | MissingPluginException(No implementation found for method check on channel dev.fluttercommunity.plus/connectivity)
ℹ️  INFO: Service health check completed
   Context: {status: offline, isConnected: false}
❌ ERROR: Failed to clear auth data | MissingPluginException(No implementation found for method delete on channel plugins.it_nomads.com/flutter_secure_storage)
ℹ️  INFO: Auth data cleared
ℹ️  INFO: Auth state cleared
ℹ️  INFO: 🔑 AUTH SERVICE: ========== LOGOUT END (total: 44ms) ==========
❌ ERROR: Network connectivity check failed | MissingPluginException(No implementation found for method check on channel dev.fluttercommunity.plus/connectivity)
ℹ️  INFO: Service health check completed
00:04 +340 -4: C:/Users/zarik/OneDrive/Desktop/TrossApp/frontend/test/e2e/user_journey_e2e_test.dart: E2E User Journey Tests - State & Integration State Transitions & Workflow Validation Complete app lifecycle: cold start → use → shutdown
ℹ️  INFO: Auth state initialized - no active session
00:04 +340 -4: C:/Users/zarik/OneDrive/Desktop/TrossApp/frontend/test/e2e/concurrent_operations_test.dart: Concurrent Operations Tests - High Concurrency Scenarios Multi-Provider Concurrency Mixed operations across providers (100 total ops)
   Context: {status: offline, isConnected: false}
❌ ERROR: Failed to clear auth data | MissingPluginException(No implementation found for method delete on channel plugins.it_nomads.com/flutter_secure_storage)
00:04 +340 -4: C:/Users/zarik/OneDrive/Desktop/TrossApp/frontend/test/e2e/user_journey_e2e_test.dart: E2E User Journey Tests - State & Integration State Transitions & Workflow Validation Complete app lifecycle: cold start → use → shutdown
ℹ️  INFO: Initializing app state...
00:04 +340 -4: C:/Users/zarik/OneDrive/Desktop/TrossApp/frontend/test/e2e/concurrent_operations_test.dart: Concurrent Operations Tests - High Concurrency Scenarios Multi-Provider Concurrency Mixed operations across providers (100 total ops)
ℹ️  INFO: Auth data cleared
00:04 +340 -4: C:/Users/zarik/OneDrive/Desktop/TrossApp/frontend/test/e2e/user_journey_e2e_test.dart: E2E User Journey Tests - State & Integration State Transitions & Workflow Validation Complete app lifecycle: cold start → use → shutdown
❌ ERROR: Network connectivity check failed | MissingPluginException(No implementation found for method check on channel dev.fluttercommunity.plus/connectivity)
00:04 +340 -4: C:/Users/zarik/OneDrive/Desktop/TrossApp/frontend/test/e2e/concurrent_operations_test.dart: Concurrent Operations Tests - High Concurrency Scenarios Multi-Provider Concurrency Mixed operations across providers (100 total ops)
ℹ️  INFO: Auth state cleared
00:04 +340 -4: C:/Users/zarik/OneDrive/Desktop/TrossApp/frontend/test/e2e/user_journey_e2e_test.dart: E2E User Journey Tests - State & Integration State Transitions & Workflow Validation Complete app lifecycle: cold start → use → shutdown
❌ ERROR: Network connectivity check failed | MissingPluginException(No implementation found for method check on channel dev.fluttercommunity.plus/connectivity)
ℹ️  INFO: Service health check completed
   Context: {status: offline, isConnected: false}
00:04 +340 -4: C:/Users/zarik/OneDrive/Desktop/TrossApp/frontend/test/e2e/concurrent_operations_test.dart: Concurrent Operations Tests - High Concurrency Scenarios Multi-Provider Concurrency Mixed operations across providers (100 total ops)
ℹ️  INFO: 🔑 AUTH SERVICE: ========== LOGOUT END (total: 44ms) ==========
❌ ERROR: Network connectivity check failed | MissingPluginException(No implementation found for method check on channel dev.fluttercommunity.plus/connectivity)
ℹ️  INFO: Service health check completed
00:04 +340 -4: C:/Users/zarik/OneDrive/Desktop/TrossApp/frontend/test/e2e/user_journey_e2e_test.dart: E2E User Journey Tests - State & Integration State Transitions & Workflow Validation Complete app lifecycle: cold start → use → shutdown
ℹ️  INFO: App state initialized successfully
00:04 +340 -4: C:/Users/zarik/OneDrive/Desktop/TrossApp/frontend/test/e2e/concurrent_operations_test.dart: Concurrent Operations Tests - High Concurrency Scenarios Multi-Provider Concurrency Mixed operations across providers (100 total ops)
   Context: {status: offline, isConnected: false}
❌ ERROR: Failed to clear auth data | MissingPluginException(No implementation found for method delete on channel plugins.it_nomads.com/flutter_secure_storage)
00:04 +340 -4: C:/Users/zarik/OneDrive/Desktop/TrossApp/frontend/test/e2e/user_journey_e2e_test.dart: E2E User Journey Tests - State & Integration State Transitions & Workflow Validation Complete app lifecycle: cold start → use → shutdown
ℹ️  INFO: 🔑 AUTH SERVICE: ========== LOGOUT START (2025-11-11 13:25:24) ==========
   Context: {token: null, strategy: unknown, isAuth0: false, isDevUser: false}
00:04 +340 -4: C:/Users/zarik/OneDrive/Desktop/TrossApp/frontend/test/e2e/concurrent_operations_test.dart: Concurrent Operations Tests - High Concurrency Scenarios Multi-Provider Concurrency Mixed operations across providers (100 total ops)
ℹ️  INFO: Auth data cleared
ℹ️  INFO: Auth state cleared
ℹ️  INFO: 🔑 AUTH SERVICE: ========== LOGOUT END (total: 44ms) ==========
00:04 +340 -4: C:/Users/zarik/OneDrive/Desktop/TrossApp/frontend/test/e2e/user_journey_e2e_test.dart: E2E User Journey Tests - State & Integration State Transitions & Workflow Validation Complete app lifecycle: cold start → use → shutdown
ℹ️  INFO: 🔑 AUTH SERVICE: No token, skipping backend logout
ℹ️  INFO: 🔑 AUTH SERVICE: Unknown auth strategy, clearing state...
00:04 +340 -4: C:/Users/zarik/OneDrive/Desktop/TrossApp/frontend/test/e2e/concurrent_operations_test.dart: Concurrent Operations Tests - High Concurrency Scenarios Multi-Provider Concurrency Mixed operations across providers (100 total ops)
❌ ERROR: Network connectivity check failed | MissingPluginException(No implementation found for method check on channel dev.fluttercommunity.plus/connectivity)
ℹ️  INFO: Service health check completed
   Context: {status: offline, isConnected: false}
❌ ERROR: Failed to clear auth data | MissingPluginException(No implementation found for method delete on channel plugins.it_nomads.com/flutter_secure_storage)
ℹ️  INFO: Auth data cleared
00:04 +340 -4: C:/Users/zarik/OneDrive/Desktop/TrossApp/frontend/test/e2e/user_journey_e2e_test.dart: E2E User Journey Tests - State & Integration State Transitions & Workflow Validation Complete app lifecycle: cold start → use → shutdown
ℹ️  INFO: Clearing auth state
❌ ERROR: Failed to clear auth data | MissingPluginException(No implementation found for method delete on channel plugins.it_nomads.com/flutter_secure_storage)
ℹ️  INFO: Auth data cleared
ℹ️  INFO: Auth state cleared
ℹ️  INFO: 🔑 AUTH SERVICE: ========== LOGOUT END (total: 2ms) ==========
00:04 +341 -4: C:/Users/zarik/OneDrive/Desktop/TrossApp/frontend/test/e2e/concurrent_operations_test.dart: Concurrent Operations Tests - High Concurrency Scenarios Multi-Provider Concurrency Mixed operations across providers (100 total ops)
ℹ️  INFO: Auth state cleared
ℹ️  INFO: 🔑 AUTH SERVICE: ========== LOGOUT END (total: 45ms) ==========
❌ ERROR: Network connectivity check failed | MissingPluginException(No implementation found for method check on channel dev.fluttercommunity.plus/connectivity)
ℹ️  INFO: Service health check completed
   Context: {status: offline, isConnected: false}
❌ ERROR: Failed to clear auth data | MissingPluginException(No implementation found for method delete on channel plugins.it_nomads.com/flutter_secure_storage)
ℹ️  INFO: Auth data cleared
ℹ️  INFO: Auth state cleared
ℹ️  INFO: 🔑 AUTH SERVICE: ========== LOGOUT END (total: 45ms) ==========
❌ ERROR: Network connectivity check failed | MissingPluginException(No implementation found for method check on channel dev.fluttercommunity.plus/connectivity)
ℹ️  INFO: Service health check completed
   Context: {status: offline, isConnected: false}
❌ ERROR: Failed to clear auth data | MissingPluginException(No implementation found for method delete on channel plugins.it_nomads.com/flutter_secure_storage)
ℹ️  INFO: Auth data cleared
ℹ️  INFO: Auth state cleared
ℹ️  INFO: 🔑 AUTH SERVICE: ========== LOGOUT END (total: 45ms) ==========
❌ ERROR: Network connectivity check failed | MissingPluginException(No implementation found for method check on channel dev.fluttercommunity.plus/connectivity)
ℹ️  INFO: Service health check completed
   Context: {status: offline, isConnected: false}
❌ ERROR: Failed to clear auth data | MissingPluginException(No implementation found for method delete on channel plugins.it_nomads.com/flutter_secure_storage)
ℹ️  INFO: Auth data cleared
ℹ️  INFO: Auth state cleared
ℹ️  INFO: 🔑 AUTH SERVICE: ========== LOGOUT END (total: 45ms) ==========
❌ ERROR: Network connectivity check failed | MissingPluginException(No implementation found for method check on channel dev.fluttercommunity.plus/connectivity)
ℹ️  INFO: Service health check completed
   Context: {status: offline, isConnected: false}
❌ ERROR: Failed to clear auth data | MissingPluginException(No implementation found for method delete on channel plugins.it_nomads.com/flutter_secure_storage)
ℹ️  INFO: Auth data cleared
ℹ️  INFO: Auth state cleared
ℹ️  INFO: 🔑 AUTH SERVICE: ========== LOGOUT END (total: 46ms) ==========
❌ ERROR: Network connectivity check failed | MissingPluginException(No implementation found for method check on channel dev.fluttercommunity.plus/connectivity)
ℹ️  INFO: Service health check completed
   Context: {status: offline, isConnected: false}
❌ ERROR: Failed to clear auth data | MissingPluginException(No implementation found for method delete on channel plugins.it_nomads.com/flutter_secure_storage)
ℹ️  INFO: Auth data cleared
ℹ️  INFO: Auth state cleared
ℹ️  INFO: 🔑 AUTH SERVICE: ========== LOGOUT END (total: 46ms) ==========
❌ ERROR: Network connectivity check failed | MissingPluginException(No implementation found for method check on channel dev.fluttercommunity.plus/connectivity)
ℹ️  INFO: Service health check completed
   Context: {status: offline, isConnected: false}
❌ ERROR: Failed to clear auth data | MissingPluginException(No implementation found for method delete on channel plugins.it_nomads.com/flutter_secure_storage)
ℹ️  INFO: Auth data cleared
00:04 +341 -4: C:/Users/zarik/OneDrive/Desktop/TrossApp/frontend/test/e2e/user_journey_e2e_test.dart: E2E User Journey Tests - State & Integration State Transitions & Workflow Validation Provider states remain consistent through full journey
❌ ERROR: Failed to retrieve stored auth data | MissingPluginException(No implementation found for method read on channel plugins.it_nomads.com/flutter_secure_storage)
00:04 +341 -4: C:/Users/zarik/OneDrive/Desktop/TrossApp/frontend/test/e2e/concurrent_operations_test.dart: Concurrent Operations Tests - High Concurrency Scenarios Multi-Provider Concurrency Mixed operations across providers (100 total ops)
ℹ️  INFO: Auth state cleared
ℹ️  INFO: 🔑 AUTH SERVICE: ========== LOGOUT END (total: 45ms) ==========
❌ ERROR: Network connectivity check failed | MissingPluginException(No implementation found for method check on channel dev.fluttercommunity.plus/connectivity)
ℹ️  INFO: Service health check completed
   Context: {status: offline, isConnected: false}
❌ ERROR: Failed to clear auth data | MissingPluginException(No implementation found for method delete on channel plugins.it_nomads.com/flutter_secure_storage)
ℹ️  INFO: Auth data cleared
00:04 +341 -4: C:/Users/zarik/OneDrive/Desktop/TrossApp/frontend/test/e2e/user_journey_e2e_test.dart: E2E User Journey Tests - State & Integration State Transitions & Workflow Validation Provider states remain consistent through full journey
ℹ️  INFO: No stored auth data found
00:04 +341 -4: C:/Users/zarik/OneDrive/Desktop/TrossApp/frontend/test/e2e/concurrent_operations_test.dart: Concurrent Operations Tests - High Concurrency Scenarios Multi-Provider Concurrency Mixed operations across providers (100 total ops)
ℹ️  INFO: Auth state cleared
ℹ️  INFO: 🔑 AUTH SERVICE: ========== LOGOUT END (total: 45ms) ==========
❌ ERROR: Network connectivity check failed | MissingPluginException(No implementation found for method check on channel dev.fluttercommunity.plus/connectivity)
ℹ️  INFO: Service health check completed
   Context: {status: offline, isConnected: false}
❌ ERROR: Failed to clear auth data | MissingPluginException(No implementation found for method delete on channel plugins.it_nomads.com/flutter_secure_storage)
ℹ️  INFO: Auth data cleared
ℹ️  INFO: Auth state cleared
ℹ️  INFO: 🔑 AUTH SERVICE: ========== LOGOUT END (total: 45ms) ==========
❌ ERROR: Network connectivity check failed | MissingPluginException(No implementation found for method check on channel dev.fluttercommunity.plus/connectivity)
ℹ️  INFO: Service health check completed
   Context: {status: offline, isConnected: false}
❌ ERROR: Failed to clear auth data | MissingPluginException(No implementation found for method delete on channel plugins.it_nomads.com/flutter_secure_storage)
ℹ️  INFO: Auth data cleared
00:04 +341 -4: C:/Users/zarik/OneDrive/Desktop/TrossApp/frontend/test/e2e/user_journey_e2e_test.dart: E2E User Journey Tests - State & Integration State Transitions & Workflow Validation Provider states remain consistent through full journey
ℹ️  INFO: No stored auth data found
00:04 +341 -4: C:/Users/zarik/OneDrive/Desktop/TrossApp/frontend/test/e2e/concurrent_operations_test.dart: Concurrent Operations Tests - High Concurrency Scenarios Multi-Provider Concurrency Mixed operations across providers (100 total ops)
ℹ️  INFO: Auth state cleared
ℹ️  INFO: 🔑 AUTH SERVICE: ========== LOGOUT END (total: 45ms) ==========
❌ ERROR: Network connectivity check failed | MissingPluginException(No implementation found for method check on channel dev.fluttercommunity.plus/connectivity)
ℹ️  INFO: Service health check completed
   Context: {status: offline, isConnected: false}
❌ ERROR: Failed to clear auth data | MissingPluginException(No implementation found for method delete on channel plugins.it_nomads.com/flutter_secure_storage)
ℹ️  INFO: Auth data cleared
ℹ️  INFO: Auth state cleared
ℹ️  INFO: 🔑 AUTH SERVICE: ========== LOGOUT END (total: 45ms) ==========
00:04 +341 -4: C:/Users/zarik/OneDrive/Desktop/TrossApp/frontend/test/e2e/user_journey_e2e_test.dart: E2E User Journey Tests - State & Integration State Transitions & Workflow Validation Provider states remain consistent through full journey
ℹ️  INFO: Auth state initialized - no active session
00:04 +341 -4: C:/Users/zarik/OneDrive/Desktop/TrossApp/frontend/test/e2e/concurrent_operations_test.dart: Concurrent Operations Tests - High Concurrency Scenarios Multi-Provider Concurrency Mixed operations across providers (100 total ops)
❌ ERROR: Network connectivity check failed | MissingPluginException(No implementation found for method check on channel dev.fluttercommunity.plus/connectivity)
ℹ️  INFO: Service health check completed
   Context: {status: offline, isConnected: false}
❌ ERROR: Failed to clear auth data | MissingPluginException(No implementation found for method delete on channel plugins.it_nomads.com/flutter_secure_storage)
ℹ️  INFO: Auth data cleared
ℹ️  INFO: Auth state cleared
00:04 +341 -4: C:/Users/zarik/OneDrive/Desktop/TrossApp/frontend/test/e2e/user_journey_e2e_test.dart: E2E User Journey Tests - State & Integration State Transitions & Workflow Validation Provider states remain consistent through full journey
ℹ️  INFO: Initializing app state...
00:04 +341 -4: C:/Users/zarik/OneDrive/Desktop/TrossApp/frontend/test/e2e/concurrent_operations_test.dart: Concurrent Operations Tests - High Concurrency Scenarios Multi-Provider Concurrency Mixed operations across providers (100 total ops)
ℹ️  INFO: 🔑 AUTH SERVICE: ========== LOGOUT END (total: 45ms) ==========
00:04 +341 -4: C:/Users/zarik/OneDrive/Desktop/TrossApp/frontend/test/e2e/user_journey_e2e_test.dart: E2E User Journey Tests - State & Integration State Transitions & Workflow Validation Provider states remain consistent through full journey
❌ ERROR: Network connectivity check failed | MissingPluginException(No implementation found for method check on channel dev.fluttercommunity.plus/connectivity)
❌ ERROR: Network connectivity check failed | MissingPluginException(No implementation found for method check on channel dev.fluttercommunity.plus/connectivity)
00:04 +341 -4: C:/Users/zarik/OneDrive/Desktop/TrossApp/frontend/test/e2e/concurrent_operations_test.dart: Concurrent Operations Tests - High Concurrency Scenarios Multi-Provider Concurrency Mixed operations across providers (100 total ops)
❌ ERROR: Network connectivity check failed | MissingPluginException(No implementation found for method check on channel dev.fluttercommunity.plus/connectivity)
ℹ️  INFO: Service health check completed
   Context: {status: offline, isConnected: false}
00:04 +341 -4: C:/Users/zarik/OneDrive/Desktop/TrossApp/frontend/test/e2e/user_journey_e2e_test.dart: E2E User Journey Tests - State & Integration State Transitions & Workflow Validation Provider states remain consistent through full journey
ℹ️  INFO: Service health check completed
   Context: {status: offline, isConnected: false}
ℹ️  INFO: App state initialized successfully
00:04 +341 -4: C:/Users/zarik/OneDrive/Desktop/TrossApp/frontend/test/e2e/concurrent_operations_test.dart: Concurrent Operations Tests - High Concurrency Scenarios Multi-Provider Concurrency Mixed operations across providers (100 total ops)
❌ ERROR: Failed to clear auth data | MissingPluginException(No implementation found for method delete on channel plugins.it_nomads.com/flutter_secure_storage)
ℹ️  INFO: Auth data cleared
ℹ️  INFO: Auth state cleared
ℹ️  INFO: 🔑 AUTH SERVICE: ========== LOGOUT END (total: 46ms) ==========
❌ ERROR: Network connectivity check failed | MissingPluginException(No implementation found for method check on channel dev.fluttercommunity.plus/connectivity)
ℹ️  INFO: Service health check completed
00:04 +341 -4: C:/Users/zarik/OneDrive/Desktop/TrossApp/frontend/test/e2e/user_journey_e2e_test.dart: E2E User Journey Tests - State & Integration State Transitions & Workflow Validation Provider states remain consistent through full journey
ℹ️  INFO: 🔑 AUTH SERVICE: ========== LOGOUT START (2025-11-11 13:25:24) ==========
   Context: {token: null, strategy: unknown, isAuth0: false, isDevUser: false}
ℹ️  INFO: 🔑 AUTH SERVICE: No token, skipping backend logout
ℹ️  INFO: 🔑 AUTH SERVICE: Unknown auth strategy, clearing state...
ℹ️  INFO: Clearing auth state
00:04 +341 -4: C:/Users/zarik/OneDrive/Desktop/TrossApp/frontend/test/e2e/concurrent_operations_test.dart: Concurrent Operations Tests - High Concurrency Scenarios Multi-Provider Concurrency Mixed operations across providers (100 total ops)
   Context: {status: offline, isConnected: false}
❌ ERROR: Failed to clear auth data | MissingPluginException(No implementation found for method delete on channel plugins.it_nomads.com/flutter_secure_storage)
ℹ️  INFO: Auth data cleared
00:04 +341 -4: C:/Users/zarik/OneDrive/Desktop/TrossApp/frontend/test/e2e/user_journey_e2e_test.dart: E2E User Journey Tests - State & Integration State Transitions & Workflow Validation Provider states remain consistent through full journey
❌ ERROR: Failed to clear auth data | MissingPluginException(No implementation found for method delete on channel plugins.it_nomads.com/flutter_secure_storage)
ℹ️  INFO: Auth data cleared
00:04 +341 -4: C:/Users/zarik/OneDrive/Desktop/TrossApp/frontend/test/e2e/concurrent_operations_test.dart: Concurrent Operations Tests - High Concurrency Scenarios Multi-Provider Concurrency Mixed operations across providers (100 total ops)
ℹ️  INFO: Auth state cleared
ℹ️  INFO: 🔑 AUTH SERVICE: ========== LOGOUT END (total: 47ms) ==========
❌ ERROR: Network connectivity check failed | MissingPluginException(No implementation found for method check on channel dev.fluttercommunity.plus/connectivity)
ℹ️  INFO: Service health check completed
   Context: {status: offline, isConnected: false}
00:04 +341 -4: C:/Users/zarik/OneDrive/Desktop/TrossApp/frontend/test/e2e/user_journey_e2e_test.dart: E2E User Journey Tests - State & Integration State Transitions & Workflow Validation Provider states remain consistent through full journey
ℹ️  INFO: Auth state cleared
ℹ️  INFO: 🔑 AUTH SERVICE: ========== LOGOUT END (total: 1ms) ==========
00:04 +342 -4: C:/Users/zarik/OneDrive/Desktop/TrossApp/frontend/test/e2e/concurrent_operations_test.dart: Concurrent Operations Tests - High Concurrency Scenarios Multi-Provider Concurrency Mixed operations across providers (100 total ops)
❌ ERROR: Failed to clear auth data | MissingPluginException(No implementation found for method delete on channel plugins.it_nomads.com/flutter_secure_storage)
ℹ️  INFO: Auth data cleared
ℹ️  INFO: Auth state cleared
ℹ️  INFO: 🔑 AUTH SERVICE: ========== LOGOUT END (total: 46ms) ==========
❌ ERROR: Network connectivity check failed | MissingPluginException(No implementation found for method check on channel dev.fluttercommunity.plus/connectivity)
ℹ️  INFO: Service health check completed
   Context: {status: offline, isConnected: false}
❌ ERROR: Failed to clear auth data | MissingPluginException(No implementation found for method delete on channel plugins.it_nomads.com/flutter_secure_storage)
ℹ️  INFO: Auth data cleared
ℹ️  INFO: Auth state cleared
ℹ️  INFO: 🔑 AUTH SERVICE: ========== LOGOUT END (total: 47ms) ==========
❌ ERROR: Network connectivity check failed | MissingPluginException(No implementation found for method check on channel dev.fluttercommunity.plus/connectivity)
ℹ️  INFO: Service health check completed
   Context: {status: offline, isConnected: false}
00:04 +343 -4: C:/Users/zarik/OneDrive/Desktop/TrossApp/frontend/test/integration/auth_test_service_integration_test.dart: AuthTestService Integration Tests Service Method Signatures testHealthEndpoint returns AuthTestResult
00:04 +343 -4: C:/Users/zarik/OneDrive/Desktop/TrossApp/frontend/test/e2e/concurrent_operations_test.dart: Concurrent Operations Tests - High Concurrency Scenarios Multi-Provider Concurrency Extreme concurrency: 200 operations across both providers
ℹ️  INFO: Initializing app state...
00:04 +344 -4: C:/Users/zarik/OneDrive/Desktop/TrossApp/frontend/test/e2e/concurrent_operations_test.dart: Concurrent Operations Tests - High Concurrency Scenarios Multi-Provider Concurrency Extreme concurrency: 200 operations across both providers
00:04 +345 -4: C:/Users/zarik/OneDrive/Desktop/TrossApp/frontend/test/e2e/concurrent_operations_test.dart: Concurrent Operations Tests - High Concurrency Scenarios Multi-Provider Concurrency Extreme concurrency: 200 operations across both providers
00:04 +346 -4: C:/Users/zarik/OneDrive/Desktop/TrossApp/frontend/test/e2e/concurrent_operations_test.dart: Concurrent Operations Tests - High Concurrency Scenarios Multi-Provider Concurrency Extreme concurrency: 200 operations across both providers
ℹ️  INFO: Initializing app state...
00:04 +347 -4: C:/Users/zarik/OneDrive/Desktop/TrossApp/frontend/test/e2e/concurrent_operations_test.dart: Concurrent Operations Tests - High Concurrency Scenarios Multi-Provider Concurrency Extreme concurrency: 200 operations across both providers
00:04 +348 -4: C:/Users/zarik/OneDrive/Desktop/TrossApp/frontend/test/e2e/concurrent_operations_test.dart: Concurrent Operations Tests - High Concurrency Scenarios Multi-Provider Concurrency Extreme concurrency: 200 operations across both providers
00:04 +349 -4: C:/Users/zarik/OneDrive/Desktop/TrossApp/frontend/test/e2e/concurrent_operations_test.dart: Concurrent Operations Tests - High Concurrency Scenarios Multi-Provider Concurrency Extreme concurrency: 200 operations across both providers
00:04 +350 -4: C:/Users/zarik/OneDrive/Desktop/TrossApp/frontend/test/e2e/concurrent_operations_test.dart: Concurrent Operations Tests - High Concurrency Scenarios Multi-Provider Concurrency Extreme concurrency: 200 operations across both providers
00:04 +351 -4: C:/Users/zarik/OneDrive/Desktop/TrossApp/frontend/test/e2e/concurrent_operations_test.dart: Concurrent Operations Tests - High Concurrency Scenarios Multi-Provider Concurrency Extreme concurrency: 200 operations across both providers
00:04 +352 -4: C:/Users/zarik/OneDrive/Desktop/TrossApp/frontend/test/e2e/concurrent_operations_test.dart: Concurrent Operations Tests - High Concurrency Scenarios Multi-Provider Concurrency Extreme concurrency: 200 operations across both providers
00:04 +353 -4: C:/Users/zarik/OneDrive/Desktop/TrossApp/frontend/test/e2e/concurrent_operations_test.dart: Concurrent Operations Tests - High Concurrency Scenarios Multi-Provider Concurrency Extreme concurrency: 200 operations across both providers
ℹ️  INFO: Initializing app state...
ℹ️  INFO: Initializing app state...
ℹ️  INFO: Initializing app state...
ℹ️  INFO: Initializing app state...
ℹ️  INFO: Initializing app state...
ℹ️  INFO: Initializing app state...
ℹ️  INFO: Initializing app state...
ℹ️  INFO: Initializing app state...
ℹ️  INFO: Initializing app state...
ℹ️  INFO: Initializing app state...
ℹ️  INFO: Initializing app state...
ℹ️  INFO: Initializing app state...
ℹ️  INFO: Initializing app state...
ℹ️  INFO: Initializing app state...
ℹ️  INFO: Initializing app state...
ℹ️  INFO: Initializing app state...
ℹ️  INFO: Initializing app state...
ℹ️  INFO: Initializing app state...
ℹ️  INFO: Initializing app state...
00:04 +354 -4: C:/Users/zarik/OneDrive/Desktop/TrossApp/frontend/test/e2e/concurrent_operations_test.dart: Concurrent Operations Tests - High Concurrency Scenarios Multi-Provider Concurrency Extreme concurrency: 200 operations across both providers
ℹ️  INFO: Initializing app state...
ℹ️  INFO: Initializing app state...
ℹ️  INFO: Initializing app state...
ℹ️  INFO: Initializing app state...
ℹ️  INFO: Initializing app state...
ℹ️  INFO: Initializing app state...
ℹ️  INFO: Initializing app state...
ℹ️  INFO: Initializing app state...
ℹ️  INFO: Initializing app state...
ℹ️  INFO: Initializing app state...
ℹ️  INFO: Initializing app state...
ℹ️  INFO: Initializing app state...
ℹ️  INFO: Initializing app state...
ℹ️  INFO: Initializing app state...
ℹ️  INFO: Initializing app state...
ℹ️  INFO: Initializing app state...
ℹ️  INFO: Initializing app state...
ℹ️  INFO: Initializing app state...
ℹ️  INFO: Initializing app state...
ℹ️  INFO: Initializing app state...
ℹ️  INFO: Initializing app state...
ℹ️  INFO: Initializing app state...
ℹ️  INFO: Initializing app state...
ℹ️  INFO: Initializing app state...
ℹ️  INFO: Initializing app state...
ℹ️  INFO: Initializing app state...
ℹ️  INFO: Initializing app state...
ℹ️  INFO: Initializing app state...
ℹ️  INFO: Initializing app state...
ℹ️  INFO: Initializing app state...
ℹ️  INFO: Initializing app state...
ℹ️  INFO: Initializing app state...
ℹ️  INFO: Initializing app state...
ℹ️  INFO: Initializing app state...
ℹ️  INFO: Initializing app state...
ℹ️  INFO: Initializing app state...
ℹ️  INFO: Initializing app state...
ℹ️  INFO: Initializing app state...
ℹ️  INFO: Initializing app state...
ℹ️  INFO: Initializing app state...
ℹ️  INFO: Initializing app state...
ℹ️  INFO: Initializing app state...
ℹ️  INFO: Initializing app state...
ℹ️  INFO: Initializing app state...
ℹ️  INFO: Initializing app state...
ℹ️  INFO: Initializing app state...
ℹ️  INFO: Initializing app state...
ℹ️  INFO: Initializing app state...
ℹ️  INFO: Initializing app state...
ℹ️  INFO: Initializing app state...
ℹ️  INFO: Initializing app state...
ℹ️  INFO: Initializing app state...
ℹ️  INFO: Initializing app state...
ℹ️  INFO: Initializing app state...
ℹ️  INFO: Initializing app state...
ℹ️  INFO: Initializing app state...
ℹ️  INFO: Initializing app state...
ℹ️  INFO: Initializing app state...
ℹ️  INFO: Initializing app state...
ℹ️  INFO: Initializing app state...
ℹ️  INFO: Initializing app state...
ℹ️  INFO: Initializing app state...
ℹ️  INFO: Initializing app state...
ℹ️  INFO: Initializing app state...
ℹ️  INFO: Initializing app state...
ℹ️  INFO: Initializing app state...
ℹ️  INFO: Initializing app state...
ℹ️  INFO: Initializing app state...
ℹ️  INFO: Initializing app state...
ℹ️  INFO: Initializing app state...
ℹ️  INFO: Initializing app state...
ℹ️  INFO: Initializing app state...
ℹ️  INFO: Initializing app state...
ℹ️  INFO: Initializing app state...
ℹ️  INFO: Initializing app state...
ℹ️  INFO: Initializing app state...
ℹ️  INFO: Initializing app state...
ℹ️  INFO: Initializing app state...
ℹ️  INFO: Initializing app state...
❌ ERROR: Failed to retrieve stored auth data | MissingPluginException(No implementation found for method read on channel plugins.it_nomads.com/flutter_secure_storage)
ℹ️  INFO: No stored auth data found
ℹ️  INFO: No stored auth data found
ℹ️  INFO: Auth state initialized - no active session
❌ ERROR: Network connectivity check failed | MissingPluginException(No implementation found for method check on channel dev.fluttercommunity.plus/connectivity)
❌ ERROR: Failed to retrieve stored auth data | MissingPluginException(No implementation found for method read on channel plugins.it_nomads.com/flutter_secure_storage)
ℹ️  INFO: No stored auth data found
ℹ️  INFO: No stored auth data found
ℹ️  INFO: Auth state initialized - no active session
❌ ERROR: Network connectivity check failed | MissingPluginException(No implementation found for method check on channel dev.fluttercommunity.plus/connectivity)
❌ ERROR: Failed to retrieve stored auth data | MissingPluginException(No implementation found for method read on channel plugins.it_nomads.com/flutter_secure_storage)
ℹ️  INFO: No stored auth data found
ℹ️  INFO: No stored auth data found
ℹ️  INFO: Auth state initialized - no active session
❌ ERROR: Network connectivity check failed | MissingPluginException(No implementation found for method check on channel dev.fluttercommunity.plus/connectivity)
❌ ERROR: Failed to retrieve stored auth data | MissingPluginException(No implementation found for method read on channel plugins.it_nomads.com/flutter_secure_storage)
ℹ️  INFO: No stored auth data found
ℹ️  INFO: No stored auth data found
ℹ️  INFO: Auth state initialized - no active session
❌ ERROR: Network connectivity check failed | MissingPluginException(No implementation found for method check on channel dev.fluttercommunity.plus/connectivity)
❌ ERROR: Failed to retrieve stored auth data | MissingPluginException(No implementation found for method read on channel plugins.it_nomads.com/flutter_secure_storage)
ℹ️  INFO: No stored auth data found
ℹ️  INFO: No stored auth data found
ℹ️  INFO: Auth state initialized - no active session
❌ ERROR: Network connectivity check failed | MissingPluginException(No implementation found for method check on channel dev.fluttercommunity.plus/connectivity)
❌ ERROR: Failed to retrieve stored auth data | MissingPluginException(No implementation found for method read on channel plugins.it_nomads.com/flutter_secure_storage)
ℹ️  INFO: No stored auth data found
ℹ️  INFO: No stored auth data found
ℹ️  INFO: Auth state initialized - no active session
❌ ERROR: Network connectivity check failed | MissingPluginException(No implementation found for method check on channel dev.fluttercommunity.plus/connectivity)
❌ ERROR: Failed to retrieve stored auth data | MissingPluginException(No implementation found for method read on channel plugins.it_nomads.com/flutter_secure_storage)
ℹ️  INFO: No stored auth data found
ℹ️  INFO: No stored auth data found
ℹ️  INFO: Auth state initialized - no active session
❌ ERROR: Network connectivity check failed | MissingPluginException(No implementation found for method check on channel dev.fluttercommunity.plus/connectivity)
❌ ERROR: Failed to retrieve stored auth data | MissingPluginException(No implementation found for method read on channel plugins.it_nomads.com/flutter_secure_storage)
ℹ️  INFO: No stored auth data found
ℹ️  INFO: No stored auth data found
ℹ️  INFO: Auth state initialized - no active session
❌ ERROR: Network connectivity check failed | MissingPluginException(No implementation found for method check on channel dev.fluttercommunity.plus/connectivity)
❌ ERROR: Failed to retrieve stored auth data | MissingPluginException(No implementation found for method read on channel plugins.it_nomads.com/flutter_secure_storage)
ℹ️  INFO: No stored auth data found
ℹ️  INFO: No stored auth data found
ℹ️  INFO: Auth state initialized - no active session
❌ ERROR: Network connectivity check failed | MissingPluginException(No implementation found for method check on channel dev.fluttercommunity.plus/connectivity)
❌ ERROR: Failed to retrieve stored auth data | MissingPluginException(No implementation found for method read on channel plugins.it_nomads.com/flutter_secure_storage)
ℹ️  INFO: No stored auth data found
ℹ️  INFO: No stored auth data found
ℹ️  INFO: Auth state initialized - no active session
❌ ERROR: Network connectivity check failed | MissingPluginException(No implementation found for method check on channel dev.fluttercommunity.plus/connectivity)
❌ ERROR: Failed to retrieve stored auth data | MissingPluginException(No implementation found for method read on channel plugins.it_nomads.com/flutter_secure_storage)
ℹ️  INFO: No stored auth data found
ℹ️  INFO: No stored auth data found
ℹ️  INFO: Auth state initialized - no active session
❌ ERROR: Network connectivity check failed | MissingPluginException(No implementation found for method check on channel dev.fluttercommunity.plus/connectivity)
❌ ERROR: Failed to retrieve stored auth data | MissingPluginException(No implementation found for method read on channel plugins.it_nomads.com/flutter_secure_storage)
ℹ️  INFO: No stored auth data found
ℹ️  INFO: No stored auth data found
ℹ️  INFO: Auth state initialized - no active session
❌ ERROR: Network connectivity check failed | MissingPluginException(No implementation found for method check on channel dev.fluttercommunity.plus/connectivity)
❌ ERROR: Failed to retrieve stored auth data | MissingPluginException(No implementation found for method read on channel plugins.it_nomads.com/flutter_secure_storage)
ℹ️  INFO: No stored auth data found
ℹ️  INFO: No stored auth data found
ℹ️  INFO: Auth state initialized - no active session
❌ ERROR: Network connectivity check failed | MissingPluginException(No implementation found for method check on channel dev.fluttercommunity.plus/connectivity)
❌ ERROR: Failed to retrieve stored auth data | MissingPluginException(No implementation found for method read on channel plugins.it_nomads.com/flutter_secure_storage)
ℹ️  INFO: No stored auth data found
ℹ️  INFO: No stored auth data found
ℹ️  INFO: Auth state initialized - no active session
❌ ERROR: Network connectivity check failed | MissingPluginException(No implementation found for method check on channel dev.fluttercommunity.plus/connectivity)
❌ ERROR: Failed to retrieve stored auth data | MissingPluginException(No implementation found for method read on channel plugins.it_nomads.com/flutter_secure_storage)
ℹ️  INFO: No stored auth data found
ℹ️  INFO: No stored auth data found
ℹ️  INFO: Auth state initialized - no active session
❌ ERROR: Network connectivity check failed | MissingPluginException(No implementation found for method check on channel dev.fluttercommunity.plus/connectivity)
❌ ERROR: Failed to retrieve stored auth data | MissingPluginException(No implementation found for method read on channel plugins.it_nomads.com/flutter_secure_storage)
ℹ️  INFO: No stored auth data found
ℹ️  INFO: No stored auth data found
ℹ️  INFO: Auth state initialized - no active session
❌ ERROR: Network connectivity check failed | MissingPluginException(No implementation found for method check on channel dev.fluttercommunity.plus/connectivity)
❌ ERROR: Failed to retrieve stored auth data | MissingPluginException(No implementation found for method read on channel plugins.it_nomads.com/flutter_secure_storage)
ℹ️  INFO: No stored auth data found
ℹ️  INFO: No stored auth data found
ℹ️  INFO: Auth state initialized - no active session
❌ ERROR: Network connectivity check failed | MissingPluginException(No implementation found for method check on channel dev.fluttercommunity.plus/connectivity)
❌ ERROR: Failed to retrieve stored auth data | MissingPluginException(No implementation found for method read on channel plugins.it_nomads.com/flutter_secure_storage)
ℹ️  INFO: No stored auth data found
ℹ️  INFO: No stored auth data found
ℹ️  INFO: Auth state initialized - no active session
❌ ERROR: Network connectivity check failed | MissingPluginException(No implementation found for method check on channel dev.fluttercommunity.plus/connectivity)
❌ ERROR: Failed to retrieve stored auth data | MissingPluginException(No implementation found for method read on channel plugins.it_nomads.com/flutter_secure_storage)
ℹ️  INFO: No stored auth data found
ℹ️  INFO: No stored auth data found
ℹ️  INFO: Auth state initialized - no active session
❌ ERROR: Network connectivity check failed | MissingPluginException(No implementation found for method check on channel dev.fluttercommunity.plus/connectivity)
❌ ERROR: Failed to retrieve stored auth data | MissingPluginException(No implementation found for method read on channel plugins.it_nomads.com/flutter_secure_storage)
ℹ️  INFO: No stored auth data found
ℹ️  INFO: No stored auth data found
ℹ️  INFO: Auth state initialized - no active session
❌ ERROR: Network connectivity check failed | MissingPluginException(No implementation found for method check on channel dev.fluttercommunity.plus/connectivity)
❌ ERROR: Failed to retrieve stored auth data | MissingPluginException(No implementation found for method read on channel plugins.it_nomads.com/flutter_secure_storage)
ℹ️  INFO: No stored auth data found
ℹ️  INFO: No stored auth data found
ℹ️  INFO: Auth state initialized - no active session
❌ ERROR: Network connectivity check failed | MissingPluginException(No implementation found for method check on channel dev.fluttercommunity.plus/connectivity)
❌ ERROR: Failed to retrieve stored auth data | MissingPluginException(No implementation found for method read on channel plugins.it_nomads.com/flutter_secure_storage)
ℹ️  INFO: No stored auth data found
ℹ️  INFO: No stored auth data found
ℹ️  INFO: Auth state initialized - no active session
❌ ERROR: Network connectivity check failed | MissingPluginException(No implementation found for method check on channel dev.fluttercommunity.plus/connectivity)
❌ ERROR: Failed to retrieve stored auth data | MissingPluginException(No implementation found for method read on channel plugins.it_nomads.com/flutter_secure_storage)
ℹ️  INFO: No stored auth data found
ℹ️  INFO: No stored auth data found
ℹ️  INFO: Auth state initialized - no active session
❌ ERROR: Network connectivity check failed | MissingPluginException(No implementation found for method check on channel dev.fluttercommunity.plus/connectivity)
❌ ERROR: Failed to retrieve stored auth data | MissingPluginException(No implementation found for method read on channel plugins.it_nomads.com/flutter_secure_storage)
ℹ️  INFO: No stored auth data found
ℹ️  INFO: No stored auth data found
ℹ️  INFO: Auth state initialized - no active session
❌ ERROR: Network connectivity check failed | MissingPluginException(No implementation found for method check on channel dev.fluttercommunity.plus/connectivity)
❌ ERROR: Failed to retrieve stored auth data | MissingPluginException(No implementation found for method read on channel plugins.it_nomads.com/flutter_secure_storage)
ℹ️  INFO: No stored auth data found
ℹ️  INFO: No stored auth data found
ℹ️  INFO: Auth state initialized - no active session
❌ ERROR: Network connectivity check failed | MissingPluginException(No implementation found for method check on channel dev.fluttercommunity.plus/connectivity)
❌ ERROR: Failed to retrieve stored auth data | MissingPluginException(No implementation found for method read on channel plugins.it_nomads.com/flutter_secure_storage)
ℹ️  INFO: No stored auth data found
ℹ️  INFO: No stored auth data found
ℹ️  INFO: Auth state initialized - no active session
❌ ERROR: Network connectivity check failed | MissingPluginException(No implementation found for method check on channel dev.fluttercommunity.plus/connectivity)
❌ ERROR: Failed to retrieve stored auth data | MissingPluginException(No implementation found for method read on channel plugins.it_nomads.com/flutter_secure_storage)
ℹ️  INFO: No stored auth data found
ℹ️  INFO: No stored auth data found
ℹ️  INFO: Auth state initialized - no active session
❌ ERROR: Network connectivity check failed | MissingPluginException(No implementation found for method check on channel dev.fluttercommunity.plus/connectivity)
❌ ERROR: Failed to retrieve stored auth data | MissingPluginException(No implementation found for method read on channel plugins.it_nomads.com/flutter_secure_storage)
ℹ️  INFO: No stored auth data found
ℹ️  INFO: No stored auth data found
ℹ️  INFO: Auth state initialized - no active session
❌ ERROR: Network connectivity check failed | MissingPluginException(No implementation found for method check on channel dev.fluttercommunity.plus/connectivity)
❌ ERROR: Failed to retrieve stored auth data | MissingPluginException(No implementation found for method read on channel plugins.it_nomads.com/flutter_secure_storage)
ℹ️  INFO: No stored auth data found
ℹ️  INFO: No stored auth data found
ℹ️  INFO: Auth state initialized - no active session
❌ ERROR: Network connectivity check failed | MissingPluginException(No implementation found for method check on channel dev.fluttercommunity.plus/connectivity)
❌ ERROR: Failed to retrieve stored auth data | MissingPluginException(No implementation found for method read on channel plugins.it_nomads.com/flutter_secure_storage)
ℹ️  INFO: No stored auth data found
ℹ️  INFO: No stored auth data found
ℹ️  INFO: Auth state initialized - no active session
❌ ERROR: Network connectivity check failed | MissingPluginException(No implementation found for method check on channel dev.fluttercommunity.plus/connectivity)
❌ ERROR: Failed to retrieve stored auth data | MissingPluginException(No implementation found for method read on channel plugins.it_nomads.com/flutter_secure_storage)
ℹ️  INFO: No stored auth data found
ℹ️  INFO: No stored auth data found
ℹ️  INFO: Auth state initialized - no active session
❌ ERROR: Network connectivity check failed | MissingPluginException(No implementation found for method check on channel dev.fluttercommunity.plus/connectivity)
❌ ERROR: Failed to retrieve stored auth data | MissingPluginException(No implementation found for method read on channel plugins.it_nomads.com/flutter_secure_storage)
ℹ️  INFO: No stored auth data found
ℹ️  INFO: No stored auth data found
ℹ️  INFO: Auth state initialized - no active session
❌ ERROR: Network connectivity check failed | MissingPluginException(No implementation found for method check on channel dev.fluttercommunity.plus/connectivity)
❌ ERROR: Failed to retrieve stored auth data | MissingPluginException(No implementation found for method read on channel plugins.it_nomads.com/flutter_secure_storage)
ℹ️  INFO: No stored auth data found
ℹ️  INFO: No stored auth data found
ℹ️  INFO: Auth state initialized - no active session
❌ ERROR: Network connectivity check failed | MissingPluginException(No implementation found for method check on channel dev.fluttercommunity.plus/connectivity)
❌ ERROR: Failed to retrieve stored auth data | MissingPluginException(No implementation found for method read on channel plugins.it_nomads.com/flutter_secure_storage)
ℹ️  INFO: No stored auth data found
ℹ️  INFO: No stored auth data found
ℹ️  INFO: Auth state initialized - no active session
❌ ERROR: Network connectivity check failed | MissingPluginException(No implementation found for method check on channel dev.fluttercommunity.plus/connectivity)
❌ ERROR: Failed to retrieve stored auth data | MissingPluginException(No implementation found for method read on channel plugins.it_nomads.com/flutter_secure_storage)
ℹ️  INFO: No stored auth data found
ℹ️  INFO: No stored auth data found
ℹ️  INFO: Auth state initialized - no active session
❌ ERROR: Network connectivity check failed | MissingPluginException(No implementation found for method check on channel dev.fluttercommunity.plus/connectivity)
❌ ERROR: Failed to retrieve stored auth data | MissingPluginException(No implementation found for method read on channel plugins.it_nomads.com/flutter_secure_storage)
ℹ️  INFO: No stored auth data found
ℹ️  INFO: No stored auth data found
ℹ️  INFO: Auth state initialized - no active session
❌ ERROR: Network connectivity check failed | MissingPluginException(No implementation found for method check on channel dev.fluttercommunity.plus/connectivity)
❌ ERROR: Failed to retrieve stored auth data | MissingPluginException(No implementation found for method read on channel plugins.it_nomads.com/flutter_secure_storage)
ℹ️  INFO: No stored auth data found
ℹ️  INFO: No stored auth data found
ℹ️  INFO: Auth state initialized - no active session
❌ ERROR: Network connectivity check failed | MissingPluginException(No implementation found for method check on channel dev.fluttercommunity.plus/connectivity)
❌ ERROR: Failed to retrieve stored auth data | MissingPluginException(No implementation found for method read on channel plugins.it_nomads.com/flutter_secure_storage)
ℹ️  INFO: No stored auth data found
ℹ️  INFO: No stored auth data found
ℹ️  INFO: Auth state initialized - no active session
❌ ERROR: Network connectivity check failed | MissingPluginException(No implementation found for method check on channel dev.fluttercommunity.plus/connectivity)
❌ ERROR: Failed to retrieve stored auth data | MissingPluginException(No implementation found for method read on channel plugins.it_nomads.com/flutter_secure_storage)
ℹ️  INFO: No stored auth data found
ℹ️  INFO: No stored auth data found
ℹ️  INFO: Auth state initialized - no active session
❌ ERROR: Network connectivity check failed | MissingPluginException(No implementation found for method check on channel dev.fluttercommunity.plus/connectivity)
❌ ERROR: Failed to retrieve stored auth data | MissingPluginException(No implementation found for method read on channel plugins.it_nomads.com/flutter_secure_storage)
ℹ️  INFO: No stored auth data found
ℹ️  INFO: No stored auth data found
ℹ️  INFO: Auth state initialized - no active session
❌ ERROR: Network connectivity check failed | MissingPluginException(No implementation found for method check on channel dev.fluttercommunity.plus/connectivity)
❌ ERROR: Failed to retrieve stored auth data | MissingPluginException(No implementation found for method read on channel plugins.it_nomads.com/flutter_secure_storage)
ℹ️  INFO: No stored auth data found
ℹ️  INFO: No stored auth data found
ℹ️  INFO: Auth state initialized - no active session
❌ ERROR: Network connectivity check failed | MissingPluginException(No implementation found for method check on channel dev.fluttercommunity.plus/connectivity)
❌ ERROR: Failed to retrieve stored auth data | MissingPluginException(No implementation found for method read on channel plugins.it_nomads.com/flutter_secure_storage)
ℹ️  INFO: No stored auth data found
ℹ️  INFO: No stored auth data found
ℹ️  INFO: Auth state initialized - no active session
❌ ERROR: Network connectivity check failed | MissingPluginException(No implementation found for method check on channel dev.fluttercommunity.plus/connectivity)
❌ ERROR: Failed to retrieve stored auth data | MissingPluginException(No implementation found for method read on channel plugins.it_nomads.com/flutter_secure_storage)
ℹ️  INFO: No stored auth data found
ℹ️  INFO: No stored auth data found
ℹ️  INFO: Auth state initialized - no active session
❌ ERROR: Network connectivity check failed | MissingPluginException(No implementation found for method check on channel dev.fluttercommunity.plus/connectivity)
❌ ERROR: Failed to retrieve stored auth data | MissingPluginException(No implementation found for method read on channel plugins.it_nomads.com/flutter_secure_storage)
ℹ️  INFO: No stored auth data found
ℹ️  INFO: No stored auth data found
ℹ️  INFO: Auth state initialized - no active session
❌ ERROR: Network connectivity check failed | MissingPluginException(No implementation found for method check on channel dev.fluttercommunity.plus/connectivity)
❌ ERROR: Failed to retrieve stored auth data | MissingPluginException(No implementation found for method read on channel plugins.it_nomads.com/flutter_secure_storage)
ℹ️  INFO: No stored auth data found
ℹ️  INFO: No stored auth data found
ℹ️  INFO: Auth state initialized - no active session
❌ ERROR: Network connectivity check failed | MissingPluginException(No implementation found for method check on channel dev.fluttercommunity.plus/connectivity)
❌ ERROR: Failed to retrieve stored auth data | MissingPluginException(No implementation found for method read on channel plugins.it_nomads.com/flutter_secure_storage)
ℹ️  INFO: No stored auth data found
ℹ️  INFO: No stored auth data found
ℹ️  INFO: Auth state initialized - no active session
❌ ERROR: Network connectivity check failed | MissingPluginException(No implementation found for method check on channel dev.fluttercommunity.plus/connectivity)
❌ ERROR: Failed to retrieve stored auth data | MissingPluginException(No implementation found for method read on channel plugins.it_nomads.com/flutter_secure_storage)
ℹ️  INFO: No stored auth data found
ℹ️  INFO: No stored auth data found
ℹ️  INFO: Auth state initialized - no active session
❌ ERROR: Network connectivity check failed | MissingPluginException(No implementation found for method check on channel dev.fluttercommunity.plus/connectivity)
❌ ERROR: Failed to retrieve stored auth data | MissingPluginException(No implementation found for method read on channel plugins.it_nomads.com/flutter_secure_storage)
ℹ️  INFO: No stored auth data found
ℹ️  INFO: No stored auth data found
ℹ️  INFO: Auth state initialized - no active session
❌ ERROR: Network connectivity check failed | MissingPluginException(No implementation found for method check on channel dev.fluttercommunity.plus/connectivity)
❌ ERROR: Failed to retrieve stored auth data | MissingPluginException(No implementation found for method read on channel plugins.it_nomads.com/flutter_secure_storage)
ℹ️  INFO: No stored auth data found
ℹ️  INFO: No stored auth data found
ℹ️  INFO: Auth state initialized - no active session
❌ ERROR: Network connectivity check failed | MissingPluginException(No implementation found for method check on channel dev.fluttercommunity.plus/connectivity)
❌ ERROR: Failed to retrieve stored auth data | MissingPluginException(No implementation found for method read on channel plugins.it_nomads.com/flutter_secure_storage)
ℹ️  INFO: No stored auth data found
ℹ️  INFO: No stored auth data found
ℹ️  INFO: Auth state initialized - no active session
❌ ERROR: Network connectivity check failed | MissingPluginException(No implementation found for method check on channel dev.fluttercommunity.plus/connectivity)
❌ ERROR: Failed to retrieve stored auth data | MissingPluginException(No implementation found for method read on channel plugins.it_nomads.com/flutter_secure_storage)
ℹ️  INFO: No stored auth data found
ℹ️  INFO: No stored auth data found
ℹ️  INFO: Auth state initialized - no active session
❌ ERROR: Network connectivity check failed | MissingPluginException(No implementation found for method check on channel dev.fluttercommunity.plus/connectivity)
❌ ERROR: Failed to retrieve stored auth data | MissingPluginException(No implementation found for method read on channel plugins.it_nomads.com/flutter_secure_storage)
ℹ️  INFO: No stored auth data found
ℹ️  INFO: No stored auth data found
ℹ️  INFO: Auth state initialized - no active session
❌ ERROR: Network connectivity check failed | MissingPluginException(No implementation found for method check on channel dev.fluttercommunity.plus/connectivity)
❌ ERROR: Failed to retrieve stored auth data | MissingPluginException(No implementation found for method read on channel plugins.it_nomads.com/flutter_secure_storage)
ℹ️  INFO: No stored auth data found
ℹ️  INFO: No stored auth data found
ℹ️  INFO: Auth state initialized - no active session
❌ ERROR: Network connectivity check failed | MissingPluginException(No implementation found for method check on channel dev.fluttercommunity.plus/connectivity)
❌ ERROR: Failed to retrieve stored auth data | MissingPluginException(No implementation found for method read on channel plugins.it_nomads.com/flutter_secure_storage)
ℹ️  INFO: No stored auth data found
ℹ️  INFO: No stored auth data found
ℹ️  INFO: Auth state initialized - no active session
❌ ERROR: Network connectivity check failed | MissingPluginException(No implementation found for method check on channel dev.fluttercommunity.plus/connectivity)
❌ ERROR: Failed to retrieve stored auth data | MissingPluginException(No implementation found for method read on channel plugins.it_nomads.com/flutter_secure_storage)
ℹ️  INFO: No stored auth data found
ℹ️  INFO: No stored auth data found
ℹ️  INFO: Auth state initialized - no active session
❌ ERROR: Network connectivity check failed | MissingPluginException(No implementation found for method check on channel dev.fluttercommunity.plus/connectivity)
❌ ERROR: Failed to retrieve stored auth data | MissingPluginException(No implementation found for method read on channel plugins.it_nomads.com/flutter_secure_storage)
ℹ️  INFO: No stored auth data found
ℹ️  INFO: No stored auth data found
ℹ️  INFO: Auth state initialized - no active session
❌ ERROR: Network connectivity check failed | MissingPluginException(No implementation found for method check on channel dev.fluttercommunity.plus/connectivity)
❌ ERROR: Failed to retrieve stored auth data | MissingPluginException(No implementation found for method read on channel plugins.it_nomads.com/flutter_secure_storage)
ℹ️  INFO: No stored auth data found
ℹ️  INFO: No stored auth data found
ℹ️  INFO: Auth state initialized - no active session
❌ ERROR: Network connectivity check failed | MissingPluginException(No implementation found for method check on channel dev.fluttercommunity.plus/connectivity)
❌ ERROR: Failed to retrieve stored auth data | MissingPluginException(No implementation found for method read on channel plugins.it_nomads.com/flutter_secure_storage)
ℹ️  INFO: No stored auth data found
ℹ️  INFO: No stored auth data found
ℹ️  INFO: Auth state initialized - no active session
❌ ERROR: Network connectivity check failed | MissingPluginException(No implementation found for method check on channel dev.fluttercommunity.plus/connectivity)
❌ ERROR: Failed to retrieve stored auth data | MissingPluginException(No implementation found for method read on channel plugins.it_nomads.com/flutter_secure_storage)
ℹ️  INFO: No stored auth data found
ℹ️  INFO: No stored auth data found
ℹ️  INFO: Auth state initialized - no active session
❌ ERROR: Network connectivity check failed | MissingPluginException(No implementation found for method check on channel dev.fluttercommunity.plus/connectivity)
❌ ERROR: Failed to retrieve stored auth data | MissingPluginException(No implementation found for method read on channel plugins.it_nomads.com/flutter_secure_storage)
ℹ️  INFO: No stored auth data found
ℹ️  INFO: No stored auth data found
ℹ️  INFO: Auth state initialized - no active session
❌ ERROR: Network connectivity check failed | MissingPluginException(No implementation found for method check on channel dev.fluttercommunity.plus/connectivity)
❌ ERROR: Failed to retrieve stored auth data | MissingPluginException(No implementation found for method read on channel plugins.it_nomads.com/flutter_secure_storage)
ℹ️  INFO: No stored auth data found
ℹ️  INFO: No stored auth data found
ℹ️  INFO: Auth state initialized - no active session
❌ ERROR: Network connectivity check failed | MissingPluginException(No implementation found for method check on channel dev.fluttercommunity.plus/connectivity)
❌ ERROR: Failed to retrieve stored auth data | MissingPluginException(No implementation found for method read on channel plugins.it_nomads.com/flutter_secure_storage)
ℹ️  INFO: No stored auth data found
ℹ️  INFO: No stored auth data found
ℹ️  INFO: Auth state initialized - no active session
❌ ERROR: Network connectivity check failed | MissingPluginException(No implementation found for method check on channel dev.fluttercommunity.plus/connectivity)
❌ ERROR: Failed to retrieve stored auth data | MissingPluginException(No implementation found for method read on channel plugins.it_nomads.com/flutter_secure_storage)
ℹ️  INFO: No stored auth data found
ℹ️  INFO: No stored auth data found
ℹ️  INFO: Auth state initialized - no active session
❌ ERROR: Network connectivity check failed | MissingPluginException(No implementation found for method check on channel dev.fluttercommunity.plus/connectivity)
❌ ERROR: Failed to retrieve stored auth data | MissingPluginException(No implementation found for method read on channel plugins.it_nomads.com/flutter_secure_storage)
ℹ️  INFO: No stored auth data found
ℹ️  INFO: No stored auth data found
ℹ️  INFO: Auth state initialized - no active session
❌ ERROR: Network connectivity check failed | MissingPluginException(No implementation found for method check on channel dev.fluttercommunity.plus/connectivity)
❌ ERROR: Failed to retrieve stored auth data | MissingPluginException(No implementation found for method read on channel plugins.it_nomads.com/flutter_secure_storage)
ℹ️  INFO: No stored auth data found
ℹ️  INFO: No stored auth data found
ℹ️  INFO: Auth state initialized - no active session
❌ ERROR: Network connectivity check failed | MissingPluginException(No implementation found for method check on channel dev.fluttercommunity.plus/connectivity)
❌ ERROR: Failed to retrieve stored auth data | MissingPluginException(No implementation found for method read on channel plugins.it_nomads.com/flutter_secure_storage)
ℹ️  INFO: No stored auth data found
ℹ️  INFO: No stored auth data found
ℹ️  INFO: Auth state initialized - no active session
❌ ERROR: Network connectivity check failed | MissingPluginException(No implementation found for method check on channel dev.fluttercommunity.plus/connectivity)
❌ ERROR: Failed to retrieve stored auth data | MissingPluginException(No implementation found for method read on channel plugins.it_nomads.com/flutter_secure_storage)
ℹ️  INFO: No stored auth data found
ℹ️  INFO: No stored auth data found
ℹ️  INFO: Auth state initialized - no active session
❌ ERROR: Network connectivity check failed | MissingPluginException(No implementation found for method check on channel dev.fluttercommunity.plus/connectivity)
❌ ERROR: Failed to retrieve stored auth data | MissingPluginException(No implementation found for method read on channel plugins.it_nomads.com/flutter_secure_storage)
ℹ️  INFO: No stored auth data found
ℹ️  INFO: No stored auth data found
ℹ️  INFO: Auth state initialized - no active session
❌ ERROR: Network connectivity check failed | MissingPluginException(No implementation found for method check on channel dev.fluttercommunity.plus/connectivity)
❌ ERROR: Failed to retrieve stored auth data | MissingPluginException(No implementation found for method read on channel plugins.it_nomads.com/flutter_secure_storage)
ℹ️  INFO: No stored auth data found
ℹ️  INFO: No stored auth data found
ℹ️  INFO: Auth state initialized - no active session
❌ ERROR: Network connectivity check failed | MissingPluginException(No implementation found for method check on channel dev.fluttercommunity.plus/connectivity)
❌ ERROR: Failed to retrieve stored auth data | MissingPluginException(No implementation found for method read on channel plugins.it_nomads.com/flutter_secure_storage)
ℹ️  INFO: No stored auth data found
ℹ️  INFO: No stored auth data found
ℹ️  INFO: Auth state initialized - no active session
❌ ERROR: Network connectivity check failed | MissingPluginException(No implementation found for method check on channel dev.fluttercommunity.plus/connectivity)
❌ ERROR: Failed to retrieve stored auth data | MissingPluginException(No implementation found for method read on channel plugins.it_nomads.com/flutter_secure_storage)
ℹ️  INFO: No stored auth data found
ℹ️  INFO: No stored auth data found
ℹ️  INFO: Auth state initialized - no active session
❌ ERROR: Network connectivity check failed | MissingPluginException(No implementation found for method check on channel dev.fluttercommunity.plus/connectivity)
❌ ERROR: Failed to retrieve stored auth data | MissingPluginException(No implementation found for method read on channel plugins.it_nomads.com/flutter_secure_storage)
ℹ️  INFO: No stored auth data found
ℹ️  INFO: No stored auth data found
ℹ️  INFO: Auth state initialized - no active session
❌ ERROR: Network connectivity check failed | MissingPluginException(No implementation found for method check on channel dev.fluttercommunity.plus/connectivity)
❌ ERROR: Failed to retrieve stored auth data | MissingPluginException(No implementation found for method read on channel plugins.it_nomads.com/flutter_secure_storage)
ℹ️  INFO: No stored auth data found
ℹ️  INFO: No stored auth data found
ℹ️  INFO: Auth state initialized - no active session
❌ ERROR: Network connectivity check failed | MissingPluginException(No implementation found for method check on channel dev.fluttercommunity.plus/connectivity)
❌ ERROR: Failed to retrieve stored auth data | MissingPluginException(No implementation found for method read on channel plugins.it_nomads.com/flutter_secure_storage)
ℹ️  INFO: No stored auth data found
ℹ️  INFO: No stored auth data found
ℹ️  INFO: Auth state initialized - no active session
❌ ERROR: Network connectivity check failed | MissingPluginException(No implementation found for method check on channel dev.fluttercommunity.plus/connectivity)
❌ ERROR: Failed to retrieve stored auth data | MissingPluginException(No implementation found for method read on channel plugins.it_nomads.com/flutter_secure_storage)
ℹ️  INFO: No stored auth data found
ℹ️  INFO: No stored auth data found
ℹ️  INFO: Auth state initialized - no active session
❌ ERROR: Network connectivity check failed | MissingPluginException(No implementation found for method check on channel dev.fluttercommunity.plus/connectivity)
❌ ERROR: Failed to retrieve stored auth data | MissingPluginException(No implementation found for method read on channel plugins.it_nomads.com/flutter_secure_storage)
ℹ️  INFO: No stored auth data found
ℹ️  INFO: No stored auth data found
ℹ️  INFO: Auth state initialized - no active session
❌ ERROR: Network connectivity check failed | MissingPluginException(No implementation found for method check on channel dev.fluttercommunity.plus/connectivity)
❌ ERROR: Failed to retrieve stored auth data | MissingPluginException(No implementation found for method read on channel plugins.it_nomads.com/flutter_secure_storage)
ℹ️  INFO: No stored auth data found
ℹ️  INFO: No stored auth data found
ℹ️  INFO: Auth state initialized - no active session
❌ ERROR: Network connectivity check failed | MissingPluginException(No implementation found for method check on channel dev.fluttercommunity.plus/connectivity)
❌ ERROR: Failed to retrieve stored auth data | MissingPluginException(No implementation found for method read on channel plugins.it_nomads.com/flutter_secure_storage)
ℹ️  INFO: No stored auth data found
ℹ️  INFO: No stored auth data found
ℹ️  INFO: Auth state initialized - no active session
❌ ERROR: Network connectivity check failed | MissingPluginException(No implementation found for method check on channel dev.fluttercommunity.plus/connectivity)
❌ ERROR: Failed to retrieve stored auth data | MissingPluginException(No implementation found for method read on channel plugins.it_nomads.com/flutter_secure_storage)
ℹ️  INFO: No stored auth data found
ℹ️  INFO: No stored auth data found
ℹ️  INFO: Auth state initialized - no active session
❌ ERROR: Network connectivity check failed | MissingPluginException(No implementation found for method check on channel dev.fluttercommunity.plus/connectivity)
❌ ERROR: Failed to retrieve stored auth data | MissingPluginException(No implementation found for method read on channel plugins.it_nomads.com/flutter_secure_storage)
ℹ️  INFO: No stored auth data found
ℹ️  INFO: No stored auth data found
ℹ️  INFO: Auth state initialized - no active session
❌ ERROR: Network connectivity check failed | MissingPluginException(No implementation found for method check on channel dev.fluttercommunity.plus/connectivity)
❌ ERROR: Failed to retrieve stored auth data | MissingPluginException(No implementation found for method read on channel plugins.it_nomads.com/flutter_secure_storage)
ℹ️  INFO: No stored auth data found
ℹ️  INFO: No stored auth data found
ℹ️  INFO: Auth state initialized - no active session
❌ ERROR: Network connectivity check failed | MissingPluginException(No implementation found for method check on channel dev.fluttercommunity.plus/connectivity)
❌ ERROR: Failed to retrieve stored auth data | MissingPluginException(No implementation found for method read on channel plugins.it_nomads.com/flutter_secure_storage)
ℹ️  INFO: No stored auth data found
ℹ️  INFO: No stored auth data found
ℹ️  INFO: Auth state initialized - no active session
❌ ERROR: Network connectivity check failed | MissingPluginException(No implementation found for method check on channel dev.fluttercommunity.plus/connectivity)
❌ ERROR: Failed to retrieve stored auth data | MissingPluginException(No implementation found for method read on channel plugins.it_nomads.com/flutter_secure_storage)
ℹ️  INFO: No stored auth data found
ℹ️  INFO: No stored auth data found
ℹ️  INFO: Auth state initialized - no active session
❌ ERROR: Network connectivity check failed | MissingPluginException(No implementation found for method check on channel dev.fluttercommunity.plus/connectivity)
❌ ERROR: Failed to retrieve stored auth data | MissingPluginException(No implementation found for method read on channel plugins.it_nomads.com/flutter_secure_storage)
ℹ️  INFO: No stored auth data found
ℹ️  INFO: No stored auth data found
ℹ️  INFO: Auth state initialized - no active session
❌ ERROR: Network connectivity check failed | MissingPluginException(No implementation found for method check on channel dev.fluttercommunity.plus/connectivity)
❌ ERROR: Failed to retrieve stored auth data | MissingPluginException(No implementation found for method read on channel plugins.it_nomads.com/flutter_secure_storage)
ℹ️  INFO: No stored auth data found
ℹ️  INFO: No stored auth data found
ℹ️  INFO: Auth state initialized - no active session
❌ ERROR: Network connectivity check failed | MissingPluginException(No implementation found for method check on channel dev.fluttercommunity.plus/connectivity)
❌ ERROR: Failed to retrieve stored auth data | MissingPluginException(No implementation found for method read on channel plugins.it_nomads.com/flutter_secure_storage)
ℹ️  INFO: No stored auth data found
ℹ️  INFO: No stored auth data found
ℹ️  INFO: Auth state initialized - no active session
❌ ERROR: Network connectivity check failed | MissingPluginException(No implementation found for method check on channel dev.fluttercommunity.plus/connectivity)
❌ ERROR: Failed to retrieve stored auth data | MissingPluginException(No implementation found for method read on channel plugins.it_nomads.com/flutter_secure_storage)
ℹ️  INFO: No stored auth data found
ℹ️  INFO: No stored auth data found
ℹ️  INFO: Auth state initialized - no active session
❌ ERROR: Network connectivity check failed | MissingPluginException(No implementation found for method check on channel dev.fluttercommunity.plus/connectivity)
❌ ERROR: Failed to retrieve stored auth data | MissingPluginException(No implementation found for method read on channel plugins.it_nomads.com/flutter_secure_storage)
ℹ️  INFO: No stored auth data found
ℹ️  INFO: No stored auth data found
ℹ️  INFO: Auth state initialized - no active session
❌ ERROR: Network connectivity check failed | MissingPluginException(No implementation found for method check on channel dev.fluttercommunity.plus/connectivity)
❌ ERROR: Failed to retrieve stored auth data | MissingPluginException(No implementation found for method read on channel plugins.it_nomads.com/flutter_secure_storage)
ℹ️  INFO: No stored auth data found
ℹ️  INFO: No stored auth data found
ℹ️  INFO: Auth state initialized - no active session
❌ ERROR: Network connectivity check failed | MissingPluginException(No implementation found for method check on channel dev.fluttercommunity.plus/connectivity)
❌ ERROR: Failed to retrieve stored auth data | MissingPluginException(No implementation found for method read on channel plugins.it_nomads.com/flutter_secure_storage)
ℹ️  INFO: No stored auth data found
ℹ️  INFO: No stored auth data found
ℹ️  INFO: Auth state initialized - no active session
❌ ERROR: Network connectivity check failed | MissingPluginException(No implementation found for method check on channel dev.fluttercommunity.plus/connectivity)
❌ ERROR: Failed to retrieve stored auth data | MissingPluginException(No implementation found for method read on channel plugins.it_nomads.com/flutter_secure_storage)
ℹ️  INFO: No stored auth data found
ℹ️  INFO: No stored auth data found
ℹ️  INFO: Auth state initialized - no active session
❌ ERROR: Network connectivity check failed | MissingPluginException(No implementation found for method check on channel dev.fluttercommunity.plus/connectivity)
❌ ERROR: Failed to retrieve stored auth data | MissingPluginException(No implementation found for method read on channel plugins.it_nomads.com/flutter_secure_storage)
ℹ️  INFO: No stored auth data found
ℹ️  INFO: No stored auth data found
ℹ️  INFO: Auth state initialized - no active session
❌ ERROR: Network connectivity check failed | MissingPluginException(No implementation found for method check on channel dev.fluttercommunity.plus/connectivity)
❌ ERROR: Failed to retrieve stored auth data | MissingPluginException(No implementation found for method read on channel plugins.it_nomads.com/flutter_secure_storage)
ℹ️  INFO: No stored auth data found
ℹ️  INFO: No stored auth data found
ℹ️  INFO: Auth state initialized - no active session
❌ ERROR: Network connectivity check failed | MissingPluginException(No implementation found for method check on channel dev.fluttercommunity.plus/connectivity)
❌ ERROR: Failed to retrieve stored auth data | MissingPluginException(No implementation found for method read on channel plugins.it_nomads.com/flutter_secure_storage)
ℹ️  INFO: No stored auth data found
ℹ️  INFO: No stored auth data found
ℹ️  INFO: Auth state initialized - no active session
❌ ERROR: Network connectivity check failed | MissingPluginException(No implementation found for method check on channel dev.fluttercommunity.plus/connectivity)
❌ ERROR: Failed to retrieve stored auth data | MissingPluginException(No implementation found for method read on channel plugins.it_nomads.com/flutter_secure_storage)
ℹ️  INFO: No stored auth data found
ℹ️  INFO: No stored auth data found
ℹ️  INFO: Auth state initialized - no active session
❌ ERROR: Network connectivity check failed | MissingPluginException(No implementation found for method check on channel dev.fluttercommunity.plus/connectivity)
❌ ERROR: Failed to retrieve stored auth data | MissingPluginException(No implementation found for method read on channel plugins.it_nomads.com/flutter_secure_storage)
ℹ️  INFO: No stored auth data found
ℹ️  INFO: No stored auth data found
ℹ️  INFO: Auth state initialized - no active session
❌ ERROR: Network connectivity check failed | MissingPluginException(No implementation found for method check on channel dev.fluttercommunity.plus/connectivity)
❌ ERROR: Failed to retrieve stored auth data | MissingPluginException(No implementation found for method read on channel plugins.it_nomads.com/flutter_secure_storage)
ℹ️  INFO: No stored auth data found
ℹ️  INFO: No stored auth data found
ℹ️  INFO: Auth state initialized - no active session
❌ ERROR: Network connectivity check failed | MissingPluginException(No implementation found for method check on channel dev.fluttercommunity.plus/connectivity)
❌ ERROR: Failed to retrieve stored auth data | MissingPluginException(No implementation found for method read on channel plugins.it_nomads.com/flutter_secure_storage)
ℹ️  INFO: No stored auth data found
ℹ️  INFO: No stored auth data found
ℹ️  INFO: Auth state initialized - no active session
❌ ERROR: Network connectivity check failed | MissingPluginException(No implementation found for method check on channel dev.fluttercommunity.plus/connectivity)
❌ ERROR: Failed to retrieve stored auth data | MissingPluginException(No implementation found for method read on channel plugins.it_nomads.com/flutter_secure_storage)
ℹ️  INFO: No stored auth data found
ℹ️  INFO: No stored auth data found
ℹ️  INFO: Auth state initialized - no active session
❌ ERROR: Network connectivity check failed | MissingPluginException(No implementation found for method check on channel dev.fluttercommunity.plus/connectivity)
❌ ERROR: Failed to retrieve stored auth data | MissingPluginException(No implementation found for method read on channel plugins.it_nomads.com/flutter_secure_storage)
ℹ️  INFO: No stored auth data found
ℹ️  INFO: No stored auth data found
ℹ️  INFO: Auth state initialized - no active session
❌ ERROR: Network connectivity check failed | MissingPluginException(No implementation found for method check on channel dev.fluttercommunity.plus/connectivity)
❌ ERROR: Network connectivity check failed | MissingPluginException(No implementation found for method check on channel dev.fluttercommunity.plus/connectivity)
ℹ️  INFO: Service health check completed
   Context: {status: offline, isConnected: false}
ℹ️  INFO: App state initialized successfully
❌ ERROR: Network connectivity check failed | MissingPluginException(No implementation found for method check on channel dev.fluttercommunity.plus/connectivity)
ℹ️  INFO: Service health check completed
   Context: {status: offline, isConnected: false}
ℹ️  INFO: App state initialized successfully
❌ ERROR: Network connectivity check failed | MissingPluginException(No implementation found for method check on channel dev.fluttercommunity.plus/connectivity)
ℹ️  INFO: Service health check completed
   Context: {status: offline, isConnected: false}
ℹ️  INFO: App state initialized successfully
❌ ERROR: Network connectivity check failed | MissingPluginException(No implementation found for method check on channel dev.fluttercommunity.plus/connectivity)
ℹ️  INFO: Service health check completed
   Context: {status: offline, isConnected: false}
ℹ️  INFO: App state initialized successfully
❌ ERROR: Network connectivity check failed | MissingPluginException(No implementation found for method check on channel dev.fluttercommunity.plus/connectivity)
ℹ️  INFO: Service health check completed
   Context: {status: offline, isConnected: false}
ℹ️  INFO: App state initialized successfully
❌ ERROR: Network connectivity check failed | MissingPluginException(No implementation found for method check on channel dev.fluttercommunity.plus/connectivity)
ℹ️  INFO: Service health check completed
   Context: {status: offline, isConnected: false}
ℹ️  INFO: App state initialized successfully
❌ ERROR: Network connectivity check failed | MissingPluginException(No implementation found for method check on channel dev.fluttercommunity.plus/connectivity)
ℹ️  INFO: Service health check completed
   Context: {status: offline, isConnected: false}
ℹ️  INFO: App state initialized successfully
❌ ERROR: Network connectivity check failed | MissingPluginException(No implementation found for method check on channel dev.fluttercommunity.plus/connectivity)
ℹ️  INFO: Service health check completed
   Context: {status: offline, isConnected: false}
ℹ️  INFO: App state initialized successfully
❌ ERROR: Network connectivity check failed | MissingPluginException(No implementation found for method check on channel dev.fluttercommunity.plus/connectivity)
ℹ️  INFO: Service health check completed
   Context: {status: offline, isConnected: false}
ℹ️  INFO: App state initialized successfully
❌ ERROR: Network connectivity check failed | MissingPluginException(No implementation found for method check on channel dev.fluttercommunity.plus/connectivity)
ℹ️  INFO: Service health check completed
   Context: {status: offline, isConnected: false}
ℹ️  INFO: App state initialized successfully
❌ ERROR: Network connectivity check failed | MissingPluginException(No implementation found for method check on channel dev.fluttercommunity.plus/connectivity)
ℹ️  INFO: Service health check completed
   Context: {status: offline, isConnected: false}
ℹ️  INFO: App state initialized successfully
❌ ERROR: Network connectivity check failed | MissingPluginException(No implementation found for method check on channel dev.fluttercommunity.plus/connectivity)
ℹ️  INFO: Service health check completed
   Context: {status: offline, isConnected: false}
ℹ️  INFO: App state initialized successfully
❌ ERROR: Network connectivity check failed | MissingPluginException(No implementation found for method check on channel dev.fluttercommunity.plus/connectivity)
ℹ️  INFO: Service health check completed
   Context: {status: offline, isConnected: false}
ℹ️  INFO: App state initialized successfully
❌ ERROR: Network connectivity check failed | MissingPluginException(No implementation found for method check on channel dev.fluttercommunity.plus/connectivity)
ℹ️  INFO: Service health check completed
   Context: {status: offline, isConnected: false}
ℹ️  INFO: App state initialized successfully
❌ ERROR: Network connectivity check failed | MissingPluginException(No implementation found for method check on channel dev.fluttercommunity.plus/connectivity)
ℹ️  INFO: Service health check completed
   Context: {status: offline, isConnected: false}
ℹ️  INFO: App state initialized successfully
❌ ERROR: Network connectivity check failed | MissingPluginException(No implementation found for method check on channel dev.fluttercommunity.plus/connectivity)
ℹ️  INFO: Service health check completed
   Context: {status: offline, isConnected: false}
ℹ️  INFO: App state initialized successfully
❌ ERROR: Network connectivity check failed | MissingPluginException(No implementation found for method check on channel dev.fluttercommunity.plus/connectivity)
ℹ️  INFO: Service health check completed
   Context: {status: offline, isConnected: false}
ℹ️  INFO: App state initialized successfully
❌ ERROR: Network connectivity check failed | MissingPluginException(No implementation found for method check on channel dev.fluttercommunity.plus/connectivity)
ℹ️  INFO: Service health check completed
   Context: {status: offline, isConnected: false}
ℹ️  INFO: App state initialized successfully
❌ ERROR: Network connectivity check failed | MissingPluginException(No implementation found for method check on channel dev.fluttercommunity.plus/connectivity)
ℹ️  INFO: Service health check completed
   Context: {status: offline, isConnected: false}
ℹ️  INFO: App state initialized successfully
❌ ERROR: Network connectivity check failed | MissingPluginException(No implementation found for method check on channel dev.fluttercommunity.plus/connectivity)
ℹ️  INFO: Service health check completed
   Context: {status: offline, isConnected: false}
ℹ️  INFO: App state initialized successfully
❌ ERROR: Network connectivity check failed | MissingPluginException(No implementation found for method check on channel dev.fluttercommunity.plus/connectivity)
ℹ️  INFO: Service health check completed
   Context: {status: offline, isConnected: false}
ℹ️  INFO: App state initialized successfully
❌ ERROR: Network connectivity check failed | MissingPluginException(No implementation found for method check on channel dev.fluttercommunity.plus/connectivity)
ℹ️  INFO: Service health check completed
   Context: {status: offline, isConnected: false}
ℹ️  INFO: App state initialized successfully
❌ ERROR: Network connectivity check failed | MissingPluginException(No implementation found for method check on channel dev.fluttercommunity.plus/connectivity)
ℹ️  INFO: Service health check completed
   Context: {status: offline, isConnected: false}
ℹ️  INFO: App state initialized successfully
❌ ERROR: Network connectivity check failed | MissingPluginException(No implementation found for method check on channel dev.fluttercommunity.plus/connectivity)
ℹ️  INFO: Service health check completed
   Context: {status: offline, isConnected: false}
ℹ️  INFO: App state initialized successfully
❌ ERROR: Network connectivity check failed | MissingPluginException(No implementation found for method check on channel dev.fluttercommunity.plus/connectivity)
ℹ️  INFO: Service health check completed
   Context: {status: offline, isConnected: false}
ℹ️  INFO: App state initialized successfully
❌ ERROR: Network connectivity check failed | MissingPluginException(No implementation found for method check on channel dev.fluttercommunity.plus/connectivity)
ℹ️  INFO: Service health check completed
   Context: {status: offline, isConnected: false}
ℹ️  INFO: App state initialized successfully
❌ ERROR: Network connectivity check failed | MissingPluginException(No implementation found for method check on channel dev.fluttercommunity.plus/connectivity)
ℹ️  INFO: Service health check completed
   Context: {status: offline, isConnected: false}
ℹ️  INFO: App state initialized successfully
❌ ERROR: Network connectivity check failed | MissingPluginException(No implementation found for method check on channel dev.fluttercommunity.plus/connectivity)
ℹ️  INFO: Service health check completed
   Context: {status: offline, isConnected: false}
ℹ️  INFO: App state initialized successfully
❌ ERROR: Network connectivity check failed | MissingPluginException(No implementation found for method check on channel dev.fluttercommunity.plus/connectivity)
ℹ️  INFO: Service health check completed
   Context: {status: offline, isConnected: false}
ℹ️  INFO: App state initialized successfully
❌ ERROR: Network connectivity check failed | MissingPluginException(No implementation found for method check on channel dev.fluttercommunity.plus/connectivity)
ℹ️  INFO: Service health check completed
   Context: {status: offline, isConnected: false}
ℹ️  INFO: App state initialized successfully
❌ ERROR: Network connectivity check failed | MissingPluginException(No implementation found for method check on channel dev.fluttercommunity.plus/connectivity)
ℹ️  INFO: Service health check completed
   Context: {status: offline, isConnected: false}
ℹ️  INFO: App state initialized successfully
❌ ERROR: Network connectivity check failed | MissingPluginException(No implementation found for method check on channel dev.fluttercommunity.plus/connectivity)
ℹ️  INFO: Service health check completed
   Context: {status: offline, isConnected: false}
ℹ️  INFO: App state initialized successfully
❌ ERROR: Network connectivity check failed | MissingPluginException(No implementation found for method check on channel dev.fluttercommunity.plus/connectivity)
ℹ️  INFO: Service health check completed
   Context: {status: offline, isConnected: false}
ℹ️  INFO: App state initialized successfully
❌ ERROR: Network connectivity check failed | MissingPluginException(No implementation found for method check on channel dev.fluttercommunity.plus/connectivity)
ℹ️  INFO: Service health check completed
   Context: {status: offline, isConnected: false}
ℹ️  INFO: App state initialized successfully
❌ ERROR: Network connectivity check failed | MissingPluginException(No implementation found for method check on channel dev.fluttercommunity.plus/connectivity)
ℹ️  INFO: Service health check completed
   Context: {status: offline, isConnected: false}
ℹ️  INFO: App state initialized successfully
❌ ERROR: Network connectivity check failed | MissingPluginException(No implementation found for method check on channel dev.fluttercommunity.plus/connectivity)
ℹ️  INFO: Service health check completed
   Context: {status: offline, isConnected: false}
ℹ️  INFO: App state initialized successfully
❌ ERROR: Network connectivity check failed | MissingPluginException(No implementation found for method check on channel dev.fluttercommunity.plus/connectivity)
ℹ️  INFO: Service health check completed
   Context: {status: offline, isConnected: false}
ℹ️  INFO: App state initialized successfully
❌ ERROR: Network connectivity check failed | MissingPluginException(No implementation found for method check on channel dev.fluttercommunity.plus/connectivity)
ℹ️  INFO: Service health check completed
   Context: {status: offline, isConnected: false}
ℹ️  INFO: App state initialized successfully
❌ ERROR: Network connectivity check failed | MissingPluginException(No implementation found for method check on channel dev.fluttercommunity.plus/connectivity)
ℹ️  INFO: Service health check completed
   Context: {status: offline, isConnected: false}
ℹ️  INFO: App state initialized successfully
❌ ERROR: Network connectivity check failed | MissingPluginException(No implementation found for method check on channel dev.fluttercommunity.plus/connectivity)
ℹ️  INFO: Service health check completed
   Context: {status: offline, isConnected: false}
ℹ️  INFO: App state initialized successfully
❌ ERROR: Network connectivity check failed | MissingPluginException(No implementation found for method check on channel dev.fluttercommunity.plus/connectivity)
ℹ️  INFO: Service health check completed
   Context: {status: offline, isConnected: false}
ℹ️  INFO: App state initialized successfully
❌ ERROR: Network connectivity check failed | MissingPluginException(No implementation found for method check on channel dev.fluttercommunity.plus/connectivity)
ℹ️  INFO: Service health check completed
   Context: {status: offline, isConnected: false}
ℹ️  INFO: App state initialized successfully
❌ ERROR: Network connectivity check failed | MissingPluginException(No implementation found for method check on channel dev.fluttercommunity.plus/connectivity)
ℹ️  INFO: Service health check completed
   Context: {status: offline, isConnected: false}
ℹ️  INFO: App state initialized successfully
❌ ERROR: Network connectivity check failed | MissingPluginException(No implementation found for method check on channel dev.fluttercommunity.plus/connectivity)
ℹ️  INFO: Service health check completed
   Context: {status: offline, isConnected: false}
ℹ️  INFO: App state initialized successfully
❌ ERROR: Network connectivity check failed | MissingPluginException(No implementation found for method check on channel dev.fluttercommunity.plus/connectivity)
ℹ️  INFO: Service health check completed
   Context: {status: offline, isConnected: false}
ℹ️  INFO: App state initialized successfully
❌ ERROR: Network connectivity check failed | MissingPluginException(No implementation found for method check on channel dev.fluttercommunity.plus/connectivity)
ℹ️  INFO: Service health check completed
   Context: {status: offline, isConnected: false}
ℹ️  INFO: App state initialized successfully
❌ ERROR: Network connectivity check failed | MissingPluginException(No implementation found for method check on channel dev.fluttercommunity.plus/connectivity)
ℹ️  INFO: Service health check completed
   Context: {status: offline, isConnected: false}
ℹ️  INFO: App state initialized successfully
❌ ERROR: Network connectivity check failed | MissingPluginException(No implementation found for method check on channel dev.fluttercommunity.plus/connectivity)
ℹ️  INFO: Service health check completed
   Context: {status: offline, isConnected: false}
ℹ️  INFO: App state initialized successfully
❌ ERROR: Network connectivity check failed | MissingPluginException(No implementation found for method check on channel dev.fluttercommunity.plus/connectivity)
ℹ️  INFO: Service health check completed
   Context: {status: offline, isConnected: false}
ℹ️  INFO: App state initialized successfully
❌ ERROR: Network connectivity check failed | MissingPluginException(No implementation found for method check on channel dev.fluttercommunity.plus/connectivity)
ℹ️  INFO: Service health check completed
   Context: {status: offline, isConnected: false}
ℹ️  INFO: App state initialized successfully
❌ ERROR: Network connectivity check failed | MissingPluginException(No implementation found for method check on channel dev.fluttercommunity.plus/connectivity)
ℹ️  INFO: Service health check completed
   Context: {status: offline, isConnected: false}
ℹ️  INFO: App state initialized successfully
❌ ERROR: Network connectivity check failed | MissingPluginException(No implementation found for method check on channel dev.fluttercommunity.plus/connectivity)
ℹ️  INFO: Service health check completed
   Context: {status: offline, isConnected: false}
ℹ️  INFO: App state initialized successfully
❌ ERROR: Network connectivity check failed | MissingPluginException(No implementation found for method check on channel dev.fluttercommunity.plus/connectivity)
ℹ️  INFO: Service health check completed
   Context: {status: offline, isConnected: false}
ℹ️  INFO: App state initialized successfully
❌ ERROR: Network connectivity check failed | MissingPluginException(No implementation found for method check on channel dev.fluttercommunity.plus/connectivity)
ℹ️  INFO: Service health check completed
   Context: {status: offline, isConnected: false}
ℹ️  INFO: App state initialized successfully
❌ ERROR: Network connectivity check failed | MissingPluginException(No implementation found for method check on channel dev.fluttercommunity.plus/connectivity)
ℹ️  INFO: Service health check completed
   Context: {status: offline, isConnected: false}
ℹ️  INFO: App state initialized successfully
❌ ERROR: Network connectivity check failed | MissingPluginException(No implementation found for method check on channel dev.fluttercommunity.plus/connectivity)
ℹ️  INFO: Service health check completed
   Context: {status: offline, isConnected: false}
ℹ️  INFO: App state initialized successfully
❌ ERROR: Network connectivity check failed | MissingPluginException(No implementation found for method check on channel dev.fluttercommunity.plus/connectivity)
ℹ️  INFO: Service health check completed
   Context: {status: offline, isConnected: false}
ℹ️  INFO: App state initialized successfully
❌ ERROR: Network connectivity check failed | MissingPluginException(No implementation found for method check on channel dev.fluttercommunity.plus/connectivity)
ℹ️  INFO: Service health check completed
   Context: {status: offline, isConnected: false}
ℹ️  INFO: App state initialized successfully
❌ ERROR: Network connectivity check failed | MissingPluginException(No implementation found for method check on channel dev.fluttercommunity.plus/connectivity)
ℹ️  INFO: Service health check completed
   Context: {status: offline, isConnected: false}
ℹ️  INFO: App state initialized successfully
❌ ERROR: Network connectivity check failed | MissingPluginException(No implementation found for method check on channel dev.fluttercommunity.plus/connectivity)
ℹ️  INFO: Service health check completed
   Context: {status: offline, isConnected: false}
ℹ️  INFO: App state initialized successfully
❌ ERROR: Network connectivity check failed | MissingPluginException(No implementation found for method check on channel dev.fluttercommunity.plus/connectivity)
ℹ️  INFO: Service health check completed
   Context: {status: offline, isConnected: false}
ℹ️  INFO: App state initialized successfully
❌ ERROR: Network connectivity check failed | MissingPluginException(No implementation found for method check on channel dev.fluttercommunity.plus/connectivity)
ℹ️  INFO: Service health check completed
   Context: {status: offline, isConnected: false}
ℹ️  INFO: App state initialized successfully
❌ ERROR: Network connectivity check failed | MissingPluginException(No implementation found for method check on channel dev.fluttercommunity.plus/connectivity)
ℹ️  INFO: Service health check completed
   Context: {status: offline, isConnected: false}
ℹ️  INFO: App state initialized successfully
❌ ERROR: Network connectivity check failed | MissingPluginException(No implementation found for method check on channel dev.fluttercommunity.plus/connectivity)
ℹ️  INFO: Service health check completed
   Context: {status: offline, isConnected: false}
ℹ️  INFO: App state initialized successfully
❌ ERROR: Network connectivity check failed | MissingPluginException(No implementation found for method check on channel dev.fluttercommunity.plus/connectivity)
ℹ️  INFO: Service health check completed
   Context: {status: offline, isConnected: false}
ℹ️  INFO: App state initialized successfully
❌ ERROR: Network connectivity check failed | MissingPluginException(No implementation found for method check on channel dev.fluttercommunity.plus/connectivity)
ℹ️  INFO: Service health check completed
   Context: {status: offline, isConnected: false}
ℹ️  INFO: App state initialized successfully
❌ ERROR: Network connectivity check failed | MissingPluginException(No implementation found for method check on channel dev.fluttercommunity.plus/connectivity)
ℹ️  INFO: Service health check completed
   Context: {status: offline, isConnected: false}
ℹ️  INFO: App state initialized successfully
❌ ERROR: Network connectivity check failed | MissingPluginException(No implementation found for method check on channel dev.fluttercommunity.plus/connectivity)
ℹ️  INFO: Service health check completed
   Context: {status: offline, isConnected: false}
ℹ️  INFO: App state initialized successfully
❌ ERROR: Network connectivity check failed | MissingPluginException(No implementation found for method check on channel dev.fluttercommunity.plus/connectivity)
ℹ️  INFO: Service health check completed
   Context: {status: offline, isConnected: false}
ℹ️  INFO: App state initialized successfully
❌ ERROR: Network connectivity check failed | MissingPluginException(No implementation found for method check on channel dev.fluttercommunity.plus/connectivity)
ℹ️  INFO: Service health check completed
   Context: {status: offline, isConnected: false}
ℹ️  INFO: App state initialized successfully
❌ ERROR: Network connectivity check failed | MissingPluginException(No implementation found for method check on channel dev.fluttercommunity.plus/connectivity)
ℹ️  INFO: Service health check completed
   Context: {status: offline, isConnected: false}
ℹ️  INFO: App state initialized successfully
❌ ERROR: Network connectivity check failed | MissingPluginException(No implementation found for method check on channel dev.fluttercommunity.plus/connectivity)
ℹ️  INFO: Service health check completed
   Context: {status: offline, isConnected: false}
ℹ️  INFO: App state initialized successfully
❌ ERROR: Network connectivity check failed | MissingPluginException(No implementation found for method check on channel dev.fluttercommunity.plus/connectivity)
ℹ️  INFO: Service health check completed
   Context: {status: offline, isConnected: false}
ℹ️  INFO: App state initialized successfully
❌ ERROR: Network connectivity check failed | MissingPluginException(No implementation found for method check on channel dev.fluttercommunity.plus/connectivity)
ℹ️  INFO: Service health check completed
   Context: {status: offline, isConnected: false}
ℹ️  INFO: App state initialized successfully
❌ ERROR: Network connectivity check failed | MissingPluginException(No implementation found for method check on channel dev.fluttercommunity.plus/connectivity)
ℹ️  INFO: Service health check completed
   Context: {status: offline, isConnected: false}
ℹ️  INFO: App state initialized successfully
❌ ERROR: Network connectivity check failed | MissingPluginException(No implementation found for method check on channel dev.fluttercommunity.plus/connectivity)
ℹ️  INFO: Service health check completed
   Context: {status: offline, isConnected: false}
ℹ️  INFO: App state initialized successfully
❌ ERROR: Network connectivity check failed | MissingPluginException(No implementation found for method check on channel dev.fluttercommunity.plus/connectivity)
ℹ️  INFO: Service health check completed
   Context: {status: offline, isConnected: false}
ℹ️  INFO: App state initialized successfully
❌ ERROR: Network connectivity check failed | MissingPluginException(No implementation found for method check on channel dev.fluttercommunity.plus/connectivity)
ℹ️  INFO: Service health check completed
   Context: {status: offline, isConnected: false}
ℹ️  INFO: App state initialized successfully
❌ ERROR: Network connectivity check failed | MissingPluginException(No implementation found for method check on channel dev.fluttercommunity.plus/connectivity)
ℹ️  INFO: Service health check completed
   Context: {status: offline, isConnected: false}
ℹ️  INFO: App state initialized successfully
❌ ERROR: Network connectivity check failed | MissingPluginException(No implementation found for method check on channel dev.fluttercommunity.plus/connectivity)
ℹ️  INFO: Service health check completed
   Context: {status: offline, isConnected: false}
ℹ️  INFO: App state initialized successfully
❌ ERROR: Network connectivity check failed | MissingPluginException(No implementation found for method check on channel dev.fluttercommunity.plus/connectivity)
ℹ️  INFO: Service health check completed
   Context: {status: offline, isConnected: false}
ℹ️  INFO: App state initialized successfully
❌ ERROR: Network connectivity check failed | MissingPluginException(No implementation found for method check on channel dev.fluttercommunity.plus/connectivity)
ℹ️  INFO: Service health check completed
   Context: {status: offline, isConnected: false}
ℹ️  INFO: App state initialized successfully
❌ ERROR: Network connectivity check failed | MissingPluginException(No implementation found for method check on channel dev.fluttercommunity.plus/connectivity)
ℹ️  INFO: Service health check completed
   Context: {status: offline, isConnected: false}
ℹ️  INFO: App state initialized successfully
❌ ERROR: Network connectivity check failed | MissingPluginException(No implementation found for method check on channel dev.fluttercommunity.plus/connectivity)
ℹ️  INFO: Service health check completed
   Context: {status: offline, isConnected: false}
ℹ️  INFO: App state initialized successfully
❌ ERROR: Network connectivity check failed | MissingPluginException(No implementation found for method check on channel dev.fluttercommunity.plus/connectivity)
ℹ️  INFO: Service health check completed
   Context: {status: offline, isConnected: false}
ℹ️  INFO: App state initialized successfully
❌ ERROR: Network connectivity check failed | MissingPluginException(No implementation found for method check on channel dev.fluttercommunity.plus/connectivity)
ℹ️  INFO: Service health check completed
   Context: {status: offline, isConnected: false}
ℹ️  INFO: App state initialized successfully
❌ ERROR: Network connectivity check failed | MissingPluginException(No implementation found for method check on channel dev.fluttercommunity.plus/connectivity)
ℹ️  INFO: Service health check completed
   Context: {status: offline, isConnected: false}
ℹ️  INFO: App state initialized successfully
❌ ERROR: Network connectivity check failed | MissingPluginException(No implementation found for method check on channel dev.fluttercommunity.plus/connectivity)
ℹ️  INFO: Service health check completed
   Context: {status: offline, isConnected: false}
ℹ️  INFO: App state initialized successfully
❌ ERROR: Network connectivity check failed | MissingPluginException(No implementation found for method check on channel dev.fluttercommunity.plus/connectivity)
ℹ️  INFO: Service health check completed
   Context: {status: offline, isConnected: false}
ℹ️  INFO: App state initialized successfully
❌ ERROR: Network connectivity check failed | MissingPluginException(No implementation found for method check on channel dev.fluttercommunity.plus/connectivity)
ℹ️  INFO: Service health check completed
   Context: {status: offline, isConnected: false}
ℹ️  INFO: App state initialized successfully
❌ ERROR: Network connectivity check failed | MissingPluginException(No implementation found for method check on channel dev.fluttercommunity.plus/connectivity)
ℹ️  INFO: Service health check completed
   Context: {status: offline, isConnected: false}
ℹ️  INFO: App state initialized successfully
❌ ERROR: Network connectivity check failed | MissingPluginException(No implementation found for method check on channel dev.fluttercommunity.plus/connectivity)
ℹ️  INFO: Service health check completed
   Context: {status: offline, isConnected: false}
ℹ️  INFO: App state initialized successfully
❌ ERROR: Network connectivity check failed | MissingPluginException(No implementation found for method check on channel dev.fluttercommunity.plus/connectivity)
ℹ️  INFO: Service health check completed
   Context: {status: offline, isConnected: false}
ℹ️  INFO: App state initialized successfully
❌ ERROR: Network connectivity check failed | MissingPluginException(No implementation found for method check on channel dev.fluttercommunity.plus/connectivity)
ℹ️  INFO: Service health check completed
   Context: {status: offline, isConnected: false}
ℹ️  INFO: App state initialized successfully
❌ ERROR: Network connectivity check failed | MissingPluginException(No implementation found for method check on channel dev.fluttercommunity.plus/connectivity)
ℹ️  INFO: Service health check completed
   Context: {status: offline, isConnected: false}
ℹ️  INFO: App state initialized successfully
❌ ERROR: Network connectivity check failed | MissingPluginException(No implementation found for method check on channel dev.fluttercommunity.plus/connectivity)
ℹ️  INFO: Service health check completed
   Context: {status: offline, isConnected: false}
ℹ️  INFO: App state initialized successfully
❌ ERROR: Network connectivity check failed | MissingPluginException(No implementation found for method check on channel dev.fluttercommunity.plus/connectivity)
ℹ️  INFO: Service health check completed
   Context: {status: offline, isConnected: false}
ℹ️  INFO: App state initialized successfully
❌ ERROR: Network connectivity check failed | MissingPluginException(No implementation found for method check on channel dev.fluttercommunity.plus/connectivity)
ℹ️  INFO: Service health check completed
   Context: {status: offline, isConnected: false}
ℹ️  INFO: App state initialized successfully
❌ ERROR: Network connectivity check failed | MissingPluginException(No implementation found for method check on channel dev.fluttercommunity.plus/connectivity)
ℹ️  INFO: Service health check completed
   Context: {status: offline, isConnected: false}
ℹ️  INFO: App state initialized successfully
❌ ERROR: Network connectivity check failed | MissingPluginException(No implementation found for method check on channel dev.fluttercommunity.plus/connectivity)
ℹ️  INFO: Service health check completed
   Context: {status: offline, isConnected: false}
ℹ️  INFO: App state initialized successfully
00:04 +355 -4: C:/Users/zarik/OneDrive/Desktop/TrossApp/frontend/test/integration/environment_service_integration_test.dart: (setUpAll)
00:04 +355 -4: C:/Users/zarik/OneDrive/Desktop/TrossApp/frontend/test/e2e/concurrent_operations_test.dart: Concurrent Operations Tests - High Concurrency Scenarios Rapid State Changes 50 rapid initialize-logout cycles maintain consistency
❌ ERROR: Failed to retrieve stored auth data | MissingPluginException(No implementation found for method read on channel plugins.it_nomads.com/flutter_secure_storage)
ℹ️  INFO: No stored auth data found
ℹ️  INFO: No stored auth data found
ℹ️  INFO: Auth state initialized - no active session
ℹ️  INFO: 🔑 AUTH SERVICE: ========== LOGOUT START (2025-11-11 13:25:24) ==========
   Context: {token: null, strategy: unknown, isAuth0: false, isDevUser: false}
ℹ️  INFO: 🔑 AUTH SERVICE: No token, skipping backend logout
ℹ️  INFO: 🔑 AUTH SERVICE: Unknown auth strategy, clearing state...
ℹ️  INFO: Clearing auth state
❌ ERROR: Failed to clear auth data | MissingPluginException(No implementation found for method delete on channel plugins.it_nomads.com/flutter_secure_storage)
ℹ️  INFO: Auth data cleared
ℹ️  INFO: Auth state cleared
ℹ️  INFO: 🔑 AUTH SERVICE: ========== LOGOUT END (total: 0ms) ==========
❌ ERROR: Failed to retrieve stored auth data | MissingPluginException(No implementation found for method read on channel plugins.it_nomads.com/flutter_secure_storage)
ℹ️  INFO: No stored auth data found
ℹ️  INFO: No stored auth data found
ℹ️  INFO: Auth state initialized - no active session
ℹ️  INFO: 🔑 AUTH SERVICE: ========== LOGOUT START (2025-11-11 13:25:24) ==========
   Context: {token: null, strategy: unknown, isAuth0: false, isDevUser: false}
ℹ️  INFO: 🔑 AUTH SERVICE: No token, skipping backend logout
ℹ️  INFO: 🔑 AUTH SERVICE: Unknown auth strategy, clearing state...
ℹ️  INFO: Clearing auth state
❌ ERROR: Failed to clear auth data | MissingPluginException(No implementation found for method delete on channel plugins.it_nomads.com/flutter_secure_storage)
ℹ️  INFO: Auth data cleared
ℹ️  INFO: Auth state cleared
ℹ️  INFO: 🔑 AUTH SERVICE: ========== LOGOUT END (total: 0ms) ==========
❌ ERROR: Failed to retrieve stored auth data | MissingPluginException(No implementation found for method read on channel plugins.it_nomads.com/flutter_secure_storage)
ℹ️  INFO: No stored auth data found
ℹ️  INFO: No stored auth data found
ℹ️  INFO: Auth state initialized - no active session
ℹ️  INFO: 🔑 AUTH SERVICE: ========== LOGOUT START (2025-11-11 13:25:24) ==========
   Context: {token: null, strategy: unknown, isAuth0: false, isDevUser: false}
ℹ️  INFO: 🔑 AUTH SERVICE: No token, skipping backend logout
ℹ️  INFO: 🔑 AUTH SERVICE: Unknown auth strategy, clearing state...
ℹ️  INFO: Clearing auth state
❌ ERROR: Failed to clear auth data | MissingPluginException(No implementation found for method delete on channel plugins.it_nomads.com/flutter_secure_storage)
ℹ️  INFO: Auth data cleared
ℹ️  INFO: Auth state cleared
ℹ️  INFO: 🔑 AUTH SERVICE: ========== LOGOUT END (total: 1ms) ==========
❌ ERROR: Failed to retrieve stored auth data | MissingPluginException(No implementation found for method read on channel plugins.it_nomads.com/flutter_secure_storage)
ℹ️  INFO: No stored auth data found
ℹ️  INFO: No stored auth data found
ℹ️  INFO: Auth state initialized - no active session
ℹ️  INFO: 🔑 AUTH SERVICE: ========== LOGOUT START (2025-11-11 13:25:24) ==========
   Context: {token: null, strategy: unknown, isAuth0: false, isDevUser: false}
ℹ️  INFO: 🔑 AUTH SERVICE: No token, skipping backend logout
ℹ️  INFO: 🔑 AUTH SERVICE: Unknown auth strategy, clearing state...
ℹ️  INFO: Clearing auth state
❌ ERROR: Failed to clear auth data | MissingPluginException(No implementation found for method delete on channel plugins.it_nomads.com/flutter_secure_storage)
ℹ️  INFO: Auth data cleared
ℹ️  INFO: Auth state cleared
ℹ️  INFO: 🔑 AUTH SERVICE: ========== LOGOUT END (total: 1ms) ==========
❌ ERROR: Failed to retrieve stored auth data | MissingPluginException(No implementation found for method read on channel plugins.it_nomads.com/flutter_secure_storage)
ℹ️  INFO: No stored auth data found
ℹ️  INFO: No stored auth data found
ℹ️  INFO: Auth state initialized - no active session
ℹ️  INFO: 🔑 AUTH SERVICE: ========== LOGOUT START (2025-11-11 13:25:24) ==========
   Context: {token: null, strategy: unknown, isAuth0: false, isDevUser: false}
ℹ️  INFO: 🔑 AUTH SERVICE: No token, skipping backend logout
ℹ️  INFO: 🔑 AUTH SERVICE: Unknown auth strategy, clearing state...
ℹ️  INFO: Clearing auth state
❌ ERROR: Failed to clear auth data | MissingPluginException(No implementation found for method delete on channel plugins.it_nomads.com/flutter_secure_storage)
ℹ️  INFO: Auth data cleared
ℹ️  INFO: Auth state cleared
ℹ️  INFO: 🔑 AUTH SERVICE: ========== LOGOUT END (total: 1ms) ==========
❌ ERROR: Failed to retrieve stored auth data | MissingPluginException(No implementation found for method read on channel plugins.it_nomads.com/flutter_secure_storage)
ℹ️  INFO: No stored auth data found
ℹ️  INFO: No stored auth data found
ℹ️  INFO: Auth state initialized - no active session
ℹ️  INFO: 🔑 AUTH SERVICE: ========== LOGOUT START (2025-11-11 13:25:24) ==========
   Context: {token: null, strategy: unknown, isAuth0: false, isDevUser: false}
ℹ️  INFO: 🔑 AUTH SERVICE: No token, skipping backend logout
ℹ️  INFO: 🔑 AUTH SERVICE: Unknown auth strategy, clearing state...
ℹ️  INFO: Clearing auth state
❌ ERROR: Failed to clear auth data | MissingPluginException(No implementation found for method delete on channel plugins.it_nomads.com/flutter_secure_storage)
ℹ️  INFO: Auth data cleared
ℹ️  INFO: Auth state cleared
ℹ️  INFO: 🔑 AUTH SERVICE: ========== LOGOUT END (total: 0ms) ==========
❌ ERROR: Failed to retrieve stored auth data | MissingPluginException(No implementation found for method read on channel plugins.it_nomads.com/flutter_secure_storage)
ℹ️  INFO: No stored auth data found
ℹ️  INFO: No stored auth data found
ℹ️  INFO: Auth state initialized - no active session
ℹ️  INFO: 🔑 AUTH SERVICE: ========== LOGOUT START (2025-11-11 13:25:24) ==========
   Context: {token: null, strategy: unknown, isAuth0: false, isDevUser: false}
ℹ️  INFO: 🔑 AUTH SERVICE: No token, skipping backend logout
ℹ️  INFO: 🔑 AUTH SERVICE: Unknown auth strategy, clearing state...
ℹ️  INFO: Clearing auth state
❌ ERROR: Failed to clear auth data | MissingPluginException(No implementation found for method delete on channel plugins.it_nomads.com/flutter_secure_storage)
ℹ️  INFO: Auth data cleared
ℹ️  INFO: Auth state cleared
ℹ️  INFO: 🔑 AUTH SERVICE: ========== LOGOUT END (total: 1ms) ==========
❌ ERROR: Failed to retrieve stored auth data | MissingPluginException(No implementation found for method read on channel plugins.it_nomads.com/flutter_secure_storage)
ℹ️  INFO: No stored auth data found
ℹ️  INFO: No stored auth data found
ℹ️  INFO: Auth state initialized - no active session
ℹ️  INFO: 🔑 AUTH SERVICE: ========== LOGOUT START (2025-11-11 13:25:24) ==========
   Context: {token: null, strategy: unknown, isAuth0: false, isDevUser: false}
ℹ️  INFO: 🔑 AUTH SERVICE: No token, skipping backend logout
ℹ️  INFO: 🔑 AUTH SERVICE: Unknown auth strategy, clearing state...
ℹ️  INFO: Clearing auth state
❌ ERROR: Failed to clear auth data | MissingPluginException(No implementation found for method delete on channel plugins.it_nomads.com/flutter_secure_storage)
ℹ️  INFO: Auth data cleared
ℹ️  INFO: Auth state cleared
ℹ️  INFO: 🔑 AUTH SERVICE: ========== LOGOUT END (total: 0ms) ==========
❌ ERROR: Failed to retrieve stored auth data | MissingPluginException(No implementation found for method read on channel plugins.it_nomads.com/flutter_secure_storage)
ℹ️  INFO: No stored auth data found
ℹ️  INFO: No stored auth data found
ℹ️  INFO: Auth state initialized - no active session
ℹ️  INFO: 🔑 AUTH SERVICE: ========== LOGOUT START (2025-11-11 13:25:24) ==========
   Context: {token: null, strategy: unknown, isAuth0: false, isDevUser: false}
ℹ️  INFO: 🔑 AUTH SERVICE: No token, skipping backend logout
ℹ️  INFO: 🔑 AUTH SERVICE: Unknown auth strategy, clearing state...
ℹ️  INFO: Clearing auth state
❌ ERROR: Failed to clear auth data | MissingPluginException(No implementation found for method delete on channel plugins.it_nomads.com/flutter_secure_storage)
ℹ️  INFO: Auth data cleared
ℹ️  INFO: Auth state cleared
ℹ️  INFO: 🔑 AUTH SERVICE: ========== LOGOUT END (total: 1ms) ==========
❌ ERROR: Failed to retrieve stored auth data | MissingPluginException(No implementation found for method read on channel plugins.it_nomads.com/flutter_secure_storage)
ℹ️  INFO: No stored auth data found
ℹ️  INFO: No stored auth data found
ℹ️  INFO: Auth state initialized - no active session
ℹ️  INFO: 🔑 AUTH SERVICE: ========== LOGOUT START (2025-11-11 13:25:24) ==========
   Context: {token: null, strategy: unknown, isAuth0: false, isDevUser: false}
ℹ️  INFO: 🔑 AUTH SERVICE: No token, skipping backend logout
ℹ️  INFO: 🔑 AUTH SERVICE: Unknown auth strategy, clearing state...
ℹ️  INFO: Clearing auth state
❌ ERROR: Failed to clear auth data | MissingPluginException(No implementation found for method delete on channel plugins.it_nomads.com/flutter_secure_storage)
ℹ️  INFO: Auth data cleared
ℹ️  INFO: Auth state cleared
ℹ️  INFO: 🔑 AUTH SERVICE: ========== LOGOUT END (total: 0ms) ==========
❌ ERROR: Failed to retrieve stored auth data | MissingPluginException(No implementation found for method read on channel plugins.it_nomads.com/flutter_secure_storage)
ℹ️  INFO: No stored auth data found
ℹ️  INFO: No stored auth data found
ℹ️  INFO: Auth state initialized - no active session
ℹ️  INFO: 🔑 AUTH SERVICE: ========== LOGOUT START (2025-11-11 13:25:24) ==========
   Context: {token: null, strategy: unknown, isAuth0: false, isDevUser: false}
ℹ️  INFO: 🔑 AUTH SERVICE: No token, skipping backend logout
ℹ️  INFO: 🔑 AUTH SERVICE: Unknown auth strategy, clearing state...
ℹ️  INFO: Clearing auth state
❌ ERROR: Failed to clear auth data | MissingPluginException(No implementation found for method delete on channel plugins.it_nomads.com/flutter_secure_storage)
ℹ️  INFO: Auth data cleared
ℹ️  INFO: Auth state cleared
ℹ️  INFO: 🔑 AUTH SERVICE: ========== LOGOUT END (total: 0ms) ==========
❌ ERROR: Failed to retrieve stored auth data | MissingPluginException(No implementation found for method read on channel plugins.it_nomads.com/flutter_secure_storage)
ℹ️  INFO: No stored auth data found
ℹ️  INFO: No stored auth data found
ℹ️  INFO: Auth state initialized - no active session
ℹ️  INFO: 🔑 AUTH SERVICE: ========== LOGOUT START (2025-11-11 13:25:24) ==========
   Context: {token: null, strategy: unknown, isAuth0: false, isDevUser: false}
ℹ️  INFO: 🔑 AUTH SERVICE: No token, skipping backend logout
ℹ️  INFO: 🔑 AUTH SERVICE: Unknown auth strategy, clearing state...
ℹ️  INFO: Clearing auth state
❌ ERROR: Failed to clear auth data | MissingPluginException(No implementation found for method delete on channel plugins.it_nomads.com/flutter_secure_storage)
ℹ️  INFO: Auth data cleared
ℹ️  INFO: Auth state cleared
ℹ️  INFO: 🔑 AUTH SERVICE: ========== LOGOUT END (total: 1ms) ==========
❌ ERROR: Failed to retrieve stored auth data | MissingPluginException(No implementation found for method read on channel plugins.it_nomads.com/flutter_secure_storage)
ℹ️  INFO: No stored auth data found
ℹ️  INFO: No stored auth data found
ℹ️  INFO: Auth state initialized - no active session
ℹ️  INFO: 🔑 AUTH SERVICE: ========== LOGOUT START (2025-11-11 13:25:24) ==========
   Context: {token: null, strategy: unknown, isAuth0: false, isDevUser: false}
ℹ️  INFO: 🔑 AUTH SERVICE: No token, skipping backend logout
ℹ️  INFO: 🔑 AUTH SERVICE: Unknown auth strategy, clearing state...
ℹ️  INFO: Clearing auth state
❌ ERROR: Failed to clear auth data | MissingPluginException(No implementation found for method delete on channel plugins.it_nomads.com/flutter_secure_storage)
ℹ️  INFO: Auth data cleared
ℹ️  INFO: Auth state cleared
ℹ️  INFO: 🔑 AUTH SERVICE: ========== LOGOUT END (total: 1ms) ==========
❌ ERROR: Failed to retrieve stored auth data | MissingPluginException(No implementation found for method read on channel plugins.it_nomads.com/flutter_secure_storage)
ℹ️  INFO: No stored auth data found
ℹ️  INFO: No stored auth data found
ℹ️  INFO: Auth state initialized - no active session
ℹ️  INFO: 🔑 AUTH SERVICE: ========== LOGOUT START (2025-11-11 13:25:24) ==========
   Context: {token: null, strategy: unknown, isAuth0: false, isDevUser: false}
ℹ️  INFO: 🔑 AUTH SERVICE: No token, skipping backend logout
ℹ️  INFO: 🔑 AUTH SERVICE: Unknown auth strategy, clearing state...
ℹ️  INFO: Clearing auth state
❌ ERROR: Failed to clear auth data | MissingPluginException(No implementation found for method delete on channel plugins.it_nomads.com/flutter_secure_storage)
ℹ️  INFO: Auth data cleared
ℹ️  INFO: Auth state cleared
ℹ️  INFO: 🔑 AUTH SERVICE: ========== LOGOUT END (total: 0ms) ==========
❌ ERROR: Failed to retrieve stored auth data | MissingPluginException(No implementation found for method read on channel plugins.it_nomads.com/flutter_secure_storage)
ℹ️  INFO: No stored auth data found
00:04 +356 -4: C:/Users/zarik/OneDrive/Desktop/TrossApp/frontend/test/e2e/concurrent_operations_test.dart: Concurrent Operations Tests - High Concurrency Scenarios Rapid State Changes 50 rapid initialize-logout cycles maintain consistency
ℹ️  INFO: No stored auth data found
ℹ️  INFO: Auth state initialized - no active session
ℹ️  INFO: 🔑 AUTH SERVICE: ========== LOGOUT START (2025-11-11 13:25:24) ==========
   Context: {token: null, strategy: unknown, isAuth0: false, isDevUser: false}
ℹ️  INFO: 🔑 AUTH SERVICE: No token, skipping backend logout
ℹ️  INFO: 🔑 AUTH SERVICE: Unknown auth strategy, clearing state...
ℹ️  INFO: Clearing auth state
❌ ERROR: Failed to clear auth data | MissingPluginException(No implementation found for method delete on channel plugins.it_nomads.com/flutter_secure_storage)
ℹ️  INFO: Auth data cleared
ℹ️  INFO: Auth state cleared
ℹ️  INFO: 🔑 AUTH SERVICE: ========== LOGOUT END (total: 0ms) ==========
❌ ERROR: Failed to retrieve stored auth data | MissingPluginException(No implementation found for method read on channel plugins.it_nomads.com/flutter_secure_storage)
ℹ️  INFO: No stored auth data found
ℹ️  INFO: No stored auth data found
ℹ️  INFO: Auth state initialized - no active session
ℹ️  INFO: 🔑 AUTH SERVICE: ========== LOGOUT START (2025-11-11 13:25:24) ==========
   Context: {token: null, strategy: unknown, isAuth0: false, isDevUser: false}
ℹ️  INFO: 🔑 AUTH SERVICE: No token, skipping backend logout
ℹ️  INFO: 🔑 AUTH SERVICE: Unknown auth strategy, clearing state...
ℹ️  INFO: Clearing auth state
❌ ERROR: Failed to clear auth data | MissingPluginException(No implementation found for method delete on channel plugins.it_nomads.com/flutter_secure_storage)
ℹ️  INFO: Auth data cleared
ℹ️  INFO: Auth state cleared
ℹ️  INFO: 🔑 AUTH SERVICE: ========== LOGOUT END (total: 0ms) ==========
❌ ERROR: Failed to retrieve stored auth data | MissingPluginException(No implementation found for method read on channel plugins.it_nomads.com/flutter_secure_storage)
ℹ️  INFO: No stored auth data found
ℹ️  INFO: No stored auth data found
ℹ️  INFO: Auth state initialized - no active session
ℹ️  INFO: 🔑 AUTH SERVICE: ========== LOGOUT START (2025-11-11 13:25:24) ==========
   Context: {token: null, strategy: unknown, isAuth0: false, isDevUser: false}
ℹ️  INFO: 🔑 AUTH SERVICE: No token, skipping backend logout
ℹ️  INFO: 🔑 AUTH SERVICE: Unknown auth strategy, clearing state...
ℹ️  INFO: Clearing auth state
❌ ERROR: Failed to clear auth data | MissingPluginException(No implementation found for method delete on channel plugins.it_nomads.com/flutter_secure_storage)
ℹ️  INFO: Auth data cleared
ℹ️  INFO: Auth state cleared
ℹ️  INFO: 🔑 AUTH SERVICE: ========== LOGOUT END (total: 0ms) ==========
❌ ERROR: Failed to retrieve stored auth data | MissingPluginException(No implementation found for method read on channel plugins.it_nomads.com/flutter_secure_storage)
ℹ️  INFO: No stored auth data found
ℹ️  INFO: No stored auth data found
ℹ️  INFO: Auth state initialized - no active session
ℹ️  INFO: 🔑 AUTH SERVICE: ========== LOGOUT START (2025-11-11 13:25:24) ==========
   Context: {token: null, strategy: unknown, isAuth0: false, isDevUser: false}
ℹ️  INFO: 🔑 AUTH SERVICE: No token, skipping backend logout
ℹ️  INFO: 🔑 AUTH SERVICE: Unknown auth strategy, clearing state...
ℹ️  INFO: Clearing auth state
❌ ERROR: Failed to clear auth data | MissingPluginException(No implementation found for method delete on channel plugins.it_nomads.com/flutter_secure_storage)
00:04 +357 -4: C:/Users/zarik/OneDrive/Desktop/TrossApp/frontend/test/e2e/concurrent_operations_test.dart: Concurrent Operations Tests - High Concurrency Scenarios Rapid State Changes 50 rapid initialize-logout cycles maintain consistency
ℹ️  INFO: Auth data cleared
ℹ️  INFO: Auth state cleared
ℹ️  INFO: 🔑 AUTH SERVICE: ========== LOGOUT END (total: 0ms) ==========
❌ ERROR: Failed to retrieve stored auth data | MissingPluginException(No implementation found for method read on channel plugins.it_nomads.com/flutter_secure_storage)
ℹ️  INFO: No stored auth data found
ℹ️  INFO: No stored auth data found
ℹ️  INFO: Auth state initialized - no active session
ℹ️  INFO: 🔑 AUTH SERVICE: ========== LOGOUT START (2025-11-11 13:25:24) ==========
   Context: {token: null, strategy: unknown, isAuth0: false, isDevUser: false}
ℹ️  INFO: 🔑 AUTH SERVICE: No token, skipping backend logout
ℹ️  INFO: 🔑 AUTH SERVICE: Unknown auth strategy, clearing state...
ℹ️  INFO: Clearing auth state
❌ ERROR: Failed to clear auth data | MissingPluginException(No implementation found for method delete on channel plugins.it_nomads.com/flutter_secure_storage)
ℹ️  INFO: Auth data cleared
ℹ️  INFO: Auth state cleared
ℹ️  INFO: 🔑 AUTH SERVICE: ========== LOGOUT END (total: 0ms) ==========
❌ ERROR: Failed to retrieve stored auth data | MissingPluginException(No implementation found for method read on channel plugins.it_nomads.com/flutter_secure_storage)
ℹ️  INFO: No stored auth data found
ℹ️  INFO: No stored auth data found
ℹ️  INFO: Auth state initialized - no active session
ℹ️  INFO: 🔑 AUTH SERVICE: ========== LOGOUT START (2025-11-11 13:25:24) ==========
   Context: {token: null, strategy: unknown, isAuth0: false, isDevUser: false}
ℹ️  INFO: 🔑 AUTH SERVICE: No token, skipping backend logout
ℹ️  INFO: 🔑 AUTH SERVICE: Unknown auth strategy, clearing state...
ℹ️  INFO: Clearing auth state
❌ ERROR: Failed to clear auth data | MissingPluginException(No implementation found for method delete on channel plugins.it_nomads.com/flutter_secure_storage)
ℹ️  INFO: Auth data cleared
ℹ️  INFO: Auth state cleared
ℹ️  INFO: 🔑 AUTH SERVICE: ========== LOGOUT END (total: 1ms) ==========
❌ ERROR: Failed to retrieve stored auth data | MissingPluginException(No implementation found for method read on channel plugins.it_nomads.com/flutter_secure_storage)
ℹ️  INFO: No stored auth data found
ℹ️  INFO: No stored auth data found
ℹ️  INFO: Auth state initialized - no active session
ℹ️  INFO: 🔑 AUTH SERVICE: ========== LOGOUT START (2025-11-11 13:25:24) ==========
   Context: {token: null, strategy: unknown, isAuth0: false, isDevUser: false}
ℹ️  INFO: 🔑 AUTH SERVICE: No token, skipping backend logout
ℹ️  INFO: 🔑 AUTH SERVICE: Unknown auth strategy, clearing state...
ℹ️  INFO: Clearing auth state
❌ ERROR: Failed to clear auth data | MissingPluginException(No implementation found for method delete on channel plugins.it_nomads.com/flutter_secure_storage)
ℹ️  INFO: Auth data cleared
ℹ️  INFO: Auth state cleared
ℹ️  INFO: 🔑 AUTH SERVICE: ========== LOGOUT END (total: 0ms) ==========
❌ ERROR: Failed to retrieve stored auth data | MissingPluginException(No implementation found for method read on channel plugins.it_nomads.com/flutter_secure_storage)
ℹ️  INFO: No stored auth data found
ℹ️  INFO: No stored auth data found
ℹ️  INFO: Auth state initialized - no active session
ℹ️  INFO: 🔑 AUTH SERVICE: ========== LOGOUT START (2025-11-11 13:25:24) ==========
   Context: {token: null, strategy: unknown, isAuth0: false, isDevUser: false}
00:04 +358 -4: C:/Users/zarik/OneDrive/Desktop/TrossApp/frontend/test/e2e/concurrent_operations_test.dart: Concurrent Operations Tests - High Concurrency Scenarios Rapid State Changes 50 rapid initialize-logout cycles maintain consistency
ℹ️  INFO: 🔑 AUTH SERVICE: No token, skipping backend logout
ℹ️  INFO: 🔑 AUTH SERVICE: Unknown auth strategy, clearing state...
ℹ️  INFO: Clearing auth state
❌ ERROR: Failed to clear auth data | MissingPluginException(No implementation found for method delete on channel plugins.it_nomads.com/flutter_secure_storage)
ℹ️  INFO: Auth data cleared
ℹ️  INFO: Auth state cleared
ℹ️  INFO: 🔑 AUTH SERVICE: ========== LOGOUT END (total: 0ms) ==========
❌ ERROR: Failed to retrieve stored auth data | MissingPluginException(No implementation found for method read on channel plugins.it_nomads.com/flutter_secure_storage)
ℹ️  INFO: No stored auth data found
ℹ️  INFO: No stored auth data found
ℹ️  INFO: Auth state initialized - no active session
ℹ️  INFO: 🔑 AUTH SERVICE: ========== LOGOUT START (2025-11-11 13:25:24) ==========
   Context: {token: null, strategy: unknown, isAuth0: false, isDevUser: false}
ℹ️  INFO: 🔑 AUTH SERVICE: No token, skipping backend logout
ℹ️  INFO: 🔑 AUTH SERVICE: Unknown auth strategy, clearing state...
ℹ️  INFO: Clearing auth state
❌ ERROR: Failed to clear auth data | MissingPluginException(No implementation found for method delete on channel plugins.it_nomads.com/flutter_secure_storage)
ℹ️  INFO: Auth data cleared
ℹ️  INFO: Auth state cleared
ℹ️  INFO: 🔑 AUTH SERVICE: ========== LOGOUT END (total: 0ms) ==========
❌ ERROR: Failed to retrieve stored auth data | MissingPluginException(No implementation found for method read on channel plugins.it_nomads.com/flutter_secure_storage)
ℹ️  INFO: No stored auth data found
ℹ️  INFO: No stored auth data found
ℹ️  INFO: Auth state initialized - no active session
ℹ️  INFO: 🔑 AUTH SERVICE: ========== LOGOUT START (2025-11-11 13:25:24) ==========
   Context: {token: null, strategy: unknown, isAuth0: false, isDevUser: false}
ℹ️  INFO: 🔑 AUTH SERVICE: No token, skipping backend logout
ℹ️  INFO: 🔑 AUTH SERVICE: Unknown auth strategy, clearing state...
ℹ️  INFO: Clearing auth state
❌ ERROR: Failed to clear auth data | MissingPluginException(No implementation found for method delete on channel plugins.it_nomads.com/flutter_secure_storage)
ℹ️  INFO: Auth data cleared
ℹ️  INFO: Auth state cleared
ℹ️  INFO: 🔑 AUTH SERVICE: ========== LOGOUT END (total: 1ms) ==========
❌ ERROR: Failed to retrieve stored auth data | MissingPluginException(No implementation found for method read on channel plugins.it_nomads.com/flutter_secure_storage)
ℹ️  INFO: No stored auth data found
ℹ️  INFO: No stored auth data found
ℹ️  INFO: Auth state initialized - no active session
ℹ️  INFO: 🔑 AUTH SERVICE: ========== LOGOUT START (2025-11-11 13:25:24) ==========
   Context: {token: null, strategy: unknown, isAuth0: false, isDevUser: false}
ℹ️  INFO: 🔑 AUTH SERVICE: No token, skipping backend logout
ℹ️  INFO: 🔑 AUTH SERVICE: Unknown auth strategy, clearing state...
00:04 +359 -4: C:/Users/zarik/OneDrive/Desktop/TrossApp/frontend/test/e2e/concurrent_operations_test.dart: Concurrent Operations Tests - High Concurrency Scenarios Rapid State Changes 50 rapid initialize-logout cycles maintain consistency
ℹ️  INFO: Clearing auth state
❌ ERROR: Failed to clear auth data | MissingPluginException(No implementation found for method delete on channel plugins.it_nomads.com/flutter_secure_storage)
ℹ️  INFO: Auth data cleared
ℹ️  INFO: Auth state cleared
ℹ️  INFO: 🔑 AUTH SERVICE: ========== LOGOUT END (total: 1ms) ==========
❌ ERROR: Failed to retrieve stored auth data | MissingPluginException(No implementation found for method read on channel plugins.it_nomads.com/flutter_secure_storage)
ℹ️  INFO: No stored auth data found
ℹ️  INFO: No stored auth data found
ℹ️  INFO: Auth state initialized - no active session
ℹ️  INFO: 🔑 AUTH SERVICE: ========== LOGOUT START (2025-11-11 13:25:24) ==========
   Context: {token: null, strategy: unknown, isAuth0: false, isDevUser: false}
ℹ️  INFO: 🔑 AUTH SERVICE: No token, skipping backend logout
ℹ️  INFO: 🔑 AUTH SERVICE: Unknown auth strategy, clearing state...
ℹ️  INFO: Clearing auth state
❌ ERROR: Failed to clear auth data | MissingPluginException(No implementation found for method delete on channel plugins.it_nomads.com/flutter_secure_storage)
ℹ️  INFO: Auth data cleared
ℹ️  INFO: Auth state cleared
ℹ️  INFO: 🔑 AUTH SERVICE: ========== LOGOUT END (total: 0ms) ==========
❌ ERROR: Failed to retrieve stored auth data | MissingPluginException(No implementation found for method read on channel plugins.it_nomads.com/flutter_secure_storage)
ℹ️  INFO: No stored auth data found
ℹ️  INFO: No stored auth data found
ℹ️  INFO: Auth state initialized - no active session
ℹ️  INFO: 🔑 AUTH SERVICE: ========== LOGOUT START (2025-11-11 13:25:24) ==========
   Context: {token: null, strategy: unknown, isAuth0: false, isDevUser: false}
ℹ️  INFO: 🔑 AUTH SERVICE: No token, skipping backend logout
ℹ️  INFO: 🔑 AUTH SERVICE: Unknown auth strategy, clearing state...
ℹ️  INFO: Clearing auth state
❌ ERROR: Failed to clear auth data | MissingPluginException(No implementation found for method delete on channel plugins.it_nomads.com/flutter_secure_storage)
ℹ️  INFO: Auth data cleared
ℹ️  INFO: Auth state cleared
ℹ️  INFO: 🔑 AUTH SERVICE: ========== LOGOUT END (total: 0ms) ==========
❌ ERROR: Failed to retrieve stored auth data | MissingPluginException(No implementation found for method read on channel plugins.it_nomads.com/flutter_secure_storage)
ℹ️  INFO: No stored auth data found
ℹ️  INFO: No stored auth data found
ℹ️  INFO: Auth state initialized - no active session
ℹ️  INFO: 🔑 AUTH SERVICE: ========== LOGOUT START (2025-11-11 13:25:24) ==========
   Context: {token: null, strategy: unknown, isAuth0: false, isDevUser: false}
ℹ️  INFO: 🔑 AUTH SERVICE: No token, skipping backend logout
ℹ️  INFO: 🔑 AUTH SERVICE: Unknown auth strategy, clearing state...
ℹ️  INFO: Clearing auth state
❌ ERROR: Failed to clear auth data | MissingPluginException(No implementation found for method delete on channel plugins.it_nomads.com/flutter_secure_storage)
ℹ️  INFO: Auth data cleared
ℹ️  INFO: Auth state cleared
ℹ️  INFO: 🔑 AUTH SERVICE: ========== LOGOUT END (total: 1ms) ==========
❌ ERROR: Failed to retrieve stored auth data | MissingPluginException(No implementation found for method read on channel plugins.it_nomads.com/flutter_secure_storage)
ℹ️  INFO: No stored auth data found
ℹ️  INFO: No stored auth data found
ℹ️  INFO: Auth state initialized - no active session
ℹ️  INFO: 🔑 AUTH SERVICE: ========== LOGOUT START (2025-11-11 13:25:24) ==========
   Context: {token: null, strategy: unknown, isAuth0: false, isDevUser: false}
ℹ️  INFO: 🔑 AUTH SERVICE: No token, skipping backend logout
ℹ️  INFO: 🔑 AUTH SERVICE: Unknown auth strategy, clearing state...
ℹ️  INFO: Clearing auth state
❌ ERROR: Failed to clear auth data | MissingPluginException(No implementation found for method delete on channel plugins.it_nomads.com/flutter_secure_storage)
ℹ️  INFO: Auth data cleared
ℹ️  INFO: Auth state cleared
ℹ️  INFO: 🔑 AUTH SERVICE: ========== LOGOUT END (total: 0ms) ==========
❌ ERROR: Failed to retrieve stored auth data | MissingPluginException(No implementation found for method read on channel plugins.it_nomads.com/flutter_secure_storage)
ℹ️  INFO: No stored auth data found
ℹ️  INFO: No stored auth data found
ℹ️  INFO: Auth state initialized - no active session
ℹ️  INFO: 🔑 AUTH SERVICE: ========== LOGOUT START (2025-11-11 13:25:24) ==========
   Context: {token: null, strategy: unknown, isAuth0: false, isDevUser: false}
ℹ️  INFO: 🔑 AUTH SERVICE: No token, skipping backend logout
ℹ️  INFO: 🔑 AUTH SERVICE: Unknown auth strategy, clearing state...
ℹ️  INFO: Clearing auth state
❌ ERROR: Failed to clear auth data | MissingPluginException(No implementation found for method delete on channel plugins.it_nomads.com/flutter_secure_storage)
ℹ️  INFO: Auth data cleared
ℹ️  INFO: Auth state cleared
ℹ️  INFO: 🔑 AUTH SERVICE: ========== LOGOUT END (total: 1ms) ==========
❌ ERROR: Failed to retrieve stored auth data | MissingPluginException(No implementation found for method read on channel plugins.it_nomads.com/flutter_secure_storage)
ℹ️  INFO: No stored auth data found
ℹ️  INFO: No stored auth data found
ℹ️  INFO: Auth state initialized - no active session
ℹ️  INFO: 🔑 AUTH SERVICE: ========== LOGOUT START (2025-11-11 13:25:24) ==========
   Context: {token: null, strategy: unknown, isAuth0: false, isDevUser: false}
ℹ️  INFO: 🔑 AUTH SERVICE: No token, skipping backend logout
ℹ️  INFO: 🔑 AUTH SERVICE: Unknown auth strategy, clearing state...
ℹ️  INFO: Clearing auth state
❌ ERROR: Failed to clear auth data | MissingPluginException(No implementation found for method delete on channel plugins.it_nomads.com/flutter_secure_storage)
ℹ️  INFO: Auth data cleared
ℹ️  INFO: Auth state cleared
ℹ️  INFO: 🔑 AUTH SERVICE: ========== LOGOUT END (total: 0ms) ==========
❌ ERROR: Failed to retrieve stored auth data | MissingPluginException(No implementation found for method read on channel plugins.it_nomads.com/flutter_secure_storage)
ℹ️  INFO: No stored auth data found
00:04 +360 -4: C:/Users/zarik/OneDrive/Desktop/TrossApp/frontend/test/e2e/concurrent_operations_test.dart: Concurrent Operations Tests - High Concurrency Scenarios Rapid State Changes 50 rapid initialize-logout cycles maintain consistency
ℹ️  INFO: No stored auth data found
ℹ️  INFO: Auth state initialized - no active session
ℹ️  INFO: 🔑 AUTH SERVICE: ========== LOGOUT START (2025-11-11 13:25:24) ==========
   Context: {token: null, strategy: unknown, isAuth0: false, isDevUser: false}
ℹ️  INFO: 🔑 AUTH SERVICE: No token, skipping backend logout
ℹ️  INFO: 🔑 AUTH SERVICE: Unknown auth strategy, clearing state...
ℹ️  INFO: Clearing auth state
❌ ERROR: Failed to clear auth data | MissingPluginException(No implementation found for method delete on channel plugins.it_nomads.com/flutter_secure_storage)
ℹ️  INFO: Auth data cleared
ℹ️  INFO: Auth state cleared
ℹ️  INFO: 🔑 AUTH SERVICE: ========== LOGOUT END (total: 1ms) ==========
❌ ERROR: Failed to retrieve stored auth data | MissingPluginException(No implementation found for method read on channel plugins.it_nomads.com/flutter_secure_storage)
ℹ️  INFO: No stored auth data found
ℹ️  INFO: No stored auth data found
ℹ️  INFO: Auth state initialized - no active session
ℹ️  INFO: 🔑 AUTH SERVICE: ========== LOGOUT START (2025-11-11 13:25:24) ==========
   Context: {token: null, strategy: unknown, isAuth0: false, isDevUser: false}
ℹ️  INFO: 🔑 AUTH SERVICE: No token, skipping backend logout
ℹ️  INFO: 🔑 AUTH SERVICE: Unknown auth strategy, clearing state...
ℹ️  INFO: Clearing auth state
❌ ERROR: Failed to clear auth data | MissingPluginException(No implementation found for method delete on channel plugins.it_nomads.com/flutter_secure_storage)
ℹ️  INFO: Auth data cleared
ℹ️  INFO: Auth state cleared
ℹ️  INFO: 🔑 AUTH SERVICE: ========== LOGOUT END (total: 1ms) ==========
❌ ERROR: Failed to retrieve stored auth data | MissingPluginException(No implementation found for method read on channel plugins.it_nomads.com/flutter_secure_storage)
ℹ️  INFO: No stored auth data found
ℹ️  INFO: No stored auth data found
ℹ️  INFO: Auth state initialized - no active session
ℹ️  INFO: 🔑 AUTH SERVICE: ========== LOGOUT START (2025-11-11 13:25:24) ==========
   Context: {token: null, strategy: unknown, isAuth0: false, isDevUser: false}
ℹ️  INFO: 🔑 AUTH SERVICE: No token, skipping backend logout
ℹ️  INFO: 🔑 AUTH SERVICE: Unknown auth strategy, clearing state...
ℹ️  INFO: Clearing auth state
❌ ERROR: Failed to clear auth data | MissingPluginException(No implementation found for method delete on channel plugins.it_nomads.com/flutter_secure_storage)
ℹ️  INFO: Auth data cleared
ℹ️  INFO: Auth state cleared
ℹ️  INFO: 🔑 AUTH SERVICE: ========== LOGOUT END (total: 0ms) ==========
❌ ERROR: Failed to retrieve stored auth data | MissingPluginException(No implementation found for method read on channel plugins.it_nomads.com/flutter_secure_storage)
ℹ️  INFO: No stored auth data found
ℹ️  INFO: No stored auth data found
ℹ️  INFO: Auth state initialized - no active session
ℹ️  INFO: 🔑 AUTH SERVICE: ========== LOGOUT START (2025-11-11 13:25:24) ==========
   Context: {token: null, strategy: unknown, isAuth0: false, isDevUser: false}
ℹ️  INFO: 🔑 AUTH SERVICE: No token, skipping backend logout
ℹ️  INFO: 🔑 AUTH SERVICE: Unknown auth strategy, clearing state...
ℹ️  INFO: Clearing auth state
❌ ERROR: Failed to clear auth data | MissingPluginException(No implementation found for method delete on channel plugins.it_nomads.com/flutter_secure_storage)
ℹ️  INFO: Auth data cleared
ℹ️  INFO: Auth state cleared
ℹ️  INFO: 🔑 AUTH SERVICE: ========== LOGOUT END (total: 1ms) ==========
❌ ERROR: Failed to retrieve stored auth data | MissingPluginException(No implementation found for method read on channel plugins.it_nomads.com/flutter_secure_storage)
ℹ️  INFO: No stored auth data found
ℹ️  INFO: No stored auth data found
ℹ️  INFO: Auth state initialized - no active session
ℹ️  INFO: 🔑 AUTH SERVICE: ========== LOGOUT START (2025-11-11 13:25:24) ==========
   Context: {token: null, strategy: unknown, isAuth0: false, isDevUser: false}
ℹ️  INFO: 🔑 AUTH SERVICE: No token, skipping backend logout
ℹ️  INFO: 🔑 AUTH SERVICE: Unknown auth strategy, clearing state...
ℹ️  INFO: Clearing auth state
❌ ERROR: Failed to clear auth data | MissingPluginException(No implementation found for method delete on channel plugins.it_nomads.com/flutter_secure_storage)
ℹ️  INFO: Auth data cleared
ℹ️  INFO: Auth state cleared
ℹ️  INFO: 🔑 AUTH SERVICE: ========== LOGOUT END (total: 1ms) ==========
❌ ERROR: Failed to retrieve stored auth data | MissingPluginException(No implementation found for method read on channel plugins.it_nomads.com/flutter_secure_storage)
ℹ️  INFO: No stored auth data found
ℹ️  INFO: No stored auth data found
ℹ️  INFO: Auth state initialized - no active session
ℹ️  INFO: 🔑 AUTH SERVICE: ========== LOGOUT START (2025-11-11 13:25:24) ==========
   Context: {token: null, strategy: unknown, isAuth0: false, isDevUser: false}
ℹ️  INFO: 🔑 AUTH SERVICE: No token, skipping backend logout
ℹ️  INFO: 🔑 AUTH SERVICE: Unknown auth strategy, clearing state...
ℹ️  INFO: Clearing auth state
❌ ERROR: Failed to clear auth data | MissingPluginException(No implementation found for method delete on channel plugins.it_nomads.com/flutter_secure_storage)
ℹ️  INFO: Auth data cleared
ℹ️  INFO: Auth state cleared
ℹ️  INFO: 🔑 AUTH SERVICE: ========== LOGOUT END (total: 1ms) ==========
❌ ERROR: Failed to retrieve stored auth data | MissingPluginException(No implementation found for method read on channel plugins.it_nomads.com/flutter_secure_storage)
ℹ️  INFO: No stored auth data found
ℹ️  INFO: No stored auth data found
ℹ️  INFO: Auth state initialized - no active session
ℹ️  INFO: 🔑 AUTH SERVICE: ========== LOGOUT START (2025-11-11 13:25:24) ==========
   Context: {token: null, strategy: unknown, isAuth0: false, isDevUser: false}
ℹ️  INFO: 🔑 AUTH SERVICE: No token, skipping backend logout
ℹ️  INFO: 🔑 AUTH SERVICE: Unknown auth strategy, clearing state...
ℹ️  INFO: Clearing auth state
❌ ERROR: Failed to clear auth data | MissingPluginException(No implementation found for method delete on channel plugins.it_nomads.com/flutter_secure_storage)
ℹ️  INFO: Auth data cleared
ℹ️  INFO: Auth state cleared
ℹ️  INFO: 🔑 AUTH SERVICE: ========== LOGOUT END (total: 0ms) ==========
❌ ERROR: Failed to retrieve stored auth data | MissingPluginException(No implementation found for method read on channel plugins.it_nomads.com/flutter_secure_storage)
ℹ️  INFO: No stored auth data found
ℹ️  INFO: No stored auth data found
ℹ️  INFO: Auth state initialized - no active session
ℹ️  INFO: 🔑 AUTH SERVICE: ========== LOGOUT START (2025-11-11 13:25:24) ==========
   Context: {token: null, strategy: unknown, isAuth0: false, isDevUser: false}
ℹ️  INFO: 🔑 AUTH SERVICE: No token, skipping backend logout
ℹ️  INFO: 🔑 AUTH SERVICE: Unknown auth strategy, clearing state...
ℹ️  INFO: Clearing auth state
❌ ERROR: Failed to clear auth data | MissingPluginException(No implementation found for method delete on channel plugins.it_nomads.com/flutter_secure_storage)
ℹ️  INFO: Auth data cleared
ℹ️  INFO: Auth state cleared
ℹ️  INFO: 🔑 AUTH SERVICE: ========== LOGOUT END (total: 0ms) ==========
❌ ERROR: Failed to retrieve stored auth data | MissingPluginException(No implementation found for method read on channel plugins.it_nomads.com/flutter_secure_storage)
ℹ️  INFO: No stored auth data found
ℹ️  INFO: No stored auth data found
ℹ️  INFO: Auth state initialized - no active session
ℹ️  INFO: 🔑 AUTH SERVICE: ========== LOGOUT START (2025-11-11 13:25:24) ==========
   Context: {token: null, strategy: unknown, isAuth0: false, isDevUser: false}
ℹ️  INFO: 🔑 AUTH SERVICE: No token, skipping backend logout
ℹ️  INFO: 🔑 AUTH SERVICE: Unknown auth strategy, clearing state...
ℹ️  INFO: Clearing auth state
❌ ERROR: Failed to clear auth data | MissingPluginException(No implementation found for method delete on channel plugins.it_nomads.com/flutter_secure_storage)
ℹ️  INFO: Auth data cleared
ℹ️  INFO: Auth state cleared
ℹ️  INFO: 🔑 AUTH SERVICE: ========== LOGOUT END (total: 0ms) ==========
❌ ERROR: Failed to retrieve stored auth data | MissingPluginException(No implementation found for method read on channel plugins.it_nomads.com/flutter_secure_storage)
ℹ️  INFO: No stored auth data found
ℹ️  INFO: No stored auth data found
ℹ️  INFO: Auth state initialized - no active session
ℹ️  INFO: 🔑 AUTH SERVICE: ========== LOGOUT START (2025-11-11 13:25:24) ==========
   Context: {token: null, strategy: unknown, isAuth0: false, isDevUser: false}
ℹ️  INFO: 🔑 AUTH SERVICE: No token, skipping backend logout
ℹ️  INFO: 🔑 AUTH SERVICE: Unknown auth strategy, clearing state...
ℹ️  INFO: Clearing auth state
❌ ERROR: Failed to clear auth data | MissingPluginException(No implementation found for method delete on channel plugins.it_nomads.com/flutter_secure_storage)
ℹ️  INFO: Auth data cleared
ℹ️  INFO: Auth state cleared
ℹ️  INFO: 🔑 AUTH SERVICE: ========== LOGOUT END (total: 0ms) ==========
❌ ERROR: Failed to retrieve stored auth data | MissingPluginException(No implementation found for method read on channel plugins.it_nomads.com/flutter_secure_storage)
ℹ️  INFO: No stored auth data found
ℹ️  INFO: No stored auth data found
ℹ️  INFO: Auth state initialized - no active session
ℹ️  INFO: 🔑 AUTH SERVICE: ========== LOGOUT START (2025-11-11 13:25:24) ==========
   Context: {token: null, strategy: unknown, isAuth0: false, isDevUser: false}
ℹ️  INFO: 🔑 AUTH SERVICE: No token, skipping backend logout
ℹ️  INFO: 🔑 AUTH SERVICE: Unknown auth strategy, clearing state...
ℹ️  INFO: Clearing auth state
❌ ERROR: Failed to clear auth data | MissingPluginException(No implementation found for method delete on channel plugins.it_nomads.com/flutter_secure_storage)
ℹ️  INFO: Auth data cleared
ℹ️  INFO: Auth state cleared
ℹ️  INFO: 🔑 AUTH SERVICE: ========== LOGOUT END (total: 0ms) ==========
❌ ERROR: Failed to retrieve stored auth data | MissingPluginException(No implementation found for method read on channel plugins.it_nomads.com/flutter_secure_storage)
ℹ️  INFO: No stored auth data found
ℹ️  INFO: No stored auth data found
ℹ️  INFO: Auth state initialized - no active session
ℹ️  INFO: 🔑 AUTH SERVICE: ========== LOGOUT START (2025-11-11 13:25:24) ==========
   Context: {token: null, strategy: unknown, isAuth0: false, isDevUser: false}
ℹ️  INFO: 🔑 AUTH SERVICE: No token, skipping backend logout
ℹ️  INFO: 🔑 AUTH SERVICE: Unknown auth strategy, clearing state...
ℹ️  INFO: Clearing auth state
❌ ERROR: Failed to clear auth data | MissingPluginException(No implementation found for method delete on channel plugins.it_nomads.com/flutter_secure_storage)
ℹ️  INFO: Auth data cleared
ℹ️  INFO: Auth state cleared
ℹ️  INFO: 🔑 AUTH SERVICE: ========== LOGOUT END (total: 0ms) ==========
❌ ERROR: Failed to retrieve stored auth data | MissingPluginException(No implementation found for method read on channel plugins.it_nomads.com/flutter_secure_storage)
ℹ️  INFO: No stored auth data found
ℹ️  INFO: No stored auth data found
ℹ️  INFO: Auth state initialized - no active session
ℹ️  INFO: 🔑 AUTH SERVICE: ========== LOGOUT START (2025-11-11 13:25:24) ==========
   Context: {token: null, strategy: unknown, isAuth0: false, isDevUser: false}
ℹ️  INFO: 🔑 AUTH SERVICE: No token, skipping backend logout
ℹ️  INFO: 🔑 AUTH SERVICE: Unknown auth strategy, clearing state...
ℹ️  INFO: Clearing auth state
❌ ERROR: Failed to clear auth data | MissingPluginException(No implementation found for method delete on channel plugins.it_nomads.com/flutter_secure_storage)
ℹ️  INFO: Auth data cleared
ℹ️  INFO: Auth state cleared
ℹ️  INFO: 🔑 AUTH SERVICE: ========== LOGOUT END (total: 1ms) ==========
❌ ERROR: Failed to retrieve stored auth data | MissingPluginException(No implementation found for method read on channel plugins.it_nomads.com/flutter_secure_storage)
ℹ️  INFO: No stored auth data found
ℹ️  INFO: No stored auth data found
ℹ️  INFO: Auth state initialized - no active session
ℹ️  INFO: 🔑 AUTH SERVICE: ========== LOGOUT START (2025-11-11 13:25:24) ==========
   Context: {token: null, strategy: unknown, isAuth0: false, isDevUser: false}
ℹ️  INFO: 🔑 AUTH SERVICE: No token, skipping backend logout
ℹ️  INFO: 🔑 AUTH SERVICE: Unknown auth strategy, clearing state...
ℹ️  INFO: Clearing auth state
❌ ERROR: Failed to clear auth data | MissingPluginException(No implementation found for method delete on channel plugins.it_nomads.com/flutter_secure_storage)
ℹ️  INFO: Auth data cleared
ℹ️  INFO: Auth state cleared
ℹ️  INFO: 🔑 AUTH SERVICE: ========== LOGOUT END (total: 1ms) ==========
❌ ERROR: Failed to retrieve stored auth data | MissingPluginException(No implementation found for method read on channel plugins.it_nomads.com/flutter_secure_storage)
ℹ️  INFO: No stored auth data found
ℹ️  INFO: No stored auth data found
ℹ️  INFO: Auth state initialized - no active session
ℹ️  INFO: 🔑 AUTH SERVICE: ========== LOGOUT START (2025-11-11 13:25:24) ==========
   Context: {token: null, strategy: unknown, isAuth0: false, isDevUser: false}
ℹ️  INFO: 🔑 AUTH SERVICE: No token, skipping backend logout
ℹ️  INFO: 🔑 AUTH SERVICE: Unknown auth strategy, clearing state...
ℹ️  INFO: Clearing auth state
❌ ERROR: Failed to clear auth data | MissingPluginException(No implementation found for method delete on channel plugins.it_nomads.com/flutter_secure_storage)
ℹ️  INFO: Auth data cleared
ℹ️  INFO: Auth state cleared
ℹ️  INFO: 🔑 AUTH SERVICE: ========== LOGOUT END (total: 0ms) ==========
❌ ERROR: Failed to retrieve stored auth data | MissingPluginException(No implementation found for method read on channel plugins.it_nomads.com/flutter_secure_storage)
ℹ️  INFO: No stored auth data found
ℹ️  INFO: No stored auth data found
ℹ️  INFO: Auth state initialized - no active session
ℹ️  INFO: 🔑 AUTH SERVICE: ========== LOGOUT START (2025-11-11 13:25:24) ==========
   Context: {token: null, strategy: unknown, isAuth0: false, isDevUser: false}
ℹ️  INFO: 🔑 AUTH SERVICE: No token, skipping backend logout
ℹ️  INFO: 🔑 AUTH SERVICE: Unknown auth strategy, clearing state...
ℹ️  INFO: Clearing auth state
❌ ERROR: Failed to clear auth data | MissingPluginException(No implementation found for method delete on channel plugins.it_nomads.com/flutter_secure_storage)
ℹ️  INFO: Auth data cleared
ℹ️  INFO: Auth state cleared
ℹ️  INFO: 🔑 AUTH SERVICE: ========== LOGOUT END (total: 0ms) ==========
❌ ERROR: Failed to retrieve stored auth data | MissingPluginException(No implementation found for method read on channel plugins.it_nomads.com/flutter_secure_storage)
ℹ️  INFO: No stored auth data found
ℹ️  INFO: No stored auth data found
ℹ️  INFO: Auth state initialized - no active session
ℹ️  INFO: 🔑 AUTH SERVICE: ========== LOGOUT START (2025-11-11 13:25:24) ==========
   Context: {token: null, strategy: unknown, isAuth0: false, isDevUser: false}
ℹ️  INFO: 🔑 AUTH SERVICE: No token, skipping backend logout
ℹ️  INFO: 🔑 AUTH SERVICE: Unknown auth strategy, clearing state...
ℹ️  INFO: Clearing auth state
❌ ERROR: Failed to clear auth data | MissingPluginException(No implementation found for method delete on channel plugins.it_nomads.com/flutter_secure_storage)
ℹ️  INFO: Auth data cleared
ℹ️  INFO: Auth state cleared
ℹ️  INFO: 🔑 AUTH SERVICE: ========== LOGOUT END (total: 1ms) ==========
❌ ERROR: Failed to retrieve stored auth data | MissingPluginException(No implementation found for method read on channel plugins.it_nomads.com/flutter_secure_storage)
ℹ️  INFO: No stored auth data found
ℹ️  INFO: No stored auth data found
ℹ️  INFO: Auth state initialized - no active session
ℹ️  INFO: 🔑 AUTH SERVICE: ========== LOGOUT START (2025-11-11 13:25:24) ==========
   Context: {token: null, strategy: unknown, isAuth0: false, isDevUser: false}
ℹ️  INFO: 🔑 AUTH SERVICE: No token, skipping backend logout
ℹ️  INFO: 🔑 AUTH SERVICE: Unknown auth strategy, clearing state...
ℹ️  INFO: Clearing auth state
❌ ERROR: Failed to clear auth data | MissingPluginException(No implementation found for method delete on channel plugins.it_nomads.com/flutter_secure_storage)
ℹ️  INFO: Auth data cleared
ℹ️  INFO: Auth state cleared
ℹ️  INFO: 🔑 AUTH SERVICE: ========== LOGOUT END (total: 1ms) ==========
❌ ERROR: Failed to retrieve stored auth data | MissingPluginException(No implementation found for method read on channel plugins.it_nomads.com/flutter_secure_storage)
ℹ️  INFO: No stored auth data found
ℹ️  INFO: No stored auth data found
ℹ️  INFO: Auth state initialized - no active session
ℹ️  INFO: 🔑 AUTH SERVICE: ========== LOGOUT START (2025-11-11 13:25:24) ==========
   Context: {token: null, strategy: unknown, isAuth0: false, isDevUser: false}
ℹ️  INFO: 🔑 AUTH SERVICE: No token, skipping backend logout
ℹ️  INFO: 🔑 AUTH SERVICE: Unknown auth strategy, clearing state...
ℹ️  INFO: Clearing auth state
❌ ERROR: Failed to clear auth data | MissingPluginException(No implementation found for method delete on channel plugins.it_nomads.com/flutter_secure_storage)
ℹ️  INFO: Auth data cleared
ℹ️  INFO: Auth state cleared
ℹ️  INFO: 🔑 AUTH SERVICE: ========== LOGOUT END (total: 0ms) ==========
00:05 +361 -4: C:/Users/zarik/OneDrive/Desktop/TrossApp/frontend/test/e2e/concurrent_operations_test.dart: Concurrent Operations Tests - High Concurrency Scenarios Rapid State Changes 50 rapid app init-health check cycles maintain consistency
  Skip: Stress test - flaky during development (timing-sensitive)
00:05 +361 ~1 -4: C:/Users/zarik/OneDrive/Desktop/TrossApp/frontend/test/e2e/concurrent_operations_test.dart: Concurrent Operations Tests - High Concurrency Scenarios Rapid State Changes Interleaved rapid operations on both providers
ℹ️  INFO: Initializing app state...
ℹ️  INFO: 🔑 AUTH SERVICE: ========== LOGOUT START (2025-11-11 13:25:24) ==========
   Context: {token: null, strategy: unknown, isAuth0: false, isDevUser: false}
ℹ️  INFO: 🔑 AUTH SERVICE: No token, skipping backend logout
ℹ️  INFO: 🔑 AUTH SERVICE: Unknown auth strategy, clearing state...
ℹ️  INFO: Clearing auth state
ℹ️  INFO: Initializing app state...
ℹ️  INFO: 🔑 AUTH SERVICE: ========== LOGOUT START (2025-11-11 13:25:24) ==========
   Context: {token: null, strategy: unknown, isAuth0: false, isDevUser: false}
ℹ️  INFO: 🔑 AUTH SERVICE: No token, skipping backend logout
ℹ️  INFO: 🔑 AUTH SERVICE: Unknown auth strategy, clearing state...
ℹ️  INFO: Clearing auth state
ℹ️  INFO: Initializing app state...
ℹ️  INFO: 🔑 AUTH SERVICE: ========== LOGOUT START (2025-11-11 13:25:24) ==========
   Context: {token: null, strategy: unknown, isAuth0: false, isDevUser: false}
ℹ️  INFO: 🔑 AUTH SERVICE: No token, skipping backend logout
ℹ️  INFO: 🔑 AUTH SERVICE: Unknown auth strategy, clearing state...
ℹ️  INFO: Clearing auth state
ℹ️  INFO: Initializing app state...
ℹ️  INFO: 🔑 AUTH SERVICE: ========== LOGOUT START (2025-11-11 13:25:24) ==========
   Context: {token: null, strategy: unknown, isAuth0: false, isDevUser: false}
ℹ️  INFO: 🔑 AUTH SERVICE: No token, skipping backend logout
ℹ️  INFO: 🔑 AUTH SERVICE: Unknown auth strategy, clearing state...
ℹ️  INFO: Clearing auth state
ℹ️  INFO: Initializing app state...
ℹ️  INFO: 🔑 AUTH SERVICE: ========== LOGOUT START (2025-11-11 13:25:24) ==========
   Context: {token: null, strategy: unknown, isAuth0: false, isDevUser: false}
ℹ️  INFO: 🔑 AUTH SERVICE: No token, skipping backend logout
ℹ️  INFO: 🔑 AUTH SERVICE: Unknown auth strategy, clearing state...
ℹ️  INFO: Clearing auth state
ℹ️  INFO: Initializing app state...
ℹ️  INFO: 🔑 AUTH SERVICE: ========== LOGOUT START (2025-11-11 13:25:24) ==========
   Context: {token: null, strategy: unknown, isAuth0: false, isDevUser: false}
ℹ️  INFO: 🔑 AUTH SERVICE: No token, skipping backend logout
ℹ️  INFO: 🔑 AUTH SERVICE: Unknown auth strategy, clearing state...
ℹ️  INFO: Clearing auth state
ℹ️  INFO: Initializing app state...
ℹ️  INFO: 🔑 AUTH SERVICE: ========== LOGOUT START (2025-11-11 13:25:24) ==========
   Context: {token: null, strategy: unknown, isAuth0: false, isDevUser: false}
ℹ️  INFO: 🔑 AUTH SERVICE: No token, skipping backend logout
ℹ️  INFO: 🔑 AUTH SERVICE: Unknown auth strategy, clearing state...
ℹ️  INFO: Clearing auth state
ℹ️  INFO: Initializing app state...
ℹ️  INFO: 🔑 AUTH SERVICE: ========== LOGOUT START (2025-11-11 13:25:24) ==========
   Context: {token: null, strategy: unknown, isAuth0: false, isDevUser: false}
ℹ️  INFO: 🔑 AUTH SERVICE: No token, skipping backend logout
ℹ️  INFO: 🔑 AUTH SERVICE: Unknown auth strategy, clearing state...
ℹ️  INFO: Clearing auth state
ℹ️  INFO: Initializing app state...
ℹ️  INFO: 🔑 AUTH SERVICE: ========== LOGOUT START (2025-11-11 13:25:24) ==========
   Context: {token: null, strategy: unknown, isAuth0: false, isDevUser: false}
ℹ️  INFO: 🔑 AUTH SERVICE: No token, skipping backend logout
ℹ️  INFO: 🔑 AUTH SERVICE: Unknown auth strategy, clearing state...
ℹ️  INFO: Clearing auth state
ℹ️  INFO: Initializing app state...
ℹ️  INFO: 🔑 AUTH SERVICE: ========== LOGOUT START (2025-11-11 13:25:24) ==========
   Context: {token: null, strategy: unknown, isAuth0: false, isDevUser: false}
ℹ️  INFO: 🔑 AUTH SERVICE: No token, skipping backend logout
ℹ️  INFO: 🔑 AUTH SERVICE: Unknown auth strategy, clearing state...
ℹ️  INFO: Clearing auth state
ℹ️  INFO: Initializing app state...
ℹ️  INFO: 🔑 AUTH SERVICE: ========== LOGOUT START (2025-11-11 13:25:24) ==========
   Context: {token: null, strategy: unknown, isAuth0: false, isDevUser: false}
ℹ️  INFO: 🔑 AUTH SERVICE: No token, skipping backend logout
ℹ️  INFO: 🔑 AUTH SERVICE: Unknown auth strategy, clearing state...
ℹ️  INFO: Clearing auth state
ℹ️  INFO: Initializing app state...
ℹ️  INFO: 🔑 AUTH SERVICE: ========== LOGOUT START (2025-11-11 13:25:24) ==========
   Context: {token: null, strategy: unknown, isAuth0: false, isDevUser: false}
ℹ️  INFO: 🔑 AUTH SERVICE: No token, skipping backend logout
ℹ️  INFO: 🔑 AUTH SERVICE: Unknown auth strategy, clearing state...
ℹ️  INFO: Clearing auth state
ℹ️  INFO: Initializing app state...
ℹ️  INFO: 🔑 AUTH SERVICE: ========== LOGOUT START (2025-11-11 13:25:24) ==========
   Context: {token: null, strategy: unknown, isAuth0: false, isDevUser: false}
ℹ️  INFO: 🔑 AUTH SERVICE: No token, skipping backend logout
ℹ️  INFO: 🔑 AUTH SERVICE: Unknown auth strategy, clearing state...
ℹ️  INFO: Clearing auth state
ℹ️  INFO: Initializing app state...
ℹ️  INFO: 🔑 AUTH SERVICE: ========== LOGOUT START (2025-11-11 13:25:24) ==========
   Context: {token: null, strategy: unknown, isAuth0: false, isDevUser: false}
ℹ️  INFO: 🔑 AUTH SERVICE: No token, skipping backend logout
ℹ️  INFO: 🔑 AUTH SERVICE: Unknown auth strategy, clearing state...
ℹ️  INFO: Clearing auth state
ℹ️  INFO: Initializing app state...
ℹ️  INFO: 🔑 AUTH SERVICE: ========== LOGOUT START (2025-11-11 13:25:24) ==========
   Context: {token: null, strategy: unknown, isAuth0: false, isDevUser: false}
ℹ️  INFO: 🔑 AUTH SERVICE: No token, skipping backend logout
ℹ️  INFO: 🔑 AUTH SERVICE: Unknown auth strategy, clearing state...
ℹ️  INFO: Clearing auth state
ℹ️  INFO: Initializing app state...
ℹ️  INFO: 🔑 AUTH SERVICE: ========== LOGOUT START (2025-11-11 13:25:24) ==========
   Context: {token: null, strategy: unknown, isAuth0: false, isDevUser: false}
ℹ️  INFO: 🔑 AUTH SERVICE: No token, skipping backend logout
ℹ️  INFO: 🔑 AUTH SERVICE: Unknown auth strategy, clearing state...
ℹ️  INFO: Clearing auth state
ℹ️  INFO: Initializing app state...
ℹ️  INFO: 🔑 AUTH SERVICE: ========== LOGOUT START (2025-11-11 13:25:24) ==========
   Context: {token: null, strategy: unknown, isAuth0: false, isDevUser: false}
ℹ️  INFO: 🔑 AUTH SERVICE: No token, skipping backend logout
ℹ️  INFO: 🔑 AUTH SERVICE: Unknown auth strategy, clearing state...
ℹ️  INFO: Clearing auth state
ℹ️  INFO: Initializing app state...
ℹ️  INFO: 🔑 AUTH SERVICE: ========== LOGOUT START (2025-11-11 13:25:24) ==========
   Context: {token: null, strategy: unknown, isAuth0: false, isDevUser: false}
ℹ️  INFO: 🔑 AUTH SERVICE: No token, skipping backend logout
ℹ️  INFO: 🔑 AUTH SERVICE: Unknown auth strategy, clearing state...
ℹ️  INFO: Clearing auth state
ℹ️  INFO: Initializing app state...
ℹ️  INFO: 🔑 AUTH SERVICE: ========== LOGOUT START (2025-11-11 13:25:24) ==========
   Context: {token: null, strategy: unknown, isAuth0: false, isDevUser: false}
ℹ️  INFO: 🔑 AUTH SERVICE: No token, skipping backend logout
ℹ️  INFO: 🔑 AUTH SERVICE: Unknown auth strategy, clearing state...
ℹ️  INFO: Clearing auth state
ℹ️  INFO: Initializing app state...
ℹ️  INFO: 🔑 AUTH SERVICE: ========== LOGOUT START (2025-11-11 13:25:24) ==========
   Context: {token: null, strategy: unknown, isAuth0: false, isDevUser: false}
ℹ️  INFO: 🔑 AUTH SERVICE: No token, skipping backend logout
ℹ️  INFO: 🔑 AUTH SERVICE: Unknown auth strategy, clearing state...
ℹ️  INFO: Clearing auth state
ℹ️  INFO: Initializing app state...
ℹ️  INFO: 🔑 AUTH SERVICE: ========== LOGOUT START (2025-11-11 13:25:24) ==========
   Context: {token: null, strategy: unknown, isAuth0: false, isDevUser: false}
ℹ️  INFO: 🔑 AUTH SERVICE: No token, skipping backend logout
ℹ️  INFO: 🔑 AUTH SERVICE: Unknown auth strategy, clearing state...
ℹ️  INFO: Clearing auth state
ℹ️  INFO: Initializing app state...
ℹ️  INFO: 🔑 AUTH SERVICE: ========== LOGOUT START (2025-11-11 13:25:24) ==========
   Context: {token: null, strategy: unknown, isAuth0: false, isDevUser: false}
ℹ️  INFO: 🔑 AUTH SERVICE: No token, skipping backend logout
ℹ️  INFO: 🔑 AUTH SERVICE: Unknown auth strategy, clearing state...
ℹ️  INFO: Clearing auth state
ℹ️  INFO: Initializing app state...
ℹ️  INFO: 🔑 AUTH SERVICE: ========== LOGOUT START (2025-11-11 13:25:24) ==========
   Context: {token: null, strategy: unknown, isAuth0: false, isDevUser: false}
ℹ️  INFO: 🔑 AUTH SERVICE: No token, skipping backend logout
ℹ️  INFO: 🔑 AUTH SERVICE: Unknown auth strategy, clearing state...
ℹ️  INFO: Clearing auth state
ℹ️  INFO: Initializing app state...
ℹ️  INFO: 🔑 AUTH SERVICE: ========== LOGOUT START (2025-11-11 13:25:24) ==========
   Context: {token: null, strategy: unknown, isAuth0: false, isDevUser: false}
ℹ️  INFO: 🔑 AUTH SERVICE: No token, skipping backend logout
ℹ️  INFO: 🔑 AUTH SERVICE: Unknown auth strategy, clearing state...
ℹ️  INFO: Clearing auth state
ℹ️  INFO: Initializing app state...
ℹ️  INFO: 🔑 AUTH SERVICE: ========== LOGOUT START (2025-11-11 13:25:24) ==========
   Context: {token: null, strategy: unknown, isAuth0: false, isDevUser: false}
ℹ️  INFO: 🔑 AUTH SERVICE: No token, skipping backend logout
ℹ️  INFO: 🔑 AUTH SERVICE: Unknown auth strategy, clearing state...
ℹ️  INFO: Clearing auth state
❌ ERROR: Failed to retrieve stored auth data | MissingPluginException(No implementation found for method read on channel plugins.it_nomads.com/flutter_secure_storage)
ℹ️  INFO: No stored auth data found
ℹ️  INFO: No stored auth data found
ℹ️  INFO: Auth state initialized - no active session
❌ ERROR: Network connectivity check failed | MissingPluginException(No implementation found for method check on channel dev.fluttercommunity.plus/connectivity)
❌ ERROR: Failed to clear auth data | MissingPluginException(No implementation found for method delete on channel plugins.it_nomads.com/flutter_secure_storage)
ℹ️  INFO: Auth data cleared
ℹ️  INFO: Auth state cleared
ℹ️  INFO: 🔑 AUTH SERVICE: ========== LOGOUT END (total: 15ms) ==========
❌ ERROR: Network connectivity check failed | MissingPluginException(No implementation found for method check on channel dev.fluttercommunity.plus/connectivity)
ℹ️  INFO: Service health check completed
   Context: {status: offline, isConnected: false}
❌ ERROR: Failed to retrieve stored auth data | MissingPluginException(No implementation found for method read on channel plugins.it_nomads.com/flutter_secure_storage)
ℹ️  INFO: No stored auth data found
ℹ️  INFO: No stored auth data found
ℹ️  INFO: Auth state initialized - no active session
❌ ERROR: Network connectivity check failed | MissingPluginException(No implementation found for method check on channel dev.fluttercommunity.plus/connectivity)
❌ ERROR: Failed to clear auth data | MissingPluginException(No implementation found for method delete on channel plugins.it_nomads.com/flutter_secure_storage)
ℹ️  INFO: Auth data cleared
ℹ️  INFO: Auth state cleared
ℹ️  INFO: 🔑 AUTH SERVICE: ========== LOGOUT END (total: 17ms) ==========
❌ ERROR: Network connectivity check failed | MissingPluginException(No implementation found for method check on channel dev.fluttercommunity.plus/connectivity)
ℹ️  INFO: Service health check completed
   Context: {status: offline, isConnected: false}
❌ ERROR: Failed to retrieve stored auth data | MissingPluginException(No implementation found for method read on channel plugins.it_nomads.com/flutter_secure_storage)
ℹ️  INFO: No stored auth data found
ℹ️  INFO: No stored auth data found
ℹ️  INFO: Auth state initialized - no active session
❌ ERROR: Network connectivity check failed | MissingPluginException(No implementation found for method check on channel dev.fluttercommunity.plus/connectivity)
❌ ERROR: Failed to clear auth data | MissingPluginException(No implementation found for method delete on channel plugins.it_nomads.com/flutter_secure_storage)
ℹ️  INFO: Auth data cleared
ℹ️  INFO: Auth state cleared
ℹ️  INFO: 🔑 AUTH SERVICE: ========== LOGOUT END (total: 16ms) ==========
❌ ERROR: Network connectivity check failed | MissingPluginException(No implementation found for method check on channel dev.fluttercommunity.plus/connectivity)
ℹ️  INFO: Service health check completed
   Context: {status: offline, isConnected: false}
❌ ERROR: Failed to retrieve stored auth data | MissingPluginException(No implementation found for method read on channel plugins.it_nomads.com/flutter_secure_storage)
ℹ️  INFO: No stored auth data found
ℹ️  INFO: No stored auth data found
ℹ️  INFO: Auth state initialized - no active session
❌ ERROR: Network connectivity check failed | MissingPluginException(No implementation found for method check on channel dev.fluttercommunity.plus/connectivity)
❌ ERROR: Failed to clear auth data | MissingPluginException(No implementation found for method delete on channel plugins.it_nomads.com/flutter_secure_storage)
ℹ️  INFO: Auth data cleared
ℹ️  INFO: Auth state cleared
ℹ️  INFO: 🔑 AUTH SERVICE: ========== LOGOUT END (total: 16ms) ==========
❌ ERROR: Network connectivity check failed | MissingPluginException(No implementation found for method check on channel dev.fluttercommunity.plus/connectivity)
ℹ️  INFO: Service health check completed
   Context: {status: offline, isConnected: false}
❌ ERROR: Failed to retrieve stored auth data | MissingPluginException(No implementation found for method read on channel plugins.it_nomads.com/flutter_secure_storage)
ℹ️  INFO: No stored auth data found
ℹ️  INFO: No stored auth data found
ℹ️  INFO: Auth state initialized - no active session
❌ ERROR: Network connectivity check failed | MissingPluginException(No implementation found for method check on channel dev.fluttercommunity.plus/connectivity)
❌ ERROR: Failed to clear auth data | MissingPluginException(No implementation found for method delete on channel plugins.it_nomads.com/flutter_secure_storage)
ℹ️  INFO: Auth data cleared
ℹ️  INFO: Auth state cleared
ℹ️  INFO: 🔑 AUTH SERVICE: ========== LOGOUT END (total: 17ms) ==========
❌ ERROR: Network connectivity check failed | MissingPluginException(No implementation found for method check on channel dev.fluttercommunity.plus/connectivity)
ℹ️  INFO: Service health check completed
   Context: {status: offline, isConnected: false}
❌ ERROR: Failed to retrieve stored auth data | MissingPluginException(No implementation found for method read on channel plugins.it_nomads.com/flutter_secure_storage)
ℹ️  INFO: No stored auth data found
ℹ️  INFO: No stored auth data found
ℹ️  INFO: Auth state initialized - no active session
❌ ERROR: Network connectivity check failed | MissingPluginException(No implementation found for method check on channel dev.fluttercommunity.plus/connectivity)
❌ ERROR: Failed to clear auth data | MissingPluginException(No implementation found for method delete on channel plugins.it_nomads.com/flutter_secure_storage)
ℹ️  INFO: Auth data cleared
ℹ️  INFO: Auth state cleared
ℹ️  INFO: 🔑 AUTH SERVICE: ========== LOGOUT END (total: 18ms) ==========
❌ ERROR: Network connectivity check failed | MissingPluginException(No implementation found for method check on channel dev.fluttercommunity.plus/connectivity)
ℹ️  INFO: Service health check completed
   Context: {status: offline, isConnected: false}
❌ ERROR: Failed to retrieve stored auth data | MissingPluginException(No implementation found for method read on channel plugins.it_nomads.com/flutter_secure_storage)
ℹ️  INFO: No stored auth data found
ℹ️  INFO: No stored auth data found
ℹ️  INFO: Auth state initialized - no active session
❌ ERROR: Network connectivity check failed | MissingPluginException(No implementation found for method check on channel dev.fluttercommunity.plus/connectivity)
❌ ERROR: Failed to clear auth data | MissingPluginException(No implementation found for method delete on channel plugins.it_nomads.com/flutter_secure_storage)
ℹ️  INFO: Auth data cleared
ℹ️  INFO: Auth state cleared
ℹ️  INFO: 🔑 AUTH SERVICE: ========== LOGOUT END (total: 19ms) ==========
❌ ERROR: Network connectivity check failed | MissingPluginException(No implementation found for method check on channel dev.fluttercommunity.plus/connectivity)
ℹ️  INFO: Service health check completed
   Context: {status: offline, isConnected: false}
❌ ERROR: Failed to retrieve stored auth data | MissingPluginException(No implementation found for method read on channel plugins.it_nomads.com/flutter_secure_storage)
ℹ️  INFO: No stored auth data found
ℹ️  INFO: No stored auth data found
ℹ️  INFO: Auth state initialized - no active session
❌ ERROR: Network connectivity check failed | MissingPluginException(No implementation found for method check on channel dev.fluttercommunity.plus/connectivity)
❌ ERROR: Failed to clear auth data | MissingPluginException(No implementation found for method delete on channel plugins.it_nomads.com/flutter_secure_storage)
ℹ️  INFO: Auth data cleared
ℹ️  INFO: Auth state cleared
ℹ️  INFO: 🔑 AUTH SERVICE: ========== LOGOUT END (total: 18ms) ==========
❌ ERROR: Network connectivity check failed | MissingPluginException(No implementation found for method check on channel dev.fluttercommunity.plus/connectivity)
ℹ️  INFO: Service health check completed
   Context: {status: offline, isConnected: false}
❌ ERROR: Failed to retrieve stored auth data | MissingPluginException(No implementation found for method read on channel plugins.it_nomads.com/flutter_secure_storage)
ℹ️  INFO: No stored auth data found
ℹ️  INFO: No stored auth data found
ℹ️  INFO: Auth state initialized - no active session
❌ ERROR: Network connectivity check failed | MissingPluginException(No implementation found for method check on channel dev.fluttercommunity.plus/connectivity)
❌ ERROR: Failed to clear auth data | MissingPluginException(No implementation found for method delete on channel plugins.it_nomads.com/flutter_secure_storage)
ℹ️  INFO: Auth data cleared
ℹ️  INFO: Auth state cleared
ℹ️  INFO: 🔑 AUTH SERVICE: ========== LOGOUT END (total: 19ms) ==========
❌ ERROR: Network connectivity check failed | MissingPluginException(No implementation found for method check on channel dev.fluttercommunity.plus/connectivity)
ℹ️  INFO: Service health check completed
   Context: {status: offline, isConnected: false}
❌ ERROR: Failed to retrieve stored auth data | MissingPluginException(No implementation found for method read on channel plugins.it_nomads.com/flutter_secure_storage)
ℹ️  INFO: No stored auth data found
ℹ️  INFO: No stored auth data found
ℹ️  INFO: Auth state initialized - no active session
❌ ERROR: Network connectivity check failed | MissingPluginException(No implementation found for method check on channel dev.fluttercommunity.plus/connectivity)
❌ ERROR: Failed to clear auth data | MissingPluginException(No implementation found for method delete on channel plugins.it_nomads.com/flutter_secure_storage)
ℹ️  INFO: Auth data cleared
ℹ️  INFO: Auth state cleared
ℹ️  INFO: 🔑 AUTH SERVICE: ========== LOGOUT END (total: 20ms) ==========
❌ ERROR: Network connectivity check failed | MissingPluginException(No implementation found for method check on channel dev.fluttercommunity.plus/connectivity)
ℹ️  INFO: Service health check completed
   Context: {status: offline, isConnected: false}
❌ ERROR: Failed to retrieve stored auth data | MissingPluginException(No implementation found for method read on channel plugins.it_nomads.com/flutter_secure_storage)
ℹ️  INFO: No stored auth data found
ℹ️  INFO: No stored auth data found
ℹ️  INFO: Auth state initialized - no active session
❌ ERROR: Network connectivity check failed | MissingPluginException(No implementation found for method check on channel dev.fluttercommunity.plus/connectivity)
❌ ERROR: Failed to clear auth data | MissingPluginException(No implementation found for method delete on channel plugins.it_nomads.com/flutter_secure_storage)
ℹ️  INFO: Auth data cleared
ℹ️  INFO: Auth state cleared
ℹ️  INFO: 🔑 AUTH SERVICE: ========== LOGOUT END (total: 20ms) ==========
❌ ERROR: Network connectivity check failed | MissingPluginException(No implementation found for method check on channel dev.fluttercommunity.plus/connectivity)
ℹ️  INFO: Service health check completed
   Context: {status: offline, isConnected: false}
❌ ERROR: Failed to retrieve stored auth data | MissingPluginException(No implementation found for method read on channel plugins.it_nomads.com/flutter_secure_storage)
ℹ️  INFO: No stored auth data found
ℹ️  INFO: No stored auth data found
ℹ️  INFO: Auth state initialized - no active session
❌ ERROR: Network connectivity check failed | MissingPluginException(No implementation found for method check on channel dev.fluttercommunity.plus/connectivity)
❌ ERROR: Failed to clear auth data | MissingPluginException(No implementation found for method delete on channel plugins.it_nomads.com/flutter_secure_storage)
ℹ️  INFO: Auth data cleared
ℹ️  INFO: Auth state cleared
ℹ️  INFO: 🔑 AUTH SERVICE: ========== LOGOUT END (total: 20ms) ==========
❌ ERROR: Network connectivity check failed | MissingPluginException(No implementation found for method check on channel dev.fluttercommunity.plus/connectivity)
ℹ️  INFO: Service health check completed
   Context: {status: offline, isConnected: false}
❌ ERROR: Failed to retrieve stored auth data | MissingPluginException(No implementation found for method read on channel plugins.it_nomads.com/flutter_secure_storage)
ℹ️  INFO: No stored auth data found
ℹ️  INFO: No stored auth data found
ℹ️  INFO: Auth state initialized - no active session
❌ ERROR: Network connectivity check failed | MissingPluginException(No implementation found for method check on channel dev.fluttercommunity.plus/connectivity)
❌ ERROR: Failed to clear auth data | MissingPluginException(No implementation found for method delete on channel plugins.it_nomads.com/flutter_secure_storage)
ℹ️  INFO: Auth data cleared
ℹ️  INFO: Auth state cleared
ℹ️  INFO: 🔑 AUTH SERVICE: ========== LOGOUT END (total: 21ms) ==========
❌ ERROR: Network connectivity check failed | MissingPluginException(No implementation found for method check on channel dev.fluttercommunity.plus/connectivity)
ℹ️  INFO: Service health check completed
   Context: {status: offline, isConnected: false}
❌ ERROR: Failed to retrieve stored auth data | MissingPluginException(No implementation found for method read on channel plugins.it_nomads.com/flutter_secure_storage)
ℹ️  INFO: No stored auth data found
ℹ️  INFO: No stored auth data found
ℹ️  INFO: Auth state initialized - no active session
❌ ERROR: Network connectivity check failed | MissingPluginException(No implementation found for method check on channel dev.fluttercommunity.plus/connectivity)
❌ ERROR: Failed to clear auth data | MissingPluginException(No implementation found for method delete on channel plugins.it_nomads.com/flutter_secure_storage)
ℹ️  INFO: Auth data cleared
ℹ️  INFO: Auth state cleared
ℹ️  INFO: 🔑 AUTH SERVICE: ========== LOGOUT END (total: 20ms) ==========
❌ ERROR: Network connectivity check failed | MissingPluginException(No implementation found for method check on channel dev.fluttercommunity.plus/connectivity)
ℹ️  INFO: Service health check completed
   Context: {status: offline, isConnected: false}
❌ ERROR: Failed to retrieve stored auth data | MissingPluginException(No implementation found for method read on channel plugins.it_nomads.com/flutter_secure_storage)
ℹ️  INFO: No stored auth data found
ℹ️  INFO: No stored auth data found
ℹ️  INFO: Auth state initialized - no active session
❌ ERROR: Network connectivity check failed | MissingPluginException(No implementation found for method check on channel dev.fluttercommunity.plus/connectivity)
❌ ERROR: Failed to clear auth data | MissingPluginException(No implementation found for method delete on channel plugins.it_nomads.com/flutter_secure_storage)
ℹ️  INFO: Auth data cleared
ℹ️  INFO: Auth state cleared
ℹ️  INFO: 🔑 AUTH SERVICE: ========== LOGOUT END (total: 21ms) ==========
❌ ERROR: Network connectivity check failed | MissingPluginException(No implementation found for method check on channel dev.fluttercommunity.plus/connectivity)
ℹ️  INFO: Service health check completed
   Context: {status: offline, isConnected: false}
❌ ERROR: Failed to retrieve stored auth data | MissingPluginException(No implementation found for method read on channel plugins.it_nomads.com/flutter_secure_storage)
ℹ️  INFO: No stored auth data found
ℹ️  INFO: No stored auth data found
ℹ️  INFO: Auth state initialized - no active session
❌ ERROR: Network connectivity check failed | MissingPluginException(No implementation found for method check on channel dev.fluttercommunity.plus/connectivity)
❌ ERROR: Failed to clear auth data | MissingPluginException(No implementation found for method delete on channel plugins.it_nomads.com/flutter_secure_storage)
ℹ️  INFO: Auth data cleared
ℹ️  INFO: Auth state cleared
ℹ️  INFO: 🔑 AUTH SERVICE: ========== LOGOUT END (total: 21ms) ==========
❌ ERROR: Network connectivity check failed | MissingPluginException(No implementation found for method check on channel dev.fluttercommunity.plus/connectivity)
ℹ️  INFO: Service health check completed
   Context: {status: offline, isConnected: false}
❌ ERROR: Failed to retrieve stored auth data | MissingPluginException(No implementation found for method read on channel plugins.it_nomads.com/flutter_secure_storage)
ℹ️  INFO: No stored auth data found
ℹ️  INFO: No stored auth data found
ℹ️  INFO: Auth state initialized - no active session
❌ ERROR: Network connectivity check failed | MissingPluginException(No implementation found for method check on channel dev.fluttercommunity.plus/connectivity)
❌ ERROR: Failed to clear auth data | MissingPluginException(No implementation found for method delete on channel plugins.it_nomads.com/flutter_secure_storage)
ℹ️  INFO: Auth data cleared
ℹ️  INFO: Auth state cleared
ℹ️  INFO: 🔑 AUTH SERVICE: ========== LOGOUT END (total: 22ms) ==========
❌ ERROR: Network connectivity check failed | MissingPluginException(No implementation found for method check on channel dev.fluttercommunity.plus/connectivity)
ℹ️  INFO: Service health check completed
   Context: {status: offline, isConnected: false}
❌ ERROR: Failed to retrieve stored auth data | MissingPluginException(No implementation found for method read on channel plugins.it_nomads.com/flutter_secure_storage)
ℹ️  INFO: No stored auth data found
ℹ️  INFO: No stored auth data found
ℹ️  INFO: Auth state initialized - no active session
❌ ERROR: Network connectivity check failed | MissingPluginException(No implementation found for method check on channel dev.fluttercommunity.plus/connectivity)
❌ ERROR: Failed to clear auth data | MissingPluginException(No implementation found for method delete on channel plugins.it_nomads.com/flutter_secure_storage)
ℹ️  INFO: Auth data cleared
ℹ️  INFO: Auth state cleared
ℹ️  INFO: 🔑 AUTH SERVICE: ========== LOGOUT END (total: 22ms) ==========
❌ ERROR: Network connectivity check failed | MissingPluginException(No implementation found for method check on channel dev.fluttercommunity.plus/connectivity)
ℹ️  INFO: Service health check completed
   Context: {status: offline, isConnected: false}
❌ ERROR: Failed to retrieve stored auth data | MissingPluginException(No implementation found for method read on channel plugins.it_nomads.com/flutter_secure_storage)
ℹ️  INFO: No stored auth data found
ℹ️  INFO: No stored auth data found
ℹ️  INFO: Auth state initialized - no active session
❌ ERROR: Network connectivity check failed | MissingPluginException(No implementation found for method check on channel dev.fluttercommunity.plus/connectivity)
❌ ERROR: Failed to clear auth data | MissingPluginException(No implementation found for method delete on channel plugins.it_nomads.com/flutter_secure_storage)
ℹ️  INFO: Auth data cleared
ℹ️  INFO: Auth state cleared
ℹ️  INFO: 🔑 AUTH SERVICE: ========== LOGOUT END (total: 23ms) ==========
❌ ERROR: Network connectivity check failed | MissingPluginException(No implementation found for method check on channel dev.fluttercommunity.plus/connectivity)
ℹ️  INFO: Service health check completed
   Context: {status: offline, isConnected: false}
❌ ERROR: Failed to retrieve stored auth data | MissingPluginException(No implementation found for method read on channel plugins.it_nomads.com/flutter_secure_storage)
ℹ️  INFO: No stored auth data found
ℹ️  INFO: No stored auth data found
ℹ️  INFO: Auth state initialized - no active session
❌ ERROR: Network connectivity check failed | MissingPluginException(No implementation found for method check on channel dev.fluttercommunity.plus/connectivity)
❌ ERROR: Failed to clear auth data | MissingPluginException(No implementation found for method delete on channel plugins.it_nomads.com/flutter_secure_storage)
ℹ️  INFO: Auth data cleared
ℹ️  INFO: Auth state cleared
ℹ️  INFO: 🔑 AUTH SERVICE: ========== LOGOUT END (total: 22ms) ==========
❌ ERROR: Network connectivity check failed | MissingPluginException(No implementation found for method check on channel dev.fluttercommunity.plus/connectivity)
ℹ️  INFO: Service health check completed
   Context: {status: offline, isConnected: false}
❌ ERROR: Failed to retrieve stored auth data | MissingPluginException(No implementation found for method read on channel plugins.it_nomads.com/flutter_secure_storage)
ℹ️  INFO: No stored auth data found
ℹ️  INFO: No stored auth data found
ℹ️  INFO: Auth state initialized - no active session
❌ ERROR: Network connectivity check failed | MissingPluginException(No implementation found for method check on channel dev.fluttercommunity.plus/connectivity)
❌ ERROR: Failed to clear auth data | MissingPluginException(No implementation found for method delete on channel plugins.it_nomads.com/flutter_secure_storage)
ℹ️  INFO: Auth data cleared
ℹ️  INFO: Auth state cleared
ℹ️  INFO: 🔑 AUTH SERVICE: ========== LOGOUT END (total: 23ms) ==========
❌ ERROR: Network connectivity check failed | MissingPluginException(No implementation found for method check on channel dev.fluttercommunity.plus/connectivity)
ℹ️  INFO: Service health check completed
   Context: {status: offline, isConnected: false}
❌ ERROR: Failed to retrieve stored auth data | MissingPluginException(No implementation found for method read on channel plugins.it_nomads.com/flutter_secure_storage)
ℹ️  INFO: No stored auth data found
ℹ️  INFO: No stored auth data found
ℹ️  INFO: Auth state initialized - no active session
❌ ERROR: Network connectivity check failed | MissingPluginException(No implementation found for method check on channel dev.fluttercommunity.plus/connectivity)
❌ ERROR: Failed to clear auth data | MissingPluginException(No implementation found for method delete on channel plugins.it_nomads.com/flutter_secure_storage)
ℹ️  INFO: Auth data cleared
ℹ️  INFO: Auth state cleared
ℹ️  INFO: 🔑 AUTH SERVICE: ========== LOGOUT END (total: 23ms) ==========
❌ ERROR: Network connectivity check failed | MissingPluginException(No implementation found for method check on channel dev.fluttercommunity.plus/connectivity)
ℹ️  INFO: Service health check completed
   Context: {status: offline, isConnected: false}
❌ ERROR: Failed to retrieve stored auth data | MissingPluginException(No implementation found for method read on channel plugins.it_nomads.com/flutter_secure_storage)
ℹ️  INFO: No stored auth data found
ℹ️  INFO: No stored auth data found
ℹ️  INFO: Auth state initialized - no active session
❌ ERROR: Network connectivity check failed | MissingPluginException(No implementation found for method check on channel dev.fluttercommunity.plus/connectivity)
❌ ERROR: Failed to clear auth data | MissingPluginException(No implementation found for method delete on channel plugins.it_nomads.com/flutter_secure_storage)
ℹ️  INFO: Auth data cleared
ℹ️  INFO: Auth state cleared
ℹ️  INFO: 🔑 AUTH SERVICE: ========== LOGOUT END (total: 24ms) ==========
❌ ERROR: Network connectivity check failed | MissingPluginException(No implementation found for method check on channel dev.fluttercommunity.plus/connectivity)
ℹ️  INFO: Service health check completed
   Context: {status: offline, isConnected: false}
❌ ERROR: Failed to retrieve stored auth data | MissingPluginException(No implementation found for method read on channel plugins.it_nomads.com/flutter_secure_storage)
ℹ️  INFO: No stored auth data found
ℹ️  INFO: No stored auth data found
ℹ️  INFO: Auth state initialized - no active session
❌ ERROR: Network connectivity check failed | MissingPluginException(No implementation found for method check on channel dev.fluttercommunity.plus/connectivity)
❌ ERROR: Failed to clear auth data | MissingPluginException(No implementation found for method delete on channel plugins.it_nomads.com/flutter_secure_storage)
ℹ️  INFO: Auth data cleared
ℹ️  INFO: Auth state cleared
ℹ️  INFO: 🔑 AUTH SERVICE: ========== LOGOUT END (total: 23ms) ==========
❌ ERROR: Network connectivity check failed | MissingPluginException(No implementation found for method check on channel dev.fluttercommunity.plus/connectivity)
ℹ️  INFO: Service health check completed
   Context: {status: offline, isConnected: false}
❌ ERROR: Failed to retrieve stored auth data | MissingPluginException(No implementation found for method read on channel plugins.it_nomads.com/flutter_secure_storage)
ℹ️  INFO: No stored auth data found
ℹ️  INFO: No stored auth data found
ℹ️  INFO: Auth state initialized - no active session
❌ ERROR: Network connectivity check failed | MissingPluginException(No implementation found for method check on channel dev.fluttercommunity.plus/connectivity)
❌ ERROR: Failed to clear auth data | MissingPluginException(No implementation found for method delete on channel plugins.it_nomads.com/flutter_secure_storage)
ℹ️  INFO: Auth data cleared
ℹ️  INFO: Auth state cleared
ℹ️  INFO: 🔑 AUTH SERVICE: ========== LOGOUT END (total: 24ms) ==========
❌ ERROR: Network connectivity check failed | MissingPluginException(No implementation found for method check on channel dev.fluttercommunity.plus/connectivity)
ℹ️  INFO: Service health check completed
   Context: {status: offline, isConnected: false}
❌ ERROR: Network connectivity check failed | MissingPluginException(No implementation found for method check on channel dev.fluttercommunity.plus/connectivity)
ℹ️  INFO: Service health check completed
   Context: {status: offline, isConnected: false}
ℹ️  INFO: App state initialized successfully
❌ ERROR: Network connectivity check failed | MissingPluginException(No implementation found for method check on channel dev.fluttercommunity.plus/connectivity)
ℹ️  INFO: Service health check completed
   Context: {status: offline, isConnected: false}
ℹ️  INFO: App state initialized successfully
❌ ERROR: Network connectivity check failed | MissingPluginException(No implementation found for method check on channel dev.fluttercommunity.plus/connectivity)
ℹ️  INFO: Service health check completed
   Context: {status: offline, isConnected: false}
ℹ️  INFO: App state initialized successfully
❌ ERROR: Network connectivity check failed | MissingPluginException(No implementation found for method check on channel dev.fluttercommunity.plus/connectivity)
ℹ️  INFO: Service health check completed
   Context: {status: offline, isConnected: false}
ℹ️  INFO: App state initialized successfully
❌ ERROR: Network connectivity check failed | MissingPluginException(No implementation found for method check on channel dev.fluttercommunity.plus/connectivity)
ℹ️  INFO: Service health check completed
   Context: {status: offline, isConnected: false}
ℹ️  INFO: App state initialized successfully
❌ ERROR: Network connectivity check failed | MissingPluginException(No implementation found for method check on channel dev.fluttercommunity.plus/connectivity)
ℹ️  INFO: Service health check completed
   Context: {status: offline, isConnected: false}
ℹ️  INFO: App state initialized successfully
❌ ERROR: Network connectivity check failed | MissingPluginException(No implementation found for method check on channel dev.fluttercommunity.plus/connectivity)
ℹ️  INFO: Service health check completed
   Context: {status: offline, isConnected: false}
ℹ️  INFO: App state initialized successfully
❌ ERROR: Network connectivity check failed | MissingPluginException(No implementation found for method check on channel dev.fluttercommunity.plus/connectivity)
ℹ️  INFO: Service health check completed
   Context: {status: offline, isConnected: false}
ℹ️  INFO: App state initialized successfully
❌ ERROR: Network connectivity check failed | MissingPluginException(No implementation found for method check on channel dev.fluttercommunity.plus/connectivity)
ℹ️  INFO: Service health check completed
   Context: {status: offline, isConnected: false}
ℹ️  INFO: App state initialized successfully
❌ ERROR: Network connectivity check failed | MissingPluginException(No implementation found for method check on channel dev.fluttercommunity.plus/connectivity)
ℹ️  INFO: Service health check completed
   Context: {status: offline, isConnected: false}
ℹ️  INFO: App state initialized successfully
❌ ERROR: Network connectivity check failed | MissingPluginException(No implementation found for method check on channel dev.fluttercommunity.plus/connectivity)
ℹ️  INFO: Service health check completed
   Context: {status: offline, isConnected: false}
ℹ️  INFO: App state initialized successfully
❌ ERROR: Network connectivity check failed | MissingPluginException(No implementation found for method check on channel dev.fluttercommunity.plus/connectivity)
ℹ️  INFO: Service health check completed
   Context: {status: offline, isConnected: false}
ℹ️  INFO: App state initialized successfully
❌ ERROR: Network connectivity check failed | MissingPluginException(No implementation found for method check on channel dev.fluttercommunity.plus/connectivity)
ℹ️  INFO: Service health check completed
   Context: {status: offline, isConnected: false}
ℹ️  INFO: App state initialized successfully
❌ ERROR: Network connectivity check failed | MissingPluginException(No implementation found for method check on channel dev.fluttercommunity.plus/connectivity)
ℹ️  INFO: Service health check completed
   Context: {status: offline, isConnected: false}
ℹ️  INFO: App state initialized successfully
❌ ERROR: Network connectivity check failed | MissingPluginException(No implementation found for method check on channel dev.fluttercommunity.plus/connectivity)
ℹ️  INFO: Service health check completed
   Context: {status: offline, isConnected: false}
ℹ️  INFO: App state initialized successfully
❌ ERROR: Network connectivity check failed | MissingPluginException(No implementation found for method check on channel dev.fluttercommunity.plus/connectivity)
ℹ️  INFO: Service health check completed
   Context: {status: offline, isConnected: false}
ℹ️  INFO: App state initialized successfully
❌ ERROR: Network connectivity check failed | MissingPluginException(No implementation found for method check on channel dev.fluttercommunity.plus/connectivity)
ℹ️  INFO: Service health check completed
   Context: {status: offline, isConnected: false}
ℹ️  INFO: App state initialized successfully
❌ ERROR: Network connectivity check failed | MissingPluginException(No implementation found for method check on channel dev.fluttercommunity.plus/connectivity)
ℹ️  INFO: Service health check completed
   Context: {status: offline, isConnected: false}
ℹ️  INFO: App state initialized successfully
❌ ERROR: Network connectivity check failed | MissingPluginException(No implementation found for method check on channel dev.fluttercommunity.plus/connectivity)
ℹ️  INFO: Service health check completed
   Context: {status: offline, isConnected: false}
ℹ️  INFO: App state initialized successfully
❌ ERROR: Network connectivity check failed | MissingPluginException(No implementation found for method check on channel dev.fluttercommunity.plus/connectivity)
ℹ️  INFO: Service health check completed
   Context: {status: offline, isConnected: false}
ℹ️  INFO: App state initialized successfully
❌ ERROR: Network connectivity check failed | MissingPluginException(No implementation found for method check on channel dev.fluttercommunity.plus/connectivity)
ℹ️  INFO: Service health check completed
   Context: {status: offline, isConnected: false}
ℹ️  INFO: App state initialized successfully
❌ ERROR: Network connectivity check failed | MissingPluginException(No implementation found for method check on channel dev.fluttercommunity.plus/connectivity)
ℹ️  INFO: Service health check completed
   Context: {status: offline, isConnected: false}
ℹ️  INFO: App state initialized successfully
❌ ERROR: Network connectivity check failed | MissingPluginException(No implementation found for method check on channel dev.fluttercommunity.plus/connectivity)
ℹ️  INFO: Service health check completed
   Context: {status: offline, isConnected: false}
ℹ️  INFO: App state initialized successfully
❌ ERROR: Network connectivity check failed | MissingPluginException(No implementation found for method check on channel dev.fluttercommunity.plus/connectivity)
ℹ️  INFO: Service health check completed
   Context: {status: offline, isConnected: false}
ℹ️  INFO: App state initialized successfully
❌ ERROR: Network connectivity check failed | MissingPluginException(No implementation found for method check on channel dev.fluttercommunity.plus/connectivity)
ℹ️  INFO: Service health check completed
   Context: {status: offline, isConnected: false}
ℹ️  INFO: App state initialized successfully
00:05 +362 ~1 -4: C:/Users/zarik/OneDrive/Desktop/TrossApp/frontend/test/e2e/concurrent_operations_test.dart: Concurrent Operations Tests - High Concurrency Scenarios State Consistency Verification Final state is deterministic after 100 concurrent logouts
❌ ERROR: Failed to retrieve stored auth data | MissingPluginException(No implementation found for method read on channel plugins.it_nomads.com/flutter_secure_storage)
ℹ️  INFO: No stored auth data found
ℹ️  INFO: No stored auth data found
ℹ️  INFO: Auth state initialized - no active session
ℹ️  INFO: 🔑 AUTH SERVICE: ========== LOGOUT START (2025-11-11 13:25:24) ==========
   Context: {token: null, strategy: unknown, isAuth0: false, isDevUser: false}
ℹ️  INFO: 🔑 AUTH SERVICE: No token, skipping backend logout
ℹ️  INFO: 🔑 AUTH SERVICE: Unknown auth strategy, clearing state...
ℹ️  INFO: Clearing auth state
ℹ️  INFO: 🔑 AUTH SERVICE: ========== LOGOUT START (2025-11-11 13:25:24) ==========
   Context: {token: null, strategy: unknown, isAuth0: false, isDevUser: false}
ℹ️  INFO: 🔑 AUTH SERVICE: No token, skipping backend logout
ℹ️  INFO: 🔑 AUTH SERVICE: Unknown auth strategy, clearing state...
ℹ️  INFO: Clearing auth state
ℹ️  INFO: 🔑 AUTH SERVICE: ========== LOGOUT START (2025-11-11 13:25:24) ==========
   Context: {token: null, strategy: unknown, isAuth0: false, isDevUser: false}
ℹ️  INFO: 🔑 AUTH SERVICE: No token, skipping backend logout
ℹ️  INFO: 🔑 AUTH SERVICE: Unknown auth strategy, clearing state...
ℹ️  INFO: Clearing auth state
ℹ️  INFO: 🔑 AUTH SERVICE: ========== LOGOUT START (2025-11-11 13:25:24) ==========
   Context: {token: null, strategy: unknown, isAuth0: false, isDevUser: false}
ℹ️  INFO: 🔑 AUTH SERVICE: No token, skipping backend logout
ℹ️  INFO: 🔑 AUTH SERVICE: Unknown auth strategy, clearing state...
ℹ️  INFO: Clearing auth state
ℹ️  INFO: 🔑 AUTH SERVICE: ========== LOGOUT START (2025-11-11 13:25:24) ==========
   Context: {token: null, strategy: unknown, isAuth0: false, isDevUser: false}
ℹ️  INFO: 🔑 AUTH SERVICE: No token, skipping backend logout
ℹ️  INFO: 🔑 AUTH SERVICE: Unknown auth strategy, clearing state...
ℹ️  INFO: Clearing auth state
ℹ️  INFO: 🔑 AUTH SERVICE: ========== LOGOUT START (2025-11-11 13:25:24) ==========
   Context: {token: null, strategy: unknown, isAuth0: false, isDevUser: false}
ℹ️  INFO: 🔑 AUTH SERVICE: No token, skipping backend logout
ℹ️  INFO: 🔑 AUTH SERVICE: Unknown auth strategy, clearing state...
ℹ️  INFO: Clearing auth state
ℹ️  INFO: 🔑 AUTH SERVICE: ========== LOGOUT START (2025-11-11 13:25:24) ==========
   Context: {token: null, strategy: unknown, isAuth0: false, isDevUser: false}
ℹ️  INFO: 🔑 AUTH SERVICE: No token, skipping backend logout
ℹ️  INFO: 🔑 AUTH SERVICE: Unknown auth strategy, clearing state...
ℹ️  INFO: Clearing auth state
ℹ️  INFO: 🔑 AUTH SERVICE: ========== LOGOUT START (2025-11-11 13:25:24) ==========
   Context: {token: null, strategy: unknown, isAuth0: false, isDevUser: false}
ℹ️  INFO: 🔑 AUTH SERVICE: No token, skipping backend logout
ℹ️  INFO: 🔑 AUTH SERVICE: Unknown auth strategy, clearing state...
ℹ️  INFO: Clearing auth state
ℹ️  INFO: 🔑 AUTH SERVICE: ========== LOGOUT START (2025-11-11 13:25:24) ==========
   Context: {token: null, strategy: unknown, isAuth0: false, isDevUser: false}
ℹ️  INFO: 🔑 AUTH SERVICE: No token, skipping backend logout
ℹ️  INFO: 🔑 AUTH SERVICE: Unknown auth strategy, clearing state...
ℹ️  INFO: Clearing auth state
ℹ️  INFO: 🔑 AUTH SERVICE: ========== LOGOUT START (2025-11-11 13:25:24) ==========
   Context: {token: null, strategy: unknown, isAuth0: false, isDevUser: false}
ℹ️  INFO: 🔑 AUTH SERVICE: No token, skipping backend logout
ℹ️  INFO: 🔑 AUTH SERVICE: Unknown auth strategy, clearing state...
ℹ️  INFO: Clearing auth state
ℹ️  INFO: 🔑 AUTH SERVICE: ========== LOGOUT START (2025-11-11 13:25:24) ==========
   Context: {token: null, strategy: unknown, isAuth0: false, isDevUser: false}
ℹ️  INFO: 🔑 AUTH SERVICE: No token, skipping backend logout
ℹ️  INFO: 🔑 AUTH SERVICE: Unknown auth strategy, clearing state...
ℹ️  INFO: Clearing auth state
ℹ️  INFO: 🔑 AUTH SERVICE: ========== LOGOUT START (2025-11-11 13:25:24) ==========
   Context: {token: null, strategy: unknown, isAuth0: false, isDevUser: false}
ℹ️  INFO: 🔑 AUTH SERVICE: No token, skipping backend logout
ℹ️  INFO: 🔑 AUTH SERVICE: Unknown auth strategy, clearing state...
ℹ️  INFO: Clearing auth state
ℹ️  INFO: 🔑 AUTH SERVICE: ========== LOGOUT START (2025-11-11 13:25:24) ==========
   Context: {token: null, strategy: unknown, isAuth0: false, isDevUser: false}
ℹ️  INFO: 🔑 AUTH SERVICE: No token, skipping backend logout
ℹ️  INFO: 🔑 AUTH SERVICE: Unknown auth strategy, clearing state...
ℹ️  INFO: Clearing auth state
ℹ️  INFO: 🔑 AUTH SERVICE: ========== LOGOUT START (2025-11-11 13:25:24) ==========
   Context: {token: null, strategy: unknown, isAuth0: false, isDevUser: false}
ℹ️  INFO: 🔑 AUTH SERVICE: No token, skipping backend logout
ℹ️  INFO: 🔑 AUTH SERVICE: Unknown auth strategy, clearing state...
ℹ️  INFO: Clearing auth state
ℹ️  INFO: 🔑 AUTH SERVICE: ========== LOGOUT START (2025-11-11 13:25:24) ==========
   Context: {token: null, strategy: unknown, isAuth0: false, isDevUser: false}
ℹ️  INFO: 🔑 AUTH SERVICE: No token, skipping backend logout
ℹ️  INFO: 🔑 AUTH SERVICE: Unknown auth strategy, clearing state...
ℹ️  INFO: Clearing auth state
ℹ️  INFO: 🔑 AUTH SERVICE: ========== LOGOUT START (2025-11-11 13:25:24) ==========
   Context: {token: null, strategy: unknown, isAuth0: false, isDevUser: false}
ℹ️  INFO: 🔑 AUTH SERVICE: No token, skipping backend logout
ℹ️  INFO: 🔑 AUTH SERVICE: Unknown auth strategy, clearing state...
ℹ️  INFO: Clearing auth state
ℹ️  INFO: 🔑 AUTH SERVICE: ========== LOGOUT START (2025-11-11 13:25:24) ==========
   Context: {token: null, strategy: unknown, isAuth0: false, isDevUser: false}
ℹ️  INFO: 🔑 AUTH SERVICE: No token, skipping backend logout
ℹ️  INFO: 🔑 AUTH SERVICE: Unknown auth strategy, clearing state...
ℹ️  INFO: Clearing auth state
ℹ️  INFO: 🔑 AUTH SERVICE: ========== LOGOUT START (2025-11-11 13:25:24) ==========
   Context: {token: null, strategy: unknown, isAuth0: false, isDevUser: false}
ℹ️  INFO: 🔑 AUTH SERVICE: No token, skipping backend logout
ℹ️  INFO: 🔑 AUTH SERVICE: Unknown auth strategy, clearing state...
ℹ️  INFO: Clearing auth state
ℹ️  INFO: 🔑 AUTH SERVICE: ========== LOGOUT START (2025-11-11 13:25:24) ==========
   Context: {token: null, strategy: unknown, isAuth0: false, isDevUser: false}
ℹ️  INFO: 🔑 AUTH SERVICE: No token, skipping backend logout
ℹ️  INFO: 🔑 AUTH SERVICE: Unknown auth strategy, clearing state...
ℹ️  INFO: Clearing auth state
ℹ️  INFO: 🔑 AUTH SERVICE: ========== LOGOUT START (2025-11-11 13:25:24) ==========
   Context: {token: null, strategy: unknown, isAuth0: false, isDevUser: false}
ℹ️  INFO: 🔑 AUTH SERVICE: No token, skipping backend logout
ℹ️  INFO: 🔑 AUTH SERVICE: Unknown auth strategy, clearing state...
ℹ️  INFO: Clearing auth state
ℹ️  INFO: 🔑 AUTH SERVICE: ========== LOGOUT START (2025-11-11 13:25:24) ==========
   Context: {token: null, strategy: unknown, isAuth0: false, isDevUser: false}
ℹ️  INFO: 🔑 AUTH SERVICE: No token, skipping backend logout
ℹ️  INFO: 🔑 AUTH SERVICE: Unknown auth strategy, clearing state...
ℹ️  INFO: Clearing auth state
ℹ️  INFO: 🔑 AUTH SERVICE: ========== LOGOUT START (2025-11-11 13:25:24) ==========
   Context: {token: null, strategy: unknown, isAuth0: false, isDevUser: false}
ℹ️  INFO: 🔑 AUTH SERVICE: No token, skipping backend logout
ℹ️  INFO: 🔑 AUTH SERVICE: Unknown auth strategy, clearing state...
ℹ️  INFO: Clearing auth state
ℹ️  INFO: 🔑 AUTH SERVICE: ========== LOGOUT START (2025-11-11 13:25:24) ==========
   Context: {token: null, strategy: unknown, isAuth0: false, isDevUser: false}
ℹ️  INFO: 🔑 AUTH SERVICE: No token, skipping backend logout
ℹ️  INFO: 🔑 AUTH SERVICE: Unknown auth strategy, clearing state...
ℹ️  INFO: Clearing auth state
ℹ️  INFO: 🔑 AUTH SERVICE: ========== LOGOUT START (2025-11-11 13:25:24) ==========
   Context: {token: null, strategy: unknown, isAuth0: false, isDevUser: false}
ℹ️  INFO: 🔑 AUTH SERVICE: No token, skipping backend logout
ℹ️  INFO: 🔑 AUTH SERVICE: Unknown auth strategy, clearing state...
ℹ️  INFO: Clearing auth state
ℹ️  INFO: 🔑 AUTH SERVICE: ========== LOGOUT START (2025-11-11 13:25:24) ==========
   Context: {token: null, strategy: unknown, isAuth0: false, isDevUser: false}
ℹ️  INFO: 🔑 AUTH SERVICE: No token, skipping backend logout
ℹ️  INFO: 🔑 AUTH SERVICE: Unknown auth strategy, clearing state...
ℹ️  INFO: Clearing auth state
ℹ️  INFO: 🔑 AUTH SERVICE: ========== LOGOUT START (2025-11-11 13:25:24) ==========
   Context: {token: null, strategy: unknown, isAuth0: false, isDevUser: false}
ℹ️  INFO: 🔑 AUTH SERVICE: No token, skipping backend logout
ℹ️  INFO: 🔑 AUTH SERVICE: Unknown auth strategy, clearing state...
ℹ️  INFO: Clearing auth state
ℹ️  INFO: 🔑 AUTH SERVICE: ========== LOGOUT START (2025-11-11 13:25:24) ==========
   Context: {token: null, strategy: unknown, isAuth0: false, isDevUser: false}
ℹ️  INFO: 🔑 AUTH SERVICE: No token, skipping backend logout
ℹ️  INFO: 🔑 AUTH SERVICE: Unknown auth strategy, clearing state...
ℹ️  INFO: Clearing auth state
ℹ️  INFO: 🔑 AUTH SERVICE: ========== LOGOUT START (2025-11-11 13:25:24) ==========
   Context: {token: null, strategy: unknown, isAuth0: false, isDevUser: false}
ℹ️  INFO: 🔑 AUTH SERVICE: No token, skipping backend logout
ℹ️  INFO: 🔑 AUTH SERVICE: Unknown auth strategy, clearing state...
ℹ️  INFO: Clearing auth state
ℹ️  INFO: 🔑 AUTH SERVICE: ========== LOGOUT START (2025-11-11 13:25:24) ==========
   Context: {token: null, strategy: unknown, isAuth0: false, isDevUser: false}
ℹ️  INFO: 🔑 AUTH SERVICE: No token, skipping backend logout
ℹ️  INFO: 🔑 AUTH SERVICE: Unknown auth strategy, clearing state...
ℹ️  INFO: Clearing auth state
ℹ️  INFO: 🔑 AUTH SERVICE: ========== LOGOUT START (2025-11-11 13:25:24) ==========
   Context: {token: null, strategy: unknown, isAuth0: false, isDevUser: false}
ℹ️  INFO: 🔑 AUTH SERVICE: No token, skipping backend logout
ℹ️  INFO: 🔑 AUTH SERVICE: Unknown auth strategy, clearing state...
ℹ️  INFO: Clearing auth state
ℹ️  INFO: 🔑 AUTH SERVICE: ========== LOGOUT START (2025-11-11 13:25:24) ==========
   Context: {token: null, strategy: unknown, isAuth0: false, isDevUser: false}
ℹ️  INFO: 🔑 AUTH SERVICE: No token, skipping backend logout
ℹ️  INFO: 🔑 AUTH SERVICE: Unknown auth strategy, clearing state...
ℹ️  INFO: Clearing auth state
ℹ️  INFO: 🔑 AUTH SERVICE: ========== LOGOUT START (2025-11-11 13:25:24) ==========
   Context: {token: null, strategy: unknown, isAuth0: false, isDevUser: false}
ℹ️  INFO: 🔑 AUTH SERVICE: No token, skipping backend logout
ℹ️  INFO: 🔑 AUTH SERVICE: Unknown auth strategy, clearing state...
ℹ️  INFO: Clearing auth state
ℹ️  INFO: 🔑 AUTH SERVICE: ========== LOGOUT START (2025-11-11 13:25:24) ==========
   Context: {token: null, strategy: unknown, isAuth0: false, isDevUser: false}
ℹ️  INFO: 🔑 AUTH SERVICE: No token, skipping backend logout
ℹ️  INFO: 🔑 AUTH SERVICE: Unknown auth strategy, clearing state...
ℹ️  INFO: Clearing auth state
ℹ️  INFO: 🔑 AUTH SERVICE: ========== LOGOUT START (2025-11-11 13:25:24) ==========
   Context: {token: null, strategy: unknown, isAuth0: false, isDevUser: false}
ℹ️  INFO: 🔑 AUTH SERVICE: No token, skipping backend logout
ℹ️  INFO: 🔑 AUTH SERVICE: Unknown auth strategy, clearing state...
ℹ️  INFO: Clearing auth state
ℹ️  INFO: 🔑 AUTH SERVICE: ========== LOGOUT START (2025-11-11 13:25:24) ==========
   Context: {token: null, strategy: unknown, isAuth0: false, isDevUser: false}
ℹ️  INFO: 🔑 AUTH SERVICE: No token, skipping backend logout
ℹ️  INFO: 🔑 AUTH SERVICE: Unknown auth strategy, clearing state...
ℹ️  INFO: Clearing auth state
ℹ️  INFO: 🔑 AUTH SERVICE: ========== LOGOUT START (2025-11-11 13:25:24) ==========
   Context: {token: null, strategy: unknown, isAuth0: false, isDevUser: false}
ℹ️  INFO: 🔑 AUTH SERVICE: No token, skipping backend logout
ℹ️  INFO: 🔑 AUTH SERVICE: Unknown auth strategy, clearing state...
ℹ️  INFO: Clearing auth state
ℹ️  INFO: 🔑 AUTH SERVICE: ========== LOGOUT START (2025-11-11 13:25:24) ==========
   Context: {token: null, strategy: unknown, isAuth0: false, isDevUser: false}
ℹ️  INFO: 🔑 AUTH SERVICE: No token, skipping backend logout
ℹ️  INFO: 🔑 AUTH SERVICE: Unknown auth strategy, clearing state...
ℹ️  INFO: Clearing auth state
ℹ️  INFO: 🔑 AUTH SERVICE: ========== LOGOUT START (2025-11-11 13:25:24) ==========
   Context: {token: null, strategy: unknown, isAuth0: false, isDevUser: false}
ℹ️  INFO: 🔑 AUTH SERVICE: No token, skipping backend logout
ℹ️  INFO: 🔑 AUTH SERVICE: Unknown auth strategy, clearing state...
ℹ️  INFO: Clearing auth state
ℹ️  INFO: 🔑 AUTH SERVICE: ========== LOGOUT START (2025-11-11 13:25:24) ==========
   Context: {token: null, strategy: unknown, isAuth0: false, isDevUser: false}
ℹ️  INFO: 🔑 AUTH SERVICE: No token, skipping backend logout
ℹ️  INFO: 🔑 AUTH SERVICE: Unknown auth strategy, clearing state...
ℹ️  INFO: Clearing auth state
ℹ️  INFO: 🔑 AUTH SERVICE: ========== LOGOUT START (2025-11-11 13:25:24) ==========
   Context: {token: null, strategy: unknown, isAuth0: false, isDevUser: false}
ℹ️  INFO: 🔑 AUTH SERVICE: No token, skipping backend logout
ℹ️  INFO: 🔑 AUTH SERVICE: Unknown auth strategy, clearing state...
ℹ️  INFO: Clearing auth state
ℹ️  INFO: 🔑 AUTH SERVICE: ========== LOGOUT START (2025-11-11 13:25:24) ==========
   Context: {token: null, strategy: unknown, isAuth0: false, isDevUser: false}
ℹ️  INFO: 🔑 AUTH SERVICE: No token, skipping backend logout
ℹ️  INFO: 🔑 AUTH SERVICE: Unknown auth strategy, clearing state...
ℹ️  INFO: Clearing auth state
ℹ️  INFO: 🔑 AUTH SERVICE: ========== LOGOUT START (2025-11-11 13:25:24) ==========
   Context: {token: null, strategy: unknown, isAuth0: false, isDevUser: false}
ℹ️  INFO: 🔑 AUTH SERVICE: No token, skipping backend logout
ℹ️  INFO: 🔑 AUTH SERVICE: Unknown auth strategy, clearing state...
ℹ️  INFO: Clearing auth state
ℹ️  INFO: 🔑 AUTH SERVICE: ========== LOGOUT START (2025-11-11 13:25:24) ==========
   Context: {token: null, strategy: unknown, isAuth0: false, isDevUser: false}
ℹ️  INFO: 🔑 AUTH SERVICE: No token, skipping backend logout
ℹ️  INFO: 🔑 AUTH SERVICE: Unknown auth strategy, clearing state...
ℹ️  INFO: Clearing auth state
ℹ️  INFO: 🔑 AUTH SERVICE: ========== LOGOUT START (2025-11-11 13:25:24) ==========
   Context: {token: null, strategy: unknown, isAuth0: false, isDevUser: false}
ℹ️  INFO: 🔑 AUTH SERVICE: No token, skipping backend logout
ℹ️  INFO: 🔑 AUTH SERVICE: Unknown auth strategy, clearing state...
ℹ️  INFO: Clearing auth state
ℹ️  INFO: 🔑 AUTH SERVICE: ========== LOGOUT START (2025-11-11 13:25:24) ==========
   Context: {token: null, strategy: unknown, isAuth0: false, isDevUser: false}
ℹ️  INFO: 🔑 AUTH SERVICE: No token, skipping backend logout
ℹ️  INFO: 🔑 AUTH SERVICE: Unknown auth strategy, clearing state...
ℹ️  INFO: Clearing auth state
ℹ️  INFO: 🔑 AUTH SERVICE: ========== LOGOUT START (2025-11-11 13:25:24) ==========
   Context: {token: null, strategy: unknown, isAuth0: false, isDevUser: false}
ℹ️  INFO: 🔑 AUTH SERVICE: No token, skipping backend logout
ℹ️  INFO: 🔑 AUTH SERVICE: Unknown auth strategy, clearing state...
ℹ️  INFO: Clearing auth state
ℹ️  INFO: 🔑 AUTH SERVICE: ========== LOGOUT START (2025-11-11 13:25:24) ==========
   Context: {token: null, strategy: unknown, isAuth0: false, isDevUser: false}
ℹ️  INFO: 🔑 AUTH SERVICE: No token, skipping backend logout
ℹ️  INFO: 🔑 AUTH SERVICE: Unknown auth strategy, clearing state...
ℹ️  INFO: Clearing auth state
ℹ️  INFO: 🔑 AUTH SERVICE: ========== LOGOUT START (2025-11-11 13:25:24) ==========
   Context: {token: null, strategy: unknown, isAuth0: false, isDevUser: false}
ℹ️  INFO: 🔑 AUTH SERVICE: No token, skipping backend logout
ℹ️  INFO: 🔑 AUTH SERVICE: Unknown auth strategy, clearing state...
ℹ️  INFO: Clearing auth state
ℹ️  INFO: 🔑 AUTH SERVICE: ========== LOGOUT START (2025-11-11 13:25:24) ==========
   Context: {token: null, strategy: unknown, isAuth0: false, isDevUser: false}
ℹ️  INFO: 🔑 AUTH SERVICE: No token, skipping backend logout
ℹ️  INFO: 🔑 AUTH SERVICE: Unknown auth strategy, clearing state...
ℹ️  INFO: Clearing auth state
ℹ️  INFO: 🔑 AUTH SERVICE: ========== LOGOUT START (2025-11-11 13:25:24) ==========
   Context: {token: null, strategy: unknown, isAuth0: false, isDevUser: false}
ℹ️  INFO: 🔑 AUTH SERVICE: No token, skipping backend logout
ℹ️  INFO: 🔑 AUTH SERVICE: Unknown auth strategy, clearing state...
ℹ️  INFO: Clearing auth state
ℹ️  INFO: 🔑 AUTH SERVICE: ========== LOGOUT START (2025-11-11 13:25:24) ==========
   Context: {token: null, strategy: unknown, isAuth0: false, isDevUser: false}
ℹ️  INFO: 🔑 AUTH SERVICE: No token, skipping backend logout
ℹ️  INFO: 🔑 AUTH SERVICE: Unknown auth strategy, clearing state...
ℹ️  INFO: Clearing auth state
ℹ️  INFO: 🔑 AUTH SERVICE: ========== LOGOUT START (2025-11-11 13:25:24) ==========
   Context: {token: null, strategy: unknown, isAuth0: false, isDevUser: false}
ℹ️  INFO: 🔑 AUTH SERVICE: No token, skipping backend logout
ℹ️  INFO: 🔑 AUTH SERVICE: Unknown auth strategy, clearing state...
ℹ️  INFO: Clearing auth state
ℹ️  INFO: 🔑 AUTH SERVICE: ========== LOGOUT START (2025-11-11 13:25:24) ==========
   Context: {token: null, strategy: unknown, isAuth0: false, isDevUser: false}
ℹ️  INFO: 🔑 AUTH SERVICE: No token, skipping backend logout
ℹ️  INFO: 🔑 AUTH SERVICE: Unknown auth strategy, clearing state...
ℹ️  INFO: Clearing auth state
ℹ️  INFO: 🔑 AUTH SERVICE: ========== LOGOUT START (2025-11-11 13:25:24) ==========
   Context: {token: null, strategy: unknown, isAuth0: false, isDevUser: false}
ℹ️  INFO: 🔑 AUTH SERVICE: No token, skipping backend logout
ℹ️  INFO: 🔑 AUTH SERVICE: Unknown auth strategy, clearing state...
ℹ️  INFO: Clearing auth state
ℹ️  INFO: 🔑 AUTH SERVICE: ========== LOGOUT START (2025-11-11 13:25:24) ==========
   Context: {token: null, strategy: unknown, isAuth0: false, isDevUser: false}
ℹ️  INFO: 🔑 AUTH SERVICE: No token, skipping backend logout
ℹ️  INFO: 🔑 AUTH SERVICE: Unknown auth strategy, clearing state...
ℹ️  INFO: Clearing auth state
ℹ️  INFO: 🔑 AUTH SERVICE: ========== LOGOUT START (2025-11-11 13:25:24) ==========
   Context: {token: null, strategy: unknown, isAuth0: false, isDevUser: false}
ℹ️  INFO: 🔑 AUTH SERVICE: No token, skipping backend logout
ℹ️  INFO: 🔑 AUTH SERVICE: Unknown auth strategy, clearing state...
ℹ️  INFO: Clearing auth state
ℹ️  INFO: 🔑 AUTH SERVICE: ========== LOGOUT START (2025-11-11 13:25:24) ==========
   Context: {token: null, strategy: unknown, isAuth0: false, isDevUser: false}
ℹ️  INFO: 🔑 AUTH SERVICE: No token, skipping backend logout
ℹ️  INFO: 🔑 AUTH SERVICE: Unknown auth strategy, clearing state...
ℹ️  INFO: Clearing auth state
ℹ️  INFO: 🔑 AUTH SERVICE: ========== LOGOUT START (2025-11-11 13:25:24) ==========
   Context: {token: null, strategy: unknown, isAuth0: false, isDevUser: false}
ℹ️  INFO: 🔑 AUTH SERVICE: No token, skipping backend logout
ℹ️  INFO: 🔑 AUTH SERVICE: Unknown auth strategy, clearing state...
ℹ️  INFO: Clearing auth state
ℹ️  INFO: 🔑 AUTH SERVICE: ========== LOGOUT START (2025-11-11 13:25:24) ==========
   Context: {token: null, strategy: unknown, isAuth0: false, isDevUser: false}
ℹ️  INFO: 🔑 AUTH SERVICE: No token, skipping backend logout
ℹ️  INFO: 🔑 AUTH SERVICE: Unknown auth strategy, clearing state...
ℹ️  INFO: Clearing auth state
ℹ️  INFO: 🔑 AUTH SERVICE: ========== LOGOUT START (2025-11-11 13:25:24) ==========
   Context: {token: null, strategy: unknown, isAuth0: false, isDevUser: false}
ℹ️  INFO: 🔑 AUTH SERVICE: No token, skipping backend logout
ℹ️  INFO: 🔑 AUTH SERVICE: Unknown auth strategy, clearing state...
ℹ️  INFO: Clearing auth state
ℹ️  INFO: 🔑 AUTH SERVICE: ========== LOGOUT START (2025-11-11 13:25:24) ==========
   Context: {token: null, strategy: unknown, isAuth0: false, isDevUser: false}
ℹ️  INFO: 🔑 AUTH SERVICE: No token, skipping backend logout
ℹ️  INFO: 🔑 AUTH SERVICE: Unknown auth strategy, clearing state...
ℹ️  INFO: Clearing auth state
ℹ️  INFO: 🔑 AUTH SERVICE: ========== LOGOUT START (2025-11-11 13:25:24) ==========
   Context: {token: null, strategy: unknown, isAuth0: false, isDevUser: false}
ℹ️  INFO: 🔑 AUTH SERVICE: No token, skipping backend logout
ℹ️  INFO: 🔑 AUTH SERVICE: Unknown auth strategy, clearing state...
ℹ️  INFO: Clearing auth state
ℹ️  INFO: 🔑 AUTH SERVICE: ========== LOGOUT START (2025-11-11 13:25:24) ==========
   Context: {token: null, strategy: unknown, isAuth0: false, isDevUser: false}
ℹ️  INFO: 🔑 AUTH SERVICE: No token, skipping backend logout
ℹ️  INFO: 🔑 AUTH SERVICE: Unknown auth strategy, clearing state...
ℹ️  INFO: Clearing auth state
ℹ️  INFO: 🔑 AUTH SERVICE: ========== LOGOUT START (2025-11-11 13:25:24) ==========
   Context: {token: null, strategy: unknown, isAuth0: false, isDevUser: false}
ℹ️  INFO: 🔑 AUTH SERVICE: No token, skipping backend logout
ℹ️  INFO: 🔑 AUTH SERVICE: Unknown auth strategy, clearing state...
ℹ️  INFO: Clearing auth state
ℹ️  INFO: 🔑 AUTH SERVICE: ========== LOGOUT START (2025-11-11 13:25:24) ==========
   Context: {token: null, strategy: unknown, isAuth0: false, isDevUser: false}
ℹ️  INFO: 🔑 AUTH SERVICE: No token, skipping backend logout
ℹ️  INFO: 🔑 AUTH SERVICE: Unknown auth strategy, clearing state...
ℹ️  INFO: Clearing auth state
ℹ️  INFO: 🔑 AUTH SERVICE: ========== LOGOUT START (2025-11-11 13:25:24) ==========
   Context: {token: null, strategy: unknown, isAuth0: false, isDevUser: false}
ℹ️  INFO: 🔑 AUTH SERVICE: No token, skipping backend logout
ℹ️  INFO: 🔑 AUTH SERVICE: Unknown auth strategy, clearing state...
ℹ️  INFO: Clearing auth state
ℹ️  INFO: 🔑 AUTH SERVICE: ========== LOGOUT START (2025-11-11 13:25:24) ==========
   Context: {token: null, strategy: unknown, isAuth0: false, isDevUser: false}
ℹ️  INFO: 🔑 AUTH SERVICE: No token, skipping backend logout
ℹ️  INFO: 🔑 AUTH SERVICE: Unknown auth strategy, clearing state...
ℹ️  INFO: Clearing auth state
ℹ️  INFO: 🔑 AUTH SERVICE: ========== LOGOUT START (2025-11-11 13:25:24) ==========
   Context: {token: null, strategy: unknown, isAuth0: false, isDevUser: false}
ℹ️  INFO: 🔑 AUTH SERVICE: No token, skipping backend logout
ℹ️  INFO: 🔑 AUTH SERVICE: Unknown auth strategy, clearing state...
ℹ️  INFO: Clearing auth state
ℹ️  INFO: 🔑 AUTH SERVICE: ========== LOGOUT START (2025-11-11 13:25:24) ==========
   Context: {token: null, strategy: unknown, isAuth0: false, isDevUser: false}
ℹ️  INFO: 🔑 AUTH SERVICE: No token, skipping backend logout
ℹ️  INFO: 🔑 AUTH SERVICE: Unknown auth strategy, clearing state...
ℹ️  INFO: Clearing auth state
ℹ️  INFO: 🔑 AUTH SERVICE: ========== LOGOUT START (2025-11-11 13:25:24) ==========
   Context: {token: null, strategy: unknown, isAuth0: false, isDevUser: false}
ℹ️  INFO: 🔑 AUTH SERVICE: No token, skipping backend logout
ℹ️  INFO: 🔑 AUTH SERVICE: Unknown auth strategy, clearing state...
ℹ️  INFO: Clearing auth state
ℹ️  INFO: 🔑 AUTH SERVICE: ========== LOGOUT START (2025-11-11 13:25:24) ==========
   Context: {token: null, strategy: unknown, isAuth0: false, isDevUser: false}
ℹ️  INFO: 🔑 AUTH SERVICE: No token, skipping backend logout
ℹ️  INFO: 🔑 AUTH SERVICE: Unknown auth strategy, clearing state...
ℹ️  INFO: Clearing auth state
ℹ️  INFO: 🔑 AUTH SERVICE: ========== LOGOUT START (2025-11-11 13:25:24) ==========
   Context: {token: null, strategy: unknown, isAuth0: false, isDevUser: false}
ℹ️  INFO: 🔑 AUTH SERVICE: No token, skipping backend logout
ℹ️  INFO: 🔑 AUTH SERVICE: Unknown auth strategy, clearing state...
ℹ️  INFO: Clearing auth state
ℹ️  INFO: 🔑 AUTH SERVICE: ========== LOGOUT START (2025-11-11 13:25:24) ==========
   Context: {token: null, strategy: unknown, isAuth0: false, isDevUser: false}
ℹ️  INFO: 🔑 AUTH SERVICE: No token, skipping backend logout
ℹ️  INFO: 🔑 AUTH SERVICE: Unknown auth strategy, clearing state...
ℹ️  INFO: Clearing auth state
ℹ️  INFO: 🔑 AUTH SERVICE: ========== LOGOUT START (2025-11-11 13:25:24) ==========
   Context: {token: null, strategy: unknown, isAuth0: false, isDevUser: false}
ℹ️  INFO: 🔑 AUTH SERVICE: No token, skipping backend logout
ℹ️  INFO: 🔑 AUTH SERVICE: Unknown auth strategy, clearing state...
ℹ️  INFO: Clearing auth state
ℹ️  INFO: 🔑 AUTH SERVICE: ========== LOGOUT START (2025-11-11 13:25:24) ==========
   Context: {token: null, strategy: unknown, isAuth0: false, isDevUser: false}
ℹ️  INFO: 🔑 AUTH SERVICE: No token, skipping backend logout
ℹ️  INFO: 🔑 AUTH SERVICE: Unknown auth strategy, clearing state...
ℹ️  INFO: Clearing auth state
ℹ️  INFO: 🔑 AUTH SERVICE: ========== LOGOUT START (2025-11-11 13:25:24) ==========
   Context: {token: null, strategy: unknown, isAuth0: false, isDevUser: false}
ℹ️  INFO: 🔑 AUTH SERVICE: No token, skipping backend logout
ℹ️  INFO: 🔑 AUTH SERVICE: Unknown auth strategy, clearing state...
ℹ️  INFO: Clearing auth state
ℹ️  INFO: 🔑 AUTH SERVICE: ========== LOGOUT START (2025-11-11 13:25:24) ==========
   Context: {token: null, strategy: unknown, isAuth0: false, isDevUser: false}
ℹ️  INFO: 🔑 AUTH SERVICE: No token, skipping backend logout
ℹ️  INFO: 🔑 AUTH SERVICE: Unknown auth strategy, clearing state...
ℹ️  INFO: Clearing auth state
ℹ️  INFO: 🔑 AUTH SERVICE: ========== LOGOUT START (2025-11-11 13:25:24) ==========
   Context: {token: null, strategy: unknown, isAuth0: false, isDevUser: false}
ℹ️  INFO: 🔑 AUTH SERVICE: No token, skipping backend logout
ℹ️  INFO: 🔑 AUTH SERVICE: Unknown auth strategy, clearing state...
ℹ️  INFO: Clearing auth state
ℹ️  INFO: 🔑 AUTH SERVICE: ========== LOGOUT START (2025-11-11 13:25:24) ==========
   Context: {token: null, strategy: unknown, isAuth0: false, isDevUser: false}
ℹ️  INFO: 🔑 AUTH SERVICE: No token, skipping backend logout
ℹ️  INFO: 🔑 AUTH SERVICE: Unknown auth strategy, clearing state...
ℹ️  INFO: Clearing auth state
ℹ️  INFO: 🔑 AUTH SERVICE: ========== LOGOUT START (2025-11-11 13:25:24) ==========
   Context: {token: null, strategy: unknown, isAuth0: false, isDevUser: false}
ℹ️  INFO: 🔑 AUTH SERVICE: No token, skipping backend logout
ℹ️  INFO: 🔑 AUTH SERVICE: Unknown auth strategy, clearing state...
ℹ️  INFO: Clearing auth state
ℹ️  INFO: 🔑 AUTH SERVICE: ========== LOGOUT START (2025-11-11 13:25:24) ==========
   Context: {token: null, strategy: unknown, isAuth0: false, isDevUser: false}
ℹ️  INFO: 🔑 AUTH SERVICE: No token, skipping backend logout
ℹ️  INFO: 🔑 AUTH SERVICE: Unknown auth strategy, clearing state...
ℹ️  INFO: Clearing auth state
ℹ️  INFO: 🔑 AUTH SERVICE: ========== LOGOUT START (2025-11-11 13:25:24) ==========
   Context: {token: null, strategy: unknown, isAuth0: false, isDevUser: false}
ℹ️  INFO: 🔑 AUTH SERVICE: No token, skipping backend logout
ℹ️  INFO: 🔑 AUTH SERVICE: Unknown auth strategy, clearing state...
ℹ️  INFO: Clearing auth state
ℹ️  INFO: 🔑 AUTH SERVICE: ========== LOGOUT START (2025-11-11 13:25:24) ==========
   Context: {token: null, strategy: unknown, isAuth0: false, isDevUser: false}
ℹ️  INFO: 🔑 AUTH SERVICE: No token, skipping backend logout
ℹ️  INFO: 🔑 AUTH SERVICE: Unknown auth strategy, clearing state...
ℹ️  INFO: Clearing auth state
ℹ️  INFO: 🔑 AUTH SERVICE: ========== LOGOUT START (2025-11-11 13:25:24) ==========
   Context: {token: null, strategy: unknown, isAuth0: false, isDevUser: false}
ℹ️  INFO: 🔑 AUTH SERVICE: No token, skipping backend logout
ℹ️  INFO: 🔑 AUTH SERVICE: Unknown auth strategy, clearing state...
ℹ️  INFO: Clearing auth state
ℹ️  INFO: 🔑 AUTH SERVICE: ========== LOGOUT START (2025-11-11 13:25:24) ==========
   Context: {token: null, strategy: unknown, isAuth0: false, isDevUser: false}
ℹ️  INFO: 🔑 AUTH SERVICE: No token, skipping backend logout
ℹ️  INFO: 🔑 AUTH SERVICE: Unknown auth strategy, clearing state...
ℹ️  INFO: Clearing auth state
ℹ️  INFO: 🔑 AUTH SERVICE: ========== LOGOUT START (2025-11-11 13:25:24) ==========
   Context: {token: null, strategy: unknown, isAuth0: false, isDevUser: false}
ℹ️  INFO: 🔑 AUTH SERVICE: No token, skipping backend logout
ℹ️  INFO: 🔑 AUTH SERVICE: Unknown auth strategy, clearing state...
ℹ️  INFO: Clearing auth state
ℹ️  INFO: 🔑 AUTH SERVICE: ========== LOGOUT START (2025-11-11 13:25:24) ==========
   Context: {token: null, strategy: unknown, isAuth0: false, isDevUser: false}
ℹ️  INFO: 🔑 AUTH SERVICE: No token, skipping backend logout
ℹ️  INFO: 🔑 AUTH SERVICE: Unknown auth strategy, clearing state...
ℹ️  INFO: Clearing auth state
ℹ️  INFO: 🔑 AUTH SERVICE: ========== LOGOUT START (2025-11-11 13:25:24) ==========
   Context: {token: null, strategy: unknown, isAuth0: false, isDevUser: false}
ℹ️  INFO: 🔑 AUTH SERVICE: No token, skipping backend logout
ℹ️  INFO: 🔑 AUTH SERVICE: Unknown auth strategy, clearing state...
ℹ️  INFO: Clearing auth state
ℹ️  INFO: 🔑 AUTH SERVICE: ========== LOGOUT START (2025-11-11 13:25:24) ==========
   Context: {token: null, strategy: unknown, isAuth0: false, isDevUser: false}
ℹ️  INFO: 🔑 AUTH SERVICE: No token, skipping backend logout
ℹ️  INFO: 🔑 AUTH SERVICE: Unknown auth strategy, clearing state...
ℹ️  INFO: Clearing auth state
ℹ️  INFO: 🔑 AUTH SERVICE: ========== LOGOUT START (2025-11-11 13:25:24) ==========
   Context: {token: null, strategy: unknown, isAuth0: false, isDevUser: false}
ℹ️  INFO: 🔑 AUTH SERVICE: No token, skipping backend logout
ℹ️  INFO: 🔑 AUTH SERVICE: Unknown auth strategy, clearing state...
ℹ️  INFO: Clearing auth state
ℹ️  INFO: 🔑 AUTH SERVICE: ========== LOGOUT START (2025-11-11 13:25:24) ==========
   Context: {token: null, strategy: unknown, isAuth0: false, isDevUser: false}
ℹ️  INFO: 🔑 AUTH SERVICE: No token, skipping backend logout
ℹ️  INFO: 🔑 AUTH SERVICE: Unknown auth strategy, clearing state...
ℹ️  INFO: Clearing auth state
ℹ️  INFO: 🔑 AUTH SERVICE: ========== LOGOUT START (2025-11-11 13:25:24) ==========
   Context: {token: null, strategy: unknown, isAuth0: false, isDevUser: false}
ℹ️  INFO: 🔑 AUTH SERVICE: No token, skipping backend logout
ℹ️  INFO: 🔑 AUTH SERVICE: Unknown auth strategy, clearing state...
ℹ️  INFO: Clearing auth state
ℹ️  INFO: 🔑 AUTH SERVICE: ========== LOGOUT START (2025-11-11 13:25:24) ==========
   Context: {token: null, strategy: unknown, isAuth0: false, isDevUser: false}
ℹ️  INFO: 🔑 AUTH SERVICE: No token, skipping backend logout
ℹ️  INFO: 🔑 AUTH SERVICE: Unknown auth strategy, clearing state...
ℹ️  INFO: Clearing auth state
ℹ️  INFO: 🔑 AUTH SERVICE: ========== LOGOUT START (2025-11-11 13:25:24) ==========
   Context: {token: null, strategy: unknown, isAuth0: false, isDevUser: false}
ℹ️  INFO: 🔑 AUTH SERVICE: No token, skipping backend logout
ℹ️  INFO: 🔑 AUTH SERVICE: Unknown auth strategy, clearing state...
ℹ️  INFO: Clearing auth state
ℹ️  INFO: 🔑 AUTH SERVICE: ========== LOGOUT START (2025-11-11 13:25:24) ==========
   Context: {token: null, strategy: unknown, isAuth0: false, isDevUser: false}
ℹ️  INFO: 🔑 AUTH SERVICE: No token, skipping backend logout
ℹ️  INFO: 🔑 AUTH SERVICE: Unknown auth strategy, clearing state...
ℹ️  INFO: Clearing auth state
ℹ️  INFO: 🔑 AUTH SERVICE: ========== LOGOUT START (2025-11-11 13:25:24) ==========
   Context: {token: null, strategy: unknown, isAuth0: false, isDevUser: false}
ℹ️  INFO: 🔑 AUTH SERVICE: No token, skipping backend logout
ℹ️  INFO: 🔑 AUTH SERVICE: Unknown auth strategy, clearing state...
ℹ️  INFO: Clearing auth state
ℹ️  INFO: 🔑 AUTH SERVICE: ========== LOGOUT START (2025-11-11 13:25:24) ==========
   Context: {token: null, strategy: unknown, isAuth0: false, isDevUser: false}
ℹ️  INFO: 🔑 AUTH SERVICE: No token, skipping backend logout
ℹ️  INFO: 🔑 AUTH SERVICE: Unknown auth strategy, clearing state...
ℹ️  INFO: Clearing auth state
ℹ️  INFO: 🔑 AUTH SERVICE: ========== LOGOUT START (2025-11-11 13:25:24) ==========
   Context: {token: null, strategy: unknown, isAuth0: false, isDevUser: false}
ℹ️  INFO: 🔑 AUTH SERVICE: No token, skipping backend logout
ℹ️  INFO: 🔑 AUTH SERVICE: Unknown auth strategy, clearing state...
ℹ️  INFO: Clearing auth state
ℹ️  INFO: 🔑 AUTH SERVICE: ========== LOGOUT START (2025-11-11 13:25:24) ==========
   Context: {token: null, strategy: unknown, isAuth0: false, isDevUser: false}
ℹ️  INFO: 🔑 AUTH SERVICE: No token, skipping backend logout
ℹ️  INFO: 🔑 AUTH SERVICE: Unknown auth strategy, clearing state...
ℹ️  INFO: Clearing auth state
ℹ️  INFO: 🔑 AUTH SERVICE: ========== LOGOUT START (2025-11-11 13:25:24) ==========
   Context: {token: null, strategy: unknown, isAuth0: false, isDevUser: false}
ℹ️  INFO: 🔑 AUTH SERVICE: No token, skipping backend logout
ℹ️  INFO: 🔑 AUTH SERVICE: Unknown auth strategy, clearing state...
ℹ️  INFO: Clearing auth state
❌ ERROR: Failed to clear auth data | MissingPluginException(No implementation found for method delete on channel plugins.it_nomads.com/flutter_secure_storage)
ℹ️  INFO: Auth data cleared
ℹ️  INFO: Auth state cleared
ℹ️  INFO: 🔑 AUTH SERVICE: ========== LOGOUT END (total: 20ms) ==========
❌ ERROR: Failed to clear auth data | MissingPluginException(No implementation found for method delete on channel plugins.it_nomads.com/flutter_secure_storage)
ℹ️  INFO: Auth data cleared
ℹ️  INFO: Auth state cleared
ℹ️  INFO: 🔑 AUTH SERVICE: ========== LOGOUT END (total: 20ms) ==========
❌ ERROR: Failed to clear auth data | MissingPluginException(No implementation found for method delete on channel plugins.it_nomads.com/flutter_secure_storage)
ℹ️  INFO: Auth data cleared
ℹ️  INFO: Auth state cleared
ℹ️  INFO: 🔑 AUTH SERVICE: ========== LOGOUT END (total: 19ms) ==========
❌ ERROR: Failed to clear auth data | MissingPluginException(No implementation found for method delete on channel plugins.it_nomads.com/flutter_secure_storage)
ℹ️  INFO: Auth data cleared
ℹ️  INFO: Auth state cleared
ℹ️  INFO: 🔑 AUTH SERVICE: ========== LOGOUT END (total: 19ms) ==========
❌ ERROR: Failed to clear auth data | MissingPluginException(No implementation found for method delete on channel plugins.it_nomads.com/flutter_secure_storage)
ℹ️  INFO: Auth data cleared
ℹ️  INFO: Auth state cleared
ℹ️  INFO: 🔑 AUTH SERVICE: ========== LOGOUT END (total: 19ms) ==========
❌ ERROR: Failed to clear auth data | MissingPluginException(No implementation found for method delete on channel plugins.it_nomads.com/flutter_secure_storage)
ℹ️  INFO: Auth data cleared
ℹ️  INFO: Auth state cleared
ℹ️  INFO: 🔑 AUTH SERVICE: ========== LOGOUT END (total: 19ms) ==========
❌ ERROR: Failed to clear auth data | MissingPluginException(No implementation found for method delete on channel plugins.it_nomads.com/flutter_secure_storage)
ℹ️  INFO: Auth data cleared
ℹ️  INFO: Auth state cleared
ℹ️  INFO: 🔑 AUTH SERVICE: ========== LOGOUT END (total: 20ms) ==========
❌ ERROR: Failed to clear auth data | MissingPluginException(No implementation found for method delete on channel plugins.it_nomads.com/flutter_secure_storage)
ℹ️  INFO: Auth data cleared
ℹ️  INFO: Auth state cleared
ℹ️  INFO: 🔑 AUTH SERVICE: ========== LOGOUT END (total: 19ms) ==========
❌ ERROR: Failed to clear auth data | MissingPluginException(No implementation found for method delete on channel plugins.it_nomads.com/flutter_secure_storage)
ℹ️  INFO: Auth data cleared
ℹ️  INFO: Auth state cleared
ℹ️  INFO: 🔑 AUTH SERVICE: ========== LOGOUT END (total: 19ms) ==========
❌ ERROR: Failed to clear auth data | MissingPluginException(No implementation found for method delete on channel plugins.it_nomads.com/flutter_secure_storage)
ℹ️  INFO: Auth data cleared
ℹ️  INFO: Auth state cleared
ℹ️  INFO: 🔑 AUTH SERVICE: ========== LOGOUT END (total: 19ms) ==========
❌ ERROR: Failed to clear auth data | MissingPluginException(No implementation found for method delete on channel plugins.it_nomads.com/flutter_secure_storage)
ℹ️  INFO: Auth data cleared
ℹ️  INFO: Auth state cleared
ℹ️  INFO: 🔑 AUTH SERVICE: ========== LOGOUT END (total: 19ms) ==========
❌ ERROR: Failed to clear auth data | MissingPluginException(No implementation found for method delete on channel plugins.it_nomads.com/flutter_secure_storage)
ℹ️  INFO: Auth data cleared
ℹ️  INFO: Auth state cleared
ℹ️  INFO: 🔑 AUTH SERVICE: ========== LOGOUT END (total: 19ms) ==========
❌ ERROR: Failed to clear auth data | MissingPluginException(No implementation found for method delete on channel plugins.it_nomads.com/flutter_secure_storage)
ℹ️  INFO: Auth data cleared
ℹ️  INFO: Auth state cleared
ℹ️  INFO: 🔑 AUTH SERVICE: ========== LOGOUT END (total: 19ms) ==========
❌ ERROR: Failed to clear auth data | MissingPluginException(No implementation found for method delete on channel plugins.it_nomads.com/flutter_secure_storage)
ℹ️  INFO: Auth data cleared
ℹ️  INFO: Auth state cleared
ℹ️  INFO: 🔑 AUTH SERVICE: ========== LOGOUT END (total: 19ms) ==========
❌ ERROR: Failed to clear auth data | MissingPluginException(No implementation found for method delete on channel plugins.it_nomads.com/flutter_secure_storage)
ℹ️  INFO: Auth data cleared
ℹ️  INFO: Auth state cleared
ℹ️  INFO: 🔑 AUTH SERVICE: ========== LOGOUT END (total: 19ms) ==========
❌ ERROR: Failed to clear auth data | MissingPluginException(No implementation found for method delete on channel plugins.it_nomads.com/flutter_secure_storage)
ℹ️  INFO: Auth data cleared
ℹ️  INFO: Auth state cleared
ℹ️  INFO: 🔑 AUTH SERVICE: ========== LOGOUT END (total: 19ms) ==========
❌ ERROR: Failed to clear auth data | MissingPluginException(No implementation found for method delete on channel plugins.it_nomads.com/flutter_secure_storage)
ℹ️  INFO: Auth data cleared
ℹ️  INFO: Auth state cleared
ℹ️  INFO: 🔑 AUTH SERVICE: ========== LOGOUT END (total: 19ms) ==========
❌ ERROR: Failed to clear auth data | MissingPluginException(No implementation found for method delete on channel plugins.it_nomads.com/flutter_secure_storage)
ℹ️  INFO: Auth data cleared
ℹ️  INFO: Auth state cleared
ℹ️  INFO: 🔑 AUTH SERVICE: ========== LOGOUT END (total: 19ms) ==========
❌ ERROR: Failed to clear auth data | MissingPluginException(No implementation found for method delete on channel plugins.it_nomads.com/flutter_secure_storage)
ℹ️  INFO: Auth data cleared
ℹ️  INFO: Auth state cleared
ℹ️  INFO: 🔑 AUTH SERVICE: ========== LOGOUT END (total: 17ms) ==========
❌ ERROR: Failed to clear auth data | MissingPluginException(No implementation found for method delete on channel plugins.it_nomads.com/flutter_secure_storage)
ℹ️  INFO: Auth data cleared
ℹ️  INFO: Auth state cleared
ℹ️  INFO: 🔑 AUTH SERVICE: ========== LOGOUT END (total: 17ms) ==========
❌ ERROR: Failed to clear auth data | MissingPluginException(No implementation found for method delete on channel plugins.it_nomads.com/flutter_secure_storage)
ℹ️  INFO: Auth data cleared
ℹ️  INFO: Auth state cleared
ℹ️  INFO: 🔑 AUTH SERVICE: ========== LOGOUT END (total: 17ms) ==========
❌ ERROR: Failed to clear auth data | MissingPluginException(No implementation found for method delete on channel plugins.it_nomads.com/flutter_secure_storage)
ℹ️  INFO: Auth data cleared
ℹ️  INFO: Auth state cleared
ℹ️  INFO: 🔑 AUTH SERVICE: ========== LOGOUT END (total: 17ms) ==========
❌ ERROR: Failed to clear auth data | MissingPluginException(No implementation found for method delete on channel plugins.it_nomads.com/flutter_secure_storage)
ℹ️  INFO: Auth data cleared
ℹ️  INFO: Auth state cleared
ℹ️  INFO: 🔑 AUTH SERVICE: ========== LOGOUT END (total: 17ms) ==========
❌ ERROR: Failed to clear auth data | MissingPluginException(No implementation found for method delete on channel plugins.it_nomads.com/flutter_secure_storage)
ℹ️  INFO: Auth data cleared
ℹ️  INFO: Auth state cleared
ℹ️  INFO: 🔑 AUTH SERVICE: ========== LOGOUT END (total: 18ms) ==========
❌ ERROR: Failed to clear auth data | MissingPluginException(No implementation found for method delete on channel plugins.it_nomads.com/flutter_secure_storage)
ℹ️  INFO: Auth data cleared
ℹ️  INFO: Auth state cleared
ℹ️  INFO: 🔑 AUTH SERVICE: ========== LOGOUT END (total: 18ms) ==========
❌ ERROR: Failed to clear auth data | MissingPluginException(No implementation found for method delete on channel plugins.it_nomads.com/flutter_secure_storage)
ℹ️  INFO: Auth data cleared
ℹ️  INFO: Auth state cleared
ℹ️  INFO: 🔑 AUTH SERVICE: ========== LOGOUT END (total: 18ms) ==========
❌ ERROR: Failed to clear auth data | MissingPluginException(No implementation found for method delete on channel plugins.it_nomads.com/flutter_secure_storage)
ℹ️  INFO: Auth data cleared
ℹ️  INFO: Auth state cleared
ℹ️  INFO: 🔑 AUTH SERVICE: ========== LOGOUT END (total: 18ms) ==========
❌ ERROR: Failed to clear auth data | MissingPluginException(No implementation found for method delete on channel plugins.it_nomads.com/flutter_secure_storage)
ℹ️  INFO: Auth data cleared
ℹ️  INFO: Auth state cleared
ℹ️  INFO: 🔑 AUTH SERVICE: ========== LOGOUT END (total: 18ms) ==========
❌ ERROR: Failed to clear auth data | MissingPluginException(No implementation found for method delete on channel plugins.it_nomads.com/flutter_secure_storage)
ℹ️  INFO: Auth data cleared
ℹ️  INFO: Auth state cleared
ℹ️  INFO: 🔑 AUTH SERVICE: ========== LOGOUT END (total: 18ms) ==========
❌ ERROR: Failed to clear auth data | MissingPluginException(No implementation found for method delete on channel plugins.it_nomads.com/flutter_secure_storage)
ℹ️  INFO: Auth data cleared
ℹ️  INFO: Auth state cleared
ℹ️  INFO: 🔑 AUTH SERVICE: ========== LOGOUT END (total: 18ms) ==========
❌ ERROR: Failed to clear auth data | MissingPluginException(No implementation found for method delete on channel plugins.it_nomads.com/flutter_secure_storage)
ℹ️  INFO: Auth data cleared
ℹ️  INFO: Auth state cleared
ℹ️  INFO: 🔑 AUTH SERVICE: ========== LOGOUT END (total: 18ms) ==========
❌ ERROR: Failed to clear auth data | MissingPluginException(No implementation found for method delete on channel plugins.it_nomads.com/flutter_secure_storage)
ℹ️  INFO: Auth data cleared
ℹ️  INFO: Auth state cleared
ℹ️  INFO: 🔑 AUTH SERVICE: ========== LOGOUT END (total: 17ms) ==========
❌ ERROR: Failed to clear auth data | MissingPluginException(No implementation found for method delete on channel plugins.it_nomads.com/flutter_secure_storage)
ℹ️  INFO: Auth data cleared
ℹ️  INFO: Auth state cleared
ℹ️  INFO: 🔑 AUTH SERVICE: ========== LOGOUT END (total: 17ms) ==========
❌ ERROR: Failed to clear auth data | MissingPluginException(No implementation found for method delete on channel plugins.it_nomads.com/flutter_secure_storage)
ℹ️  INFO: Auth data cleared
ℹ️  INFO: Auth state cleared
ℹ️  INFO: 🔑 AUTH SERVICE: ========== LOGOUT END (total: 17ms) ==========
❌ ERROR: Failed to clear auth data | MissingPluginException(No implementation found for method delete on channel plugins.it_nomads.com/flutter_secure_storage)
ℹ️  INFO: Auth data cleared
ℹ️  INFO: Auth state cleared
ℹ️  INFO: 🔑 AUTH SERVICE: ========== LOGOUT END (total: 17ms) ==========
❌ ERROR: Failed to clear auth data | MissingPluginException(No implementation found for method delete on channel plugins.it_nomads.com/flutter_secure_storage)
ℹ️  INFO: Auth data cleared
ℹ️  INFO: Auth state cleared
ℹ️  INFO: 🔑 AUTH SERVICE: ========== LOGOUT END (total: 17ms) ==========
❌ ERROR: Failed to clear auth data | MissingPluginException(No implementation found for method delete on channel plugins.it_nomads.com/flutter_secure_storage)
ℹ️  INFO: Auth data cleared
ℹ️  INFO: Auth state cleared
ℹ️  INFO: 🔑 AUTH SERVICE: ========== LOGOUT END (total: 17ms) ==========
❌ ERROR: Failed to clear auth data | MissingPluginException(No implementation found for method delete on channel plugins.it_nomads.com/flutter_secure_storage)
ℹ️  INFO: Auth data cleared
ℹ️  INFO: Auth state cleared
ℹ️  INFO: 🔑 AUTH SERVICE: ========== LOGOUT END (total: 17ms) ==========
❌ ERROR: Failed to clear auth data | MissingPluginException(No implementation found for method delete on channel plugins.it_nomads.com/flutter_secure_storage)
ℹ️  INFO: Auth data cleared
ℹ️  INFO: Auth state cleared
ℹ️  INFO: 🔑 AUTH SERVICE: ========== LOGOUT END (total: 18ms) ==========
❌ ERROR: Failed to clear auth data | MissingPluginException(No implementation found for method delete on channel plugins.it_nomads.com/flutter_secure_storage)
ℹ️  INFO: Auth data cleared
ℹ️  INFO: Auth state cleared
ℹ️  INFO: 🔑 AUTH SERVICE: ========== LOGOUT END (total: 17ms) ==========
❌ ERROR: Failed to clear auth data | MissingPluginException(No implementation found for method delete on channel plugins.it_nomads.com/flutter_secure_storage)
ℹ️  INFO: Auth data cleared
ℹ️  INFO: Auth state cleared
ℹ️  INFO: 🔑 AUTH SERVICE: ========== LOGOUT END (total: 17ms) ==========
❌ ERROR: Failed to clear auth data | MissingPluginException(No implementation found for method delete on channel plugins.it_nomads.com/flutter_secure_storage)
ℹ️  INFO: Auth data cleared
ℹ️  INFO: Auth state cleared
ℹ️  INFO: 🔑 AUTH SERVICE: ========== LOGOUT END (total: 16ms) ==========
❌ ERROR: Failed to clear auth data | MissingPluginException(No implementation found for method delete on channel plugins.it_nomads.com/flutter_secure_storage)
ℹ️  INFO: Auth data cleared
ℹ️  INFO: Auth state cleared
ℹ️  INFO: 🔑 AUTH SERVICE: ========== LOGOUT END (total: 16ms) ==========
❌ ERROR: Failed to clear auth data | MissingPluginException(No implementation found for method delete on channel plugins.it_nomads.com/flutter_secure_storage)
ℹ️  INFO: Auth data cleared
ℹ️  INFO: Auth state cleared
ℹ️  INFO: 🔑 AUTH SERVICE: ========== LOGOUT END (total: 16ms) ==========
❌ ERROR: Failed to clear auth data | MissingPluginException(No implementation found for method delete on channel plugins.it_nomads.com/flutter_secure_storage)
ℹ️  INFO: Auth data cleared
ℹ️  INFO: Auth state cleared
ℹ️  INFO: 🔑 AUTH SERVICE: ========== LOGOUT END (total: 16ms) ==========
❌ ERROR: Failed to clear auth data | MissingPluginException(No implementation found for method delete on channel plugins.it_nomads.com/flutter_secure_storage)
ℹ️  INFO: Auth data cleared
ℹ️  INFO: Auth state cleared
ℹ️  INFO: 🔑 AUTH SERVICE: ========== LOGOUT END (total: 16ms) ==========
❌ ERROR: Failed to clear auth data | MissingPluginException(No implementation found for method delete on channel plugins.it_nomads.com/flutter_secure_storage)
ℹ️  INFO: Auth data cleared
ℹ️  INFO: Auth state cleared
ℹ️  INFO: 🔑 AUTH SERVICE: ========== LOGOUT END (total: 16ms) ==========
❌ ERROR: Failed to clear auth data | MissingPluginException(No implementation found for method delete on channel plugins.it_nomads.com/flutter_secure_storage)
ℹ️  INFO: Auth data cleared
ℹ️  INFO: Auth state cleared
ℹ️  INFO: 🔑 AUTH SERVICE: ========== LOGOUT END (total: 16ms) ==========
❌ ERROR: Failed to clear auth data | MissingPluginException(No implementation found for method delete on channel plugins.it_nomads.com/flutter_secure_storage)
ℹ️  INFO: Auth data cleared
ℹ️  INFO: Auth state cleared
ℹ️  INFO: 🔑 AUTH SERVICE: ========== LOGOUT END (total: 16ms) ==========
❌ ERROR: Failed to clear auth data | MissingPluginException(No implementation found for method delete on channel plugins.it_nomads.com/flutter_secure_storage)
ℹ️  INFO: Auth data cleared
ℹ️  INFO: Auth state cleared
ℹ️  INFO: 🔑 AUTH SERVICE: ========== LOGOUT END (total: 16ms) ==========
❌ ERROR: Failed to clear auth data | MissingPluginException(No implementation found for method delete on channel plugins.it_nomads.com/flutter_secure_storage)
ℹ️  INFO: Auth data cleared
ℹ️  INFO: Auth state cleared
ℹ️  INFO: 🔑 AUTH SERVICE: ========== LOGOUT END (total: 16ms) ==========
❌ ERROR: Failed to clear auth data | MissingPluginException(No implementation found for method delete on channel plugins.it_nomads.com/flutter_secure_storage)
ℹ️  INFO: Auth data cleared
ℹ️  INFO: Auth state cleared
ℹ️  INFO: 🔑 AUTH SERVICE: ========== LOGOUT END (total: 15ms) ==========
❌ ERROR: Failed to clear auth data | MissingPluginException(No implementation found for method delete on channel plugins.it_nomads.com/flutter_secure_storage)
ℹ️  INFO: Auth data cleared
ℹ️  INFO: Auth state cleared
ℹ️  INFO: 🔑 AUTH SERVICE: ========== LOGOUT END (total: 15ms) ==========
❌ ERROR: Failed to clear auth data | MissingPluginException(No implementation found for method delete on channel plugins.it_nomads.com/flutter_secure_storage)
ℹ️  INFO: Auth data cleared
ℹ️  INFO: Auth state cleared
ℹ️  INFO: 🔑 AUTH SERVICE: ========== LOGOUT END (total: 16ms) ==========
❌ ERROR: Failed to clear auth data | MissingPluginException(No implementation found for method delete on channel plugins.it_nomads.com/flutter_secure_storage)
ℹ️  INFO: Auth data cleared
ℹ️  INFO: Auth state cleared
ℹ️  INFO: 🔑 AUTH SERVICE: ========== LOGOUT END (total: 16ms) ==========
❌ ERROR: Failed to clear auth data | MissingPluginException(No implementation found for method delete on channel plugins.it_nomads.com/flutter_secure_storage)
ℹ️  INFO: Auth data cleared
ℹ️  INFO: Auth state cleared
ℹ️  INFO: 🔑 AUTH SERVICE: ========== LOGOUT END (total: 16ms) ==========
❌ ERROR: Failed to clear auth data | MissingPluginException(No implementation found for method delete on channel plugins.it_nomads.com/flutter_secure_storage)
ℹ️  INFO: Auth data cleared
ℹ️  INFO: Auth state cleared
ℹ️  INFO: 🔑 AUTH SERVICE: ========== LOGOUT END (total: 15ms) ==========
❌ ERROR: Failed to clear auth data | MissingPluginException(No implementation found for method delete on channel plugins.it_nomads.com/flutter_secure_storage)
ℹ️  INFO: Auth data cleared
ℹ️  INFO: Auth state cleared
ℹ️  INFO: 🔑 AUTH SERVICE: ========== LOGOUT END (total: 15ms) ==========
❌ ERROR: Failed to clear auth data | MissingPluginException(No implementation found for method delete on channel plugins.it_nomads.com/flutter_secure_storage)
ℹ️  INFO: Auth data cleared
ℹ️  INFO: Auth state cleared
ℹ️  INFO: 🔑 AUTH SERVICE: ========== LOGOUT END (total: 15ms) ==========
❌ ERROR: Failed to clear auth data | MissingPluginException(No implementation found for method delete on channel plugins.it_nomads.com/flutter_secure_storage)
ℹ️  INFO: Auth data cleared
ℹ️  INFO: Auth state cleared
ℹ️  INFO: 🔑 AUTH SERVICE: ========== LOGOUT END (total: 15ms) ==========
❌ ERROR: Failed to clear auth data | MissingPluginException(No implementation found for method delete on channel plugins.it_nomads.com/flutter_secure_storage)
ℹ️  INFO: Auth data cleared
ℹ️  INFO: Auth state cleared
ℹ️  INFO: 🔑 AUTH SERVICE: ========== LOGOUT END (total: 15ms) ==========
❌ ERROR: Failed to clear auth data | MissingPluginException(No implementation found for method delete on channel plugins.it_nomads.com/flutter_secure_storage)
ℹ️  INFO: Auth data cleared
ℹ️  INFO: Auth state cleared
ℹ️  INFO: 🔑 AUTH SERVICE: ========== LOGOUT END (total: 14ms) ==========
❌ ERROR: Failed to clear auth data | MissingPluginException(No implementation found for method delete on channel plugins.it_nomads.com/flutter_secure_storage)
ℹ️  INFO: Auth data cleared
ℹ️  INFO: Auth state cleared
ℹ️  INFO: 🔑 AUTH SERVICE: ========== LOGOUT END (total: 14ms) ==========
❌ ERROR: Failed to clear auth data | MissingPluginException(No implementation found for method delete on channel plugins.it_nomads.com/flutter_secure_storage)
ℹ️  INFO: Auth data cleared
ℹ️  INFO: Auth state cleared
ℹ️  INFO: 🔑 AUTH SERVICE: ========== LOGOUT END (total: 14ms) ==========
❌ ERROR: Failed to clear auth data | MissingPluginException(No implementation found for method delete on channel plugins.it_nomads.com/flutter_secure_storage)
ℹ️  INFO: Auth data cleared
ℹ️  INFO: Auth state cleared
ℹ️  INFO: 🔑 AUTH SERVICE: ========== LOGOUT END (total: 15ms) ==========
❌ ERROR: Failed to clear auth data | MissingPluginException(No implementation found for method delete on channel plugins.it_nomads.com/flutter_secure_storage)
ℹ️  INFO: Auth data cleared
ℹ️  INFO: Auth state cleared
ℹ️  INFO: 🔑 AUTH SERVICE: ========== LOGOUT END (total: 15ms) ==========
❌ ERROR: Failed to clear auth data | MissingPluginException(No implementation found for method delete on channel plugins.it_nomads.com/flutter_secure_storage)
ℹ️  INFO: Auth data cleared
ℹ️  INFO: Auth state cleared
ℹ️  INFO: 🔑 AUTH SERVICE: ========== LOGOUT END (total: 15ms) ==========
❌ ERROR: Failed to clear auth data | MissingPluginException(No implementation found for method delete on channel plugins.it_nomads.com/flutter_secure_storage)
ℹ️  INFO: Auth data cleared
ℹ️  INFO: Auth state cleared
ℹ️  INFO: 🔑 AUTH SERVICE: ========== LOGOUT END (total: 15ms) ==========
❌ ERROR: Failed to clear auth data | MissingPluginException(No implementation found for method delete on channel plugins.it_nomads.com/flutter_secure_storage)
ℹ️  INFO: Auth data cleared
ℹ️  INFO: Auth state cleared
ℹ️  INFO: 🔑 AUTH SERVICE: ========== LOGOUT END (total: 14ms) ==========
❌ ERROR: Failed to clear auth data | MissingPluginException(No implementation found for method delete on channel plugins.it_nomads.com/flutter_secure_storage)
ℹ️  INFO: Auth data cleared
ℹ️  INFO: Auth state cleared
ℹ️  INFO: 🔑 AUTH SERVICE: ========== LOGOUT END (total: 14ms) ==========
❌ ERROR: Failed to clear auth data | MissingPluginException(No implementation found for method delete on channel plugins.it_nomads.com/flutter_secure_storage)
ℹ️  INFO: Auth data cleared
ℹ️  INFO: Auth state cleared
ℹ️  INFO: 🔑 AUTH SERVICE: ========== LOGOUT END (total: 14ms) ==========
❌ ERROR: Failed to clear auth data | MissingPluginException(No implementation found for method delete on channel plugins.it_nomads.com/flutter_secure_storage)
ℹ️  INFO: Auth data cleared
ℹ️  INFO: Auth state cleared
ℹ️  INFO: 🔑 AUTH SERVICE: ========== LOGOUT END (total: 14ms) ==========
❌ ERROR: Failed to clear auth data | MissingPluginException(No implementation found for method delete on channel plugins.it_nomads.com/flutter_secure_storage)
ℹ️  INFO: Auth data cleared
ℹ️  INFO: Auth state cleared
ℹ️  INFO: 🔑 AUTH SERVICE: ========== LOGOUT END (total: 14ms) ==========
❌ ERROR: Failed to clear auth data | MissingPluginException(No implementation found for method delete on channel plugins.it_nomads.com/flutter_secure_storage)
ℹ️  INFO: Auth data cleared
ℹ️  INFO: Auth state cleared
ℹ️  INFO: 🔑 AUTH SERVICE: ========== LOGOUT END (total: 14ms) ==========
❌ ERROR: Failed to clear auth data | MissingPluginException(No implementation found for method delete on channel plugins.it_nomads.com/flutter_secure_storage)
ℹ️  INFO: Auth data cleared
ℹ️  INFO: Auth state cleared
ℹ️  INFO: 🔑 AUTH SERVICE: ========== LOGOUT END (total: 14ms) ==========
❌ ERROR: Failed to clear auth data | MissingPluginException(No implementation found for method delete on channel plugins.it_nomads.com/flutter_secure_storage)
ℹ️  INFO: Auth data cleared
ℹ️  INFO: Auth state cleared
ℹ️  INFO: 🔑 AUTH SERVICE: ========== LOGOUT END (total: 14ms) ==========
❌ ERROR: Failed to clear auth data | MissingPluginException(No implementation found for method delete on channel plugins.it_nomads.com/flutter_secure_storage)
ℹ️  INFO: Auth data cleared
ℹ️  INFO: Auth state cleared
ℹ️  INFO: 🔑 AUTH SERVICE: ========== LOGOUT END (total: 14ms) ==========
❌ ERROR: Failed to clear auth data | MissingPluginException(No implementation found for method delete on channel plugins.it_nomads.com/flutter_secure_storage)
ℹ️  INFO: Auth data cleared
ℹ️  INFO: Auth state cleared
ℹ️  INFO: 🔑 AUTH SERVICE: ========== LOGOUT END (total: 14ms) ==========
❌ ERROR: Failed to clear auth data | MissingPluginException(No implementation found for method delete on channel plugins.it_nomads.com/flutter_secure_storage)
ℹ️  INFO: Auth data cleared
ℹ️  INFO: Auth state cleared
ℹ️  INFO: 🔑 AUTH SERVICE: ========== LOGOUT END (total: 13ms) ==========
❌ ERROR: Failed to clear auth data | MissingPluginException(No implementation found for method delete on channel plugins.it_nomads.com/flutter_secure_storage)
ℹ️  INFO: Auth data cleared
ℹ️  INFO: Auth state cleared
ℹ️  INFO: 🔑 AUTH SERVICE: ========== LOGOUT END (total: 13ms) ==========
❌ ERROR: Failed to clear auth data | MissingPluginException(No implementation found for method delete on channel plugins.it_nomads.com/flutter_secure_storage)
ℹ️  INFO: Auth data cleared
ℹ️  INFO: Auth state cleared
ℹ️  INFO: 🔑 AUTH SERVICE: ========== LOGOUT END (total: 13ms) ==========
❌ ERROR: Failed to clear auth data | MissingPluginException(No implementation found for method delete on channel plugins.it_nomads.com/flutter_secure_storage)
ℹ️  INFO: Auth data cleared
ℹ️  INFO: Auth state cleared
ℹ️  INFO: 🔑 AUTH SERVICE: ========== LOGOUT END (total: 13ms) ==========
❌ ERROR: Failed to clear auth data | MissingPluginException(No implementation found for method delete on channel plugins.it_nomads.com/flutter_secure_storage)
ℹ️  INFO: Auth data cleared
ℹ️  INFO: Auth state cleared
ℹ️  INFO: 🔑 AUTH SERVICE: ========== LOGOUT END (total: 13ms) ==========
❌ ERROR: Failed to clear auth data | MissingPluginException(No implementation found for method delete on channel plugins.it_nomads.com/flutter_secure_storage)
ℹ️  INFO: Auth data cleared
ℹ️  INFO: Auth state cleared
ℹ️  INFO: 🔑 AUTH SERVICE: ========== LOGOUT END (total: 13ms) ==========
❌ ERROR: Failed to clear auth data | MissingPluginException(No implementation found for method delete on channel plugins.it_nomads.com/flutter_secure_storage)
ℹ️  INFO: Auth data cleared
ℹ️  INFO: Auth state cleared
ℹ️  INFO: 🔑 AUTH SERVICE: ========== LOGOUT END (total: 13ms) ==========
❌ ERROR: Failed to clear auth data | MissingPluginException(No implementation found for method delete on channel plugins.it_nomads.com/flutter_secure_storage)
ℹ️  INFO: Auth data cleared
ℹ️  INFO: Auth state cleared
ℹ️  INFO: 🔑 AUTH SERVICE: ========== LOGOUT END (total: 13ms) ==========
❌ ERROR: Failed to clear auth data | MissingPluginException(No implementation found for method delete on channel plugins.it_nomads.com/flutter_secure_storage)
ℹ️  INFO: Auth data cleared
ℹ️  INFO: Auth state cleared
ℹ️  INFO: 🔑 AUTH SERVICE: ========== LOGOUT END (total: 11ms) ==========
❌ ERROR: Failed to clear auth data | MissingPluginException(No implementation found for method delete on channel plugins.it_nomads.com/flutter_secure_storage)
ℹ️  INFO: Auth data cleared
ℹ️  INFO: Auth state cleared
ℹ️  INFO: 🔑 AUTH SERVICE: ========== LOGOUT END (total: 12ms) ==========
❌ ERROR: Failed to clear auth data | MissingPluginException(No implementation found for method delete on channel plugins.it_nomads.com/flutter_secure_storage)
ℹ️  INFO: Auth data cleared
ℹ️  INFO: Auth state cleared
ℹ️  INFO: 🔑 AUTH SERVICE: ========== LOGOUT END (total: 12ms) ==========
❌ ERROR: Failed to clear auth data | MissingPluginException(No implementation found for method delete on channel plugins.it_nomads.com/flutter_secure_storage)
ℹ️  INFO: Auth data cleared
ℹ️  INFO: Auth state cleared
ℹ️  INFO: 🔑 AUTH SERVICE: ========== LOGOUT END (total: 12ms) ==========
❌ ERROR: Failed to clear auth data | MissingPluginException(No implementation found for method delete on channel plugins.it_nomads.com/flutter_secure_storage)
ℹ️  INFO: Auth data cleared
ℹ️  INFO: Auth state cleared
ℹ️  INFO: 🔑 AUTH SERVICE: ========== LOGOUT END (total: 12ms) ==========
❌ ERROR: Failed to clear auth data | MissingPluginException(No implementation found for method delete on channel plugins.it_nomads.com/flutter_secure_storage)
ℹ️  INFO: Auth data cleared
ℹ️  INFO: Auth state cleared
ℹ️  INFO: 🔑 AUTH SERVICE: ========== LOGOUT END (total: 11ms) ==========
❌ ERROR: Failed to clear auth data | MissingPluginException(No implementation found for method delete on channel plugins.it_nomads.com/flutter_secure_storage)
ℹ️  INFO: Auth data cleared
ℹ️  INFO: Auth state cleared
ℹ️  INFO: 🔑 AUTH SERVICE: ========== LOGOUT END (total: 11ms) ==========
❌ ERROR: Failed to clear auth data | MissingPluginException(No implementation found for method delete on channel plugins.it_nomads.com/flutter_secure_storage)
ℹ️  INFO: Auth data cleared
ℹ️  INFO: Auth state cleared
ℹ️  INFO: 🔑 AUTH SERVICE: ========== LOGOUT END (total: 11ms) ==========
❌ ERROR: Failed to clear auth data | MissingPluginException(No implementation found for method delete on channel plugins.it_nomads.com/flutter_secure_storage)
ℹ️  INFO: Auth data cleared
ℹ️  INFO: Auth state cleared
ℹ️  INFO: 🔑 AUTH SERVICE: ========== LOGOUT END (total: 11ms) ==========
❌ ERROR: Failed to clear auth data | MissingPluginException(No implementation found for method delete on channel plugins.it_nomads.com/flutter_secure_storage)
ℹ️  INFO: Auth data cleared
ℹ️  INFO: Auth state cleared
ℹ️  INFO: 🔑 AUTH SERVICE: ========== LOGOUT END (total: 10ms) ==========
❌ ERROR: Failed to clear auth data | MissingPluginException(No implementation found for method delete on channel plugins.it_nomads.com/flutter_secure_storage)
ℹ️  INFO: Auth data cleared
ℹ️  INFO: Auth state cleared
ℹ️  INFO: 🔑 AUTH SERVICE: ========== LOGOUT END (total: 11ms) ==========
❌ ERROR: Failed to clear auth data | MissingPluginException(No implementation found for method delete on channel plugins.it_nomads.com/flutter_secure_storage)
ℹ️  INFO: Auth data cleared
ℹ️  INFO: Auth state cleared
ℹ️  INFO: 🔑 AUTH SERVICE: ========== LOGOUT END (total: 11ms) ==========
❌ ERROR: Failed to clear auth data | MissingPluginException(No implementation found for method delete on channel plugins.it_nomads.com/flutter_secure_storage)
ℹ️  INFO: Auth data cleared
ℹ️  INFO: Auth state cleared
ℹ️  INFO: 🔑 AUTH SERVICE: ========== LOGOUT END (total: 11ms) ==========
❌ ERROR: Failed to clear auth data | MissingPluginException(No implementation found for method delete on channel plugins.it_nomads.com/flutter_secure_storage)
ℹ️  INFO: Auth data cleared
ℹ️  INFO: Auth state cleared
ℹ️  INFO: 🔑 AUTH SERVICE: ========== LOGOUT END (total: 11ms) ==========
00:05 +363 ~1 -4: C:/Users/zarik/OneDrive/Desktop/TrossApp/frontend/test/integration/security_integration_test.dart: Security Integration Tests - UI + Service Layers dev login buttons should be hidden in production
00:05 +363 ~1 -4: C:/Users/zarik/OneDrive/Desktop/TrossApp/frontend/test/e2e/concurrent_operations_test.dart: Concurrent Operations Tests - High Concurrency Scenarios State Consistency Verification Final state is deterministic after 100 concurrent inits
ℹ️  INFO: Initializing app state...
ℹ️  INFO: Initializing app state...
ℹ️  INFO: Initializing app state...
ℹ️  INFO: Initializing app state...
ℹ️  INFO: Initializing app state...
ℹ️  INFO: Initializing app state...
ℹ️  INFO: Initializing app state...
ℹ️  INFO: Initializing app state...
ℹ️  INFO: Initializing app state...
ℹ️  INFO: Initializing app state...
ℹ️  INFO: Initializing app state...
ℹ️  INFO: Initializing app state...
ℹ️  INFO: Initializing app state...
ℹ️  INFO: Initializing app state...
ℹ️  INFO: Initializing app state...
ℹ️  INFO: Initializing app state...
ℹ️  INFO: Initializing app state...
ℹ️  INFO: Initializing app state...
ℹ️  INFO: Initializing app state...
ℹ️  INFO: Initializing app state...
ℹ️  INFO: Initializing app state...
ℹ️  INFO: Initializing app state...
ℹ️  INFO: Initializing app state...
ℹ️  INFO: Initializing app state...
ℹ️  INFO: Initializing app state...
ℹ️  INFO: Initializing app state...
ℹ️  INFO: Initializing app state...
ℹ️  INFO: Initializing app state...
ℹ️  INFO: Initializing app state...
ℹ️  INFO: Initializing app state...
ℹ️  INFO: Initializing app state...
ℹ️  INFO: Initializing app state...
ℹ️  INFO: Initializing app state...
ℹ️  INFO: Initializing app state...
ℹ️  INFO: Initializing app state...
ℹ️  INFO: Initializing app state...
ℹ️  INFO: Initializing app state...
ℹ️  INFO: Initializing app state...
ℹ️  INFO: Initializing app state...
ℹ️  INFO: Initializing app state...
ℹ️  INFO: Initializing app state...
ℹ️  INFO: Initializing app state...
ℹ️  INFO: Initializing app state...
ℹ️  INFO: Initializing app state...
ℹ️  INFO: Initializing app state...
ℹ️  INFO: Initializing app state...
ℹ️  INFO: Initializing app state...
ℹ️  INFO: Initializing app state...
ℹ️  INFO: Initializing app state...
ℹ️  INFO: Initializing app state...
ℹ️  INFO: Initializing app state...
ℹ️  INFO: Initializing app state...
ℹ️  INFO: Initializing app state...
ℹ️  INFO: Initializing app state...
ℹ️  INFO: Initializing app state...
ℹ️  INFO: Initializing app state...
ℹ️  INFO: Initializing app state...
ℹ️  INFO: Initializing app state...
ℹ️  INFO: Initializing app state...
ℹ️  INFO: Initializing app state...
ℹ️  INFO: Initializing app state...
ℹ️  INFO: Initializing app state...
ℹ️  INFO: Initializing app state...
ℹ️  INFO: Initializing app state...
ℹ️  INFO: Initializing app state...
ℹ️  INFO: Initializing app state...
ℹ️  INFO: Initializing app state...
ℹ️  INFO: Initializing app state...
ℹ️  INFO: Initializing app state...
ℹ️  INFO: Initializing app state...
ℹ️  INFO: Initializing app state...
ℹ️  INFO: Initializing app state...
ℹ️  INFO: Initializing app state...
ℹ️  INFO: Initializing app state...
ℹ️  INFO: Initializing app state...
ℹ️  INFO: Initializing app state...
ℹ️  INFO: Initializing app state...
ℹ️  INFO: Initializing app state...
ℹ️  INFO: Initializing app state...
ℹ️  INFO: Initializing app state...
ℹ️  INFO: Initializing app state...
ℹ️  INFO: Initializing app state...
ℹ️  INFO: Initializing app state...
ℹ️  INFO: Initializing app state...
ℹ️  INFO: Initializing app state...
ℹ️  INFO: Initializing app state...
ℹ️  INFO: Initializing app state...
ℹ️  INFO: Initializing app state...
ℹ️  INFO: Initializing app state...
ℹ️  INFO: Initializing app state...
ℹ️  INFO: Initializing app state...
ℹ️  INFO: Initializing app state...
ℹ️  INFO: Initializing app state...
ℹ️  INFO: Initializing app state...
ℹ️  INFO: Initializing app state...
ℹ️  INFO: Initializing app state...
ℹ️  INFO: Initializing app state...
ℹ️  INFO: Initializing app state...
ℹ️  INFO: Initializing app state...
ℹ️  INFO: Initializing app state...
❌ ERROR: Network connectivity check failed | MissingPluginException(No implementation found for method check on channel dev.fluttercommunity.plus/connectivity)
❌ ERROR: Network connectivity check failed | MissingPluginException(No implementation found for method check on channel dev.fluttercommunity.plus/connectivity)
❌ ERROR: Network connectivity check failed | MissingPluginException(No implementation found for method check on channel dev.fluttercommunity.plus/connectivity)
❌ ERROR: Network connectivity check failed | MissingPluginException(No implementation found for method check on channel dev.fluttercommunity.plus/connectivity)
❌ ERROR: Network connectivity check failed | MissingPluginException(No implementation found for method check on channel dev.fluttercommunity.plus/connectivity)
❌ ERROR: Network connectivity check failed | MissingPluginException(No implementation found for method check on channel dev.fluttercommunity.plus/connectivity)
❌ ERROR: Network connectivity check failed | MissingPluginException(No implementation found for method check on channel dev.fluttercommunity.plus/connectivity)
❌ ERROR: Network connectivity check failed | MissingPluginException(No implementation found for method check on channel dev.fluttercommunity.plus/connectivity)
❌ ERROR: Network connectivity check failed | MissingPluginException(No implementation found for method check on channel dev.fluttercommunity.plus/connectivity)
❌ ERROR: Network connectivity check failed | MissingPluginException(No implementation found for method check on channel dev.fluttercommunity.plus/connectivity)
❌ ERROR: Network connectivity check failed | MissingPluginException(No implementation found for method check on channel dev.fluttercommunity.plus/connectivity)
❌ ERROR: Network connectivity check failed | MissingPluginException(No implementation found for method check on channel dev.fluttercommunity.plus/connectivity)
❌ ERROR: Network connectivity check failed | MissingPluginException(No implementation found for method check on channel dev.fluttercommunity.plus/connectivity)
❌ ERROR: Network connectivity check failed | MissingPluginException(No implementation found for method check on channel dev.fluttercommunity.plus/connectivity)
❌ ERROR: Network connectivity check failed | MissingPluginException(No implementation found for method check on channel dev.fluttercommunity.plus/connectivity)
❌ ERROR: Network connectivity check failed | MissingPluginException(No implementation found for method check on channel dev.fluttercommunity.plus/connectivity)
❌ ERROR: Network connectivity check failed | MissingPluginException(No implementation found for method check on channel dev.fluttercommunity.plus/connectivity)
❌ ERROR: Network connectivity check failed | MissingPluginException(No implementation found for method check on channel dev.fluttercommunity.plus/connectivity)
❌ ERROR: Network connectivity check failed | MissingPluginException(No implementation found for method check on channel dev.fluttercommunity.plus/connectivity)
❌ ERROR: Network connectivity check failed | MissingPluginException(No implementation found for method check on channel dev.fluttercommunity.plus/connectivity)
❌ ERROR: Network connectivity check failed | MissingPluginException(No implementation found for method check on channel dev.fluttercommunity.plus/connectivity)
❌ ERROR: Network connectivity check failed | MissingPluginException(No implementation found for method check on channel dev.fluttercommunity.plus/connectivity)
❌ ERROR: Network connectivity check failed | MissingPluginException(No implementation found for method check on channel dev.fluttercommunity.plus/connectivity)
❌ ERROR: Network connectivity check failed | MissingPluginException(No implementation found for method check on channel dev.fluttercommunity.plus/connectivity)
❌ ERROR: Network connectivity check failed | MissingPluginException(No implementation found for method check on channel dev.fluttercommunity.plus/connectivity)
❌ ERROR: Network connectivity check failed | MissingPluginException(No implementation found for method check on channel dev.fluttercommunity.plus/connectivity)
❌ ERROR: Network connectivity check failed | MissingPluginException(No implementation found for method check on channel dev.fluttercommunity.plus/connectivity)
❌ ERROR: Network connectivity check failed | MissingPluginException(No implementation found for method check on channel dev.fluttercommunity.plus/connectivity)
❌ ERROR: Network connectivity check failed | MissingPluginException(No implementation found for method check on channel dev.fluttercommunity.plus/connectivity)
❌ ERROR: Network connectivity check failed | MissingPluginException(No implementation found for method check on channel dev.fluttercommunity.plus/connectivity)
❌ ERROR: Network connectivity check failed | MissingPluginException(No implementation found for method check on channel dev.fluttercommunity.plus/connectivity)
❌ ERROR: Network connectivity check failed | MissingPluginException(No implementation found for method check on channel dev.fluttercommunity.plus/connectivity)
❌ ERROR: Network connectivity check failed | MissingPluginException(No implementation found for method check on channel dev.fluttercommunity.plus/connectivity)
❌ ERROR: Network connectivity check failed | MissingPluginException(No implementation found for method check on channel dev.fluttercommunity.plus/connectivity)
❌ ERROR: Network connectivity check failed | MissingPluginException(No implementation found for method check on channel dev.fluttercommunity.plus/connectivity)
❌ ERROR: Network connectivity check failed | MissingPluginException(No implementation found for method check on channel dev.fluttercommunity.plus/connectivity)
❌ ERROR: Network connectivity check failed | MissingPluginException(No implementation found for method check on channel dev.fluttercommunity.plus/connectivity)
❌ ERROR: Network connectivity check failed | MissingPluginException(No implementation found for method check on channel dev.fluttercommunity.plus/connectivity)
❌ ERROR: Network connectivity check failed | MissingPluginException(No implementation found for method check on channel dev.fluttercommunity.plus/connectivity)
❌ ERROR: Network connectivity check failed | MissingPluginException(No implementation found for method check on channel dev.fluttercommunity.plus/connectivity)
❌ ERROR: Network connectivity check failed | MissingPluginException(No implementation found for method check on channel dev.fluttercommunity.plus/connectivity)
❌ ERROR: Network connectivity check failed | MissingPluginException(No implementation found for method check on channel dev.fluttercommunity.plus/connectivity)
❌ ERROR: Network connectivity check failed | MissingPluginException(No implementation found for method check on channel dev.fluttercommunity.plus/connectivity)
❌ ERROR: Network connectivity check failed | MissingPluginException(No implementation found for method check on channel dev.fluttercommunity.plus/connectivity)
❌ ERROR: Network connectivity check failed | MissingPluginException(No implementation found for method check on channel dev.fluttercommunity.plus/connectivity)
❌ ERROR: Network connectivity check failed | MissingPluginException(No implementation found for method check on channel dev.fluttercommunity.plus/connectivity)
❌ ERROR: Network connectivity check failed | MissingPluginException(No implementation found for method check on channel dev.fluttercommunity.plus/connectivity)
❌ ERROR: Network connectivity check failed | MissingPluginException(No implementation found for method check on channel dev.fluttercommunity.plus/connectivity)
❌ ERROR: Network connectivity check failed | MissingPluginException(No implementation found for method check on channel dev.fluttercommunity.plus/connectivity)
❌ ERROR: Network connectivity check failed | MissingPluginException(No implementation found for method check on channel dev.fluttercommunity.plus/connectivity)
❌ ERROR: Network connectivity check failed | MissingPluginException(No implementation found for method check on channel dev.fluttercommunity.plus/connectivity)
❌ ERROR: Network connectivity check failed | MissingPluginException(No implementation found for method check on channel dev.fluttercommunity.plus/connectivity)
❌ ERROR: Network connectivity check failed | MissingPluginException(No implementation found for method check on channel dev.fluttercommunity.plus/connectivity)
❌ ERROR: Network connectivity check failed | MissingPluginException(No implementation found for method check on channel dev.fluttercommunity.plus/connectivity)
❌ ERROR: Network connectivity check failed | MissingPluginException(No implementation found for method check on channel dev.fluttercommunity.plus/connectivity)
❌ ERROR: Network connectivity check failed | MissingPluginException(No implementation found for method check on channel dev.fluttercommunity.plus/connectivity)
❌ ERROR: Network connectivity check failed | MissingPluginException(No implementation found for method check on channel dev.fluttercommunity.plus/connectivity)
❌ ERROR: Network connectivity check failed | MissingPluginException(No implementation found for method check on channel dev.fluttercommunity.plus/connectivity)
❌ ERROR: Network connectivity check failed | MissingPluginException(No implementation found for method check on channel dev.fluttercommunity.plus/connectivity)
❌ ERROR: Network connectivity check failed | MissingPluginException(No implementation found for method check on channel dev.fluttercommunity.plus/connectivity)
❌ ERROR: Network connectivity check failed | MissingPluginException(No implementation found for method check on channel dev.fluttercommunity.plus/connectivity)
❌ ERROR: Network connectivity check failed | MissingPluginException(No implementation found for method check on channel dev.fluttercommunity.plus/connectivity)
❌ ERROR: Network connectivity check failed | MissingPluginException(No implementation found for method check on channel dev.fluttercommunity.plus/connectivity)
❌ ERROR: Network connectivity check failed | MissingPluginException(No implementation found for method check on channel dev.fluttercommunity.plus/connectivity)
❌ ERROR: Network connectivity check failed | MissingPluginException(No implementation found for method check on channel dev.fluttercommunity.plus/connectivity)
❌ ERROR: Network connectivity check failed | MissingPluginException(No implementation found for method check on channel dev.fluttercommunity.plus/connectivity)
❌ ERROR: Network connectivity check failed | MissingPluginException(No implementation found for method check on channel dev.fluttercommunity.plus/connectivity)
❌ ERROR: Network connectivity check failed | MissingPluginException(No implementation found for method check on channel dev.fluttercommunity.plus/connectivity)
❌ ERROR: Network connectivity check failed | MissingPluginException(No implementation found for method check on channel dev.fluttercommunity.plus/connectivity)
❌ ERROR: Network connectivity check failed | MissingPluginException(No implementation found for method check on channel dev.fluttercommunity.plus/connectivity)
❌ ERROR: Network connectivity check failed | MissingPluginException(No implementation found for method check on channel dev.fluttercommunity.plus/connectivity)
❌ ERROR: Network connectivity check failed | MissingPluginException(No implementation found for method check on channel dev.fluttercommunity.plus/connectivity)
❌ ERROR: Network connectivity check failed | MissingPluginException(No implementation found for method check on channel dev.fluttercommunity.plus/connectivity)
❌ ERROR: Network connectivity check failed | MissingPluginException(No implementation found for method check on channel dev.fluttercommunity.plus/connectivity)
❌ ERROR: Network connectivity check failed | MissingPluginException(No implementation found for method check on channel dev.fluttercommunity.plus/connectivity)
❌ ERROR: Network connectivity check failed | MissingPluginException(No implementation found for method check on channel dev.fluttercommunity.plus/connectivity)
❌ ERROR: Network connectivity check failed | MissingPluginException(No implementation found for method check on channel dev.fluttercommunity.plus/connectivity)
❌ ERROR: Network connectivity check failed | MissingPluginException(No implementation found for method check on channel dev.fluttercommunity.plus/connectivity)
❌ ERROR: Network connectivity check failed | MissingPluginException(No implementation found for method check on channel dev.fluttercommunity.plus/connectivity)
❌ ERROR: Network connectivity check failed | MissingPluginException(No implementation found for method check on channel dev.fluttercommunity.plus/connectivity)
❌ ERROR: Network connectivity check failed | MissingPluginException(No implementation found for method check on channel dev.fluttercommunity.plus/connectivity)
❌ ERROR: Network connectivity check failed | MissingPluginException(No implementation found for method check on channel dev.fluttercommunity.plus/connectivity)
❌ ERROR: Network connectivity check failed | MissingPluginException(No implementation found for method check on channel dev.fluttercommunity.plus/connectivity)
❌ ERROR: Network connectivity check failed | MissingPluginException(No implementation found for method check on channel dev.fluttercommunity.plus/connectivity)
❌ ERROR: Network connectivity check failed | MissingPluginException(No implementation found for method check on channel dev.fluttercommunity.plus/connectivity)
❌ ERROR: Network connectivity check failed | MissingPluginException(No implementation found for method check on channel dev.fluttercommunity.plus/connectivity)
❌ ERROR: Network connectivity check failed | MissingPluginException(No implementation found for method check on channel dev.fluttercommunity.plus/connectivity)
❌ ERROR: Network connectivity check failed | MissingPluginException(No implementation found for method check on channel dev.fluttercommunity.plus/connectivity)
❌ ERROR: Network connectivity check failed | MissingPluginException(No implementation found for method check on channel dev.fluttercommunity.plus/connectivity)
❌ ERROR: Network connectivity check failed | MissingPluginException(No implementation found for method check on channel dev.fluttercommunity.plus/connectivity)
❌ ERROR: Network connectivity check failed | MissingPluginException(No implementation found for method check on channel dev.fluttercommunity.plus/connectivity)
❌ ERROR: Network connectivity check failed | MissingPluginException(No implementation found for method check on channel dev.fluttercommunity.plus/connectivity)
❌ ERROR: Network connectivity check failed | MissingPluginException(No implementation found for method check on channel dev.fluttercommunity.plus/connectivity)
❌ ERROR: Network connectivity check failed | MissingPluginException(No implementation found for method check on channel dev.fluttercommunity.plus/connectivity)
❌ ERROR: Network connectivity check failed | MissingPluginException(No implementation found for method check on channel dev.fluttercommunity.plus/connectivity)
❌ ERROR: Network connectivity check failed | MissingPluginException(No implementation found for method check on channel dev.fluttercommunity.plus/connectivity)
❌ ERROR: Network connectivity check failed | MissingPluginException(No implementation found for method check on channel dev.fluttercommunity.plus/connectivity)
❌ ERROR: Network connectivity check failed | MissingPluginException(No implementation found for method check on channel dev.fluttercommunity.plus/connectivity)
❌ ERROR: Network connectivity check failed | MissingPluginException(No implementation found for method check on channel dev.fluttercommunity.plus/connectivity)
❌ ERROR: Network connectivity check failed | MissingPluginException(No implementation found for method check on channel dev.fluttercommunity.plus/connectivity)
❌ ERROR: Network connectivity check failed | MissingPluginException(No implementation found for method check on channel dev.fluttercommunity.plus/connectivity)
ℹ️  INFO: Service health check completed
   Context: {status: offline, isConnected: false}
ℹ️  INFO: App state initialized successfully
❌ ERROR: Network connectivity check failed | MissingPluginException(No implementation found for method check on channel dev.fluttercommunity.plus/connectivity)
ℹ️  INFO: Service health check completed
   Context: {status: offline, isConnected: false}
ℹ️  INFO: App state initialized successfully
❌ ERROR: Network connectivity check failed | MissingPluginException(No implementation found for method check on channel dev.fluttercommunity.plus/connectivity)
ℹ️  INFO: Service health check completed
   Context: {status: offline, isConnected: false}
ℹ️  INFO: App state initialized successfully
❌ ERROR: Network connectivity check failed | MissingPluginException(No implementation found for method check on channel dev.fluttercommunity.plus/connectivity)
ℹ️  INFO: Service health check completed
   Context: {status: offline, isConnected: false}
ℹ️  INFO: App state initialized successfully
❌ ERROR: Network connectivity check failed | MissingPluginException(No implementation found for method check on channel dev.fluttercommunity.plus/connectivity)
ℹ️  INFO: Service health check completed
   Context: {status: offline, isConnected: false}
ℹ️  INFO: App state initialized successfully
❌ ERROR: Network connectivity check failed | MissingPluginException(No implementation found for method check on channel dev.fluttercommunity.plus/connectivity)
ℹ️  INFO: Service health check completed
   Context: {status: offline, isConnected: false}
ℹ️  INFO: App state initialized successfully
❌ ERROR: Network connectivity check failed | MissingPluginException(No implementation found for method check on channel dev.fluttercommunity.plus/connectivity)
ℹ️  INFO: Service health check completed
   Context: {status: offline, isConnected: false}
ℹ️  INFO: App state initialized successfully
❌ ERROR: Network connectivity check failed | MissingPluginException(No implementation found for method check on channel dev.fluttercommunity.plus/connectivity)
ℹ️  INFO: Service health check completed
   Context: {status: offline, isConnected: false}
ℹ️  INFO: App state initialized successfully
❌ ERROR: Network connectivity check failed | MissingPluginException(No implementation found for method check on channel dev.fluttercommunity.plus/connectivity)
ℹ️  INFO: Service health check completed
   Context: {status: offline, isConnected: false}
ℹ️  INFO: App state initialized successfully
❌ ERROR: Network connectivity check failed | MissingPluginException(No implementation found for method check on channel dev.fluttercommunity.plus/connectivity)
ℹ️  INFO: Service health check completed
   Context: {status: offline, isConnected: false}
ℹ️  INFO: App state initialized successfully
❌ ERROR: Network connectivity check failed | MissingPluginException(No implementation found for method check on channel dev.fluttercommunity.plus/connectivity)
ℹ️  INFO: Service health check completed
   Context: {status: offline, isConnected: false}
ℹ️  INFO: App state initialized successfully
❌ ERROR: Network connectivity check failed | MissingPluginException(No implementation found for method check on channel dev.fluttercommunity.plus/connectivity)
ℹ️  INFO: Service health check completed
   Context: {status: offline, isConnected: false}
ℹ️  INFO: App state initialized successfully
❌ ERROR: Network connectivity check failed | MissingPluginException(No implementation found for method check on channel dev.fluttercommunity.plus/connectivity)
ℹ️  INFO: Service health check completed
   Context: {status: offline, isConnected: false}
ℹ️  INFO: App state initialized successfully
❌ ERROR: Network connectivity check failed | MissingPluginException(No implementation found for method check on channel dev.fluttercommunity.plus/connectivity)
ℹ️  INFO: Service health check completed
   Context: {status: offline, isConnected: false}
ℹ️  INFO: App state initialized successfully
❌ ERROR: Network connectivity check failed | MissingPluginException(No implementation found for method check on channel dev.fluttercommunity.plus/connectivity)
ℹ️  INFO: Service health check completed
   Context: {status: offline, isConnected: false}
ℹ️  INFO: App state initialized successfully
❌ ERROR: Network connectivity check failed | MissingPluginException(No implementation found for method check on channel dev.fluttercommunity.plus/connectivity)
ℹ️  INFO: Service health check completed
   Context: {status: offline, isConnected: false}
ℹ️  INFO: App state initialized successfully
❌ ERROR: Network connectivity check failed | MissingPluginException(No implementation found for method check on channel dev.fluttercommunity.plus/connectivity)
ℹ️  INFO: Service health check completed
   Context: {status: offline, isConnected: false}
ℹ️  INFO: App state initialized successfully
❌ ERROR: Network connectivity check failed | MissingPluginException(No implementation found for method check on channel dev.fluttercommunity.plus/connectivity)
ℹ️  INFO: Service health check completed
   Context: {status: offline, isConnected: false}
ℹ️  INFO: App state initialized successfully
❌ ERROR: Network connectivity check failed | MissingPluginException(No implementation found for method check on channel dev.fluttercommunity.plus/connectivity)
ℹ️  INFO: Service health check completed
   Context: {status: offline, isConnected: false}
ℹ️  INFO: App state initialized successfully
❌ ERROR: Network connectivity check failed | MissingPluginException(No implementation found for method check on channel dev.fluttercommunity.plus/connectivity)
ℹ️  INFO: Service health check completed
   Context: {status: offline, isConnected: false}
ℹ️  INFO: App state initialized successfully
❌ ERROR: Network connectivity check failed | MissingPluginException(No implementation found for method check on channel dev.fluttercommunity.plus/connectivity)
ℹ️  INFO: Service health check completed
   Context: {status: offline, isConnected: false}
ℹ️  INFO: App state initialized successfully
❌ ERROR: Network connectivity check failed | MissingPluginException(No implementation found for method check on channel dev.fluttercommunity.plus/connectivity)
ℹ️  INFO: Service health check completed
   Context: {status: offline, isConnected: false}
ℹ️  INFO: App state initialized successfully
❌ ERROR: Network connectivity check failed | MissingPluginException(No implementation found for method check on channel dev.fluttercommunity.plus/connectivity)
ℹ️  INFO: Service health check completed
   Context: {status: offline, isConnected: false}
ℹ️  INFO: App state initialized successfully
❌ ERROR: Network connectivity check failed | MissingPluginException(No implementation found for method check on channel dev.fluttercommunity.plus/connectivity)
ℹ️  INFO: Service health check completed
   Context: {status: offline, isConnected: false}
ℹ️  INFO: App state initialized successfully
❌ ERROR: Network connectivity check failed | MissingPluginException(No implementation found for method check on channel dev.fluttercommunity.plus/connectivity)
ℹ️  INFO: Service health check completed
   Context: {status: offline, isConnected: false}
ℹ️  INFO: App state initialized successfully
❌ ERROR: Network connectivity check failed | MissingPluginException(No implementation found for method check on channel dev.fluttercommunity.plus/connectivity)
ℹ️  INFO: Service health check completed
   Context: {status: offline, isConnected: false}
ℹ️  INFO: App state initialized successfully
❌ ERROR: Network connectivity check failed | MissingPluginException(No implementation found for method check on channel dev.fluttercommunity.plus/connectivity)
ℹ️  INFO: Service health check completed
   Context: {status: offline, isConnected: false}
ℹ️  INFO: App state initialized successfully
❌ ERROR: Network connectivity check failed | MissingPluginException(No implementation found for method check on channel dev.fluttercommunity.plus/connectivity)
ℹ️  INFO: Service health check completed
   Context: {status: offline, isConnected: false}
ℹ️  INFO: App state initialized successfully
❌ ERROR: Network connectivity check failed | MissingPluginException(No implementation found for method check on channel dev.fluttercommunity.plus/connectivity)
ℹ️  INFO: Service health check completed
   Context: {status: offline, isConnected: false}
ℹ️  INFO: App state initialized successfully
❌ ERROR: Network connectivity check failed | MissingPluginException(No implementation found for method check on channel dev.fluttercommunity.plus/connectivity)
ℹ️  INFO: Service health check completed
   Context: {status: offline, isConnected: false}
ℹ️  INFO: App state initialized successfully
❌ ERROR: Network connectivity check failed | MissingPluginException(No implementation found for method check on channel dev.fluttercommunity.plus/connectivity)
ℹ️  INFO: Service health check completed
   Context: {status: offline, isConnected: false}
ℹ️  INFO: App state initialized successfully
❌ ERROR: Network connectivity check failed | MissingPluginException(No implementation found for method check on channel dev.fluttercommunity.plus/connectivity)
ℹ️  INFO: Service health check completed
   Context: {status: offline, isConnected: false}
ℹ️  INFO: App state initialized successfully
❌ ERROR: Network connectivity check failed | MissingPluginException(No implementation found for method check on channel dev.fluttercommunity.plus/connectivity)
ℹ️  INFO: Service health check completed
   Context: {status: offline, isConnected: false}
ℹ️  INFO: App state initialized successfully
❌ ERROR: Network connectivity check failed | MissingPluginException(No implementation found for method check on channel dev.fluttercommunity.plus/connectivity)
ℹ️  INFO: Service health check completed
   Context: {status: offline, isConnected: false}
ℹ️  INFO: App state initialized successfully
❌ ERROR: Network connectivity check failed | MissingPluginException(No implementation found for method check on channel dev.fluttercommunity.plus/connectivity)
ℹ️  INFO: Service health check completed
   Context: {status: offline, isConnected: false}
ℹ️  INFO: App state initialized successfully
❌ ERROR: Network connectivity check failed | MissingPluginException(No implementation found for method check on channel dev.fluttercommunity.plus/connectivity)
ℹ️  INFO: Service health check completed
   Context: {status: offline, isConnected: false}
ℹ️  INFO: App state initialized successfully
❌ ERROR: Network connectivity check failed | MissingPluginException(No implementation found for method check on channel dev.fluttercommunity.plus/connectivity)
ℹ️  INFO: Service health check completed
   Context: {status: offline, isConnected: false}
ℹ️  INFO: App state initialized successfully
❌ ERROR: Network connectivity check failed | MissingPluginException(No implementation found for method check on channel dev.fluttercommunity.plus/connectivity)
ℹ️  INFO: Service health check completed
   Context: {status: offline, isConnected: false}
ℹ️  INFO: App state initialized successfully
❌ ERROR: Network connectivity check failed | MissingPluginException(No implementation found for method check on channel dev.fluttercommunity.plus/connectivity)
ℹ️  INFO: Service health check completed
   Context: {status: offline, isConnected: false}
ℹ️  INFO: App state initialized successfully
❌ ERROR: Network connectivity check failed | MissingPluginException(No implementation found for method check on channel dev.fluttercommunity.plus/connectivity)
ℹ️  INFO: Service health check completed
   Context: {status: offline, isConnected: false}
ℹ️  INFO: App state initialized successfully
❌ ERROR: Network connectivity check failed | MissingPluginException(No implementation found for method check on channel dev.fluttercommunity.plus/connectivity)
ℹ️  INFO: Service health check completed
   Context: {status: offline, isConnected: false}
ℹ️  INFO: App state initialized successfully
❌ ERROR: Network connectivity check failed | MissingPluginException(No implementation found for method check on channel dev.fluttercommunity.plus/connectivity)
ℹ️  INFO: Service health check completed
   Context: {status: offline, isConnected: false}
ℹ️  INFO: App state initialized successfully
❌ ERROR: Network connectivity check failed | MissingPluginException(No implementation found for method check on channel dev.fluttercommunity.plus/connectivity)
ℹ️  INFO: Service health check completed
   Context: {status: offline, isConnected: false}
ℹ️  INFO: App state initialized successfully
❌ ERROR: Network connectivity check failed | MissingPluginException(No implementation found for method check on channel dev.fluttercommunity.plus/connectivity)
ℹ️  INFO: Service health check completed
   Context: {status: offline, isConnected: false}
ℹ️  INFO: App state initialized successfully
❌ ERROR: Network connectivity check failed | MissingPluginException(No implementation found for method check on channel dev.fluttercommunity.plus/connectivity)
ℹ️  INFO: Service health check completed
   Context: {status: offline, isConnected: false}
ℹ️  INFO: App state initialized successfully
❌ ERROR: Network connectivity check failed | MissingPluginException(No implementation found for method check on channel dev.fluttercommunity.plus/connectivity)
ℹ️  INFO: Service health check completed
   Context: {status: offline, isConnected: false}
ℹ️  INFO: App state initialized successfully
❌ ERROR: Network connectivity check failed | MissingPluginException(No implementation found for method check on channel dev.fluttercommunity.plus/connectivity)
ℹ️  INFO: Service health check completed
   Context: {status: offline, isConnected: false}
ℹ️  INFO: App state initialized successfully
❌ ERROR: Network connectivity check failed | MissingPluginException(No implementation found for method check on channel dev.fluttercommunity.plus/connectivity)
ℹ️  INFO: Service health check completed
   Context: {status: offline, isConnected: false}
ℹ️  INFO: App state initialized successfully
❌ ERROR: Network connectivity check failed | MissingPluginException(No implementation found for method check on channel dev.fluttercommunity.plus/connectivity)
ℹ️  INFO: Service health check completed
   Context: {status: offline, isConnected: false}
ℹ️  INFO: App state initialized successfully
❌ ERROR: Network connectivity check failed | MissingPluginException(No implementation found for method check on channel dev.fluttercommunity.plus/connectivity)
ℹ️  INFO: Service health check completed
   Context: {status: offline, isConnected: false}
ℹ️  INFO: App state initialized successfully
❌ ERROR: Network connectivity check failed | MissingPluginException(No implementation found for method check on channel dev.fluttercommunity.plus/connectivity)
ℹ️  INFO: Service health check completed
   Context: {status: offline, isConnected: false}
ℹ️  INFO: App state initialized successfully
❌ ERROR: Network connectivity check failed | MissingPluginException(No implementation found for method check on channel dev.fluttercommunity.plus/connectivity)
ℹ️  INFO: Service health check completed
   Context: {status: offline, isConnected: false}
ℹ️  INFO: App state initialized successfully
❌ ERROR: Network connectivity check failed | MissingPluginException(No implementation found for method check on channel dev.fluttercommunity.plus/connectivity)
ℹ️  INFO: Service health check completed
   Context: {status: offline, isConnected: false}
ℹ️  INFO: App state initialized successfully
❌ ERROR: Network connectivity check failed | MissingPluginException(No implementation found for method check on channel dev.fluttercommunity.plus/connectivity)
ℹ️  INFO: Service health check completed
   Context: {status: offline, isConnected: false}
ℹ️  INFO: App state initialized successfully
❌ ERROR: Network connectivity check failed | MissingPluginException(No implementation found for method check on channel dev.fluttercommunity.plus/connectivity)
ℹ️  INFO: Service health check completed
   Context: {status: offline, isConnected: false}
ℹ️  INFO: App state initialized successfully
❌ ERROR: Network connectivity check failed | MissingPluginException(No implementation found for method check on channel dev.fluttercommunity.plus/connectivity)
ℹ️  INFO: Service health check completed
   Context: {status: offline, isConnected: false}
ℹ️  INFO: App state initialized successfully
❌ ERROR: Network connectivity check failed | MissingPluginException(No implementation found for method check on channel dev.fluttercommunity.plus/connectivity)
ℹ️  INFO: Service health check completed
   Context: {status: offline, isConnected: false}
ℹ️  INFO: App state initialized successfully
❌ ERROR: Network connectivity check failed | MissingPluginException(No implementation found for method check on channel dev.fluttercommunity.plus/connectivity)
ℹ️  INFO: Service health check completed
   Context: {status: offline, isConnected: false}
ℹ️  INFO: App state initialized successfully
❌ ERROR: Network connectivity check failed | MissingPluginException(No implementation found for method check on channel dev.fluttercommunity.plus/connectivity)
ℹ️  INFO: Service health check completed
   Context: {status: offline, isConnected: false}
ℹ️  INFO: App state initialized successfully
❌ ERROR: Network connectivity check failed | MissingPluginException(No implementation found for method check on channel dev.fluttercommunity.plus/connectivity)
ℹ️  INFO: Service health check completed
   Context: {status: offline, isConnected: false}
ℹ️  INFO: App state initialized successfully
❌ ERROR: Network connectivity check failed | MissingPluginException(No implementation found for method check on channel dev.fluttercommunity.plus/connectivity)
ℹ️  INFO: Service health check completed
   Context: {status: offline, isConnected: false}
ℹ️  INFO: App state initialized successfully
❌ ERROR: Network connectivity check failed | MissingPluginException(No implementation found for method check on channel dev.fluttercommunity.plus/connectivity)
ℹ️  INFO: Service health check completed
   Context: {status: offline, isConnected: false}
ℹ️  INFO: App state initialized successfully
❌ ERROR: Network connectivity check failed | MissingPluginException(No implementation found for method check on channel dev.fluttercommunity.plus/connectivity)
ℹ️  INFO: Service health check completed
   Context: {status: offline, isConnected: false}
ℹ️  INFO: App state initialized successfully
❌ ERROR: Network connectivity check failed | MissingPluginException(No implementation found for method check on channel dev.fluttercommunity.plus/connectivity)
ℹ️  INFO: Service health check completed
   Context: {status: offline, isConnected: false}
ℹ️  INFO: App state initialized successfully
❌ ERROR: Network connectivity check failed | MissingPluginException(No implementation found for method check on channel dev.fluttercommunity.plus/connectivity)
ℹ️  INFO: Service health check completed
   Context: {status: offline, isConnected: false}
ℹ️  INFO: App state initialized successfully
❌ ERROR: Network connectivity check failed | MissingPluginException(No implementation found for method check on channel dev.fluttercommunity.plus/connectivity)
ℹ️  INFO: Service health check completed
   Context: {status: offline, isConnected: false}
ℹ️  INFO: App state initialized successfully
❌ ERROR: Network connectivity check failed | MissingPluginException(No implementation found for method check on channel dev.fluttercommunity.plus/connectivity)
ℹ️  INFO: Service health check completed
   Context: {status: offline, isConnected: false}
ℹ️  INFO: App state initialized successfully
❌ ERROR: Network connectivity check failed | MissingPluginException(No implementation found for method check on channel dev.fluttercommunity.plus/connectivity)
ℹ️  INFO: Service health check completed
   Context: {status: offline, isConnected: false}
ℹ️  INFO: App state initialized successfully
❌ ERROR: Network connectivity check failed | MissingPluginException(No implementation found for method check on channel dev.fluttercommunity.plus/connectivity)
ℹ️  INFO: Service health check completed
   Context: {status: offline, isConnected: false}
ℹ️  INFO: App state initialized successfully
❌ ERROR: Network connectivity check failed | MissingPluginException(No implementation found for method check on channel dev.fluttercommunity.plus/connectivity)
ℹ️  INFO: Service health check completed
   Context: {status: offline, isConnected: false}
ℹ️  INFO: App state initialized successfully
❌ ERROR: Network connectivity check failed | MissingPluginException(No implementation found for method check on channel dev.fluttercommunity.plus/connectivity)
ℹ️  INFO: Service health check completed
   Context: {status: offline, isConnected: false}
ℹ️  INFO: App state initialized successfully
❌ ERROR: Network connectivity check failed | MissingPluginException(No implementation found for method check on channel dev.fluttercommunity.plus/connectivity)
ℹ️  INFO: Service health check completed
   Context: {status: offline, isConnected: false}
ℹ️  INFO: App state initialized successfully
❌ ERROR: Network connectivity check failed | MissingPluginException(No implementation found for method check on channel dev.fluttercommunity.plus/connectivity)
ℹ️  INFO: Service health check completed
   Context: {status: offline, isConnected: false}
ℹ️  INFO: App state initialized successfully
❌ ERROR: Network connectivity check failed | MissingPluginException(No implementation found for method check on channel dev.fluttercommunity.plus/connectivity)
ℹ️  INFO: Service health check completed
   Context: {status: offline, isConnected: false}
ℹ️  INFO: App state initialized successfully
❌ ERROR: Network connectivity check failed | MissingPluginException(No implementation found for method check on channel dev.fluttercommunity.plus/connectivity)
ℹ️  INFO: Service health check completed
   Context: {status: offline, isConnected: false}
ℹ️  INFO: App state initialized successfully
❌ ERROR: Network connectivity check failed | MissingPluginException(No implementation found for method check on channel dev.fluttercommunity.plus/connectivity)
ℹ️  INFO: Service health check completed
   Context: {status: offline, isConnected: false}
ℹ️  INFO: App state initialized successfully
❌ ERROR: Network connectivity check failed | MissingPluginException(No implementation found for method check on channel dev.fluttercommunity.plus/connectivity)
ℹ️  INFO: Service health check completed
   Context: {status: offline, isConnected: false}
ℹ️  INFO: App state initialized successfully
❌ ERROR: Network connectivity check failed | MissingPluginException(No implementation found for method check on channel dev.fluttercommunity.plus/connectivity)
ℹ️  INFO: Service health check completed
   Context: {status: offline, isConnected: false}
ℹ️  INFO: App state initialized successfully
❌ ERROR: Network connectivity check failed | MissingPluginException(No implementation found for method check on channel dev.fluttercommunity.plus/connectivity)
ℹ️  INFO: Service health check completed
   Context: {status: offline, isConnected: false}
ℹ️  INFO: App state initialized successfully
❌ ERROR: Network connectivity check failed | MissingPluginException(No implementation found for method check on channel dev.fluttercommunity.plus/connectivity)
ℹ️  INFO: Service health check completed
   Context: {status: offline, isConnected: false}
ℹ️  INFO: App state initialized successfully
❌ ERROR: Network connectivity check failed | MissingPluginException(No implementation found for method check on channel dev.fluttercommunity.plus/connectivity)
ℹ️  INFO: Service health check completed
   Context: {status: offline, isConnected: false}
ℹ️  INFO: App state initialized successfully
❌ ERROR: Network connectivity check failed | MissingPluginException(No implementation found for method check on channel dev.fluttercommunity.plus/connectivity)
ℹ️  INFO: Service health check completed
   Context: {status: offline, isConnected: false}
ℹ️  INFO: App state initialized successfully
❌ ERROR: Network connectivity check failed | MissingPluginException(No implementation found for method check on channel dev.fluttercommunity.plus/connectivity)
ℹ️  INFO: Service health check completed
   Context: {status: offline, isConnected: false}
ℹ️  INFO: App state initialized successfully
❌ ERROR: Network connectivity check failed | MissingPluginException(No implementation found for method check on channel dev.fluttercommunity.plus/connectivity)
ℹ️  INFO: Service health check completed
   Context: {status: offline, isConnected: false}
ℹ️  INFO: App state initialized successfully
❌ ERROR: Network connectivity check failed | MissingPluginException(No implementation found for method check on channel dev.fluttercommunity.plus/connectivity)
ℹ️  INFO: Service health check completed
   Context: {status: offline, isConnected: false}
ℹ️  INFO: App state initialized successfully
❌ ERROR: Network connectivity check failed | MissingPluginException(No implementation found for method check on channel dev.fluttercommunity.plus/connectivity)
ℹ️  INFO: Service health check completed
   Context: {status: offline, isConnected: false}
ℹ️  INFO: App state initialized successfully
❌ ERROR: Network connectivity check failed | MissingPluginException(No implementation found for method check on channel dev.fluttercommunity.plus/connectivity)
ℹ️  INFO: Service health check completed
   Context: {status: offline, isConnected: false}
ℹ️  INFO: App state initialized successfully
❌ ERROR: Network connectivity check failed | MissingPluginException(No implementation found for method check on channel dev.fluttercommunity.plus/connectivity)
ℹ️  INFO: Service health check completed
   Context: {status: offline, isConnected: false}
ℹ️  INFO: App state initialized successfully
❌ ERROR: Network connectivity check failed | MissingPluginException(No implementation found for method check on channel dev.fluttercommunity.plus/connectivity)
ℹ️  INFO: Service health check completed
   Context: {status: offline, isConnected: false}
ℹ️  INFO: App state initialized successfully
❌ ERROR: Network connectivity check failed | MissingPluginException(No implementation found for method check on channel dev.fluttercommunity.plus/connectivity)
ℹ️  INFO: Service health check completed
   Context: {status: offline, isConnected: false}
ℹ️  INFO: App state initialized successfully
❌ ERROR: Network connectivity check failed | MissingPluginException(No implementation found for method check on channel dev.fluttercommunity.plus/connectivity)
ℹ️  INFO: Service health check completed
   Context: {status: offline, isConnected: false}
ℹ️  INFO: App state initialized successfully
❌ ERROR: Network connectivity check failed | MissingPluginException(No implementation found for method check on channel dev.fluttercommunity.plus/connectivity)
ℹ️  INFO: Service health check completed
   Context: {status: offline, isConnected: false}
ℹ️  INFO: App state initialized successfully
❌ ERROR: Network connectivity check failed | MissingPluginException(No implementation found for method check on channel dev.fluttercommunity.plus/connectivity)
ℹ️  INFO: Service health check completed
   Context: {status: offline, isConnected: false}
ℹ️  INFO: App state initialized successfully
❌ ERROR: Network connectivity check failed | MissingPluginException(No implementation found for method check on channel dev.fluttercommunity.plus/connectivity)
ℹ️  INFO: Service health check completed
   Context: {status: offline, isConnected: false}
ℹ️  INFO: App state initialized successfully
❌ ERROR: Network connectivity check failed | MissingPluginException(No implementation found for method check on channel dev.fluttercommunity.plus/connectivity)
ℹ️  INFO: Service health check completed
   Context: {status: offline, isConnected: false}
ℹ️  INFO: App state initialized successfully
❌ ERROR: Network connectivity check failed | MissingPluginException(No implementation found for method check on channel dev.fluttercommunity.plus/connectivity)
ℹ️  INFO: Service health check completed
   Context: {status: offline, isConnected: false}
ℹ️  INFO: App state initialized successfully
❌ ERROR: Network connectivity check failed | MissingPluginException(No implementation found for method check on channel dev.fluttercommunity.plus/connectivity)
ℹ️  INFO: Service health check completed
   Context: {status: offline, isConnected: false}
ℹ️  INFO: App state initialized successfully
❌ ERROR: Network connectivity check failed | MissingPluginException(No implementation found for method check on channel dev.fluttercommunity.plus/connectivity)
ℹ️  INFO: Service health check completed
   Context: {status: offline, isConnected: false}
ℹ️  INFO: App state initialized successfully
❌ ERROR: Network connectivity check failed | MissingPluginException(No implementation found for method check on channel dev.fluttercommunity.plus/connectivity)
ℹ️  INFO: Service health check completed
   Context: {status: offline, isConnected: false}
ℹ️  INFO: App state initialized successfully
❌ ERROR: Network connectivity check failed | MissingPluginException(No implementation found for method check on channel dev.fluttercommunity.plus/connectivity)
ℹ️  INFO: Service health check completed
   Context: {status: offline, isConnected: false}
ℹ️  INFO: App state initialized successfully
00:05 +364 ~1 -4: C:/Users/zarik/OneDrive/Desktop/TrossApp/frontend/test/integration/security_integration_test.dart: Security Integration Tests - UI + Service Layers dev login buttons should be hidden in production
00:05 +364 ~1 -4: C:/Users/zarik/OneDrive/Desktop/TrossApp/frontend/test/e2e/concurrent_operations_test.dart: Concurrent Operations Tests - High Concurrency Scenarios State Consistency Verification No state corruption after mixed concurrent operations
ℹ️  INFO: 🔑 AUTH SERVICE: ========== LOGOUT START (2025-11-11 13:25:25) ==========
   Context: {token: null, strategy: unknown, isAuth0: false, isDevUser: false}
ℹ️  INFO: 🔑 AUTH SERVICE: No token, skipping backend logout
ℹ️  INFO: 🔑 AUTH SERVICE: Unknown auth strategy, clearing state...
ℹ️  INFO: Clearing auth state
ℹ️  INFO: Initializing app state...
ℹ️  INFO: 🔑 AUTH SERVICE: ========== LOGOUT START (2025-11-11 13:25:25) ==========
   Context: {token: null, strategy: unknown, isAuth0: false, isDevUser: false}
ℹ️  INFO: 🔑 AUTH SERVICE: No token, skipping backend logout
ℹ️  INFO: 🔑 AUTH SERVICE: Unknown auth strategy, clearing state...
ℹ️  INFO: Clearing auth state
ℹ️  INFO: Initializing app state...
ℹ️  INFO: 🔑 AUTH SERVICE: ========== LOGOUT START (2025-11-11 13:25:25) ==========
   Context: {token: null, strategy: unknown, isAuth0: false, isDevUser: false}
ℹ️  INFO: 🔑 AUTH SERVICE: No token, skipping backend logout
ℹ️  INFO: 🔑 AUTH SERVICE: Unknown auth strategy, clearing state...
ℹ️  INFO: Clearing auth state
ℹ️  INFO: Initializing app state...
ℹ️  INFO: 🔑 AUTH SERVICE: ========== LOGOUT START (2025-11-11 13:25:25) ==========
   Context: {token: null, strategy: unknown, isAuth0: false, isDevUser: false}
ℹ️  INFO: 🔑 AUTH SERVICE: No token, skipping backend logout
ℹ️  INFO: 🔑 AUTH SERVICE: Unknown auth strategy, clearing state...
ℹ️  INFO: Clearing auth state
ℹ️  INFO: Initializing app state...
ℹ️  INFO: 🔑 AUTH SERVICE: ========== LOGOUT START (2025-11-11 13:25:25) ==========
   Context: {token: null, strategy: unknown, isAuth0: false, isDevUser: false}
ℹ️  INFO: 🔑 AUTH SERVICE: No token, skipping backend logout
ℹ️  INFO: 🔑 AUTH SERVICE: Unknown auth strategy, clearing state...
ℹ️  INFO: Clearing auth state
ℹ️  INFO: Initializing app state...
ℹ️  INFO: 🔑 AUTH SERVICE: ========== LOGOUT START (2025-11-11 13:25:25) ==========
   Context: {token: null, strategy: unknown, isAuth0: false, isDevUser: false}
00:05 +364 ~1 -4: C:/Users/zarik/OneDrive/Desktop/TrossApp/frontend/test/integration/security_integration_test.dart: Security Integration Tests - UI + Service Layers dev login buttons should be hidden in production
00:05 +364 ~1 -4: C:/Users/zarik/OneDrive/Desktop/TrossApp/frontend/test/e2e/concurrent_operations_test.dart: Concurrent Operations Tests - High Concurrency Scenarios State Consistency Verification No state corruption after mixed concurrent operations
ℹ️  INFO: 🔑 AUTH SERVICE: No token, skipping backend logout
ℹ️  INFO: 🔑 AUTH SERVICE: Unknown auth strategy, clearing state...
ℹ️  INFO: Clearing auth state
ℹ️  INFO: Initializing app state...
ℹ️  INFO: 🔑 AUTH SERVICE: ========== LOGOUT START (2025-11-11 13:25:25) ==========
   Context: {token: null, strategy: unknown, isAuth0: false, isDevUser: false}
ℹ️  INFO: 🔑 AUTH SERVICE: No token, skipping backend logout
ℹ️  INFO: 🔑 AUTH SERVICE: Unknown auth strategy, clearing state...
ℹ️  INFO: Clearing auth state
ℹ️  INFO: Initializing app state...
ℹ️  INFO: 🔑 AUTH SERVICE: ========== LOGOUT START (2025-11-11 13:25:25) ==========
   Context: {token: null, strategy: unknown, isAuth0: false, isDevUser: false}
ℹ️  INFO: 🔑 AUTH SERVICE: No token, skipping backend logout
ℹ️  INFO: 🔑 AUTH SERVICE: Unknown auth strategy, clearing state...
ℹ️  INFO: Clearing auth state
ℹ️  INFO: Initializing app state...
ℹ️  INFO: 🔑 AUTH SERVICE: ========== LOGOUT START (2025-11-11 13:25:25) ==========
   Context: {token: null, strategy: unknown, isAuth0: false, isDevUser: false}
ℹ️  INFO: 🔑 AUTH SERVICE: No token, skipping backend logout
ℹ️  INFO: 🔑 AUTH SERVICE: Unknown auth strategy, clearing state...
ℹ️  INFO: Clearing auth state
ℹ️  INFO: Initializing app state...
ℹ️  INFO: 🔑 AUTH SERVICE: ========== LOGOUT START (2025-11-11 13:25:25) ==========
   Context: {token: null, strategy: unknown, isAuth0: false, isDevUser: false}
ℹ️  INFO: 🔑 AUTH SERVICE: No token, skipping backend logout
ℹ️  INFO: 🔑 AUTH SERVICE: Unknown auth strategy, clearing state...
ℹ️  INFO: Clearing auth state
ℹ️  INFO: Initializing app state...
ℹ️  INFO: 🔑 AUTH SERVICE: ========== LOGOUT START (2025-11-11 13:25:25) ==========
   Context: {token: null, strategy: unknown, isAuth0: false, isDevUser: false}
ℹ️  INFO: 🔑 AUTH SERVICE: No token, skipping backend logout
ℹ️  INFO: 🔑 AUTH SERVICE: Unknown auth strategy, clearing state...
ℹ️  INFO: Clearing auth state
ℹ️  INFO: Initializing app state...
ℹ️  INFO: 🔑 AUTH SERVICE: ========== LOGOUT START (2025-11-11 13:25:25) ==========
   Context: {token: null, strategy: unknown, isAuth0: false, isDevUser: false}
ℹ️  INFO: 🔑 AUTH SERVICE: No token, skipping backend logout
ℹ️  INFO: 🔑 AUTH SERVICE: Unknown auth strategy, clearing state...
ℹ️  INFO: Clearing auth state
ℹ️  INFO: Initializing app state...
ℹ️  INFO: 🔑 AUTH SERVICE: ========== LOGOUT START (2025-11-11 13:25:25) ==========
   Context: {token: null, strategy: unknown, isAuth0: false, isDevUser: false}
ℹ️  INFO: 🔑 AUTH SERVICE: No token, skipping backend logout
ℹ️  INFO: 🔑 AUTH SERVICE: Unknown auth strategy, clearing state...
ℹ️  INFO: Clearing auth state
ℹ️  INFO: Initializing app state...
ℹ️  INFO: 🔑 AUTH SERVICE: ========== LOGOUT START (2025-11-11 13:25:25) ==========
   Context: {token: null, strategy: unknown, isAuth0: false, isDevUser: false}
ℹ️  INFO: 🔑 AUTH SERVICE: No token, skipping backend logout
ℹ️  INFO: 🔑 AUTH SERVICE: Unknown auth strategy, clearing state...
ℹ️  INFO: Clearing auth state
ℹ️  INFO: Initializing app state...
ℹ️  INFO: 🔑 AUTH SERVICE: ========== LOGOUT START (2025-11-11 13:25:25) ==========
   Context: {token: null, strategy: unknown, isAuth0: false, isDevUser: false}
ℹ️  INFO: 🔑 AUTH SERVICE: No token, skipping backend logout
ℹ️  INFO: 🔑 AUTH SERVICE: Unknown auth strategy, clearing state...
ℹ️  INFO: Clearing auth state
ℹ️  INFO: Initializing app state...
ℹ️  INFO: 🔑 AUTH SERVICE: ========== LOGOUT START (2025-11-11 13:25:25) ==========
   Context: {token: null, strategy: unknown, isAuth0: false, isDevUser: false}
ℹ️  INFO: 🔑 AUTH SERVICE: No token, skipping backend logout
ℹ️  INFO: 🔑 AUTH SERVICE: Unknown auth strategy, clearing state...
ℹ️  INFO: Clearing auth state
ℹ️  INFO: Initializing app state...
ℹ️  INFO: 🔑 AUTH SERVICE: ========== LOGOUT START (2025-11-11 13:25:25) ==========
   Context: {token: null, strategy: unknown, isAuth0: false, isDevUser: false}
ℹ️  INFO: 🔑 AUTH SERVICE: No token, skipping backend logout
ℹ️  INFO: 🔑 AUTH SERVICE: Unknown auth strategy, clearing state...
ℹ️  INFO: Clearing auth state
ℹ️  INFO: Initializing app state...
ℹ️  INFO: 🔑 AUTH SERVICE: ========== LOGOUT START (2025-11-11 13:25:25) ==========
   Context: {token: null, strategy: unknown, isAuth0: false, isDevUser: false}
ℹ️  INFO: 🔑 AUTH SERVICE: No token, skipping backend logout
ℹ️  INFO: 🔑 AUTH SERVICE: Unknown auth strategy, clearing state...
ℹ️  INFO: Clearing auth state
ℹ️  INFO: Initializing app state...
ℹ️  INFO: 🔑 AUTH SERVICE: ========== LOGOUT START (2025-11-11 13:25:25) ==========
   Context: {token: null, strategy: unknown, isAuth0: false, isDevUser: false}
ℹ️  INFO: 🔑 AUTH SERVICE: No token, skipping backend logout
ℹ️  INFO: 🔑 AUTH SERVICE: Unknown auth strategy, clearing state...
ℹ️  INFO: Clearing auth state
ℹ️  INFO: Initializing app state...
ℹ️  INFO: 🔑 AUTH SERVICE: ========== LOGOUT START (2025-11-11 13:25:25) ==========
   Context: {token: null, strategy: unknown, isAuth0: false, isDevUser: false}
ℹ️  INFO: 🔑 AUTH SERVICE: No token, skipping backend logout
ℹ️  INFO: 🔑 AUTH SERVICE: Unknown auth strategy, clearing state...
ℹ️  INFO: Clearing auth state
ℹ️  INFO: Initializing app state...
❌ ERROR: Failed to retrieve stored auth data | MissingPluginException(No implementation found for method read on channel plugins.it_nomads.com/flutter_secure_storage)
ℹ️  INFO: No stored auth data found
ℹ️  INFO: No stored auth data found
ℹ️  INFO: Auth state initialized - no active session
❌ ERROR: Failed to clear auth data | MissingPluginException(No implementation found for method delete on channel plugins.it_nomads.com/flutter_secure_storage)
ℹ️  INFO: Auth data cleared
ℹ️  INFO: Auth state cleared
ℹ️  INFO: 🔑 AUTH SERVICE: ========== LOGOUT END (total: 15ms) ==========
❌ ERROR: Network connectivity check failed | MissingPluginException(No implementation found for method check on channel dev.fluttercommunity.plus/connectivity)
❌ ERROR: Network connectivity check failed | MissingPluginException(No implementation found for method check on channel dev.fluttercommunity.plus/connectivity)
ℹ️  INFO: Service health check completed
   Context: {status: offline, isConnected: false}
❌ ERROR: Network connectivity check failed | MissingPluginException(No implementation found for method check on channel dev.fluttercommunity.plus/connectivity)
❌ ERROR: Failed to retrieve stored auth data | MissingPluginException(No implementation found for method read on channel plugins.it_nomads.com/flutter_secure_storage)
ℹ️  INFO: No stored auth data found
ℹ️  INFO: No stored auth data found
ℹ️  INFO: Auth state initialized - no active session
❌ ERROR: Failed to clear auth data | MissingPluginException(No implementation found for method delete on channel plugins.it_nomads.com/flutter_secure_storage)
ℹ️  INFO: Auth data cleared
ℹ️  INFO: Auth state cleared
ℹ️  INFO: 🔑 AUTH SERVICE: ========== LOGOUT END (total: 15ms) ==========
❌ ERROR: Network connectivity check failed | MissingPluginException(No implementation found for method check on channel dev.fluttercommunity.plus/connectivity)
❌ ERROR: Network connectivity check failed | MissingPluginException(No implementation found for method check on channel dev.fluttercommunity.plus/connectivity)
ℹ️  INFO: Service health check completed
   Context: {status: offline, isConnected: false}
❌ ERROR: Network connectivity check failed | MissingPluginException(No implementation found for method check on channel dev.fluttercommunity.plus/connectivity)
❌ ERROR: Failed to retrieve stored auth data | MissingPluginException(No implementation found for method read on channel plugins.it_nomads.com/flutter_secure_storage)
ℹ️  INFO: No stored auth data found
ℹ️  INFO: No stored auth data found
ℹ️  INFO: Auth state initialized - no active session
❌ ERROR: Failed to clear auth data | MissingPluginException(No implementation found for method delete on channel plugins.it_nomads.com/flutter_secure_storage)
ℹ️  INFO: Auth data cleared
ℹ️  INFO: Auth state cleared
ℹ️  INFO: 🔑 AUTH SERVICE: ========== LOGOUT END (total: 15ms) ==========
❌ ERROR: Network connectivity check failed | MissingPluginException(No implementation found for method check on channel dev.fluttercommunity.plus/connectivity)
❌ ERROR: Network connectivity check failed | MissingPluginException(No implementation found for method check on channel dev.fluttercommunity.plus/connectivity)
ℹ️  INFO: Service health check completed
   Context: {status: offline, isConnected: false}
❌ ERROR: Network connectivity check failed | MissingPluginException(No implementation found for method check on channel dev.fluttercommunity.plus/connectivity)
❌ ERROR: Failed to retrieve stored auth data | MissingPluginException(No implementation found for method read on channel plugins.it_nomads.com/flutter_secure_storage)
ℹ️  INFO: No stored auth data found
ℹ️  INFO: No stored auth data found
ℹ️  INFO: Auth state initialized - no active session
❌ ERROR: Failed to clear auth data | MissingPluginException(No implementation found for method delete on channel plugins.it_nomads.com/flutter_secure_storage)
ℹ️  INFO: Auth data cleared
ℹ️  INFO: Auth state cleared
ℹ️  INFO: 🔑 AUTH SERVICE: ========== LOGOUT END (total: 15ms) ==========
❌ ERROR: Network connectivity check failed | MissingPluginException(No implementation found for method check on channel dev.fluttercommunity.plus/connectivity)
❌ ERROR: Network connectivity check failed | MissingPluginException(No implementation found for method check on channel dev.fluttercommunity.plus/connectivity)
ℹ️  INFO: Service health check completed
   Context: {status: offline, isConnected: false}
❌ ERROR: Network connectivity check failed | MissingPluginException(No implementation found for method check on channel dev.fluttercommunity.plus/connectivity)
❌ ERROR: Failed to retrieve stored auth data | MissingPluginException(No implementation found for method read on channel plugins.it_nomads.com/flutter_secure_storage)
ℹ️  INFO: No stored auth data found
ℹ️  INFO: No stored auth data found
ℹ️  INFO: Auth state initialized - no active session
❌ ERROR: Failed to clear auth data | MissingPluginException(No implementation found for method delete on channel plugins.it_nomads.com/flutter_secure_storage)
ℹ️  INFO: Auth data cleared
ℹ️  INFO: Auth state cleared
ℹ️  INFO: 🔑 AUTH SERVICE: ========== LOGOUT END (total: 17ms) ==========
❌ ERROR: Network connectivity check failed | MissingPluginException(No implementation found for method check on channel dev.fluttercommunity.plus/connectivity)
❌ ERROR: Network connectivity check failed | MissingPluginException(No implementation found for method check on channel dev.fluttercommunity.plus/connectivity)
ℹ️  INFO: Service health check completed
   Context: {status: offline, isConnected: false}
❌ ERROR: Network connectivity check failed | MissingPluginException(No implementation found for method check on channel dev.fluttercommunity.plus/connectivity)
❌ ERROR: Failed to retrieve stored auth data | MissingPluginException(No implementation found for method read on channel plugins.it_nomads.com/flutter_secure_storage)
ℹ️  INFO: No stored auth data found
ℹ️  INFO: No stored auth data found
ℹ️  INFO: Auth state initialized - no active session
❌ ERROR: Failed to clear auth data | MissingPluginException(No implementation found for method delete on channel plugins.it_nomads.com/flutter_secure_storage)
ℹ️  INFO: Auth data cleared
ℹ️  INFO: Auth state cleared
ℹ️  INFO: 🔑 AUTH SERVICE: ========== LOGOUT END (total: 18ms) ==========
❌ ERROR: Network connectivity check failed | MissingPluginException(No implementation found for method check on channel dev.fluttercommunity.plus/connectivity)
❌ ERROR: Network connectivity check failed | MissingPluginException(No implementation found for method check on channel dev.fluttercommunity.plus/connectivity)
ℹ️  INFO: Service health check completed
   Context: {status: offline, isConnected: false}
❌ ERROR: Network connectivity check failed | MissingPluginException(No implementation found for method check on channel dev.fluttercommunity.plus/connectivity)
❌ ERROR: Failed to retrieve stored auth data | MissingPluginException(No implementation found for method read on channel plugins.it_nomads.com/flutter_secure_storage)
ℹ️  INFO: No stored auth data found
ℹ️  INFO: No stored auth data found
ℹ️  INFO: Auth state initialized - no active session
❌ ERROR: Failed to clear auth data | MissingPluginException(No implementation found for method delete on channel plugins.it_nomads.com/flutter_secure_storage)
ℹ️  INFO: Auth data cleared
ℹ️  INFO: Auth state cleared
ℹ️  INFO: 🔑 AUTH SERVICE: ========== LOGOUT END (total: 19ms) ==========
❌ ERROR: Network connectivity check failed | MissingPluginException(No implementation found for method check on channel dev.fluttercommunity.plus/connectivity)
❌ ERROR: Network connectivity check failed | MissingPluginException(No implementation found for method check on channel dev.fluttercommunity.plus/connectivity)
ℹ️  INFO: Service health check completed
   Context: {status: offline, isConnected: false}
❌ ERROR: Network connectivity check failed | MissingPluginException(No implementation found for method check on channel dev.fluttercommunity.plus/connectivity)
❌ ERROR: Failed to retrieve stored auth data | MissingPluginException(No implementation found for method read on channel plugins.it_nomads.com/flutter_secure_storage)
ℹ️  INFO: No stored auth data found
ℹ️  INFO: No stored auth data found
ℹ️  INFO: Auth state initialized - no active session
❌ ERROR: Failed to clear auth data | MissingPluginException(No implementation found for method delete on channel plugins.it_nomads.com/flutter_secure_storage)
ℹ️  INFO: Auth data cleared
ℹ️  INFO: Auth state cleared
ℹ️  INFO: 🔑 AUTH SERVICE: ========== LOGOUT END (total: 20ms) ==========
❌ ERROR: Network connectivity check failed | MissingPluginException(No implementation found for method check on channel dev.fluttercommunity.plus/connectivity)
❌ ERROR: Network connectivity check failed | MissingPluginException(No implementation found for method check on channel dev.fluttercommunity.plus/connectivity)
ℹ️  INFO: Service health check completed
   Context: {status: offline, isConnected: false}
❌ ERROR: Network connectivity check failed | MissingPluginException(No implementation found for method check on channel dev.fluttercommunity.plus/connectivity)
❌ ERROR: Failed to retrieve stored auth data | MissingPluginException(No implementation found for method read on channel plugins.it_nomads.com/flutter_secure_storage)
ℹ️  INFO: No stored auth data found
ℹ️  INFO: No stored auth data found
ℹ️  INFO: Auth state initialized - no active session
❌ ERROR: Failed to clear auth data | MissingPluginException(No implementation found for method delete on channel plugins.it_nomads.com/flutter_secure_storage)
ℹ️  INFO: Auth data cleared
ℹ️  INFO: Auth state cleared
ℹ️  INFO: 🔑 AUTH SERVICE: ========== LOGOUT END (total: 21ms) ==========
❌ ERROR: Network connectivity check failed | MissingPluginException(No implementation found for method check on channel dev.fluttercommunity.plus/connectivity)
❌ ERROR: Network connectivity check failed | MissingPluginException(No implementation found for method check on channel dev.fluttercommunity.plus/connectivity)
ℹ️  INFO: Service health check completed
   Context: {status: offline, isConnected: false}
❌ ERROR: Network connectivity check failed | MissingPluginException(No implementation found for method check on channel dev.fluttercommunity.plus/connectivity)
❌ ERROR: Failed to retrieve stored auth data | MissingPluginException(No implementation found for method read on channel plugins.it_nomads.com/flutter_secure_storage)
ℹ️  INFO: No stored auth data found
ℹ️  INFO: No stored auth data found
ℹ️  INFO: Auth state initialized - no active session
❌ ERROR: Failed to clear auth data | MissingPluginException(No implementation found for method delete on channel plugins.it_nomads.com/flutter_secure_storage)
ℹ️  INFO: Auth data cleared
ℹ️  INFO: Auth state cleared
ℹ️  INFO: 🔑 AUTH SERVICE: ========== LOGOUT END (total: 22ms) ==========
❌ ERROR: Network connectivity check failed | MissingPluginException(No implementation found for method check on channel dev.fluttercommunity.plus/connectivity)
❌ ERROR: Network connectivity check failed | MissingPluginException(No implementation found for method check on channel dev.fluttercommunity.plus/connectivity)
ℹ️  INFO: Service health check completed
   Context: {status: offline, isConnected: false}
❌ ERROR: Network connectivity check failed | MissingPluginException(No implementation found for method check on channel dev.fluttercommunity.plus/connectivity)
❌ ERROR: Failed to retrieve stored auth data | MissingPluginException(No implementation found for method read on channel plugins.it_nomads.com/flutter_secure_storage)
ℹ️  INFO: No stored auth data found
ℹ️  INFO: No stored auth data found
ℹ️  INFO: Auth state initialized - no active session
❌ ERROR: Failed to clear auth data | MissingPluginException(No implementation found for method delete on channel plugins.it_nomads.com/flutter_secure_storage)
ℹ️  INFO: Auth data cleared
ℹ️  INFO: Auth state cleared
ℹ️  INFO: 🔑 AUTH SERVICE: ========== LOGOUT END (total: 23ms) ==========
❌ ERROR: Network connectivity check failed | MissingPluginException(No implementation found for method check on channel dev.fluttercommunity.plus/connectivity)
❌ ERROR: Network connectivity check failed | MissingPluginException(No implementation found for method check on channel dev.fluttercommunity.plus/connectivity)
ℹ️  INFO: Service health check completed
   Context: {status: offline, isConnected: false}
❌ ERROR: Network connectivity check failed | MissingPluginException(No implementation found for method check on channel dev.fluttercommunity.plus/connectivity)
❌ ERROR: Failed to retrieve stored auth data | MissingPluginException(No implementation found for method read on channel plugins.it_nomads.com/flutter_secure_storage)
ℹ️  INFO: No stored auth data found
ℹ️  INFO: No stored auth data found
ℹ️  INFO: Auth state initialized - no active session
❌ ERROR: Failed to clear auth data | MissingPluginException(No implementation found for method delete on channel plugins.it_nomads.com/flutter_secure_storage)
ℹ️  INFO: Auth data cleared
ℹ️  INFO: Auth state cleared
ℹ️  INFO: 🔑 AUTH SERVICE: ========== LOGOUT END (total: 23ms) ==========
❌ ERROR: Network connectivity check failed | MissingPluginException(No implementation found for method check on channel dev.fluttercommunity.plus/connectivity)
❌ ERROR: Network connectivity check failed | MissingPluginException(No implementation found for method check on channel dev.fluttercommunity.plus/connectivity)
ℹ️  INFO: Service health check completed
   Context: {status: offline, isConnected: false}
❌ ERROR: Network connectivity check failed | MissingPluginException(No implementation found for method check on channel dev.fluttercommunity.plus/connectivity)
❌ ERROR: Failed to retrieve stored auth data | MissingPluginException(No implementation found for method read on channel plugins.it_nomads.com/flutter_secure_storage)
ℹ️  INFO: No stored auth data found
ℹ️  INFO: No stored auth data found
ℹ️  INFO: Auth state initialized - no active session
❌ ERROR: Failed to clear auth data | MissingPluginException(No implementation found for method delete on channel plugins.it_nomads.com/flutter_secure_storage)
ℹ️  INFO: Auth data cleared
00:05 +365 ~1 -4: C:/Users/zarik/OneDrive/Desktop/TrossApp/frontend/test/integration/security_integration_test.dart: Security Integration Tests - UI + Service Layers dev login buttons should be hidden in production
00:05 +365 ~1 -4: C:/Users/zarik/OneDrive/Desktop/TrossApp/frontend/test/e2e/concurrent_operations_test.dart: Concurrent Operations Tests - High Concurrency Scenarios State Consistency Verification No state corruption after mixed concurrent operations
ℹ️  INFO: Auth state cleared
ℹ️  INFO: 🔑 AUTH SERVICE: ========== LOGOUT END (total: 24ms) ==========
❌ ERROR: Network connectivity check failed | MissingPluginException(No implementation found for method check on channel dev.fluttercommunity.plus/connectivity)
❌ ERROR: Network connectivity check failed | MissingPluginException(No implementation found for method check on channel dev.fluttercommunity.plus/connectivity)
ℹ️  INFO: Service health check completed
   Context: {status: offline, isConnected: false}
❌ ERROR: Network connectivity check failed | MissingPluginException(No implementation found for method check on channel dev.fluttercommunity.plus/connectivity)
❌ ERROR: Failed to retrieve stored auth data | MissingPluginException(No implementation found for method read on channel plugins.it_nomads.com/flutter_secure_storage)
ℹ️  INFO: No stored auth data found
ℹ️  INFO: No stored auth data found
ℹ️  INFO: Auth state initialized - no active session
❌ ERROR: Failed to clear auth data | MissingPluginException(No implementation found for method delete on channel plugins.it_nomads.com/flutter_secure_storage)
ℹ️  INFO: Auth data cleared
ℹ️  INFO: Auth state cleared
ℹ️  INFO: 🔑 AUTH SERVICE: ========== LOGOUT END (total: 24ms) ==========
❌ ERROR: Network connectivity check failed | MissingPluginException(No implementation found for method check on channel dev.fluttercommunity.plus/connectivity)
❌ ERROR: Network connectivity check failed | MissingPluginException(No implementation found for method check on channel dev.fluttercommunity.plus/connectivity)
ℹ️  INFO: Service health check completed
   Context: {status: offline, isConnected: false}
❌ ERROR: Network connectivity check failed | MissingPluginException(No implementation found for method check on channel dev.fluttercommunity.plus/connectivity)
❌ ERROR: Failed to retrieve stored auth data | MissingPluginException(No implementation found for method read on channel plugins.it_nomads.com/flutter_secure_storage)
ℹ️  INFO: No stored auth data found
ℹ️  INFO: No stored auth data found
ℹ️  INFO: Auth state initialized - no active session
❌ ERROR: Failed to clear auth data | MissingPluginException(No implementation found for method delete on channel plugins.it_nomads.com/flutter_secure_storage)
ℹ️  INFO: Auth data cleared
ℹ️  INFO: Auth state cleared
ℹ️  INFO: 🔑 AUTH SERVICE: ========== LOGOUT END (total: 25ms) ==========
❌ ERROR: Network connectivity check failed | MissingPluginException(No implementation found for method check on channel dev.fluttercommunity.plus/connectivity)
❌ ERROR: Network connectivity check failed | MissingPluginException(No implementation found for method check on channel dev.fluttercommunity.plus/connectivity)
ℹ️  INFO: Service health check completed
   Context: {status: offline, isConnected: false}
❌ ERROR: Network connectivity check failed | MissingPluginException(No implementation found for method check on channel dev.fluttercommunity.plus/connectivity)
❌ ERROR: Failed to retrieve stored auth data | MissingPluginException(No implementation found for method read on channel plugins.it_nomads.com/flutter_secure_storage)
ℹ️  INFO: No stored auth data found
ℹ️  INFO: No stored auth data found
ℹ️  INFO: Auth state initialized - no active session
❌ ERROR: Failed to clear auth data | MissingPluginException(No implementation found for method delete on channel plugins.it_nomads.com/flutter_secure_storage)
ℹ️  INFO: Auth data cleared
ℹ️  INFO: Auth state cleared
ℹ️  INFO: 🔑 AUTH SERVICE: ========== LOGOUT END (total: 24ms) ==========
❌ ERROR: Network connectivity check failed | MissingPluginException(No implementation found for method check on channel dev.fluttercommunity.plus/connectivity)
❌ ERROR: Network connectivity check failed | MissingPluginException(No implementation found for method check on channel dev.fluttercommunity.plus/connectivity)
ℹ️  INFO: Service health check completed
   Context: {status: offline, isConnected: false}
❌ ERROR: Network connectivity check failed | MissingPluginException(No implementation found for method check on channel dev.fluttercommunity.plus/connectivity)
❌ ERROR: Failed to retrieve stored auth data | MissingPluginException(No implementation found for method read on channel plugins.it_nomads.com/flutter_secure_storage)
ℹ️  INFO: No stored auth data found
ℹ️  INFO: No stored auth data found
ℹ️  INFO: Auth state initialized - no active session
❌ ERROR: Failed to clear auth data | MissingPluginException(No implementation found for method delete on channel plugins.it_nomads.com/flutter_secure_storage)
ℹ️  INFO: Auth data cleared
ℹ️  INFO: Auth state cleared
ℹ️  INFO: 🔑 AUTH SERVICE: ========== LOGOUT END (total: 25ms) ==========
00:05 +366 ~1 -4: C:/Users/zarik/OneDrive/Desktop/TrossApp/frontend/test/integration/security_integration_test.dart: Security Integration Tests - UI + Service Layers dev login buttons should be hidden in production
00:05 +366 ~1 -4: C:/Users/zarik/OneDrive/Desktop/TrossApp/frontend/test/e2e/concurrent_operations_test.dart: Concurrent Operations Tests - High Concurrency Scenarios State Consistency Verification No state corruption after mixed concurrent operations
❌ ERROR: Network connectivity check failed | MissingPluginException(No implementation found for method check on channel dev.fluttercommunity.plus/connectivity)
❌ ERROR: Network connectivity check failed | MissingPluginException(No implementation found for method check on channel dev.fluttercommunity.plus/connectivity)
ℹ️  INFO: Service health check completed
   Context: {status: offline, isConnected: false}
❌ ERROR: Network connectivity check failed | MissingPluginException(No implementation found for method check on channel dev.fluttercommunity.plus/connectivity)
❌ ERROR: Failed to retrieve stored auth data | MissingPluginException(No implementation found for method read on channel plugins.it_nomads.com/flutter_secure_storage)
ℹ️  INFO: No stored auth data found
ℹ️  INFO: No stored auth data found
ℹ️  INFO: Auth state initialized - no active session
❌ ERROR: Failed to clear auth data | MissingPluginException(No implementation found for method delete on channel plugins.it_nomads.com/flutter_secure_storage)
ℹ️  INFO: Auth data cleared
ℹ️  INFO: Auth state cleared
ℹ️  INFO: 🔑 AUTH SERVICE: ========== LOGOUT END (total: 25ms) ==========
❌ ERROR: Network connectivity check failed | MissingPluginException(No implementation found for method check on channel dev.fluttercommunity.plus/connectivity)
❌ ERROR: Network connectivity check failed | MissingPluginException(No implementation found for method check on channel dev.fluttercommunity.plus/connectivity)
ℹ️  INFO: Service health check completed
   Context: {status: offline, isConnected: false}
❌ ERROR: Network connectivity check failed | MissingPluginException(No implementation found for method check on channel dev.fluttercommunity.plus/connectivity)
❌ ERROR: Failed to retrieve stored auth data | MissingPluginException(No implementation found for method read on channel plugins.it_nomads.com/flutter_secure_storage)
ℹ️  INFO: No stored auth data found
ℹ️  INFO: No stored auth data found
ℹ️  INFO: Auth state initialized - no active session
❌ ERROR: Failed to clear auth data | MissingPluginException(No implementation found for method delete on channel plugins.it_nomads.com/flutter_secure_storage)
ℹ️  INFO: Auth data cleared
ℹ️  INFO: Auth state cleared
ℹ️  INFO: 🔑 AUTH SERVICE: ========== LOGOUT END (total: 25ms) ==========
❌ ERROR: Network connectivity check failed | MissingPluginException(No implementation found for method check on channel dev.fluttercommunity.plus/connectivity)
❌ ERROR: Network connectivity check failed | MissingPluginException(No implementation found for method check on channel dev.fluttercommunity.plus/connectivity)
ℹ️  INFO: Service health check completed
   Context: {status: offline, isConnected: false}
❌ ERROR: Network connectivity check failed | MissingPluginException(No implementation found for method check on channel dev.fluttercommunity.plus/connectivity)
❌ ERROR: Failed to retrieve stored auth data | MissingPluginException(No implementation found for method read on channel plugins.it_nomads.com/flutter_secure_storage)
ℹ️  INFO: No stored auth data found
ℹ️  INFO: No stored auth data found
ℹ️  INFO: Auth state initialized - no active session
❌ ERROR: Failed to clear auth data | MissingPluginException(No implementation found for method delete on channel plugins.it_nomads.com/flutter_secure_storage)
ℹ️  INFO: Auth data cleared
ℹ️  INFO: Auth state cleared
ℹ️  INFO: 🔑 AUTH SERVICE: ========== LOGOUT END (total: 27ms) ==========
❌ ERROR: Network connectivity check failed | MissingPluginException(No implementation found for method check on channel dev.fluttercommunity.plus/connectivity)
❌ ERROR: Network connectivity check failed | MissingPluginException(No implementation found for method check on channel dev.fluttercommunity.plus/connectivity)
ℹ️  INFO: Service health check completed
   Context: {status: offline, isConnected: false}
❌ ERROR: Network connectivity check failed | MissingPluginException(No implementation found for method check on channel dev.fluttercommunity.plus/connectivity)
❌ ERROR: Network connectivity check failed | MissingPluginException(No implementation found for method check on channel dev.fluttercommunity.plus/connectivity)
ℹ️  INFO: Service health check completed
   Context: {status: offline, isConnected: false}
ℹ️  INFO: App state initialized successfully
❌ ERROR: Network connectivity check failed | MissingPluginException(No implementation found for method check on channel dev.fluttercommunity.plus/connectivity)
ℹ️  INFO: Service health check completed
   Context: {status: offline, isConnected: false}
ℹ️  INFO: App state initialized successfully
❌ ERROR: Network connectivity check failed | MissingPluginException(No implementation found for method check on channel dev.fluttercommunity.plus/connectivity)
ℹ️  INFO: Service health check completed
   Context: {status: offline, isConnected: false}
ℹ️  INFO: App state initialized successfully
❌ ERROR: Network connectivity check failed | MissingPluginException(No implementation found for method check on channel dev.fluttercommunity.plus/connectivity)
ℹ️  INFO: Service health check completed
   Context: {status: offline, isConnected: false}
ℹ️  INFO: App state initialized successfully
00:05 +367 ~1 -4: C:/Users/zarik/OneDrive/Desktop/TrossApp/frontend/test/integration/security_integration_test.dart: Security Integration Tests - UI + Service Layers dev login buttons should be hidden in production
00:05 +367 ~1 -4: C:/Users/zarik/OneDrive/Desktop/TrossApp/frontend/test/e2e/concurrent_operations_test.dart: Concurrent Operations Tests - High Concurrency Scenarios State Consistency Verification No state corruption after mixed concurrent operations
❌ ERROR: Network connectivity check failed | MissingPluginException(No implementation found for method check on channel dev.fluttercommunity.plus/connectivity)
ℹ️  INFO: Service health check completed
   Context: {status: offline, isConnected: false}
ℹ️  INFO: App state initialized successfully
❌ ERROR: Network connectivity check failed | MissingPluginException(No implementation found for method check on channel dev.fluttercommunity.plus/connectivity)
ℹ️  INFO: Service health check completed
   Context: {status: offline, isConnected: false}
ℹ️  INFO: App state initialized successfully
❌ ERROR: Network connectivity check failed | MissingPluginException(No implementation found for method check on channel dev.fluttercommunity.plus/connectivity)
ℹ️  INFO: Service health check completed
   Context: {status: offline, isConnected: false}
ℹ️  INFO: App state initialized successfully
❌ ERROR: Network connectivity check failed | MissingPluginException(No implementation found for method check on channel dev.fluttercommunity.plus/connectivity)
ℹ️  INFO: Service health check completed
   Context: {status: offline, isConnected: false}
ℹ️  INFO: App state initialized successfully
❌ ERROR: Network connectivity check failed | MissingPluginException(No implementation found for method check on channel dev.fluttercommunity.plus/connectivity)
ℹ️  INFO: Service health check completed
   Context: {status: offline, isConnected: false}
ℹ️  INFO: App state initialized successfully
❌ ERROR: Network connectivity check failed | MissingPluginException(No implementation found for method check on channel dev.fluttercommunity.plus/connectivity)
ℹ️  INFO: Service health check completed
   Context: {status: offline, isConnected: false}
ℹ️  INFO: App state initialized successfully
❌ ERROR: Network connectivity check failed | MissingPluginException(No implementation found for method check on channel dev.fluttercommunity.plus/connectivity)
ℹ️  INFO: Service health check completed
   Context: {status: offline, isConnected: false}
ℹ️  INFO: App state initialized successfully
❌ ERROR: Network connectivity check failed | MissingPluginException(No implementation found for method check on channel dev.fluttercommunity.plus/connectivity)
ℹ️  INFO: Service health check completed
   Context: {status: offline, isConnected: false}
ℹ️  INFO: App state initialized successfully
❌ ERROR: Network connectivity check failed | MissingPluginException(No implementation found for method check on channel dev.fluttercommunity.plus/connectivity)
ℹ️  INFO: Service health check completed
   Context: {status: offline, isConnected: false}
ℹ️  INFO: App state initialized successfully
❌ ERROR: Network connectivity check failed | MissingPluginException(No implementation found for method check on channel dev.fluttercommunity.plus/connectivity)
ℹ️  INFO: Service health check completed
   Context: {status: offline, isConnected: false}
ℹ️  INFO: App state initialized successfully
❌ ERROR: Network connectivity check failed | MissingPluginException(No implementation found for method check on channel dev.fluttercommunity.plus/connectivity)
ℹ️  INFO: Service health check completed
   Context: {status: offline, isConnected: false}
ℹ️  INFO: App state initialized successfully
❌ ERROR: Network connectivity check failed | MissingPluginException(No implementation found for method check on channel dev.fluttercommunity.plus/connectivity)
ℹ️  INFO: Service health check completed
   Context: {status: offline, isConnected: false}
ℹ️  INFO: App state initialized successfully
❌ ERROR: Network connectivity check failed | MissingPluginException(No implementation found for method check on channel dev.fluttercommunity.plus/connectivity)
ℹ️  INFO: Service health check completed
   Context: {status: offline, isConnected: false}
ℹ️  INFO: App state initialized successfully
❌ ERROR: Network connectivity check failed | MissingPluginException(No implementation found for method check on channel dev.fluttercommunity.plus/connectivity)
ℹ️  INFO: Service health check completed
   Context: {status: offline, isConnected: false}
ℹ️  INFO: App state initialized successfully
❌ ERROR: Network connectivity check failed | MissingPluginException(No implementation found for method check on channel dev.fluttercommunity.plus/connectivity)
ℹ️  INFO: Service health check completed
   Context: {status: offline, isConnected: false}
ℹ️  INFO: App state initialized successfully
❌ ERROR: Network connectivity check failed | MissingPluginException(No implementation found for method check on channel dev.fluttercommunity.plus/connectivity)
ℹ️  INFO: Service health check completed
00:05 +368 ~1 -4: C:/Users/zarik/OneDrive/Desktop/TrossApp/frontend/test/integration/security_integration_test.dart: Security Integration Tests - UI + Service Layers dev login buttons should be hidden in production
00:05 +368 ~1 -4: C:/Users/zarik/OneDrive/Desktop/TrossApp/frontend/test/e2e/concurrent_operations_test.dart: Concurrent Operations Tests - High Concurrency Scenarios State Consistency Verification No state corruption after mixed concurrent operations
   Context: {status: offline, isConnected: false}
ℹ️  INFO: App state initialized successfully
00:05 +369 ~1 -4: C:/Users/zarik/OneDrive/Desktop/TrossApp/frontend/test/integration/security_integration_test.dart: Security Integration Tests - UI + Service Layers dev login buttons should be hidden in production
00:05 +370 ~1 -4: C:/Users/zarik/OneDrive/Desktop/TrossApp/frontend/test/integration/security_integration_test.dart: Security Integration Tests - UI + Service Layers dev login buttons should be hidden in production
00:05 +371 ~1 -4: C:/Users/zarik/OneDrive/Desktop/TrossApp/frontend/test/integration/security_integration_test.dart: Security Integration Tests - UI + Service Layers dev login buttons should be hidden in production
00:05 +371 ~1 -4: C:/Users/zarik/OneDrive/Desktop/TrossApp/frontend/test/e2e/concurrent_operations_test.dart: Concurrent Operations Tests - High Concurrency Scenarios Performance Under Concurrency 50 concurrent operations complete in reasonable time
ℹ️  INFO: 🔑 AUTH SERVICE: ========== LOGOUT START (2025-11-11 13:25:25) ==========
00:05 +372 ~1 -4: C:/Users/zarik/OneDrive/Desktop/TrossApp/frontend/test/integration/security_integration_test.dart: Security Integration Tests - UI + Service Layers dev login buttons should be hidden in production
00:05 +372 ~1 -4: C:/Users/zarik/OneDrive/Desktop/TrossApp/frontend/test/e2e/concurrent_operations_test.dart: Concurrent Operations Tests - High Concurrency Scenarios Performance Under Concurrency 50 concurrent operations complete in reasonable time
   Context: {token: null, strategy: unknown, isAuth0: false, isDevUser: false}
ℹ️  INFO: 🔑 AUTH SERVICE: No token, skipping backend logout
ℹ️  INFO: 🔑 AUTH SERVICE: Unknown auth strategy, clearing state...
ℹ️  INFO: Clearing auth state
ℹ️  INFO: 🔑 AUTH SERVICE: ========== LOGOUT START (2025-11-11 13:25:25) ==========
   Context: {token: null, strategy: unknown, isAuth0: false, isDevUser: false}
ℹ️  INFO: 🔑 AUTH SERVICE: No token, skipping backend logout
ℹ️  INFO: 🔑 AUTH SERVICE: Unknown auth strategy, clearing state...
ℹ️  INFO: Clearing auth state
ℹ️  INFO: 🔑 AUTH SERVICE: ========== LOGOUT START (2025-11-11 13:25:25) ==========
   Context: {token: null, strategy: unknown, isAuth0: false, isDevUser: false}
ℹ️  INFO: 🔑 AUTH SERVICE: No token, skipping backend logout
ℹ️  INFO: 🔑 AUTH SERVICE: Unknown auth strategy, clearing state...
ℹ️  INFO: Clearing auth state
ℹ️  INFO: 🔑 AUTH SERVICE: ========== LOGOUT START (2025-11-11 13:25:25) ==========
   Context: {token: null, strategy: unknown, isAuth0: false, isDevUser: false}
ℹ️  INFO: 🔑 AUTH SERVICE: No token, skipping backend logout
ℹ️  INFO: 🔑 AUTH SERVICE: Unknown auth strategy, clearing state...
ℹ️  INFO: Clearing auth state
ℹ️  INFO: 🔑 AUTH SERVICE: ========== LOGOUT START (2025-11-11 13:25:25) ==========
   Context: {token: null, strategy: unknown, isAuth0: false, isDevUser: false}
ℹ️  INFO: 🔑 AUTH SERVICE: No token, skipping backend logout
ℹ️  INFO: 🔑 AUTH SERVICE: Unknown auth strategy, clearing state...
ℹ️  INFO: Clearing auth state
ℹ️  INFO: 🔑 AUTH SERVICE: ========== LOGOUT START (2025-11-11 13:25:25) ==========
   Context: {token: null, strategy: unknown, isAuth0: false, isDevUser: false}
ℹ️  INFO: 🔑 AUTH SERVICE: No token, skipping backend logout
00:05 +373 ~1 -4: C:/Users/zarik/OneDrive/Desktop/TrossApp/frontend/test/integration/security_integration_test.dart: Security Integration Tests - UI + Service Layers dev login buttons should be hidden in production
00:05 +373 ~1 -4: C:/Users/zarik/OneDrive/Desktop/TrossApp/frontend/test/e2e/concurrent_operations_test.dart: Concurrent Operations Tests - High Concurrency Scenarios Performance Under Concurrency 50 concurrent operations complete in reasonable time
ℹ️  INFO: 🔑 AUTH SERVICE: Unknown auth strategy, clearing state...
ℹ️  INFO: Clearing auth state
ℹ️  INFO: 🔑 AUTH SERVICE: ========== LOGOUT START (2025-11-11 13:25:25) ==========
   Context: {token: null, strategy: unknown, isAuth0: false, isDevUser: false}
ℹ️  INFO: 🔑 AUTH SERVICE: No token, skipping backend logout
ℹ️  INFO: 🔑 AUTH SERVICE: Unknown auth strategy, clearing state...
ℹ️  INFO: Clearing auth state
ℹ️  INFO: 🔑 AUTH SERVICE: ========== LOGOUT START (2025-11-11 13:25:25) ==========
   Context: {token: null, strategy: unknown, isAuth0: false, isDevUser: false}
ℹ️  INFO: 🔑 AUTH SERVICE: No token, skipping backend logout
ℹ️  INFO: 🔑 AUTH SERVICE: Unknown auth strategy, clearing state...
ℹ️  INFO: Clearing auth state
ℹ️  INFO: 🔑 AUTH SERVICE: ========== LOGOUT START (2025-11-11 13:25:25) ==========
   Context: {token: null, strategy: unknown, isAuth0: false, isDevUser: false}
ℹ️  INFO: 🔑 AUTH SERVICE: No token, skipping backend logout
ℹ️  INFO: 🔑 AUTH SERVICE: Unknown auth strategy, clearing state...
ℹ️  INFO: Clearing auth state
ℹ️  INFO: 🔑 AUTH SERVICE: ========== LOGOUT START (2025-11-11 13:25:25) ==========
   Context: {token: null, strategy: unknown, isAuth0: false, isDevUser: false}
ℹ️  INFO: 🔑 AUTH SERVICE: No token, skipping backend logout
ℹ️  INFO: 🔑 AUTH SERVICE: Unknown auth strategy, clearing state...
ℹ️  INFO: Clearing auth state
ℹ️  INFO: 🔑 AUTH SERVICE: ========== LOGOUT START (2025-11-11 13:25:25) ==========
   Context: {token: null, strategy: unknown, isAuth0: false, isDevUser: false}
ℹ️  INFO: 🔑 AUTH SERVICE: No token, skipping backend logout
ℹ️  INFO: 🔑 AUTH SERVICE: Unknown auth strategy, clearing state...
ℹ️  INFO: Clearing auth state
ℹ️  INFO: 🔑 AUTH SERVICE: ========== LOGOUT START (2025-11-11 13:25:25) ==========
   Context: {token: null, strategy: unknown, isAuth0: false, isDevUser: false}
ℹ️  INFO: 🔑 AUTH SERVICE: No token, skipping backend logout
ℹ️  INFO: 🔑 AUTH SERVICE: Unknown auth strategy, clearing state...
ℹ️  INFO: Clearing auth state
00:05 +374 ~1 -4: C:/Users/zarik/OneDrive/Desktop/TrossApp/frontend/test/integration/security_integration_test.dart: Security Integration Tests - UI + Service Layers dev login buttons should be hidden in production
00:05 +374 ~1 -4: C:/Users/zarik/OneDrive/Desktop/TrossApp/frontend/test/e2e/concurrent_operations_test.dart: Concurrent Operations Tests - High Concurrency Scenarios Performance Under Concurrency 50 concurrent operations complete in reasonable time
ℹ️  INFO: 🔑 AUTH SERVICE: ========== LOGOUT START (2025-11-11 13:25:25) ==========
   Context: {token: null, strategy: unknown, isAuth0: false, isDevUser: false}
ℹ️  INFO: 🔑 AUTH SERVICE: No token, skipping backend logout
ℹ️  INFO: 🔑 AUTH SERVICE: Unknown auth strategy, clearing state...
ℹ️  INFO: Clearing auth state
ℹ️  INFO: 🔑 AUTH SERVICE: ========== LOGOUT START (2025-11-11 13:25:25) ==========
   Context: {token: null, strategy: unknown, isAuth0: false, isDevUser: false}
ℹ️  INFO: 🔑 AUTH SERVICE: No token, skipping backend logout
ℹ️  INFO: 🔑 AUTH SERVICE: Unknown auth strategy, clearing state...
ℹ️  INFO: Clearing auth state
ℹ️  INFO: 🔑 AUTH SERVICE: ========== LOGOUT START (2025-11-11 13:25:25) ==========
   Context: {token: null, strategy: unknown, isAuth0: false, isDevUser: false}
ℹ️  INFO: 🔑 AUTH SERVICE: No token, skipping backend logout
ℹ️  INFO: 🔑 AUTH SERVICE: Unknown auth strategy, clearing state...
ℹ️  INFO: Clearing auth state
ℹ️  INFO: 🔑 AUTH SERVICE: ========== LOGOUT START (2025-11-11 13:25:25) ==========
   Context: {token: null, strategy: unknown, isAuth0: false, isDevUser: false}
ℹ️  INFO: 🔑 AUTH SERVICE: No token, skipping backend logout
ℹ️  INFO: 🔑 AUTH SERVICE: Unknown auth strategy, clearing state...
ℹ️  INFO: Clearing auth state
ℹ️  INFO: 🔑 AUTH SERVICE: ========== LOGOUT START (2025-11-11 13:25:25) ==========
   Context: {token: null, strategy: unknown, isAuth0: false, isDevUser: false}
ℹ️  INFO: 🔑 AUTH SERVICE: No token, skipping backend logout
ℹ️  INFO: 🔑 AUTH SERVICE: Unknown auth strategy, clearing state...
ℹ️  INFO: Clearing auth state
ℹ️  INFO: 🔑 AUTH SERVICE: ========== LOGOUT START (2025-11-11 13:25:25) ==========
   Context: {token: null, strategy: unknown, isAuth0: false, isDevUser: false}
ℹ️  INFO: 🔑 AUTH SERVICE: No token, skipping backend logout
ℹ️  INFO: 🔑 AUTH SERVICE: Unknown auth strategy, clearing state...
ℹ️  INFO: Clearing auth state
ℹ️  INFO: 🔑 AUTH SERVICE: ========== LOGOUT START (2025-11-11 13:25:25) ==========
   Context: {token: null, strategy: unknown, isAuth0: false, isDevUser: false}
ℹ️  INFO: 🔑 AUTH SERVICE: No token, skipping backend logout
ℹ️  INFO: 🔑 AUTH SERVICE: Unknown auth strategy, clearing state...
ℹ️  INFO: Clearing auth state
00:05 +375 ~1 -4: C:/Users/zarik/OneDrive/Desktop/TrossApp/frontend/test/integration/security_integration_test.dart: Security Integration Tests - UI + Service Layers dev login buttons should be hidden in production
00:05 +375 ~1 -4: C:/Users/zarik/OneDrive/Desktop/TrossApp/frontend/test/e2e/concurrent_operations_test.dart: Concurrent Operations Tests - High Concurrency Scenarios Performance Under Concurrency 50 concurrent operations complete in reasonable time
ℹ️  INFO: 🔑 AUTH SERVICE: ========== LOGOUT START (2025-11-11 13:25:25) ==========
   Context: {token: null, strategy: unknown, isAuth0: false, isDevUser: false}
ℹ️  INFO: 🔑 AUTH SERVICE: No token, skipping backend logout
ℹ️  INFO: 🔑 AUTH SERVICE: Unknown auth strategy, clearing state...
ℹ️  INFO: Clearing auth state
ℹ️  INFO: 🔑 AUTH SERVICE: ========== LOGOUT START (2025-11-11 13:25:25) ==========
   Context: {token: null, strategy: unknown, isAuth0: false, isDevUser: false}
ℹ️  INFO: 🔑 AUTH SERVICE: No token, skipping backend logout
ℹ️  INFO: 🔑 AUTH SERVICE: Unknown auth strategy, clearing state...
ℹ️  INFO: Clearing auth state
ℹ️  INFO: 🔑 AUTH SERVICE: ========== LOGOUT START (2025-11-11 13:25:25) ==========
   Context: {token: null, strategy: unknown, isAuth0: false, isDevUser: false}
ℹ️  INFO: 🔑 AUTH SERVICE: No token, skipping backend logout
ℹ️  INFO: 🔑 AUTH SERVICE: Unknown auth strategy, clearing state...
ℹ️  INFO: Clearing auth state
ℹ️  INFO: 🔑 AUTH SERVICE: ========== LOGOUT START (2025-11-11 13:25:25) ==========
   Context: {token: null, strategy: unknown, isAuth0: false, isDevUser: false}
ℹ️  INFO: 🔑 AUTH SERVICE: No token, skipping backend logout
ℹ️  INFO: 🔑 AUTH SERVICE: Unknown auth strategy, clearing state...
ℹ️  INFO: Clearing auth state
ℹ️  INFO: 🔑 AUTH SERVICE: ========== LOGOUT START (2025-11-11 13:25:25) ==========
   Context: {token: null, strategy: unknown, isAuth0: false, isDevUser: false}
ℹ️  INFO: 🔑 AUTH SERVICE: No token, skipping backend logout
ℹ️  INFO: 🔑 AUTH SERVICE: Unknown auth strategy, clearing state...
ℹ️  INFO: Clearing auth state
ℹ️  INFO: 🔑 AUTH SERVICE: ========== LOGOUT START (2025-11-11 13:25:25) ==========
   Context: {token: null, strategy: unknown, isAuth0: false, isDevUser: false}
ℹ️  INFO: 🔑 AUTH SERVICE: No token, skipping backend logout
ℹ️  INFO: 🔑 AUTH SERVICE: Unknown auth strategy, clearing state...
ℹ️  INFO: Clearing auth state
ℹ️  INFO: 🔑 AUTH SERVICE: ========== LOGOUT START (2025-11-11 13:25:25) ==========
   Context: {token: null, strategy: unknown, isAuth0: false, isDevUser: false}
ℹ️  INFO: 🔑 AUTH SERVICE: No token, skipping backend logout
ℹ️  INFO: 🔑 AUTH SERVICE: Unknown auth strategy, clearing state...
ℹ️  INFO: Clearing auth state
ℹ️  INFO: 🔑 AUTH SERVICE: ========== LOGOUT START (2025-11-11 13:25:25) ==========
   Context: {token: null, strategy: unknown, isAuth0: false, isDevUser: false}
ℹ️  INFO: 🔑 AUTH SERVICE: No token, skipping backend logout
ℹ️  INFO: 🔑 AUTH SERVICE: Unknown auth strategy, clearing state...
ℹ️  INFO: Clearing auth state
ℹ️  INFO: 🔑 AUTH SERVICE: ========== LOGOUT START (2025-11-11 13:25:25) ==========
   Context: {token: null, strategy: unknown, isAuth0: false, isDevUser: false}
ℹ️  INFO: 🔑 AUTH SERVICE: No token, skipping backend logout
ℹ️  INFO: 🔑 AUTH SERVICE: Unknown auth strategy, clearing state...
ℹ️  INFO: Clearing auth state
ℹ️  INFO: 🔑 AUTH SERVICE: ========== LOGOUT START (2025-11-11 13:25:25) ==========
   Context: {token: null, strategy: unknown, isAuth0: false, isDevUser: false}
ℹ️  INFO: 🔑 AUTH SERVICE: No token, skipping backend logout
ℹ️  INFO: 🔑 AUTH SERVICE: Unknown auth strategy, clearing state...
ℹ️  INFO: Clearing auth state
ℹ️  INFO: 🔑 AUTH SERVICE: ========== LOGOUT START (2025-11-11 13:25:25) ==========
   Context: {token: null, strategy: unknown, isAuth0: false, isDevUser: false}
ℹ️  INFO: 🔑 AUTH SERVICE: No token, skipping backend logout
ℹ️  INFO: 🔑 AUTH SERVICE: Unknown auth strategy, clearing state...
ℹ️  INFO: Clearing auth state
ℹ️  INFO: 🔑 AUTH SERVICE: ========== LOGOUT START (2025-11-11 13:25:25) ==========
   Context: {token: null, strategy: unknown, isAuth0: false, isDevUser: false}
ℹ️  INFO: 🔑 AUTH SERVICE: No token, skipping backend logout
ℹ️  INFO: 🔑 AUTH SERVICE: Unknown auth strategy, clearing state...
ℹ️  INFO: Clearing auth state
ℹ️  INFO: 🔑 AUTH SERVICE: ========== LOGOUT START (2025-11-11 13:25:25) ==========
   Context: {token: null, strategy: unknown, isAuth0: false, isDevUser: false}
ℹ️  INFO: 🔑 AUTH SERVICE: No token, skipping backend logout
ℹ️  INFO: 🔑 AUTH SERVICE: Unknown auth strategy, clearing state...
ℹ️  INFO: Clearing auth state
ℹ️  INFO: 🔑 AUTH SERVICE: ========== LOGOUT START (2025-11-11 13:25:25) ==========
   Context: {token: null, strategy: unknown, isAuth0: false, isDevUser: false}
ℹ️  INFO: 🔑 AUTH SERVICE: No token, skipping backend logout
ℹ️  INFO: 🔑 AUTH SERVICE: Unknown auth strategy, clearing state...
ℹ️  INFO: Clearing auth state
ℹ️  INFO: 🔑 AUTH SERVICE: ========== LOGOUT START (2025-11-11 13:25:25) ==========
   Context: {token: null, strategy: unknown, isAuth0: false, isDevUser: false}
ℹ️  INFO: 🔑 AUTH SERVICE: No token, skipping backend logout
ℹ️  INFO: 🔑 AUTH SERVICE: Unknown auth strategy, clearing state...
ℹ️  INFO: Clearing auth state
ℹ️  INFO: 🔑 AUTH SERVICE: ========== LOGOUT START (2025-11-11 13:25:25) ==========
   Context: {token: null, strategy: unknown, isAuth0: false, isDevUser: false}
ℹ️  INFO: 🔑 AUTH SERVICE: No token, skipping backend logout
ℹ️  INFO: 🔑 AUTH SERVICE: Unknown auth strategy, clearing state...
ℹ️  INFO: Clearing auth state
ℹ️  INFO: 🔑 AUTH SERVICE: ========== LOGOUT START (2025-11-11 13:25:25) ==========
   Context: {token: null, strategy: unknown, isAuth0: false, isDevUser: false}
ℹ️  INFO: 🔑 AUTH SERVICE: No token, skipping backend logout
ℹ️  INFO: 🔑 AUTH SERVICE: Unknown auth strategy, clearing state...
ℹ️  INFO: Clearing auth state
ℹ️  INFO: 🔑 AUTH SERVICE: ========== LOGOUT START (2025-11-11 13:25:25) ==========
   Context: {token: null, strategy: unknown, isAuth0: false, isDevUser: false}
ℹ️  INFO: 🔑 AUTH SERVICE: No token, skipping backend logout
ℹ️  INFO: 🔑 AUTH SERVICE: Unknown auth strategy, clearing state...
ℹ️  INFO: Clearing auth state
ℹ️  INFO: 🔑 AUTH SERVICE: ========== LOGOUT START (2025-11-11 13:25:25) ==========
   Context: {token: null, strategy: unknown, isAuth0: false, isDevUser: false}
ℹ️  INFO: 🔑 AUTH SERVICE: No token, skipping backend logout
ℹ️  INFO: 🔑 AUTH SERVICE: Unknown auth strategy, clearing state...
ℹ️  INFO: Clearing auth state
ℹ️  INFO: 🔑 AUTH SERVICE: ========== LOGOUT START (2025-11-11 13:25:25) ==========
   Context: {token: null, strategy: unknown, isAuth0: false, isDevUser: false}
ℹ️  INFO: 🔑 AUTH SERVICE: No token, skipping backend logout
ℹ️  INFO: 🔑 AUTH SERVICE: Unknown auth strategy, clearing state...
ℹ️  INFO: Clearing auth state
ℹ️  INFO: 🔑 AUTH SERVICE: ========== LOGOUT START (2025-11-11 13:25:25) ==========
   Context: {token: null, strategy: unknown, isAuth0: false, isDevUser: false}
ℹ️  INFO: 🔑 AUTH SERVICE: No token, skipping backend logout
ℹ️  INFO: 🔑 AUTH SERVICE: Unknown auth strategy, clearing state...
00:05 +376 ~1 -4: C:/Users/zarik/OneDrive/Desktop/TrossApp/frontend/test/integration/security_integration_test.dart: Security Integration Tests - UI + Service Layers dev login buttons should be hidden in production
00:05 +376 ~1 -4: C:/Users/zarik/OneDrive/Desktop/TrossApp/frontend/test/e2e/concurrent_operations_test.dart: Concurrent Operations Tests - High Concurrency Scenarios Performance Under Concurrency 50 concurrent operations complete in reasonable time
ℹ️  INFO: Clearing auth state
ℹ️  INFO: 🔑 AUTH SERVICE: ========== LOGOUT START (2025-11-11 13:25:25) ==========
   Context: {token: null, strategy: unknown, isAuth0: false, isDevUser: false}
ℹ️  INFO: 🔑 AUTH SERVICE: No token, skipping backend logout
ℹ️  INFO: 🔑 AUTH SERVICE: Unknown auth strategy, clearing state...
ℹ️  INFO: Clearing auth state
ℹ️  INFO: 🔑 AUTH SERVICE: ========== LOGOUT START (2025-11-11 13:25:25) ==========
   Context: {token: null, strategy: unknown, isAuth0: false, isDevUser: false}
ℹ️  INFO: 🔑 AUTH SERVICE: No token, skipping backend logout
ℹ️  INFO: 🔑 AUTH SERVICE: Unknown auth strategy, clearing state...
ℹ️  INFO: Clearing auth state
ℹ️  INFO: 🔑 AUTH SERVICE: ========== LOGOUT START (2025-11-11 13:25:25) ==========
   Context: {token: null, strategy: unknown, isAuth0: false, isDevUser: false}
ℹ️  INFO: 🔑 AUTH SERVICE: No token, skipping backend logout
ℹ️  INFO: 🔑 AUTH SERVICE: Unknown auth strategy, clearing state...
ℹ️  INFO: Clearing auth state
ℹ️  INFO: 🔑 AUTH SERVICE: ========== LOGOUT START (2025-11-11 13:25:25) ==========
   Context: {token: null, strategy: unknown, isAuth0: false, isDevUser: false}
ℹ️  INFO: 🔑 AUTH SERVICE: No token, skipping backend logout
ℹ️  INFO: 🔑 AUTH SERVICE: Unknown auth strategy, clearing state...
ℹ️  INFO: Clearing auth state
ℹ️  INFO: 🔑 AUTH SERVICE: ========== LOGOUT START (2025-11-11 13:25:25) ==========
   Context: {token: null, strategy: unknown, isAuth0: false, isDevUser: false}
ℹ️  INFO: 🔑 AUTH SERVICE: No token, skipping backend logout
ℹ️  INFO: 🔑 AUTH SERVICE: Unknown auth strategy, clearing state...
ℹ️  INFO: Clearing auth state
ℹ️  INFO: 🔑 AUTH SERVICE: ========== LOGOUT START (2025-11-11 13:25:25) ==========
   Context: {token: null, strategy: unknown, isAuth0: false, isDevUser: false}
ℹ️  INFO: 🔑 AUTH SERVICE: No token, skipping backend logout
ℹ️  INFO: 🔑 AUTH SERVICE: Unknown auth strategy, clearing state...
ℹ️  INFO: Clearing auth state
ℹ️  INFO: 🔑 AUTH SERVICE: ========== LOGOUT START (2025-11-11 13:25:25) ==========
   Context: {token: null, strategy: unknown, isAuth0: false, isDevUser: false}
ℹ️  INFO: 🔑 AUTH SERVICE: No token, skipping backend logout
ℹ️  INFO: 🔑 AUTH SERVICE: Unknown auth strategy, clearing state...
ℹ️  INFO: Clearing auth state
ℹ️  INFO: 🔑 AUTH SERVICE: ========== LOGOUT START (2025-11-11 13:25:25) ==========
   Context: {token: null, strategy: unknown, isAuth0: false, isDevUser: false}
ℹ️  INFO: 🔑 AUTH SERVICE: No token, skipping backend logout
ℹ️  INFO: 🔑 AUTH SERVICE: Unknown auth strategy, clearing state...
ℹ️  INFO: Clearing auth state
ℹ️  INFO: 🔑 AUTH SERVICE: ========== LOGOUT START (2025-11-11 13:25:25) ==========
   Context: {token: null, strategy: unknown, isAuth0: false, isDevUser: false}
00:05 +377 ~1 -4: C:/Users/zarik/OneDrive/Desktop/TrossApp/frontend/test/integration/security_integration_test.dart: Security Integration Tests - UI + Service Layers dev login buttons should be hidden in production
00:05 +377 ~1 -4: C:/Users/zarik/OneDrive/Desktop/TrossApp/frontend/test/e2e/concurrent_operations_test.dart: Concurrent Operations Tests - High Concurrency Scenarios Performance Under Concurrency 50 concurrent operations complete in reasonable time
ℹ️  INFO: 🔑 AUTH SERVICE: No token, skipping backend logout
ℹ️  INFO: 🔑 AUTH SERVICE: Unknown auth strategy, clearing state...
ℹ️  INFO: Clearing auth state
ℹ️  INFO: 🔑 AUTH SERVICE: ========== LOGOUT START (2025-11-11 13:25:25) ==========
   Context: {token: null, strategy: unknown, isAuth0: false, isDevUser: false}
ℹ️  INFO: 🔑 AUTH SERVICE: No token, skipping backend logout
ℹ️  INFO: 🔑 AUTH SERVICE: Unknown auth strategy, clearing state...
ℹ️  INFO: Clearing auth state
❌ ERROR: Failed to clear auth data | MissingPluginException(No implementation found for method delete on channel plugins.it_nomads.com/flutter_secure_storage)
ℹ️  INFO: Auth data cleared
ℹ️  INFO: Auth state cleared
ℹ️  INFO: 🔑 AUTH SERVICE: ========== LOGOUT END (total: 24ms) ==========
❌ ERROR: Failed to clear auth data | MissingPluginException(No implementation found for method delete on channel plugins.it_nomads.com/flutter_secure_storage)
ℹ️  INFO: Auth data cleared
ℹ️  INFO: Auth state cleared
ℹ️  INFO: 🔑 AUTH SERVICE: ========== LOGOUT END (total: 23ms) ==========
❌ ERROR: Failed to clear auth data | MissingPluginException(No implementation found for method delete on channel plugins.it_nomads.com/flutter_secure_storage)
ℹ️  INFO: Auth data cleared
ℹ️  INFO: Auth state cleared
ℹ️  INFO: 🔑 AUTH SERVICE: ========== LOGOUT END (total: 23ms) ==========
❌ ERROR: Failed to clear auth data | MissingPluginException(No implementation found for method delete on channel plugins.it_nomads.com/flutter_secure_storage)
ℹ️  INFO: Auth data cleared
ℹ️  INFO: Auth state cleared
ℹ️  INFO: 🔑 AUTH SERVICE: ========== LOGOUT END (total: 23ms) ==========
❌ ERROR: Failed to clear auth data | MissingPluginException(No implementation found for method delete on channel plugins.it_nomads.com/flutter_secure_storage)
ℹ️  INFO: Auth data cleared
ℹ️  INFO: Auth state cleared
ℹ️  INFO: 🔑 AUTH SERVICE: ========== LOGOUT END (total: 23ms) ==========
❌ ERROR: Failed to clear auth data | MissingPluginException(No implementation found for method delete on channel plugins.it_nomads.com/flutter_secure_storage)
ℹ️  INFO: Auth data cleared
ℹ️  INFO: Auth state cleared
ℹ️  INFO: 🔑 AUTH SERVICE: ========== LOGOUT END (total: 22ms) ==========
❌ ERROR: Failed to clear auth data | MissingPluginException(No implementation found for method delete on channel plugins.it_nomads.com/flutter_secure_storage)
ℹ️  INFO: Auth data cleared
ℹ️  INFO: Auth state cleared
ℹ️  INFO: 🔑 AUTH SERVICE: ========== LOGOUT END (total: 23ms) ==========
❌ ERROR: Failed to clear auth data | MissingPluginException(No implementation found for method delete on channel plugins.it_nomads.com/flutter_secure_storage)
ℹ️  INFO: Auth data cleared
ℹ️  INFO: Auth state cleared
ℹ️  INFO: 🔑 AUTH SERVICE: ========== LOGOUT END (total: 23ms) ==========
00:05 +378 ~1 -4: C:/Users/zarik/OneDrive/Desktop/TrossApp/frontend/test/integration/security_integration_test.dart: Security Integration Tests - UI + Service Layers dev login buttons should be hidden in production
00:05 +378 ~1 -4: C:/Users/zarik/OneDrive/Desktop/TrossApp/frontend/test/e2e/concurrent_operations_test.dart: Concurrent Operations Tests - High Concurrency Scenarios Performance Under Concurrency 50 concurrent operations complete in reasonable time
❌ ERROR: Failed to clear auth data | MissingPluginException(No implementation found for method delete on channel plugins.it_nomads.com/flutter_secure_storage)
ℹ️  INFO: Auth data cleared
ℹ️  INFO: Auth state cleared
ℹ️  INFO: 🔑 AUTH SERVICE: ========== LOGOUT END (total: 22ms) ==========
❌ ERROR: Failed to clear auth data | MissingPluginException(No implementation found for method delete on channel plugins.it_nomads.com/flutter_secure_storage)
ℹ️  INFO: Auth data cleared
ℹ️  INFO: Auth state cleared
ℹ️  INFO: 🔑 AUTH SERVICE: ========== LOGOUT END (total: 22ms) ==========
❌ ERROR: Failed to clear auth data | MissingPluginException(No implementation found for method delete on channel plugins.it_nomads.com/flutter_secure_storage)
ℹ️  INFO: Auth data cleared
ℹ️  INFO: Auth state cleared
ℹ️  INFO: 🔑 AUTH SERVICE: ========== LOGOUT END (total: 22ms) ==========
❌ ERROR: Failed to clear auth data | MissingPluginException(No implementation found for method delete on channel plugins.it_nomads.com/flutter_secure_storage)
ℹ️  INFO: Auth data cleared
ℹ️  INFO: Auth state cleared
ℹ️  INFO: 🔑 AUTH SERVICE: ========== LOGOUT END (total: 21ms) ==========
❌ ERROR: Failed to clear auth data | MissingPluginException(No implementation found for method delete on channel plugins.it_nomads.com/flutter_secure_storage)
ℹ️  INFO: Auth data cleared
ℹ️  INFO: Auth state cleared
ℹ️  INFO: 🔑 AUTH SERVICE: ========== LOGOUT END (total: 21ms) ==========
❌ ERROR: Failed to clear auth data | MissingPluginException(No implementation found for method delete on channel plugins.it_nomads.com/flutter_secure_storage)
ℹ️  INFO: Auth data cleared
ℹ️  INFO: Auth state cleared
ℹ️  INFO: 🔑 AUTH SERVICE: ========== LOGOUT END (total: 22ms) ==========
❌ ERROR: Failed to clear auth data | MissingPluginException(No implementation found for method delete on channel plugins.it_nomads.com/flutter_secure_storage)
ℹ️  INFO: Auth data cleared
ℹ️  INFO: Auth state cleared
ℹ️  INFO: 🔑 AUTH SERVICE: ========== LOGOUT END (total: 22ms) ==========
❌ ERROR: Failed to clear auth data | MissingPluginException(No implementation found for method delete on channel plugins.it_nomads.com/flutter_secure_storage)
ℹ️  INFO: Auth data cleared
ℹ️  INFO: Auth state cleared
ℹ️  INFO: 🔑 AUTH SERVICE: ========== LOGOUT END (total: 22ms) ==========
❌ ERROR: Failed to clear auth data | MissingPluginException(No implementation found for method delete on channel plugins.it_nomads.com/flutter_secure_storage)
ℹ️  INFO: Auth data cleared
ℹ️  INFO: Auth state cleared
ℹ️  INFO: 🔑 AUTH SERVICE: ========== LOGOUT END (total: 21ms) ==========
❌ ERROR: Failed to clear auth data | MissingPluginException(No implementation found for method delete on channel plugins.it_nomads.com/flutter_secure_storage)
ℹ️  INFO: Auth data cleared
ℹ️  INFO: Auth state cleared
ℹ️  INFO: 🔑 AUTH SERVICE: ========== LOGOUT END (total: 21ms) ==========
❌ ERROR: Failed to clear auth data | MissingPluginException(No implementation found for method delete on channel plugins.it_nomads.com/flutter_secure_storage)
ℹ️  INFO: Auth data cleared
ℹ️  INFO: Auth state cleared
ℹ️  INFO: 🔑 AUTH SERVICE: ========== LOGOUT END (total: 21ms) ==========
❌ ERROR: Failed to clear auth data | MissingPluginException(No implementation found for method delete on channel plugins.it_nomads.com/flutter_secure_storage)
ℹ️  INFO: Auth data cleared
ℹ️  INFO: Auth state cleared
ℹ️  INFO: 🔑 AUTH SERVICE: ========== LOGOUT END (total: 21ms) ==========
❌ ERROR: Failed to clear auth data | MissingPluginException(No implementation found for method delete on channel plugins.it_nomads.com/flutter_secure_storage)
ℹ️  INFO: Auth data cleared
ℹ️  INFO: Auth state cleared
ℹ️  INFO: 🔑 AUTH SERVICE: ========== LOGOUT END (total: 20ms) ==========
❌ ERROR: Failed to clear auth data | MissingPluginException(No implementation found for method delete on channel plugins.it_nomads.com/flutter_secure_storage)
ℹ️  INFO: Auth data cleared
ℹ️  INFO: Auth state cleared
ℹ️  INFO: 🔑 AUTH SERVICE: ========== LOGOUT END (total: 20ms) ==========
❌ ERROR: Failed to clear auth data | MissingPluginException(No implementation found for method delete on channel plugins.it_nomads.com/flutter_secure_storage)
ℹ️  INFO: Auth data cleared
ℹ️  INFO: Auth state cleared
ℹ️  INFO: 🔑 AUTH SERVICE: ========== LOGOUT END (total: 19ms) ==========
❌ ERROR: Failed to clear auth data | MissingPluginException(No implementation found for method delete on channel plugins.it_nomads.com/flutter_secure_storage)
ℹ️  INFO: Auth data cleared
ℹ️  INFO: Auth state cleared
ℹ️  INFO: 🔑 AUTH SERVICE: ========== LOGOUT END (total: 19ms) ==========
❌ ERROR: Failed to clear auth data | MissingPluginException(No implementation found for method delete on channel plugins.it_nomads.com/flutter_secure_storage)
ℹ️  INFO: Auth data cleared
ℹ️  INFO: Auth state cleared
ℹ️  INFO: 🔑 AUTH SERVICE: ========== LOGOUT END (total: 18ms) ==========
❌ ERROR: Failed to clear auth data | MissingPluginException(No implementation found for method delete on channel plugins.it_nomads.com/flutter_secure_storage)
ℹ️  INFO: Auth data cleared
ℹ️  INFO: Auth state cleared
ℹ️  INFO: 🔑 AUTH SERVICE: ========== LOGOUT END (total: 18ms) ==========
❌ ERROR: Failed to clear auth data | MissingPluginException(No implementation found for method delete on channel plugins.it_nomads.com/flutter_secure_storage)
ℹ️  INFO: Auth data cleared
ℹ️  INFO: Auth state cleared
00:05 +379 ~1 -4: C:/Users/zarik/OneDrive/Desktop/TrossApp/frontend/test/integration/security_integration_test.dart: Security Integration Tests - UI + Service Layers dev login buttons should be hidden in production
00:05 +379 ~1 -4: C:/Users/zarik/OneDrive/Desktop/TrossApp/frontend/test/e2e/concurrent_operations_test.dart: Concurrent Operations Tests - High Concurrency Scenarios Performance Under Concurrency 50 concurrent operations complete in reasonable time
ℹ️  INFO: 🔑 AUTH SERVICE: ========== LOGOUT END (total: 18ms) ==========
❌ ERROR: Failed to clear auth data | MissingPluginException(No implementation found for method delete on channel plugins.it_nomads.com/flutter_secure_storage)
ℹ️  INFO: Auth data cleared
ℹ️  INFO: Auth state cleared
ℹ️  INFO: 🔑 AUTH SERVICE: ========== LOGOUT END (total: 18ms) ==========
❌ ERROR: Failed to clear auth data | MissingPluginException(No implementation found for method delete on channel plugins.it_nomads.com/flutter_secure_storage)
ℹ️  INFO: Auth data cleared
ℹ️  INFO: Auth state cleared
ℹ️  INFO: 🔑 AUTH SERVICE: ========== LOGOUT END (total: 18ms) ==========
❌ ERROR: Failed to clear auth data | MissingPluginException(No implementation found for method delete on channel plugins.it_nomads.com/flutter_secure_storage)
ℹ️  INFO: Auth data cleared
ℹ️  INFO: Auth state cleared
ℹ️  INFO: 🔑 AUTH SERVICE: ========== LOGOUT END (total: 17ms) ==========
❌ ERROR: Failed to clear auth data | MissingPluginException(No implementation found for method delete on channel plugins.it_nomads.com/flutter_secure_storage)
ℹ️  INFO: Auth data cleared
ℹ️  INFO: Auth state cleared
ℹ️  INFO: 🔑 AUTH SERVICE: ========== LOGOUT END (total: 18ms) ==========
❌ ERROR: Failed to clear auth data | MissingPluginException(No implementation found for method delete on channel plugins.it_nomads.com/flutter_secure_storage)
ℹ️  INFO: Auth data cleared
ℹ️  INFO: Auth state cleared
ℹ️  INFO: 🔑 AUTH SERVICE: ========== LOGOUT END (total: 17ms) ==========
❌ ERROR: Failed to clear auth data | MissingPluginException(No implementation found for method delete on channel plugins.it_nomads.com/flutter_secure_storage)
ℹ️  INFO: Auth data cleared
ℹ️  INFO: Auth state cleared
ℹ️  INFO: 🔑 AUTH SERVICE: ========== LOGOUT END (total: 17ms) ==========
❌ ERROR: Failed to clear auth data | MissingPluginException(No implementation found for method delete on channel plugins.it_nomads.com/flutter_secure_storage)
ℹ️  INFO: Auth data cleared
ℹ️  INFO: Auth state cleared
ℹ️  INFO: 🔑 AUTH SERVICE: ========== LOGOUT END (total: 18ms) ==========
❌ ERROR: Failed to clear auth data | MissingPluginException(No implementation found for method delete on channel plugins.it_nomads.com/flutter_secure_storage)
ℹ️  INFO: Auth data cleared
ℹ️  INFO: Auth state cleared
ℹ️  INFO: 🔑 AUTH SERVICE: ========== LOGOUT END (total: 17ms) ==========
❌ ERROR: Failed to clear auth data | MissingPluginException(No implementation found for method delete on channel plugins.it_nomads.com/flutter_secure_storage)
ℹ️  INFO: Auth data cleared
ℹ️  INFO: Auth state cleared
ℹ️  INFO: 🔑 AUTH SERVICE: ========== LOGOUT END (total: 16ms) ==========
❌ ERROR: Failed to clear auth data | MissingPluginException(No implementation found for method delete on channel plugins.it_nomads.com/flutter_secure_storage)
ℹ️  INFO: Auth data cleared
ℹ️  INFO: Auth state cleared
ℹ️  INFO: 🔑 AUTH SERVICE: ========== LOGOUT END (total: 15ms) ==========
❌ ERROR: Failed to clear auth data | MissingPluginException(No implementation found for method delete on channel plugins.it_nomads.com/flutter_secure_storage)
ℹ️  INFO: Auth data cleared
ℹ️  INFO: Auth state cleared
ℹ️  INFO: 🔑 AUTH SERVICE: ========== LOGOUT END (total: 15ms) ==========
❌ ERROR: Failed to clear auth data | MissingPluginException(No implementation found for method delete on channel plugins.it_nomads.com/flutter_secure_storage)
ℹ️  INFO: Auth data cleared
ℹ️  INFO: Auth state cleared
ℹ️  INFO: 🔑 AUTH SERVICE: ========== LOGOUT END (total: 15ms) ==========
❌ ERROR: Failed to clear auth data | MissingPluginException(No implementation found for method delete on channel plugins.it_nomads.com/flutter_secure_storage)
ℹ️  INFO: Auth data cleared
ℹ️  INFO: Auth state cleared
ℹ️  INFO: 🔑 AUTH SERVICE: ========== LOGOUT END (total: 15ms) ==========
❌ ERROR: Failed to clear auth data | MissingPluginException(No implementation found for method delete on channel plugins.it_nomads.com/flutter_secure_storage)
ℹ️  INFO: Auth data cleared
ℹ️  INFO: Auth state cleared
ℹ️  INFO: 🔑 AUTH SERVICE: ========== LOGOUT END (total: 15ms) ==========
❌ ERROR: Failed to clear auth data | MissingPluginException(No implementation found for method delete on channel plugins.it_nomads.com/flutter_secure_storage)
00:05 +380 ~1 -4: C:/Users/zarik/OneDrive/Desktop/TrossApp/frontend/test/integration/security_integration_test.dart: Security Integration Tests - UI + Service Layers dev login buttons should be hidden in production
00:05 +380 ~1 -4: C:/Users/zarik/OneDrive/Desktop/TrossApp/frontend/test/e2e/concurrent_operations_test.dart: Concurrent Operations Tests - High Concurrency Scenarios Performance Under Concurrency 50 concurrent operations complete in reasonable time
ℹ️  INFO: Auth data cleared
ℹ️  INFO: Auth state cleared
ℹ️  INFO: 🔑 AUTH SERVICE: ========== LOGOUT END (total: 15ms) ==========
❌ ERROR: Failed to clear auth data | MissingPluginException(No implementation found for method delete on channel plugins.it_nomads.com/flutter_secure_storage)
ℹ️  INFO: Auth data cleared
ℹ️  INFO: Auth state cleared
ℹ️  INFO: 🔑 AUTH SERVICE: ========== LOGOUT END (total: 15ms) ==========
❌ ERROR: Failed to clear auth data | MissingPluginException(No implementation found for method delete on channel plugins.it_nomads.com/flutter_secure_storage)
ℹ️  INFO: Auth data cleared
ℹ️  INFO: Auth state cleared
ℹ️  INFO: 🔑 AUTH SERVICE: ========== LOGOUT END (total: 13ms) ==========
❌ ERROR: Failed to clear auth data | MissingPluginException(No implementation found for method delete on channel plugins.it_nomads.com/flutter_secure_storage)
ℹ️  INFO: Auth data cleared
ℹ️  INFO: Auth state cleared
ℹ️  INFO: 🔑 AUTH SERVICE: ========== LOGOUT END (total: 12ms) ==========
❌ ERROR: Failed to clear auth data | MissingPluginException(No implementation found for method delete on channel plugins.it_nomads.com/flutter_secure_storage)
ℹ️  INFO: Auth data cleared
ℹ️  INFO: Auth state cleared
ℹ️  INFO: 🔑 AUTH SERVICE: ========== LOGOUT END (total: 10ms) ==========
❌ ERROR: Failed to clear auth data | MissingPluginException(No implementation found for method delete on channel plugins.it_nomads.com/flutter_secure_storage)
ℹ️  INFO: Auth data cleared
ℹ️  INFO: Auth state cleared
ℹ️  INFO: 🔑 AUTH SERVICE: ========== LOGOUT END (total: 10ms) ==========
❌ ERROR: Failed to clear auth data | MissingPluginException(No implementation found for method delete on channel plugins.it_nomads.com/flutter_secure_storage)
ℹ️  INFO: Auth data cleared
ℹ️  INFO: Auth state cleared
ℹ️  INFO: 🔑 AUTH SERVICE: ========== LOGOUT END (total: 9ms) ==========
❌ ERROR: Failed to clear auth data | MissingPluginException(No implementation found for method delete on channel plugins.it_nomads.com/flutter_secure_storage)
ℹ️  INFO: Auth data cleared
ℹ️  INFO: Auth state cleared
ℹ️  INFO: 🔑 AUTH SERVICE: ========== LOGOUT END (total: 10ms) ==========
❌ ERROR: Failed to clear auth data | MissingPluginException(No implementation found for method delete on channel plugins.it_nomads.com/flutter_secure_storage)
00:05 +381 ~1 -4: C:/Users/zarik/OneDrive/Desktop/TrossApp/frontend/test/integration/security_integration_test.dart: Security Integration Tests - UI + Service Layers dev login buttons should be hidden in production
00:05 +381 ~1 -4: C:/Users/zarik/OneDrive/Desktop/TrossApp/frontend/test/e2e/concurrent_operations_test.dart: Concurrent Operations Tests - High Concurrency Scenarios Performance Under Concurrency 50 concurrent operations complete in reasonable time
ℹ️  INFO: Auth data cleared
ℹ️  INFO: Auth state cleared
ℹ️  INFO: 🔑 AUTH SERVICE: ========== LOGOUT END (total: 10ms) ==========
00:05 +382 ~1 -4: C:/Users/zarik/OneDrive/Desktop/TrossApp/frontend/test/integration/security_integration_test.dart: Security Integration Tests - UI + Service Layers dev login buttons should be hidden in production
00:05 +382 ~1 -4: C:/Users/zarik/OneDrive/Desktop/TrossApp/frontend/test/e2e/concurrent_operations_test.dart: Concurrent Operations Tests - High Concurrency Scenarios Performance Under Concurrency 100 concurrent operations complete in reasonable time
  Skip: Performance benchmark - timing varies by machine/load
00:05 +382 ~2 -4: C:/Users/zarik/OneDrive/Desktop/TrossApp/frontend/test/integration/security_integration_test.dart: Security Integration Tests - UI + Service Layers dev login buttons should be hidden in production
00:05 +383 ~2 -4: C:/Users/zarik/OneDrive/Desktop/TrossApp/frontend/test/integration/security_integration_test.dart: Security Integration Tests - UI + Service Layers dev login buttons should be hidden in production
00:05 +384 ~2 -4: C:/Users/zarik/OneDrive/Desktop/TrossApp/frontend/test/integration/security_integration_test.dart: Security Integration Tests - UI + Service Layers dev login buttons should be hidden in production
00:05 +384 ~2 -4: C:/Users/zarik/OneDrive/Desktop/TrossApp/frontend/test/e2e/concurrent_operations_test.dart: Concurrent Operations Tests - High Concurrency Scenarios Edge Cases Under Concurrency Concurrent operations when already in target state
ℹ️  INFO: 🔑 AUTH SERVICE: ========== LOGOUT START (2025-11-11 13:25:25) ==========
00:05 +385 ~2 -4: C:/Users/zarik/OneDrive/Desktop/TrossApp/frontend/test/integration/security_integration_test.dart: Security Integration Tests - UI + Service Layers dev login buttons should be hidden in production
00:05 +385 ~2 -4: C:/Users/zarik/OneDrive/Desktop/TrossApp/frontend/test/e2e/concurrent_operations_test.dart: Concurrent Operations Tests - High Concurrency Scenarios Edge Cases Under Concurrency Concurrent operations when already in target state
   Context: {token: null, strategy: unknown, isAuth0: false, isDevUser: false}
ℹ️  INFO: 🔑 AUTH SERVICE: No token, skipping backend logout
ℹ️  INFO: 🔑 AUTH SERVICE: Unknown auth strategy, clearing state...
ℹ️  INFO: Clearing auth state
ℹ️  INFO: 🔑 AUTH SERVICE: ========== LOGOUT START (2025-11-11 13:25:25) ==========
   Context: {token: null, strategy: unknown, isAuth0: false, isDevUser: false}
ℹ️  INFO: 🔑 AUTH SERVICE: No token, skipping backend logout
ℹ️  INFO: 🔑 AUTH SERVICE: Unknown auth strategy, clearing state...
ℹ️  INFO: Clearing auth state
ℹ️  INFO: 🔑 AUTH SERVICE: ========== LOGOUT START (2025-11-11 13:25:25) ==========
   Context: {token: null, strategy: unknown, isAuth0: false, isDevUser: false}
ℹ️  INFO: 🔑 AUTH SERVICE: No token, skipping backend logout
ℹ️  INFO: 🔑 AUTH SERVICE: Unknown auth strategy, clearing state...
00:05 +385 ~2 -4: C:/Users/zarik/OneDrive/Desktop/TrossApp/frontend/test/integration/security_integration_test.dart: Security Integration Tests - UI + Service Layers dev login buttons should be hidden in production
00:05 +385 ~2 -4: C:/Users/zarik/OneDrive/Desktop/TrossApp/frontend/test/e2e/concurrent_operations_test.dart: Concurrent Operations Tests - High Concurrency Scenarios Edge Cases Under Concurrency Concurrent operations when already in target state
ℹ️  INFO: Clearing auth state
ℹ️  INFO: 🔑 AUTH SERVICE: ========== LOGOUT START (2025-11-11 13:25:25) ==========
   Context: {token: null, strategy: unknown, isAuth0: false, isDevUser: false}
ℹ️  INFO: 🔑 AUTH SERVICE: No token, skipping backend logout
ℹ️  INFO: 🔑 AUTH SERVICE: Unknown auth strategy, clearing state...
ℹ️  INFO: Clearing auth state
ℹ️  INFO: 🔑 AUTH SERVICE: ========== LOGOUT START (2025-11-11 13:25:25) ==========
   Context: {token: null, strategy: unknown, isAuth0: false, isDevUser: false}
ℹ️  INFO: 🔑 AUTH SERVICE: No token, skipping backend logout
ℹ️  INFO: 🔑 AUTH SERVICE: Unknown auth strategy, clearing state...
ℹ️  INFO: Clearing auth state
ℹ️  INFO: 🔑 AUTH SERVICE: ========== LOGOUT START (2025-11-11 13:25:25) ==========
   Context: {token: null, strategy: unknown, isAuth0: false, isDevUser: false}
ℹ️  INFO: 🔑 AUTH SERVICE: No token, skipping backend logout
ℹ️  INFO: 🔑 AUTH SERVICE: Unknown auth strategy, clearing state...
ℹ️  INFO: Clearing auth state
ℹ️  INFO: 🔑 AUTH SERVICE: ========== LOGOUT START (2025-11-11 13:25:25) ==========
   Context: {token: null, strategy: unknown, isAuth0: false, isDevUser: false}
ℹ️  INFO: 🔑 AUTH SERVICE: No token, skipping backend logout
ℹ️  INFO: 🔑 AUTH SERVICE: Unknown auth strategy, clearing state...
ℹ️  INFO: Clearing auth state
ℹ️  INFO: 🔑 AUTH SERVICE: ========== LOGOUT START (2025-11-11 13:25:25) ==========
   Context: {token: null, strategy: unknown, isAuth0: false, isDevUser: false}
ℹ️  INFO: 🔑 AUTH SERVICE: No token, skipping backend logout
ℹ️  INFO: 🔑 AUTH SERVICE: Unknown auth strategy, clearing state...
ℹ️  INFO: Clearing auth state
ℹ️  INFO: 🔑 AUTH SERVICE: ========== LOGOUT START (2025-11-11 13:25:25) ==========
   Context: {token: null, strategy: unknown, isAuth0: false, isDevUser: false}
ℹ️  INFO: 🔑 AUTH SERVICE: No token, skipping backend logout
ℹ️  INFO: 🔑 AUTH SERVICE: Unknown auth strategy, clearing state...
ℹ️  INFO: Clearing auth state
ℹ️  INFO: 🔑 AUTH SERVICE: ========== LOGOUT START (2025-11-11 13:25:25) ==========
   Context: {token: null, strategy: unknown, isAuth0: false, isDevUser: false}
ℹ️  INFO: 🔑 AUTH SERVICE: No token, skipping backend logout
ℹ️  INFO: 🔑 AUTH SERVICE: Unknown auth strategy, clearing state...
ℹ️  INFO: Clearing auth state
ℹ️  INFO: 🔑 AUTH SERVICE: ========== LOGOUT START (2025-11-11 13:25:25) ==========
   Context: {token: null, strategy: unknown, isAuth0: false, isDevUser: false}
ℹ️  INFO: 🔑 AUTH SERVICE: No token, skipping backend logout
ℹ️  INFO: 🔑 AUTH SERVICE: Unknown auth strategy, clearing state...
ℹ️  INFO: Clearing auth state
ℹ️  INFO: 🔑 AUTH SERVICE: ========== LOGOUT START (2025-11-11 13:25:25) ==========
   Context: {token: null, strategy: unknown, isAuth0: false, isDevUser: false}
ℹ️  INFO: 🔑 AUTH SERVICE: No token, skipping backend logout
ℹ️  INFO: 🔑 AUTH SERVICE: Unknown auth strategy, clearing state...
ℹ️  INFO: Clearing auth state
ℹ️  INFO: 🔑 AUTH SERVICE: ========== LOGOUT START (2025-11-11 13:25:25) ==========
   Context: {token: null, strategy: unknown, isAuth0: false, isDevUser: false}
ℹ️  INFO: 🔑 AUTH SERVICE: No token, skipping backend logout
ℹ️  INFO: 🔑 AUTH SERVICE: Unknown auth strategy, clearing state...
ℹ️  INFO: Clearing auth state
ℹ️  INFO: 🔑 AUTH SERVICE: ========== LOGOUT START (2025-11-11 13:25:25) ==========
   Context: {token: null, strategy: unknown, isAuth0: false, isDevUser: false}
ℹ️  INFO: 🔑 AUTH SERVICE: No token, skipping backend logout
ℹ️  INFO: 🔑 AUTH SERVICE: Unknown auth strategy, clearing state...
ℹ️  INFO: Clearing auth state
ℹ️  INFO: 🔑 AUTH SERVICE: ========== LOGOUT START (2025-11-11 13:25:25) ==========
   Context: {token: null, strategy: unknown, isAuth0: false, isDevUser: false}
ℹ️  INFO: 🔑 AUTH SERVICE: No token, skipping backend logout
ℹ️  INFO: 🔑 AUTH SERVICE: Unknown auth strategy, clearing state...
ℹ️  INFO: Clearing auth state
ℹ️  INFO: 🔑 AUTH SERVICE: ========== LOGOUT START (2025-11-11 13:25:25) ==========
   Context: {token: null, strategy: unknown, isAuth0: false, isDevUser: false}
ℹ️  INFO: 🔑 AUTH SERVICE: No token, skipping backend logout
ℹ️  INFO: 🔑 AUTH SERVICE: Unknown auth strategy, clearing state...
ℹ️  INFO: Clearing auth state
ℹ️  INFO: 🔑 AUTH SERVICE: ========== LOGOUT START (2025-11-11 13:25:25) ==========
   Context: {token: null, strategy: unknown, isAuth0: false, isDevUser: false}
ℹ️  INFO: 🔑 AUTH SERVICE: No token, skipping backend logout
ℹ️  INFO: 🔑 AUTH SERVICE: Unknown auth strategy, clearing state...
ℹ️  INFO: Clearing auth state
ℹ️  INFO: 🔑 AUTH SERVICE: ========== LOGOUT START (2025-11-11 13:25:25) ==========
   Context: {token: null, strategy: unknown, isAuth0: false, isDevUser: false}
ℹ️  INFO: 🔑 AUTH SERVICE: No token, skipping backend logout
ℹ️  INFO: 🔑 AUTH SERVICE: Unknown auth strategy, clearing state...
ℹ️  INFO: Clearing auth state
ℹ️  INFO: 🔑 AUTH SERVICE: ========== LOGOUT START (2025-11-11 13:25:25) ==========
   Context: {token: null, strategy: unknown, isAuth0: false, isDevUser: false}
ℹ️  INFO: 🔑 AUTH SERVICE: No token, skipping backend logout
ℹ️  INFO: 🔑 AUTH SERVICE: Unknown auth strategy, clearing state...
ℹ️  INFO: Clearing auth state
ℹ️  INFO: 🔑 AUTH SERVICE: ========== LOGOUT START (2025-11-11 13:25:25) ==========
   Context: {token: null, strategy: unknown, isAuth0: false, isDevUser: false}
ℹ️  INFO: 🔑 AUTH SERVICE: No token, skipping backend logout
ℹ️  INFO: 🔑 AUTH SERVICE: Unknown auth strategy, clearing state...
ℹ️  INFO: Clearing auth state
ℹ️  INFO: 🔑 AUTH SERVICE: ========== LOGOUT START (2025-11-11 13:25:25) ==========
   Context: {token: null, strategy: unknown, isAuth0: false, isDevUser: false}
ℹ️  INFO: 🔑 AUTH SERVICE: No token, skipping backend logout
ℹ️  INFO: 🔑 AUTH SERVICE: Unknown auth strategy, clearing state...
ℹ️  INFO: Clearing auth state
ℹ️  INFO: 🔑 AUTH SERVICE: ========== LOGOUT START (2025-11-11 13:25:25) ==========
   Context: {token: null, strategy: unknown, isAuth0: false, isDevUser: false}
ℹ️  INFO: 🔑 AUTH SERVICE: No token, skipping backend logout
ℹ️  INFO: 🔑 AUTH SERVICE: Unknown auth strategy, clearing state...
ℹ️  INFO: Clearing auth state
ℹ️  INFO: 🔑 AUTH SERVICE: ========== LOGOUT START (2025-11-11 13:25:25) ==========
   Context: {token: null, strategy: unknown, isAuth0: false, isDevUser: false}
ℹ️  INFO: 🔑 AUTH SERVICE: No token, skipping backend logout
ℹ️  INFO: 🔑 AUTH SERVICE: Unknown auth strategy, clearing state...
ℹ️  INFO: Clearing auth state
ℹ️  INFO: 🔑 AUTH SERVICE: ========== LOGOUT START (2025-11-11 13:25:25) ==========
   Context: {token: null, strategy: unknown, isAuth0: false, isDevUser: false}
ℹ️  INFO: 🔑 AUTH SERVICE: No token, skipping backend logout
ℹ️  INFO: 🔑 AUTH SERVICE: Unknown auth strategy, clearing state...
ℹ️  INFO: Clearing auth state
ℹ️  INFO: 🔑 AUTH SERVICE: ========== LOGOUT START (2025-11-11 13:25:25) ==========
   Context: {token: null, strategy: unknown, isAuth0: false, isDevUser: false}
ℹ️  INFO: 🔑 AUTH SERVICE: No token, skipping backend logout
ℹ️  INFO: 🔑 AUTH SERVICE: Unknown auth strategy, clearing state...
ℹ️  INFO: Clearing auth state
ℹ️  INFO: 🔑 AUTH SERVICE: ========== LOGOUT START (2025-11-11 13:25:25) ==========
   Context: {token: null, strategy: unknown, isAuth0: false, isDevUser: false}
ℹ️  INFO: 🔑 AUTH SERVICE: No token, skipping backend logout
ℹ️  INFO: 🔑 AUTH SERVICE: Unknown auth strategy, clearing state...
ℹ️  INFO: Clearing auth state
ℹ️  INFO: 🔑 AUTH SERVICE: ========== LOGOUT START (2025-11-11 13:25:25) ==========
   Context: {token: null, strategy: unknown, isAuth0: false, isDevUser: false}
ℹ️  INFO: 🔑 AUTH SERVICE: No token, skipping backend logout
ℹ️  INFO: 🔑 AUTH SERVICE: Unknown auth strategy, clearing state...
ℹ️  INFO: Clearing auth state
ℹ️  INFO: 🔑 AUTH SERVICE: ========== LOGOUT START (2025-11-11 13:25:25) ==========
   Context: {token: null, strategy: unknown, isAuth0: false, isDevUser: false}
ℹ️  INFO: 🔑 AUTH SERVICE: No token, skipping backend logout
ℹ️  INFO: 🔑 AUTH SERVICE: Unknown auth strategy, clearing state...
ℹ️  INFO: Clearing auth state
ℹ️  INFO: 🔑 AUTH SERVICE: ========== LOGOUT START (2025-11-11 13:25:25) ==========
   Context: {token: null, strategy: unknown, isAuth0: false, isDevUser: false}
ℹ️  INFO: 🔑 AUTH SERVICE: No token, skipping backend logout
ℹ️  INFO: 🔑 AUTH SERVICE: Unknown auth strategy, clearing state...
ℹ️  INFO: Clearing auth state
ℹ️  INFO: 🔑 AUTH SERVICE: ========== LOGOUT START (2025-11-11 13:25:25) ==========
   Context: {token: null, strategy: unknown, isAuth0: false, isDevUser: false}
ℹ️  INFO: 🔑 AUTH SERVICE: No token, skipping backend logout
ℹ️  INFO: 🔑 AUTH SERVICE: Unknown auth strategy, clearing state...
ℹ️  INFO: Clearing auth state
ℹ️  INFO: 🔑 AUTH SERVICE: ========== LOGOUT START (2025-11-11 13:25:25) ==========
   Context: {token: null, strategy: unknown, isAuth0: false, isDevUser: false}
ℹ️  INFO: 🔑 AUTH SERVICE: No token, skipping backend logout
ℹ️  INFO: 🔑 AUTH SERVICE: Unknown auth strategy, clearing state...
ℹ️  INFO: Clearing auth state
ℹ️  INFO: 🔑 AUTH SERVICE: ========== LOGOUT START (2025-11-11 13:25:25) ==========
   Context: {token: null, strategy: unknown, isAuth0: false, isDevUser: false}
ℹ️  INFO: 🔑 AUTH SERVICE: No token, skipping backend logout
ℹ️  INFO: 🔑 AUTH SERVICE: Unknown auth strategy, clearing state...
ℹ️  INFO: Clearing auth state
ℹ️  INFO: 🔑 AUTH SERVICE: ========== LOGOUT START (2025-11-11 13:25:25) ==========
   Context: {token: null, strategy: unknown, isAuth0: false, isDevUser: false}
ℹ️  INFO: 🔑 AUTH SERVICE: No token, skipping backend logout
ℹ️  INFO: 🔑 AUTH SERVICE: Unknown auth strategy, clearing state...
ℹ️  INFO: Clearing auth state
ℹ️  INFO: 🔑 AUTH SERVICE: ========== LOGOUT START (2025-11-11 13:25:25) ==========
   Context: {token: null, strategy: unknown, isAuth0: false, isDevUser: false}
ℹ️  INFO: 🔑 AUTH SERVICE: No token, skipping backend logout
ℹ️  INFO: 🔑 AUTH SERVICE: Unknown auth strategy, clearing state...
ℹ️  INFO: Clearing auth state
ℹ️  INFO: 🔑 AUTH SERVICE: ========== LOGOUT START (2025-11-11 13:25:25) ==========
   Context: {token: null, strategy: unknown, isAuth0: false, isDevUser: false}
ℹ️  INFO: 🔑 AUTH SERVICE: No token, skipping backend logout
ℹ️  INFO: 🔑 AUTH SERVICE: Unknown auth strategy, clearing state...
ℹ️  INFO: Clearing auth state
ℹ️  INFO: 🔑 AUTH SERVICE: ========== LOGOUT START (2025-11-11 13:25:25) ==========
   Context: {token: null, strategy: unknown, isAuth0: false, isDevUser: false}
ℹ️  INFO: 🔑 AUTH SERVICE: No token, skipping backend logout
ℹ️  INFO: 🔑 AUTH SERVICE: Unknown auth strategy, clearing state...
ℹ️  INFO: Clearing auth state
ℹ️  INFO: 🔑 AUTH SERVICE: ========== LOGOUT START (2025-11-11 13:25:25) ==========
   Context: {token: null, strategy: unknown, isAuth0: false, isDevUser: false}
ℹ️  INFO: 🔑 AUTH SERVICE: No token, skipping backend logout
ℹ️  INFO: 🔑 AUTH SERVICE: Unknown auth strategy, clearing state...
ℹ️  INFO: Clearing auth state
ℹ️  INFO: 🔑 AUTH SERVICE: ========== LOGOUT START (2025-11-11 13:25:25) ==========
   Context: {token: null, strategy: unknown, isAuth0: false, isDevUser: false}
ℹ️  INFO: 🔑 AUTH SERVICE: No token, skipping backend logout
ℹ️  INFO: 🔑 AUTH SERVICE: Unknown auth strategy, clearing state...
ℹ️  INFO: Clearing auth state
ℹ️  INFO: 🔑 AUTH SERVICE: ========== LOGOUT START (2025-11-11 13:25:25) ==========
   Context: {token: null, strategy: unknown, isAuth0: false, isDevUser: false}
ℹ️  INFO: 🔑 AUTH SERVICE: No token, skipping backend logout
ℹ️  INFO: 🔑 AUTH SERVICE: Unknown auth strategy, clearing state...
ℹ️  INFO: Clearing auth state
ℹ️  INFO: 🔑 AUTH SERVICE: ========== LOGOUT START (2025-11-11 13:25:25) ==========
   Context: {token: null, strategy: unknown, isAuth0: false, isDevUser: false}
ℹ️  INFO: 🔑 AUTH SERVICE: No token, skipping backend logout
ℹ️  INFO: 🔑 AUTH SERVICE: Unknown auth strategy, clearing state...
ℹ️  INFO: Clearing auth state
ℹ️  INFO: 🔑 AUTH SERVICE: ========== LOGOUT START (2025-11-11 13:25:25) ==========
   Context: {token: null, strategy: unknown, isAuth0: false, isDevUser: false}
ℹ️  INFO: 🔑 AUTH SERVICE: No token, skipping backend logout
ℹ️  INFO: 🔑 AUTH SERVICE: Unknown auth strategy, clearing state...
ℹ️  INFO: Clearing auth state
ℹ️  INFO: 🔑 AUTH SERVICE: ========== LOGOUT START (2025-11-11 13:25:25) ==========
   Context: {token: null, strategy: unknown, isAuth0: false, isDevUser: false}
ℹ️  INFO: 🔑 AUTH SERVICE: No token, skipping backend logout
ℹ️  INFO: 🔑 AUTH SERVICE: Unknown auth strategy, clearing state...
ℹ️  INFO: Clearing auth state
ℹ️  INFO: 🔑 AUTH SERVICE: ========== LOGOUT START (2025-11-11 13:25:25) ==========
   Context: {token: null, strategy: unknown, isAuth0: false, isDevUser: false}
ℹ️  INFO: 🔑 AUTH SERVICE: No token, skipping backend logout
ℹ️  INFO: 🔑 AUTH SERVICE: Unknown auth strategy, clearing state...
ℹ️  INFO: Clearing auth state
ℹ️  INFO: 🔑 AUTH SERVICE: ========== LOGOUT START (2025-11-11 13:25:25) ==========
   Context: {token: null, strategy: unknown, isAuth0: false, isDevUser: false}
ℹ️  INFO: 🔑 AUTH SERVICE: No token, skipping backend logout
ℹ️  INFO: 🔑 AUTH SERVICE: Unknown auth strategy, clearing state...
ℹ️  INFO: Clearing auth state
ℹ️  INFO: 🔑 AUTH SERVICE: ========== LOGOUT START (2025-11-11 13:25:25) ==========
   Context: {token: null, strategy: unknown, isAuth0: false, isDevUser: false}
ℹ️  INFO: 🔑 AUTH SERVICE: No token, skipping backend logout
ℹ️  INFO: 🔑 AUTH SERVICE: Unknown auth strategy, clearing state...
ℹ️  INFO: Clearing auth state
ℹ️  INFO: 🔑 AUTH SERVICE: ========== LOGOUT START (2025-11-11 13:25:25) ==========
   Context: {token: null, strategy: unknown, isAuth0: false, isDevUser: false}
ℹ️  INFO: 🔑 AUTH SERVICE: No token, skipping backend logout
ℹ️  INFO: 🔑 AUTH SERVICE: Unknown auth strategy, clearing state...
ℹ️  INFO: Clearing auth state
ℹ️  INFO: 🔑 AUTH SERVICE: ========== LOGOUT START (2025-11-11 13:25:25) ==========
   Context: {token: null, strategy: unknown, isAuth0: false, isDevUser: false}
ℹ️  INFO: 🔑 AUTH SERVICE: No token, skipping backend logout
ℹ️  INFO: 🔑 AUTH SERVICE: Unknown auth strategy, clearing state...
ℹ️  INFO: Clearing auth state
ℹ️  INFO: 🔑 AUTH SERVICE: ========== LOGOUT START (2025-11-11 13:25:25) ==========
   Context: {token: null, strategy: unknown, isAuth0: false, isDevUser: false}
ℹ️  INFO: 🔑 AUTH SERVICE: No token, skipping backend logout
ℹ️  INFO: 🔑 AUTH SERVICE: Unknown auth strategy, clearing state...
ℹ️  INFO: Clearing auth state
ℹ️  INFO: 🔑 AUTH SERVICE: ========== LOGOUT START (2025-11-11 13:25:25) ==========
   Context: {token: null, strategy: unknown, isAuth0: false, isDevUser: false}
ℹ️  INFO: 🔑 AUTH SERVICE: No token, skipping backend logout
ℹ️  INFO: 🔑 AUTH SERVICE: Unknown auth strategy, clearing state...
ℹ️  INFO: Clearing auth state
ℹ️  INFO: 🔑 AUTH SERVICE: ========== LOGOUT START (2025-11-11 13:25:25) ==========
   Context: {token: null, strategy: unknown, isAuth0: false, isDevUser: false}
ℹ️  INFO: 🔑 AUTH SERVICE: No token, skipping backend logout
ℹ️  INFO: 🔑 AUTH SERVICE: Unknown auth strategy, clearing state...
ℹ️  INFO: Clearing auth state
❌ ERROR: Failed to clear auth data | MissingPluginException(No implementation found for method delete on channel plugins.it_nomads.com/flutter_secure_storage)
ℹ️  INFO: Auth data cleared
ℹ️  INFO: Auth state cleared
ℹ️  INFO: 🔑 AUTH SERVICE: ========== LOGOUT END (total: 14ms) ==========
❌ ERROR: Failed to clear auth data | MissingPluginException(No implementation found for method delete on channel plugins.it_nomads.com/flutter_secure_storage)
ℹ️  INFO: Auth data cleared
ℹ️  INFO: Auth state cleared
ℹ️  INFO: 🔑 AUTH SERVICE: ========== LOGOUT END (total: 13ms) ==========
❌ ERROR: Failed to clear auth data | MissingPluginException(No implementation found for method delete on channel plugins.it_nomads.com/flutter_secure_storage)
ℹ️  INFO: Auth data cleared
ℹ️  INFO: Auth state cleared
ℹ️  INFO: 🔑 AUTH SERVICE: ========== LOGOUT END (total: 13ms) ==========
❌ ERROR: Failed to clear auth data | MissingPluginException(No implementation found for method delete on channel plugins.it_nomads.com/flutter_secure_storage)
ℹ️  INFO: Auth data cleared
ℹ️  INFO: Auth state cleared
ℹ️  INFO: 🔑 AUTH SERVICE: ========== LOGOUT END (total: 13ms) ==========
❌ ERROR: Failed to clear auth data | MissingPluginException(No implementation found for method delete on channel plugins.it_nomads.com/flutter_secure_storage)
ℹ️  INFO: Auth data cleared
ℹ️  INFO: Auth state cleared
ℹ️  INFO: 🔑 AUTH SERVICE: ========== LOGOUT END (total: 13ms) ==========
❌ ERROR: Failed to clear auth data | MissingPluginException(No implementation found for method delete on channel plugins.it_nomads.com/flutter_secure_storage)
ℹ️  INFO: Auth data cleared
ℹ️  INFO: Auth state cleared
ℹ️  INFO: 🔑 AUTH SERVICE: ========== LOGOUT END (total: 13ms) ==========
❌ ERROR: Failed to clear auth data | MissingPluginException(No implementation found for method delete on channel plugins.it_nomads.com/flutter_secure_storage)
ℹ️  INFO: Auth data cleared
ℹ️  INFO: Auth state cleared
ℹ️  INFO: 🔑 AUTH SERVICE: ========== LOGOUT END (total: 12ms) ==========
❌ ERROR: Failed to clear auth data | MissingPluginException(No implementation found for method delete on channel plugins.it_nomads.com/flutter_secure_storage)
ℹ️  INFO: Auth data cleared
ℹ️  INFO: Auth state cleared
ℹ️  INFO: 🔑 AUTH SERVICE: ========== LOGOUT END (total: 12ms) ==========
❌ ERROR: Failed to clear auth data | MissingPluginException(No implementation found for method delete on channel plugins.it_nomads.com/flutter_secure_storage)
ℹ️  INFO: Auth data cleared
ℹ️  INFO: Auth state cleared
ℹ️  INFO: 🔑 AUTH SERVICE: ========== LOGOUT END (total: 12ms) ==========
❌ ERROR: Failed to clear auth data | MissingPluginException(No implementation found for method delete on channel plugins.it_nomads.com/flutter_secure_storage)
ℹ️  INFO: Auth data cleared
ℹ️  INFO: Auth state cleared
ℹ️  INFO: 🔑 AUTH SERVICE: ========== LOGOUT END (total: 12ms) ==========
❌ ERROR: Failed to clear auth data | MissingPluginException(No implementation found for method delete on channel plugins.it_nomads.com/flutter_secure_storage)
ℹ️  INFO: Auth data cleared
ℹ️  INFO: Auth state cleared
ℹ️  INFO: 🔑 AUTH SERVICE: ========== LOGOUT END (total: 12ms) ==========
❌ ERROR: Failed to clear auth data | MissingPluginException(No implementation found for method delete on channel plugins.it_nomads.com/flutter_secure_storage)
ℹ️  INFO: Auth data cleared
ℹ️  INFO: Auth state cleared
ℹ️  INFO: 🔑 AUTH SERVICE: ========== LOGOUT END (total: 12ms) ==========
❌ ERROR: Failed to clear auth data | MissingPluginException(No implementation found for method delete on channel plugins.it_nomads.com/flutter_secure_storage)
ℹ️  INFO: Auth data cleared
ℹ️  INFO: Auth state cleared
ℹ️  INFO: 🔑 AUTH SERVICE: ========== LOGOUT END (total: 12ms) ==========
❌ ERROR: Failed to clear auth data | MissingPluginException(No implementation found for method delete on channel plugins.it_nomads.com/flutter_secure_storage)
ℹ️  INFO: Auth data cleared
ℹ️  INFO: Auth state cleared
ℹ️  INFO: 🔑 AUTH SERVICE: ========== LOGOUT END (total: 11ms) ==========
❌ ERROR: Failed to clear auth data | MissingPluginException(No implementation found for method delete on channel plugins.it_nomads.com/flutter_secure_storage)
ℹ️  INFO: Auth data cleared
ℹ️  INFO: Auth state cleared
ℹ️  INFO: 🔑 AUTH SERVICE: ========== LOGOUT END (total: 11ms) ==========
❌ ERROR: Failed to clear auth data | MissingPluginException(No implementation found for method delete on channel plugins.it_nomads.com/flutter_secure_storage)
ℹ️  INFO: Auth data cleared
ℹ️  INFO: Auth state cleared
ℹ️  INFO: 🔑 AUTH SERVICE: ========== LOGOUT END (total: 10ms) ==========
❌ ERROR: Failed to clear auth data | MissingPluginException(No implementation found for method delete on channel plugins.it_nomads.com/flutter_secure_storage)
ℹ️  INFO: Auth data cleared
ℹ️  INFO: Auth state cleared
ℹ️  INFO: 🔑 AUTH SERVICE: ========== LOGOUT END (total: 9ms) ==========
❌ ERROR: Failed to clear auth data | MissingPluginException(No implementation found for method delete on channel plugins.it_nomads.com/flutter_secure_storage)
ℹ️  INFO: Auth data cleared
ℹ️  INFO: Auth state cleared
ℹ️  INFO: 🔑 AUTH SERVICE: ========== LOGOUT END (total: 8ms) ==========
❌ ERROR: Failed to clear auth data | MissingPluginException(No implementation found for method delete on channel plugins.it_nomads.com/flutter_secure_storage)
ℹ️  INFO: Auth data cleared
ℹ️  INFO: Auth state cleared
ℹ️  INFO: 🔑 AUTH SERVICE: ========== LOGOUT END (total: 8ms) ==========
❌ ERROR: Failed to clear auth data | MissingPluginException(No implementation found for method delete on channel plugins.it_nomads.com/flutter_secure_storage)
ℹ️  INFO: Auth data cleared
ℹ️  INFO: Auth state cleared
ℹ️  INFO: 🔑 AUTH SERVICE: ========== LOGOUT END (total: 8ms) ==========
❌ ERROR: Failed to clear auth data | MissingPluginException(No implementation found for method delete on channel plugins.it_nomads.com/flutter_secure_storage)
ℹ️  INFO: Auth data cleared
ℹ️  INFO: Auth state cleared
ℹ️  INFO: 🔑 AUTH SERVICE: ========== LOGOUT END (total: 8ms) ==========
❌ ERROR: Failed to clear auth data | MissingPluginException(No implementation found for method delete on channel plugins.it_nomads.com/flutter_secure_storage)
ℹ️  INFO: Auth data cleared
ℹ️  INFO: Auth state cleared
ℹ️  INFO: 🔑 AUTH SERVICE: ========== LOGOUT END (total: 8ms) ==========
❌ ERROR: Failed to clear auth data | MissingPluginException(No implementation found for method delete on channel plugins.it_nomads.com/flutter_secure_storage)
ℹ️  INFO: Auth data cleared
ℹ️  INFO: Auth state cleared
ℹ️  INFO: 🔑 AUTH SERVICE: ========== LOGOUT END (total: 8ms) ==========
❌ ERROR: Failed to clear auth data | MissingPluginException(No implementation found for method delete on channel plugins.it_nomads.com/flutter_secure_storage)
ℹ️  INFO: Auth data cleared
ℹ️  INFO: Auth state cleared
ℹ️  INFO: 🔑 AUTH SERVICE: ========== LOGOUT END (total: 7ms) ==========
❌ ERROR: Failed to clear auth data | MissingPluginException(No implementation found for method delete on channel plugins.it_nomads.com/flutter_secure_storage)
ℹ️  INFO: Auth data cleared
ℹ️  INFO: Auth state cleared
ℹ️  INFO: 🔑 AUTH SERVICE: ========== LOGOUT END (total: 7ms) ==========
❌ ERROR: Failed to clear auth data | MissingPluginException(No implementation found for method delete on channel plugins.it_nomads.com/flutter_secure_storage)
ℹ️  INFO: Auth data cleared
ℹ️  INFO: Auth state cleared
ℹ️  INFO: 🔑 AUTH SERVICE: ========== LOGOUT END (total: 7ms) ==========
❌ ERROR: Failed to clear auth data | MissingPluginException(No implementation found for method delete on channel plugins.it_nomads.com/flutter_secure_storage)
ℹ️  INFO: Auth data cleared
ℹ️  INFO: Auth state cleared
ℹ️  INFO: 🔑 AUTH SERVICE: ========== LOGOUT END (total: 7ms) ==========
❌ ERROR: Failed to clear auth data | MissingPluginException(No implementation found for method delete on channel plugins.it_nomads.com/flutter_secure_storage)
ℹ️  INFO: Auth data cleared
ℹ️  INFO: Auth state cleared
ℹ️  INFO: 🔑 AUTH SERVICE: ========== LOGOUT END (total: 7ms) ==========
❌ ERROR: Failed to clear auth data | MissingPluginException(No implementation found for method delete on channel plugins.it_nomads.com/flutter_secure_storage)
ℹ️  INFO: Auth data cleared
ℹ️  INFO: Auth state cleared
ℹ️  INFO: 🔑 AUTH SERVICE: ========== LOGOUT END (total: 7ms) ==========
❌ ERROR: Failed to clear auth data | MissingPluginException(No implementation found for method delete on channel plugins.it_nomads.com/flutter_secure_storage)
ℹ️  INFO: Auth data cleared
ℹ️  INFO: Auth state cleared
ℹ️  INFO: 🔑 AUTH SERVICE: ========== LOGOUT END (total: 8ms) ==========
❌ ERROR: Failed to clear auth data | MissingPluginException(No implementation found for method delete on channel plugins.it_nomads.com/flutter_secure_storage)
ℹ️  INFO: Auth data cleared
ℹ️  INFO: Auth state cleared
ℹ️  INFO: 🔑 AUTH SERVICE: ========== LOGOUT END (total: 8ms) ==========
❌ ERROR: Failed to clear auth data | MissingPluginException(No implementation found for method delete on channel plugins.it_nomads.com/flutter_secure_storage)
ℹ️  INFO: Auth data cleared
ℹ️  INFO: Auth state cleared
ℹ️  INFO: 🔑 AUTH SERVICE: ========== LOGOUT END (total: 7ms) ==========
❌ ERROR: Failed to clear auth data | MissingPluginException(No implementation found for method delete on channel plugins.it_nomads.com/flutter_secure_storage)
ℹ️  INFO: Auth data cleared
ℹ️  INFO: Auth state cleared
ℹ️  INFO: 🔑 AUTH SERVICE: ========== LOGOUT END (total: 7ms) ==========
❌ ERROR: Failed to clear auth data | MissingPluginException(No implementation found for method delete on channel plugins.it_nomads.com/flutter_secure_storage)
ℹ️  INFO: Auth data cleared
ℹ️  INFO: Auth state cleared
ℹ️  INFO: 🔑 AUTH SERVICE: ========== LOGOUT END (total: 7ms) ==========
❌ ERROR: Failed to clear auth data | MissingPluginException(No implementation found for method delete on channel plugins.it_nomads.com/flutter_secure_storage)
ℹ️  INFO: Auth data cleared
ℹ️  INFO: Auth state cleared
ℹ️  INFO: 🔑 AUTH SERVICE: ========== LOGOUT END (total: 7ms) ==========
❌ ERROR: Failed to clear auth data | MissingPluginException(No implementation found for method delete on channel plugins.it_nomads.com/flutter_secure_storage)
ℹ️  INFO: Auth data cleared
ℹ️  INFO: Auth state cleared
ℹ️  INFO: 🔑 AUTH SERVICE: ========== LOGOUT END (total: 7ms) ==========
❌ ERROR: Failed to clear auth data | MissingPluginException(No implementation found for method delete on channel plugins.it_nomads.com/flutter_secure_storage)
ℹ️  INFO: Auth data cleared
ℹ️  INFO: Auth state cleared
ℹ️  INFO: 🔑 AUTH SERVICE: ========== LOGOUT END (total: 7ms) ==========
❌ ERROR: Failed to clear auth data | MissingPluginException(No implementation found for method delete on channel plugins.it_nomads.com/flutter_secure_storage)
ℹ️  INFO: Auth data cleared
ℹ️  INFO: Auth state cleared
ℹ️  INFO: 🔑 AUTH SERVICE: ========== LOGOUT END (total: 6ms) ==========
❌ ERROR: Failed to clear auth data | MissingPluginException(No implementation found for method delete on channel plugins.it_nomads.com/flutter_secure_storage)
ℹ️  INFO: Auth data cleared
ℹ️  INFO: Auth state cleared
ℹ️  INFO: 🔑 AUTH SERVICE: ========== LOGOUT END (total: 6ms) ==========
❌ ERROR: Failed to clear auth data | MissingPluginException(No implementation found for method delete on channel plugins.it_nomads.com/flutter_secure_storage)
ℹ️  INFO: Auth data cleared
ℹ️  INFO: Auth state cleared
ℹ️  INFO: 🔑 AUTH SERVICE: ========== LOGOUT END (total: 6ms) ==========
❌ ERROR: Failed to clear auth data | MissingPluginException(No implementation found for method delete on channel plugins.it_nomads.com/flutter_secure_storage)
ℹ️  INFO: Auth data cleared
ℹ️  INFO: Auth state cleared
ℹ️  INFO: 🔑 AUTH SERVICE: ========== LOGOUT END (total: 7ms) ==========
❌ ERROR: Failed to clear auth data | MissingPluginException(No implementation found for method delete on channel plugins.it_nomads.com/flutter_secure_storage)
ℹ️  INFO: Auth data cleared
ℹ️  INFO: Auth state cleared
ℹ️  INFO: 🔑 AUTH SERVICE: ========== LOGOUT END (total: 7ms) ==========
❌ ERROR: Failed to clear auth data | MissingPluginException(No implementation found for method delete on channel plugins.it_nomads.com/flutter_secure_storage)
ℹ️  INFO: Auth data cleared
ℹ️  INFO: Auth state cleared
ℹ️  INFO: 🔑 AUTH SERVICE: ========== LOGOUT END (total: 7ms) ==========
❌ ERROR: Failed to clear auth data | MissingPluginException(No implementation found for method delete on channel plugins.it_nomads.com/flutter_secure_storage)
ℹ️  INFO: Auth data cleared
ℹ️  INFO: Auth state cleared
ℹ️  INFO: 🔑 AUTH SERVICE: ========== LOGOUT END (total: 7ms) ==========
❌ ERROR: Failed to clear auth data | MissingPluginException(No implementation found for method delete on channel plugins.it_nomads.com/flutter_secure_storage)
ℹ️  INFO: Auth data cleared
ℹ️  INFO: Auth state cleared
ℹ️  INFO: 🔑 AUTH SERVICE: ========== LOGOUT END (total: 7ms) ==========
❌ ERROR: Failed to clear auth data | MissingPluginException(No implementation found for method delete on channel plugins.it_nomads.com/flutter_secure_storage)
ℹ️  INFO: Auth data cleared
ℹ️  INFO: Auth state cleared
ℹ️  INFO: 🔑 AUTH SERVICE: ========== LOGOUT END (total: 6ms) ==========
❌ ERROR: Failed to clear auth data | MissingPluginException(No implementation found for method delete on channel plugins.it_nomads.com/flutter_secure_storage)
ℹ️  INFO: Auth data cleared
ℹ️  INFO: Auth state cleared
ℹ️  INFO: 🔑 AUTH SERVICE: ========== LOGOUT END (total: 6ms) ==========
❌ ERROR: Failed to clear auth data | MissingPluginException(No implementation found for method delete on channel plugins.it_nomads.com/flutter_secure_storage)
ℹ️  INFO: Auth data cleared
ℹ️  INFO: Auth state cleared
ℹ️  INFO: 🔑 AUTH SERVICE: ========== LOGOUT END (total: 6ms) ==========
❌ ERROR: Failed to clear auth data | MissingPluginException(No implementation found for method delete on channel plugins.it_nomads.com/flutter_secure_storage)
ℹ️  INFO: Auth data cleared
ℹ️  INFO: Auth state cleared
ℹ️  INFO: 🔑 AUTH SERVICE: ========== LOGOUT END (total: 6ms) ==========
❌ ERROR: Failed to clear auth data | MissingPluginException(No implementation found for method delete on channel plugins.it_nomads.com/flutter_secure_storage)
ℹ️  INFO: Auth data cleared
ℹ️  INFO: Auth state cleared
ℹ️  INFO: 🔑 AUTH SERVICE: ========== LOGOUT END (total: 5ms) ==========
00:06 +386 ~2 -4: C:/Users/zarik/OneDrive/Desktop/TrossApp/frontend/test/integration/security_integration_test.dart: Security Integration Tests - UI + Service Layers dev login buttons should be hidden in production
00:06 +386 ~2 -4: C:/Users/zarik/OneDrive/Desktop/TrossApp/frontend/test/e2e/concurrent_operations_test.dart: Concurrent Operations Tests - High Concurrency Scenarios Edge Cases Under Concurrency Concurrent operations on freshly created provider
ℹ️  INFO: 🔑 AUTH SERVICE: ========== LOGOUT START (2025-11-11 13:25:25) ==========
   Context: {token: null, strategy: unknown, isAuth0: false, isDevUser: false}
ℹ️  INFO: 🔑 AUTH SERVICE: No token, skipping backend logout
ℹ️  INFO: 🔑 AUTH SERVICE: Unknown auth strategy, clearing state...
ℹ️  INFO: Clearing auth state
ℹ️  INFO: 🔑 AUTH SERVICE: ========== LOGOUT START (2025-11-11 13:25:25) ==========
   Context: {token: null, strategy: unknown, isAuth0: false, isDevUser: false}
ℹ️  INFO: 🔑 AUTH SERVICE: No token, skipping backend logout
ℹ️  INFO: 🔑 AUTH SERVICE: Unknown auth strategy, clearing state...
ℹ️  INFO: Clearing auth state
ℹ️  INFO: 🔑 AUTH SERVICE: ========== LOGOUT START (2025-11-11 13:25:25) ==========
   Context: {token: null, strategy: unknown, isAuth0: false, isDevUser: false}
ℹ️  INFO: 🔑 AUTH SERVICE: No token, skipping backend logout
ℹ️  INFO: 🔑 AUTH SERVICE: Unknown auth strategy, clearing state...
ℹ️  INFO: Clearing auth state
ℹ️  INFO: 🔑 AUTH SERVICE: ========== LOGOUT START (2025-11-11 13:25:25) ==========
   Context: {token: null, strategy: unknown, isAuth0: false, isDevUser: false}
ℹ️  INFO: 🔑 AUTH SERVICE: No token, skipping backend logout
ℹ️  INFO: 🔑 AUTH SERVICE: Unknown auth strategy, clearing state...
ℹ️  INFO: Clearing auth state
ℹ️  INFO: 🔑 AUTH SERVICE: ========== LOGOUT START (2025-11-11 13:25:25) ==========
   Context: {token: null, strategy: unknown, isAuth0: false, isDevUser: false}
ℹ️  INFO: 🔑 AUTH SERVICE: No token, skipping backend logout
ℹ️  INFO: 🔑 AUTH SERVICE: Unknown auth strategy, clearing state...
ℹ️  INFO: Clearing auth state
ℹ️  INFO: 🔑 AUTH SERVICE: ========== LOGOUT START (2025-11-11 13:25:25) ==========
   Context: {token: null, strategy: unknown, isAuth0: false, isDevUser: false}
ℹ️  INFO: 🔑 AUTH SERVICE: No token, skipping backend logout
ℹ️  INFO: 🔑 AUTH SERVICE: Unknown auth strategy, clearing state...
ℹ️  INFO: Clearing auth state
ℹ️  INFO: 🔑 AUTH SERVICE: ========== LOGOUT START (2025-11-11 13:25:25) ==========
   Context: {token: null, strategy: unknown, isAuth0: false, isDevUser: false}
ℹ️  INFO: 🔑 AUTH SERVICE: No token, skipping backend logout
ℹ️  INFO: 🔑 AUTH SERVICE: Unknown auth strategy, clearing state...
ℹ️  INFO: Clearing auth state
ℹ️  INFO: 🔑 AUTH SERVICE: ========== LOGOUT START (2025-11-11 13:25:25) ==========
   Context: {token: null, strategy: unknown, isAuth0: false, isDevUser: false}
ℹ️  INFO: 🔑 AUTH SERVICE: No token, skipping backend logout
ℹ️  INFO: 🔑 AUTH SERVICE: Unknown auth strategy, clearing state...
ℹ️  INFO: Clearing auth state
ℹ️  INFO: 🔑 AUTH SERVICE: ========== LOGOUT START (2025-11-11 13:25:25) ==========
   Context: {token: null, strategy: unknown, isAuth0: false, isDevUser: false}
ℹ️  INFO: 🔑 AUTH SERVICE: No token, skipping backend logout
ℹ️  INFO: 🔑 AUTH SERVICE: Unknown auth strategy, clearing state...
ℹ️  INFO: Clearing auth state
ℹ️  INFO: 🔑 AUTH SERVICE: ========== LOGOUT START (2025-11-11 13:25:25) ==========
   Context: {token: null, strategy: unknown, isAuth0: false, isDevUser: false}
ℹ️  INFO: 🔑 AUTH SERVICE: No token, skipping backend logout
ℹ️  INFO: 🔑 AUTH SERVICE: Unknown auth strategy, clearing state...
ℹ️  INFO: Clearing auth state
ℹ️  INFO: 🔑 AUTH SERVICE: ========== LOGOUT START (2025-11-11 13:25:25) ==========
   Context: {token: null, strategy: unknown, isAuth0: false, isDevUser: false}
ℹ️  INFO: 🔑 AUTH SERVICE: No token, skipping backend logout
ℹ️  INFO: 🔑 AUTH SERVICE: Unknown auth strategy, clearing state...
ℹ️  INFO: Clearing auth state
ℹ️  INFO: 🔑 AUTH SERVICE: ========== LOGOUT START (2025-11-11 13:25:25) ==========
   Context: {token: null, strategy: unknown, isAuth0: false, isDevUser: false}
ℹ️  INFO: 🔑 AUTH SERVICE: No token, skipping backend logout
ℹ️  INFO: 🔑 AUTH SERVICE: Unknown auth strategy, clearing state...
ℹ️  INFO: Clearing auth state
ℹ️  INFO: 🔑 AUTH SERVICE: ========== LOGOUT START (2025-11-11 13:25:25) ==========
   Context: {token: null, strategy: unknown, isAuth0: false, isDevUser: false}
ℹ️  INFO: 🔑 AUTH SERVICE: No token, skipping backend logout
ℹ️  INFO: 🔑 AUTH SERVICE: Unknown auth strategy, clearing state...
ℹ️  INFO: Clearing auth state
ℹ️  INFO: 🔑 AUTH SERVICE: ========== LOGOUT START (2025-11-11 13:25:25) ==========
   Context: {token: null, strategy: unknown, isAuth0: false, isDevUser: false}
ℹ️  INFO: 🔑 AUTH SERVICE: No token, skipping backend logout
ℹ️  INFO: 🔑 AUTH SERVICE: Unknown auth strategy, clearing state...
ℹ️  INFO: Clearing auth state
ℹ️  INFO: 🔑 AUTH SERVICE: ========== LOGOUT START (2025-11-11 13:25:25) ==========
   Context: {token: null, strategy: unknown, isAuth0: false, isDevUser: false}
ℹ️  INFO: 🔑 AUTH SERVICE: No token, skipping backend logout
ℹ️  INFO: 🔑 AUTH SERVICE: Unknown auth strategy, clearing state...
ℹ️  INFO: Clearing auth state
ℹ️  INFO: 🔑 AUTH SERVICE: ========== LOGOUT START (2025-11-11 13:25:25) ==========
   Context: {token: null, strategy: unknown, isAuth0: false, isDevUser: false}
ℹ️  INFO: 🔑 AUTH SERVICE: No token, skipping backend logout
ℹ️  INFO: 🔑 AUTH SERVICE: Unknown auth strategy, clearing state...
ℹ️  INFO: Clearing auth state
ℹ️  INFO: 🔑 AUTH SERVICE: ========== LOGOUT START (2025-11-11 13:25:25) ==========
   Context: {token: null, strategy: unknown, isAuth0: false, isDevUser: false}
ℹ️  INFO: 🔑 AUTH SERVICE: No token, skipping backend logout
ℹ️  INFO: 🔑 AUTH SERVICE: Unknown auth strategy, clearing state...
ℹ️  INFO: Clearing auth state
ℹ️  INFO: 🔑 AUTH SERVICE: ========== LOGOUT START (2025-11-11 13:25:25) ==========
   Context: {token: null, strategy: unknown, isAuth0: false, isDevUser: false}
ℹ️  INFO: 🔑 AUTH SERVICE: No token, skipping backend logout
ℹ️  INFO: 🔑 AUTH SERVICE: Unknown auth strategy, clearing state...
ℹ️  INFO: Clearing auth state
ℹ️  INFO: 🔑 AUTH SERVICE: ========== LOGOUT START (2025-11-11 13:25:25) ==========
   Context: {token: null, strategy: unknown, isAuth0: false, isDevUser: false}
ℹ️  INFO: 🔑 AUTH SERVICE: No token, skipping backend logout
ℹ️  INFO: 🔑 AUTH SERVICE: Unknown auth strategy, clearing state...
ℹ️  INFO: Clearing auth state
ℹ️  INFO: 🔑 AUTH SERVICE: ========== LOGOUT START (2025-11-11 13:25:25) ==========
   Context: {token: null, strategy: unknown, isAuth0: false, isDevUser: false}
ℹ️  INFO: 🔑 AUTH SERVICE: No token, skipping backend logout
ℹ️  INFO: 🔑 AUTH SERVICE: Unknown auth strategy, clearing state...
ℹ️  INFO: Clearing auth state
ℹ️  INFO: 🔑 AUTH SERVICE: ========== LOGOUT START (2025-11-11 13:25:25) ==========
   Context: {token: null, strategy: unknown, isAuth0: false, isDevUser: false}
ℹ️  INFO: 🔑 AUTH SERVICE: No token, skipping backend logout
ℹ️  INFO: 🔑 AUTH SERVICE: Unknown auth strategy, clearing state...
ℹ️  INFO: Clearing auth state
ℹ️  INFO: 🔑 AUTH SERVICE: ========== LOGOUT START (2025-11-11 13:25:25) ==========
   Context: {token: null, strategy: unknown, isAuth0: false, isDevUser: false}
ℹ️  INFO: 🔑 AUTH SERVICE: No token, skipping backend logout
ℹ️  INFO: 🔑 AUTH SERVICE: Unknown auth strategy, clearing state...
ℹ️  INFO: Clearing auth state
ℹ️  INFO: 🔑 AUTH SERVICE: ========== LOGOUT START (2025-11-11 13:25:25) ==========
   Context: {token: null, strategy: unknown, isAuth0: false, isDevUser: false}
ℹ️  INFO: 🔑 AUTH SERVICE: No token, skipping backend logout
ℹ️  INFO: 🔑 AUTH SERVICE: Unknown auth strategy, clearing state...
ℹ️  INFO: Clearing auth state
ℹ️  INFO: 🔑 AUTH SERVICE: ========== LOGOUT START (2025-11-11 13:25:25) ==========
   Context: {token: null, strategy: unknown, isAuth0: false, isDevUser: false}
ℹ️  INFO: 🔑 AUTH SERVICE: No token, skipping backend logout
ℹ️  INFO: 🔑 AUTH SERVICE: Unknown auth strategy, clearing state...
ℹ️  INFO: Clearing auth state
ℹ️  INFO: 🔑 AUTH SERVICE: ========== LOGOUT START (2025-11-11 13:25:25) ==========
   Context: {token: null, strategy: unknown, isAuth0: false, isDevUser: false}
ℹ️  INFO: 🔑 AUTH SERVICE: No token, skipping backend logout
ℹ️  INFO: 🔑 AUTH SERVICE: Unknown auth strategy, clearing state...
ℹ️  INFO: Clearing auth state
ℹ️  INFO: 🔑 AUTH SERVICE: ========== LOGOUT START (2025-11-11 13:25:25) ==========
   Context: {token: null, strategy: unknown, isAuth0: false, isDevUser: false}
ℹ️  INFO: 🔑 AUTH SERVICE: No token, skipping backend logout
ℹ️  INFO: 🔑 AUTH SERVICE: Unknown auth strategy, clearing state...
ℹ️  INFO: Clearing auth state
ℹ️  INFO: 🔑 AUTH SERVICE: ========== LOGOUT START (2025-11-11 13:25:25) ==========
   Context: {token: null, strategy: unknown, isAuth0: false, isDevUser: false}
ℹ️  INFO: 🔑 AUTH SERVICE: No token, skipping backend logout
ℹ️  INFO: 🔑 AUTH SERVICE: Unknown auth strategy, clearing state...
ℹ️  INFO: Clearing auth state
ℹ️  INFO: 🔑 AUTH SERVICE: ========== LOGOUT START (2025-11-11 13:25:25) ==========
   Context: {token: null, strategy: unknown, isAuth0: false, isDevUser: false}
ℹ️  INFO: 🔑 AUTH SERVICE: No token, skipping backend logout
ℹ️  INFO: 🔑 AUTH SERVICE: Unknown auth strategy, clearing state...
ℹ️  INFO: Clearing auth state
ℹ️  INFO: 🔑 AUTH SERVICE: ========== LOGOUT START (2025-11-11 13:25:25) ==========
   Context: {token: null, strategy: unknown, isAuth0: false, isDevUser: false}
ℹ️  INFO: 🔑 AUTH SERVICE: No token, skipping backend logout
ℹ️  INFO: 🔑 AUTH SERVICE: Unknown auth strategy, clearing state...
ℹ️  INFO: Clearing auth state
ℹ️  INFO: 🔑 AUTH SERVICE: ========== LOGOUT START (2025-11-11 13:25:25) ==========
   Context: {token: null, strategy: unknown, isAuth0: false, isDevUser: false}
ℹ️  INFO: 🔑 AUTH SERVICE: No token, skipping backend logout
ℹ️  INFO: 🔑 AUTH SERVICE: Unknown auth strategy, clearing state...
ℹ️  INFO: Clearing auth state
ℹ️  INFO: 🔑 AUTH SERVICE: ========== LOGOUT START (2025-11-11 13:25:25) ==========
   Context: {token: null, strategy: unknown, isAuth0: false, isDevUser: false}
ℹ️  INFO: 🔑 AUTH SERVICE: No token, skipping backend logout
ℹ️  INFO: 🔑 AUTH SERVICE: Unknown auth strategy, clearing state...
ℹ️  INFO: Clearing auth state
ℹ️  INFO: 🔑 AUTH SERVICE: ========== LOGOUT START (2025-11-11 13:25:25) ==========
   Context: {token: null, strategy: unknown, isAuth0: false, isDevUser: false}
ℹ️  INFO: 🔑 AUTH SERVICE: No token, skipping backend logout
ℹ️  INFO: 🔑 AUTH SERVICE: Unknown auth strategy, clearing state...
ℹ️  INFO: Clearing auth state
ℹ️  INFO: 🔑 AUTH SERVICE: ========== LOGOUT START (2025-11-11 13:25:25) ==========
   Context: {token: null, strategy: unknown, isAuth0: false, isDevUser: false}
ℹ️  INFO: 🔑 AUTH SERVICE: No token, skipping backend logout
ℹ️  INFO: 🔑 AUTH SERVICE: Unknown auth strategy, clearing state...
ℹ️  INFO: Clearing auth state
ℹ️  INFO: 🔑 AUTH SERVICE: ========== LOGOUT START (2025-11-11 13:25:25) ==========
   Context: {token: null, strategy: unknown, isAuth0: false, isDevUser: false}
ℹ️  INFO: 🔑 AUTH SERVICE: No token, skipping backend logout
ℹ️  INFO: 🔑 AUTH SERVICE: Unknown auth strategy, clearing state...
ℹ️  INFO: Clearing auth state
ℹ️  INFO: 🔑 AUTH SERVICE: ========== LOGOUT START (2025-11-11 13:25:25) ==========
   Context: {token: null, strategy: unknown, isAuth0: false, isDevUser: false}
ℹ️  INFO: 🔑 AUTH SERVICE: No token, skipping backend logout
ℹ️  INFO: 🔑 AUTH SERVICE: Unknown auth strategy, clearing state...
ℹ️  INFO: Clearing auth state
ℹ️  INFO: 🔑 AUTH SERVICE: ========== LOGOUT START (2025-11-11 13:25:25) ==========
   Context: {token: null, strategy: unknown, isAuth0: false, isDevUser: false}
ℹ️  INFO: 🔑 AUTH SERVICE: No token, skipping backend logout
ℹ️  INFO: 🔑 AUTH SERVICE: Unknown auth strategy, clearing state...
ℹ️  INFO: Clearing auth state
ℹ️  INFO: 🔑 AUTH SERVICE: ========== LOGOUT START (2025-11-11 13:25:25) ==========
   Context: {token: null, strategy: unknown, isAuth0: false, isDevUser: false}
ℹ️  INFO: 🔑 AUTH SERVICE: No token, skipping backend logout
ℹ️  INFO: 🔑 AUTH SERVICE: Unknown auth strategy, clearing state...
ℹ️  INFO: Clearing auth state
ℹ️  INFO: 🔑 AUTH SERVICE: ========== LOGOUT START (2025-11-11 13:25:25) ==========
   Context: {token: null, strategy: unknown, isAuth0: false, isDevUser: false}
ℹ️  INFO: 🔑 AUTH SERVICE: No token, skipping backend logout
ℹ️  INFO: 🔑 AUTH SERVICE: Unknown auth strategy, clearing state...
ℹ️  INFO: Clearing auth state
ℹ️  INFO: 🔑 AUTH SERVICE: ========== LOGOUT START (2025-11-11 13:25:25) ==========
   Context: {token: null, strategy: unknown, isAuth0: false, isDevUser: false}
ℹ️  INFO: 🔑 AUTH SERVICE: No token, skipping backend logout
ℹ️  INFO: 🔑 AUTH SERVICE: Unknown auth strategy, clearing state...
ℹ️  INFO: Clearing auth state
ℹ️  INFO: 🔑 AUTH SERVICE: ========== LOGOUT START (2025-11-11 13:25:25) ==========
   Context: {token: null, strategy: unknown, isAuth0: false, isDevUser: false}
ℹ️  INFO: 🔑 AUTH SERVICE: No token, skipping backend logout
ℹ️  INFO: 🔑 AUTH SERVICE: Unknown auth strategy, clearing state...
ℹ️  INFO: Clearing auth state
ℹ️  INFO: 🔑 AUTH SERVICE: ========== LOGOUT START (2025-11-11 13:25:25) ==========
   Context: {token: null, strategy: unknown, isAuth0: false, isDevUser: false}
ℹ️  INFO: 🔑 AUTH SERVICE: No token, skipping backend logout
ℹ️  INFO: 🔑 AUTH SERVICE: Unknown auth strategy, clearing state...
ℹ️  INFO: Clearing auth state
ℹ️  INFO: 🔑 AUTH SERVICE: ========== LOGOUT START (2025-11-11 13:25:25) ==========
   Context: {token: null, strategy: unknown, isAuth0: false, isDevUser: false}
ℹ️  INFO: 🔑 AUTH SERVICE: No token, skipping backend logout
ℹ️  INFO: 🔑 AUTH SERVICE: Unknown auth strategy, clearing state...
ℹ️  INFO: Clearing auth state
ℹ️  INFO: 🔑 AUTH SERVICE: ========== LOGOUT START (2025-11-11 13:25:25) ==========
   Context: {token: null, strategy: unknown, isAuth0: false, isDevUser: false}
ℹ️  INFO: 🔑 AUTH SERVICE: No token, skipping backend logout
ℹ️  INFO: 🔑 AUTH SERVICE: Unknown auth strategy, clearing state...
ℹ️  INFO: Clearing auth state
ℹ️  INFO: 🔑 AUTH SERVICE: ========== LOGOUT START (2025-11-11 13:25:25) ==========
   Context: {token: null, strategy: unknown, isAuth0: false, isDevUser: false}
ℹ️  INFO: 🔑 AUTH SERVICE: No token, skipping backend logout
ℹ️  INFO: 🔑 AUTH SERVICE: Unknown auth strategy, clearing state...
ℹ️  INFO: Clearing auth state
ℹ️  INFO: 🔑 AUTH SERVICE: ========== LOGOUT START (2025-11-11 13:25:25) ==========
   Context: {token: null, strategy: unknown, isAuth0: false, isDevUser: false}
ℹ️  INFO: 🔑 AUTH SERVICE: No token, skipping backend logout
ℹ️  INFO: 🔑 AUTH SERVICE: Unknown auth strategy, clearing state...
ℹ️  INFO: Clearing auth state
ℹ️  INFO: 🔑 AUTH SERVICE: ========== LOGOUT START (2025-11-11 13:25:25) ==========
   Context: {token: null, strategy: unknown, isAuth0: false, isDevUser: false}
ℹ️  INFO: 🔑 AUTH SERVICE: No token, skipping backend logout
ℹ️  INFO: 🔑 AUTH SERVICE: Unknown auth strategy, clearing state...
ℹ️  INFO: Clearing auth state
ℹ️  INFO: 🔑 AUTH SERVICE: ========== LOGOUT START (2025-11-11 13:25:25) ==========
   Context: {token: null, strategy: unknown, isAuth0: false, isDevUser: false}
ℹ️  INFO: 🔑 AUTH SERVICE: No token, skipping backend logout
00:06 +386 ~2 -4: C:/Users/zarik/OneDrive/Desktop/TrossApp/frontend/test/integration/security_integration_test.dart: Security Integration Tests - UI + Service Layers dev login buttons should be hidden in production
00:06 +386 ~2 -4: C:/Users/zarik/OneDrive/Desktop/TrossApp/frontend/test/e2e/concurrent_operations_test.dart: Concurrent Operations Tests - High Concurrency Scenarios Edge Cases Under Concurrency Concurrent operations on freshly created provider
ℹ️  INFO: 🔑 AUTH SERVICE: Unknown auth strategy, clearing state...
ℹ️  INFO: Clearing auth state
ℹ️  INFO: 🔑 AUTH SERVICE: ========== LOGOUT START (2025-11-11 13:25:25) ==========
   Context: {token: null, strategy: unknown, isAuth0: false, isDevUser: false}
ℹ️  INFO: 🔑 AUTH SERVICE: No token, skipping backend logout
ℹ️  INFO: 🔑 AUTH SERVICE: Unknown auth strategy, clearing state...
ℹ️  INFO: Clearing auth state
ℹ️  INFO: 🔑 AUTH SERVICE: ========== LOGOUT START (2025-11-11 13:25:25) ==========
   Context: {token: null, strategy: unknown, isAuth0: false, isDevUser: false}
ℹ️  INFO: 🔑 AUTH SERVICE: No token, skipping backend logout
ℹ️  INFO: 🔑 AUTH SERVICE: Unknown auth strategy, clearing state...
ℹ️  INFO: Clearing auth state
ℹ️  INFO: 🔑 AUTH SERVICE: ========== LOGOUT START (2025-11-11 13:25:25) ==========
   Context: {token: null, strategy: unknown, isAuth0: false, isDevUser: false}
ℹ️  INFO: 🔑 AUTH SERVICE: No token, skipping backend logout
ℹ️  INFO: 🔑 AUTH SERVICE: Unknown auth strategy, clearing state...
ℹ️  INFO: Clearing auth state
❌ ERROR: Failed to clear auth data | MissingPluginException(No implementation found for method delete on channel plugins.it_nomads.com/flutter_secure_storage)
ℹ️  INFO: Auth data cleared
ℹ️  INFO: Auth state cleared
ℹ️  INFO: 🔑 AUTH SERVICE: ========== LOGOUT END (total: 13ms) ==========
❌ ERROR: Failed to clear auth data | MissingPluginException(No implementation found for method delete on channel plugins.it_nomads.com/flutter_secure_storage)
ℹ️  INFO: Auth data cleared
ℹ️  INFO: Auth state cleared
ℹ️  INFO: 🔑 AUTH SERVICE: ========== LOGOUT END (total: 13ms) ==========
❌ ERROR: Failed to clear auth data | MissingPluginException(No implementation found for method delete on channel plugins.it_nomads.com/flutter_secure_storage)
ℹ️  INFO: Auth data cleared
ℹ️  INFO: Auth state cleared
ℹ️  INFO: 🔑 AUTH SERVICE: ========== LOGOUT END (total: 12ms) ==========
❌ ERROR: Failed to clear auth data | MissingPluginException(No implementation found for method delete on channel plugins.it_nomads.com/flutter_secure_storage)
ℹ️  INFO: Auth data cleared
ℹ️  INFO: Auth state cleared
ℹ️  INFO: 🔑 AUTH SERVICE: ========== LOGOUT END (total: 12ms) ==========
❌ ERROR: Failed to clear auth data | MissingPluginException(No implementation found for method delete on channel plugins.it_nomads.com/flutter_secure_storage)
ℹ️  INFO: Auth data cleared
ℹ️  INFO: Auth state cleared
ℹ️  INFO: 🔑 AUTH SERVICE: ========== LOGOUT END (total: 11ms) ==========
❌ ERROR: Failed to clear auth data | MissingPluginException(No implementation found for method delete on channel plugins.it_nomads.com/flutter_secure_storage)
ℹ️  INFO: Auth data cleared
ℹ️  INFO: Auth state cleared
ℹ️  INFO: 🔑 AUTH SERVICE: ========== LOGOUT END (total: 11ms) ==========
❌ ERROR: Failed to clear auth data | MissingPluginException(No implementation found for method delete on channel plugins.it_nomads.com/flutter_secure_storage)
ℹ️  INFO: Auth data cleared
ℹ️  INFO: Auth state cleared
ℹ️  INFO: 🔑 AUTH SERVICE: ========== LOGOUT END (total: 11ms) ==========
❌ ERROR: Failed to clear auth data | MissingPluginException(No implementation found for method delete on channel plugins.it_nomads.com/flutter_secure_storage)
ℹ️  INFO: Auth data cleared
ℹ️  INFO: Auth state cleared
ℹ️  INFO: 🔑 AUTH SERVICE: ========== LOGOUT END (total: 11ms) ==========
❌ ERROR: Failed to clear auth data | MissingPluginException(No implementation found for method delete on channel plugins.it_nomads.com/flutter_secure_storage)
ℹ️  INFO: Auth data cleared
ℹ️  INFO: Auth state cleared
ℹ️  INFO: 🔑 AUTH SERVICE: ========== LOGOUT END (total: 11ms) ==========
❌ ERROR: Failed to clear auth data | MissingPluginException(No implementation found for method delete on channel plugins.it_nomads.com/flutter_secure_storage)
ℹ️  INFO: Auth data cleared
ℹ️  INFO: Auth state cleared
ℹ️  INFO: 🔑 AUTH SERVICE: ========== LOGOUT END (total: 10ms) ==========
❌ ERROR: Failed to clear auth data | MissingPluginException(No implementation found for method delete on channel plugins.it_nomads.com/flutter_secure_storage)
ℹ️  INFO: Auth data cleared
ℹ️  INFO: Auth state cleared
ℹ️  INFO: 🔑 AUTH SERVICE: ========== LOGOUT END (total: 11ms) ==========
❌ ERROR: Failed to clear auth data | MissingPluginException(No implementation found for method delete on channel plugins.it_nomads.com/flutter_secure_storage)
ℹ️  INFO: Auth data cleared
ℹ️  INFO: Auth state cleared
ℹ️  INFO: 🔑 AUTH SERVICE: ========== LOGOUT END (total: 11ms) ==========
❌ ERROR: Failed to clear auth data | MissingPluginException(No implementation found for method delete on channel plugins.it_nomads.com/flutter_secure_storage)
ℹ️  INFO: Auth data cleared
ℹ️  INFO: Auth state cleared
ℹ️  INFO: 🔑 AUTH SERVICE: ========== LOGOUT END (total: 11ms) ==========
❌ ERROR: Failed to clear auth data | MissingPluginException(No implementation found for method delete on channel plugins.it_nomads.com/flutter_secure_storage)
00:06 +387 ~2 -4: C:/Users/zarik/OneDrive/Desktop/TrossApp/frontend/test/integration/security_integration_test.dart: Security Integration Tests - UI + Service Layers dev login buttons should be hidden in production
00:06 +387 ~2 -4: C:/Users/zarik/OneDrive/Desktop/TrossApp/frontend/test/e2e/concurrent_operations_test.dart: Concurrent Operations Tests - High Concurrency Scenarios Edge Cases Under Concurrency Concurrent operations on freshly created provider
ℹ️  INFO: Auth data cleared
ℹ️  INFO: Auth state cleared
ℹ️  INFO: 🔑 AUTH SERVICE: ========== LOGOUT END (total: 10ms) ==========
❌ ERROR: Failed to clear auth data | MissingPluginException(No implementation found for method delete on channel plugins.it_nomads.com/flutter_secure_storage)
ℹ️  INFO: Auth data cleared
ℹ️  INFO: Auth state cleared
ℹ️  INFO: 🔑 AUTH SERVICE: ========== LOGOUT END (total: 10ms) ==========
❌ ERROR: Failed to clear auth data | MissingPluginException(No implementation found for method delete on channel plugins.it_nomads.com/flutter_secure_storage)
ℹ️  INFO: Auth data cleared
ℹ️  INFO: Auth state cleared
ℹ️  INFO: 🔑 AUTH SERVICE: ========== LOGOUT END (total: 10ms) ==========
❌ ERROR: Failed to clear auth data | MissingPluginException(No implementation found for method delete on channel plugins.it_nomads.com/flutter_secure_storage)
ℹ️  INFO: Auth data cleared
ℹ️  INFO: Auth state cleared
ℹ️  INFO: 🔑 AUTH SERVICE: ========== LOGOUT END (total: 11ms) ==========
❌ ERROR: Failed to clear auth data | MissingPluginException(No implementation found for method delete on channel plugins.it_nomads.com/flutter_secure_storage)
ℹ️  INFO: Auth data cleared
ℹ️  INFO: Auth state cleared
ℹ️  INFO: 🔑 AUTH SERVICE: ========== LOGOUT END (total: 11ms) ==========
❌ ERROR: Failed to clear auth data | MissingPluginException(No implementation found for method delete on channel plugins.it_nomads.com/flutter_secure_storage)
ℹ️  INFO: Auth data cleared
ℹ️  INFO: Auth state cleared
ℹ️  INFO: 🔑 AUTH SERVICE: ========== LOGOUT END (total: 10ms) ==========
❌ ERROR: Failed to clear auth data | MissingPluginException(No implementation found for method delete on channel plugins.it_nomads.com/flutter_secure_storage)
ℹ️  INFO: Auth data cleared
ℹ️  INFO: Auth state cleared
ℹ️  INFO: 🔑 AUTH SERVICE: ========== LOGOUT END (total: 10ms) ==========
❌ ERROR: Failed to clear auth data | MissingPluginException(No implementation found for method delete on channel plugins.it_nomads.com/flutter_secure_storage)
00:06 +388 ~2 -4: C:/Users/zarik/OneDrive/Desktop/TrossApp/frontend/test/integration/security_integration_test.dart: Security Integration Tests - UI + Service Layers dev login buttons should be hidden in production
00:06 +388 ~2 -4: C:/Users/zarik/OneDrive/Desktop/TrossApp/frontend/test/e2e/concurrent_operations_test.dart: Concurrent Operations Tests - High Concurrency Scenarios Edge Cases Under Concurrency Concurrent operations on freshly created provider
ℹ️  INFO: Auth data cleared
ℹ️  INFO: Auth state cleared
ℹ️  INFO: 🔑 AUTH SERVICE: ========== LOGOUT END (total: 10ms) ==========
❌ ERROR: Failed to clear auth data | MissingPluginException(No implementation found for method delete on channel plugins.it_nomads.com/flutter_secure_storage)
ℹ️  INFO: Auth data cleared
ℹ️  INFO: Auth state cleared
ℹ️  INFO: 🔑 AUTH SERVICE: ========== LOGOUT END (total: 10ms) ==========
❌ ERROR: Failed to clear auth data | MissingPluginException(No implementation found for method delete on channel plugins.it_nomads.com/flutter_secure_storage)
ℹ️  INFO: Auth data cleared
ℹ️  INFO: Auth state cleared
ℹ️  INFO: 🔑 AUTH SERVICE: ========== LOGOUT END (total: 9ms) ==========
❌ ERROR: Failed to clear auth data | MissingPluginException(No implementation found for method delete on channel plugins.it_nomads.com/flutter_secure_storage)
ℹ️  INFO: Auth data cleared
ℹ️  INFO: Auth state cleared
ℹ️  INFO: 🔑 AUTH SERVICE: ========== LOGOUT END (total: 9ms) ==========
❌ ERROR: Failed to clear auth data | MissingPluginException(No implementation found for method delete on channel plugins.it_nomads.com/flutter_secure_storage)
ℹ️  INFO: Auth data cleared
ℹ️  INFO: Auth state cleared
ℹ️  INFO: 🔑 AUTH SERVICE: ========== LOGOUT END (total: 9ms) ==========
❌ ERROR: Failed to clear auth data | MissingPluginException(No implementation found for method delete on channel plugins.it_nomads.com/flutter_secure_storage)
ℹ️  INFO: Auth data cleared
ℹ️  INFO: Auth state cleared
ℹ️  INFO: 🔑 AUTH SERVICE: ========== LOGOUT END (total: 9ms) ==========
❌ ERROR: Failed to clear auth data | MissingPluginException(No implementation found for method delete on channel plugins.it_nomads.com/flutter_secure_storage)
ℹ️  INFO: Auth data cleared
ℹ️  INFO: Auth state cleared
ℹ️  INFO: 🔑 AUTH SERVICE: ========== LOGOUT END (total: 10ms) ==========
❌ ERROR: Failed to clear auth data | MissingPluginException(No implementation found for method delete on channel plugins.it_nomads.com/flutter_secure_storage)
ℹ️  INFO: Auth data cleared
ℹ️  INFO: Auth state cleared
ℹ️  INFO: 🔑 AUTH SERVICE: ========== LOGOUT END (total: 9ms) ==========
❌ ERROR: Failed to clear auth data | MissingPluginException(No implementation found for method delete on channel plugins.it_nomads.com/flutter_secure_storage)
ℹ️  INFO: Auth data cleared
ℹ️  INFO: Auth state cleared
ℹ️  INFO: 🔑 AUTH SERVICE: ========== LOGOUT END (total: 9ms) ==========
00:06 +389 ~2 -4: C:/Users/zarik/OneDrive/Desktop/TrossApp/frontend/test/integration/security_integration_test.dart: Security Integration Tests - UI + Service Layers dev login buttons should be hidden in production
00:06 +389 ~2 -4: C:/Users/zarik/OneDrive/Desktop/TrossApp/frontend/test/e2e/concurrent_operations_test.dart: Concurrent Operations Tests - High Concurrency Scenarios Edge Cases Under Concurrency Concurrent operations on freshly created provider
❌ ERROR: Failed to clear auth data | MissingPluginException(No implementation found for method delete on channel plugins.it_nomads.com/flutter_secure_storage)
ℹ️  INFO: Auth data cleared
ℹ️  INFO: Auth state cleared
ℹ️  INFO: 🔑 AUTH SERVICE: ========== LOGOUT END (total: 9ms) ==========
❌ ERROR: Failed to clear auth data | MissingPluginException(No implementation found for method delete on channel plugins.it_nomads.com/flutter_secure_storage)
ℹ️  INFO: Auth data cleared
ℹ️  INFO: Auth state cleared
ℹ️  INFO: 🔑 AUTH SERVICE: ========== LOGOUT END (total: 9ms) ==========
❌ ERROR: Failed to clear auth data | MissingPluginException(No implementation found for method delete on channel plugins.it_nomads.com/flutter_secure_storage)
ℹ️  INFO: Auth data cleared
ℹ️  INFO: Auth state cleared
ℹ️  INFO: 🔑 AUTH SERVICE: ========== LOGOUT END (total: 9ms) ==========
❌ ERROR: Failed to clear auth data | MissingPluginException(No implementation found for method delete on channel plugins.it_nomads.com/flutter_secure_storage)
ℹ️  INFO: Auth data cleared
ℹ️  INFO: Auth state cleared
ℹ️  INFO: 🔑 AUTH SERVICE: ========== LOGOUT END (total: 9ms) ==========
❌ ERROR: Failed to clear auth data | MissingPluginException(No implementation found for method delete on channel plugins.it_nomads.com/flutter_secure_storage)
ℹ️  INFO: Auth data cleared
ℹ️  INFO: Auth state cleared
ℹ️  INFO: 🔑 AUTH SERVICE: ========== LOGOUT END (total: 9ms) ==========
❌ ERROR: Failed to clear auth data | MissingPluginException(No implementation found for method delete on channel plugins.it_nomads.com/flutter_secure_storage)
ℹ️  INFO: Auth data cleared
ℹ️  INFO: Auth state cleared
ℹ️  INFO: 🔑 AUTH SERVICE: ========== LOGOUT END (total: 9ms) ==========
❌ ERROR: Failed to clear auth data | MissingPluginException(No implementation found for method delete on channel plugins.it_nomads.com/flutter_secure_storage)
ℹ️  INFO: Auth data cleared
ℹ️  INFO: Auth state cleared
ℹ️  INFO: 🔑 AUTH SERVICE: ========== LOGOUT END (total: 10ms) ==========
❌ ERROR: Failed to clear auth data | MissingPluginException(No implementation found for method delete on channel plugins.it_nomads.com/flutter_secure_storage)
ℹ️  INFO: Auth data cleared
ℹ️  INFO: Auth state cleared
ℹ️  INFO: 🔑 AUTH SERVICE: ========== LOGOUT END (total: 9ms) ==========
❌ ERROR: Failed to clear auth data | MissingPluginException(No implementation found for method delete on channel plugins.it_nomads.com/flutter_secure_storage)
00:06 +390 ~2 -4: C:/Users/zarik/OneDrive/Desktop/TrossApp/frontend/test/integration/security_integration_test.dart: Security Integration Tests - UI + Service Layers dev login buttons should be hidden in production
00:06 +390 ~2 -4: C:/Users/zarik/OneDrive/Desktop/TrossApp/frontend/test/e2e/concurrent_operations_test.dart: Concurrent Operations Tests - High Concurrency Scenarios Edge Cases Under Concurrency Concurrent operations on freshly created provider
ℹ️  INFO: Auth data cleared
ℹ️  INFO: Auth state cleared
ℹ️  INFO: 🔑 AUTH SERVICE: ========== LOGOUT END (total: 9ms) ==========
❌ ERROR: Failed to clear auth data | MissingPluginException(No implementation found for method delete on channel plugins.it_nomads.com/flutter_secure_storage)
ℹ️  INFO: Auth data cleared
ℹ️  INFO: Auth state cleared
ℹ️  INFO: 🔑 AUTH SERVICE: ========== LOGOUT END (total: 9ms) ==========
❌ ERROR: Failed to clear auth data | MissingPluginException(No implementation found for method delete on channel plugins.it_nomads.com/flutter_secure_storage)
ℹ️  INFO: Auth data cleared
ℹ️  INFO: Auth state cleared
ℹ️  INFO: 🔑 AUTH SERVICE: ========== LOGOUT END (total: 9ms) ==========
❌ ERROR: Failed to clear auth data | MissingPluginException(No implementation found for method delete on channel plugins.it_nomads.com/flutter_secure_storage)
ℹ️  INFO: Auth data cleared
ℹ️  INFO: Auth state cleared
ℹ️  INFO: 🔑 AUTH SERVICE: ========== LOGOUT END (total: 9ms) ==========
❌ ERROR: Failed to clear auth data | MissingPluginException(No implementation found for method delete on channel plugins.it_nomads.com/flutter_secure_storage)
ℹ️  INFO: Auth data cleared
ℹ️  INFO: Auth state cleared
ℹ️  INFO: 🔑 AUTH SERVICE: ========== LOGOUT END (total: 9ms) ==========
❌ ERROR: Failed to clear auth data | MissingPluginException(No implementation found for method delete on channel plugins.it_nomads.com/flutter_secure_storage)
ℹ️  INFO: Auth data cleared
ℹ️  INFO: Auth state cleared
ℹ️  INFO: 🔑 AUTH SERVICE: ========== LOGOUT END (total: 8ms) ==========
❌ ERROR: Failed to clear auth data | MissingPluginException(No implementation found for method delete on channel plugins.it_nomads.com/flutter_secure_storage)
ℹ️  INFO: Auth data cleared
ℹ️  INFO: Auth state cleared
ℹ️  INFO: 🔑 AUTH SERVICE: ========== LOGOUT END (total: 9ms) ==========
00:06 +391 ~2 -4: C:/Users/zarik/OneDrive/Desktop/TrossApp/frontend/test/integration/security_integration_test.dart: Security Integration Tests - UI + Service Layers dev login buttons should be hidden in production
00:06 +391 ~2 -4: C:/Users/zarik/OneDrive/Desktop/TrossApp/frontend/test/e2e/concurrent_operations_test.dart: Concurrent Operations Tests - High Concurrency Scenarios Edge Cases Under Concurrency Concurrent operations on freshly created provider
❌ ERROR: Failed to clear auth data | MissingPluginException(No implementation found for method delete on channel plugins.it_nomads.com/flutter_secure_storage)
ℹ️  INFO: Auth data cleared
ℹ️  INFO: Auth state cleared
ℹ️  INFO: 🔑 AUTH SERVICE: ========== LOGOUT END (total: 8ms) ==========
❌ ERROR: Failed to clear auth data | MissingPluginException(No implementation found for method delete on channel plugins.it_nomads.com/flutter_secure_storage)
ℹ️  INFO: Auth data cleared
ℹ️  INFO: Auth state cleared
ℹ️  INFO: 🔑 AUTH SERVICE: ========== LOGOUT END (total: 8ms) ==========
❌ ERROR: Failed to clear auth data | MissingPluginException(No implementation found for method delete on channel plugins.it_nomads.com/flutter_secure_storage)
ℹ️  INFO: Auth data cleared
ℹ️  INFO: Auth state cleared
ℹ️  INFO: 🔑 AUTH SERVICE: ========== LOGOUT END (total: 8ms) ==========
❌ ERROR: Failed to clear auth data | MissingPluginException(No implementation found for method delete on channel plugins.it_nomads.com/flutter_secure_storage)
ℹ️  INFO: Auth data cleared
ℹ️  INFO: Auth state cleared
ℹ️  INFO: 🔑 AUTH SERVICE: ========== LOGOUT END (total: 8ms) ==========
❌ ERROR: Failed to clear auth data | MissingPluginException(No implementation found for method delete on channel plugins.it_nomads.com/flutter_secure_storage)
ℹ️  INFO: Auth data cleared
ℹ️  INFO: Auth state cleared
ℹ️  INFO: 🔑 AUTH SERVICE: ========== LOGOUT END (total: 7ms) ==========
❌ ERROR: Failed to clear auth data | MissingPluginException(No implementation found for method delete on channel plugins.it_nomads.com/flutter_secure_storage)
00:06 +392 ~2 -4: C:/Users/zarik/OneDrive/Desktop/TrossApp/frontend/test/integration/security_integration_test.dart: Security Integration Tests - UI + Service Layers dev login buttons should be hidden in production
00:06 +392 ~2 -4: C:/Users/zarik/OneDrive/Desktop/TrossApp/frontend/test/e2e/concurrent_operations_test.dart: Concurrent Operations Tests - High Concurrency Scenarios Edge Cases Under Concurrency Concurrent operations on freshly created provider
ℹ️  INFO: Auth data cleared
ℹ️  INFO: Auth state cleared
ℹ️  INFO: 🔑 AUTH SERVICE: ========== LOGOUT END (total: 7ms) ==========
00:06 +393 ~2 -4: C:/Users/zarik/OneDrive/Desktop/TrossApp/frontend/test/integration/security_integration_test.dart: Security Integration Tests - UI + Service Layers dev login buttons should be hidden in production
00:06 +394 ~2 -4: C:/Users/zarik/OneDrive/Desktop/TrossApp/frontend/test/integration/security_integration_test.dart: Security Integration Tests - UI + Service Layers dev login buttons should be hidden in production
00:06 +394 ~2 -4: C:/Users/zarik/OneDrive/Desktop/TrossApp/frontend/test/e2e/concurrent_operations_test.dart: Concurrent Operations Tests - High Concurrency Scenarios Edge Cases Under Concurrency Concurrent operations during provider disposal
❌ ERROR: Failed to retrieve stored auth data | MissingPluginException(No implementation found for method read on channel plugins.it_nomads.com/flutter_secure_storage)
00:06 +395 ~2 -4: C:/Users/zarik/OneDrive/Desktop/TrossApp/frontend/test/integration/security_integration_test.dart: Security Integration Tests - UI + Service Layers dev login buttons should be hidden in production
00:06 +395 ~2 -4: C:/Users/zarik/OneDrive/Desktop/TrossApp/frontend/test/e2e/concurrent_operations_test.dart: Concurrent Operations Tests - High Concurrency Scenarios Edge Cases Under Concurrency Concurrent operations during provider disposal
ℹ️  INFO: No stored auth data found
ℹ️  INFO: No stored auth data found
ℹ️  INFO: Auth state initialized - no active session
ℹ️  INFO: 🔑 AUTH SERVICE: ========== LOGOUT START (2025-11-11 13:25:25) ==========
   Context: {token: null, strategy: unknown, isAuth0: false, isDevUser: false}
ℹ️  INFO: 🔑 AUTH SERVICE: No token, skipping backend logout
ℹ️  INFO: 🔑 AUTH SERVICE: Unknown auth strategy, clearing state...
ℹ️  INFO: Clearing auth state
ℹ️  INFO: 🔑 AUTH SERVICE: ========== LOGOUT START (2025-11-11 13:25:25) ==========
   Context: {token: null, strategy: unknown, isAuth0: false, isDevUser: false}
ℹ️  INFO: 🔑 AUTH SERVICE: No token, skipping backend logout
ℹ️  INFO: 🔑 AUTH SERVICE: Unknown auth strategy, clearing state...
ℹ️  INFO: Clearing auth state
ℹ️  INFO: 🔑 AUTH SERVICE: ========== LOGOUT START (2025-11-11 13:25:25) ==========
00:06 +396 ~2 -4: C:/Users/zarik/OneDrive/Desktop/TrossApp/frontend/test/integration/security_integration_test.dart: Security Integration Tests - UI + Service Layers dev login buttons should be hidden in production
00:06 +396 ~2 -4: C:/Users/zarik/OneDrive/Desktop/TrossApp/frontend/test/e2e/concurrent_operations_test.dart: Concurrent Operations Tests - High Concurrency Scenarios Edge Cases Under Concurrency Concurrent operations during provider disposal
   Context: {token: null, strategy: unknown, isAuth0: false, isDevUser: false}
ℹ️  INFO: 🔑 AUTH SERVICE: No token, skipping backend logout
ℹ️  INFO: 🔑 AUTH SERVICE: Unknown auth strategy, clearing state...
ℹ️  INFO: Clearing auth state
ℹ️  INFO: 🔑 AUTH SERVICE: ========== LOGOUT START (2025-11-11 13:25:25) ==========
   Context: {token: null, strategy: unknown, isAuth0: false, isDevUser: false}
ℹ️  INFO: 🔑 AUTH SERVICE: No token, skipping backend logout
ℹ️  INFO: 🔑 AUTH SERVICE: Unknown auth strategy, clearing state...
ℹ️  INFO: Clearing auth state
ℹ️  INFO: 🔑 AUTH SERVICE: ========== LOGOUT START (2025-11-11 13:25:25) ==========
   Context: {token: null, strategy: unknown, isAuth0: false, isDevUser: false}
ℹ️  INFO: 🔑 AUTH SERVICE: No token, skipping backend logout
ℹ️  INFO: 🔑 AUTH SERVICE: Unknown auth strategy, clearing state...
ℹ️  INFO: Clearing auth state
ℹ️  INFO: 🔑 AUTH SERVICE: ========== LOGOUT START (2025-11-11 13:25:25) ==========
   Context: {token: null, strategy: unknown, isAuth0: false, isDevUser: false}
ℹ️  INFO: 🔑 AUTH SERVICE: No token, skipping backend logout
ℹ️  INFO: 🔑 AUTH SERVICE: Unknown auth strategy, clearing state...
ℹ️  INFO: Clearing auth state
ℹ️  INFO: 🔑 AUTH SERVICE: ========== LOGOUT START (2025-11-11 13:25:25) ==========
   Context: {token: null, strategy: unknown, isAuth0: false, isDevUser: false}
ℹ️  INFO: 🔑 AUTH SERVICE: No token, skipping backend logout
ℹ️  INFO: 🔑 AUTH SERVICE: Unknown auth strategy, clearing state...
ℹ️  INFO: Clearing auth state
ℹ️  INFO: 🔑 AUTH SERVICE: ========== LOGOUT START (2025-11-11 13:25:25) ==========
   Context: {token: null, strategy: unknown, isAuth0: false, isDevUser: false}
ℹ️  INFO: 🔑 AUTH SERVICE: No token, skipping backend logout
ℹ️  INFO: 🔑 AUTH SERVICE: Unknown auth strategy, clearing state...
ℹ️  INFO: Clearing auth state
ℹ️  INFO: 🔑 AUTH SERVICE: ========== LOGOUT START (2025-11-11 13:25:25) ==========
   Context: {token: null, strategy: unknown, isAuth0: false, isDevUser: false}
ℹ️  INFO: 🔑 AUTH SERVICE: No token, skipping backend logout
ℹ️  INFO: 🔑 AUTH SERVICE: Unknown auth strategy, clearing state...
ℹ️  INFO: Clearing auth state
ℹ️  INFO: 🔑 AUTH SERVICE: ========== LOGOUT START (2025-11-11 13:25:25) ==========
   Context: {token: null, strategy: unknown, isAuth0: false, isDevUser: false}
ℹ️  INFO: 🔑 AUTH SERVICE: No token, skipping backend logout
ℹ️  INFO: 🔑 AUTH SERVICE: Unknown auth strategy, clearing state...
ℹ️  INFO: Clearing auth state
ℹ️  INFO: 🔑 AUTH SERVICE: ========== LOGOUT START (2025-11-11 13:25:25) ==========
   Context: {token: null, strategy: unknown, isAuth0: false, isDevUser: false}
ℹ️  INFO: 🔑 AUTH SERVICE: No token, skipping backend logout
ℹ️  INFO: 🔑 AUTH SERVICE: Unknown auth strategy, clearing state...
ℹ️  INFO: Clearing auth state
ℹ️  INFO: 🔑 AUTH SERVICE: ========== LOGOUT START (2025-11-11 13:25:25) ==========
   Context: {token: null, strategy: unknown, isAuth0: false, isDevUser: false}
ℹ️  INFO: 🔑 AUTH SERVICE: No token, skipping backend logout
ℹ️  INFO: 🔑 AUTH SERVICE: Unknown auth strategy, clearing state...
ℹ️  INFO: Clearing auth state
ℹ️  INFO: 🔑 AUTH SERVICE: ========== LOGOUT START (2025-11-11 13:25:25) ==========
   Context: {token: null, strategy: unknown, isAuth0: false, isDevUser: false}
ℹ️  INFO: 🔑 AUTH SERVICE: No token, skipping backend logout
ℹ️  INFO: 🔑 AUTH SERVICE: Unknown auth strategy, clearing state...
ℹ️  INFO: Clearing auth state
ℹ️  INFO: 🔑 AUTH SERVICE: ========== LOGOUT START (2025-11-11 13:25:25) ==========
   Context: {token: null, strategy: unknown, isAuth0: false, isDevUser: false}
ℹ️  INFO: 🔑 AUTH SERVICE: No token, skipping backend logout
ℹ️  INFO: 🔑 AUTH SERVICE: Unknown auth strategy, clearing state...
ℹ️  INFO: Clearing auth state
ℹ️  INFO: 🔑 AUTH SERVICE: ========== LOGOUT START (2025-11-11 13:25:25) ==========
   Context: {token: null, strategy: unknown, isAuth0: false, isDevUser: false}
ℹ️  INFO: 🔑 AUTH SERVICE: No token, skipping backend logout
ℹ️  INFO: 🔑 AUTH SERVICE: Unknown auth strategy, clearing state...
ℹ️  INFO: Clearing auth state
ℹ️  INFO: 🔑 AUTH SERVICE: ========== LOGOUT START (2025-11-11 13:25:25) ==========
   Context: {token: null, strategy: unknown, isAuth0: false, isDevUser: false}
ℹ️  INFO: 🔑 AUTH SERVICE: No token, skipping backend logout
ℹ️  INFO: 🔑 AUTH SERVICE: Unknown auth strategy, clearing state...
ℹ️  INFO: Clearing auth state
ℹ️  INFO: 🔑 AUTH SERVICE: ========== LOGOUT START (2025-11-11 13:25:25) ==========
   Context: {token: null, strategy: unknown, isAuth0: false, isDevUser: false}
ℹ️  INFO: 🔑 AUTH SERVICE: No token, skipping backend logout
ℹ️  INFO: 🔑 AUTH SERVICE: Unknown auth strategy, clearing state...
ℹ️  INFO: Clearing auth state
ℹ️  INFO: 🔑 AUTH SERVICE: ========== LOGOUT START (2025-11-11 13:25:25) ==========
   Context: {token: null, strategy: unknown, isAuth0: false, isDevUser: false}
ℹ️  INFO: 🔑 AUTH SERVICE: No token, skipping backend logout
ℹ️  INFO: 🔑 AUTH SERVICE: Unknown auth strategy, clearing state...
ℹ️  INFO: Clearing auth state
ℹ️  INFO: 🔑 AUTH SERVICE: ========== LOGOUT START (2025-11-11 13:25:25) ==========
   Context: {token: null, strategy: unknown, isAuth0: false, isDevUser: false}
ℹ️  INFO: 🔑 AUTH SERVICE: No token, skipping backend logout
ℹ️  INFO: 🔑 AUTH SERVICE: Unknown auth strategy, clearing state...
ℹ️  INFO: Clearing auth state
ℹ️  INFO: 🔑 AUTH SERVICE: ========== LOGOUT START (2025-11-11 13:25:25) ==========
   Context: {token: null, strategy: unknown, isAuth0: false, isDevUser: false}
ℹ️  INFO: 🔑 AUTH SERVICE: No token, skipping backend logout
ℹ️  INFO: 🔑 AUTH SERVICE: Unknown auth strategy, clearing state...
ℹ️  INFO: Clearing auth state
❌ ERROR: Failed to clear auth data | MissingPluginException(No implementation found for method delete on channel plugins.it_nomads.com/flutter_secure_storage)
ℹ️  INFO: Auth data cleared
ℹ️  INFO: Auth state cleared
ℹ️  INFO: 🔑 AUTH SERVICE: ========== LOGOUT END (total: 6ms) ==========
❌ ERROR: Failed to clear auth data | MissingPluginException(No implementation found for method delete on channel plugins.it_nomads.com/flutter_secure_storage)
ℹ️  INFO: Auth data cleared
ℹ️  INFO: Auth state cleared
ℹ️  INFO: 🔑 AUTH SERVICE: ========== LOGOUT END (total: 6ms) ==========
❌ ERROR: Failed to clear auth data | MissingPluginException(No implementation found for method delete on channel plugins.it_nomads.com/flutter_secure_storage)
ℹ️  INFO: Auth data cleared
ℹ️  INFO: Auth state cleared
ℹ️  INFO: 🔑 AUTH SERVICE: ========== LOGOUT END (total: 5ms) ==========
❌ ERROR: Failed to clear auth data | MissingPluginException(No implementation found for method delete on channel plugins.it_nomads.com/flutter_secure_storage)
ℹ️  INFO: Auth data cleared
ℹ️  INFO: Auth state cleared
ℹ️  INFO: 🔑 AUTH SERVICE: ========== LOGOUT END (total: 5ms) ==========
❌ ERROR: Failed to clear auth data | MissingPluginException(No implementation found for method delete on channel plugins.it_nomads.com/flutter_secure_storage)
ℹ️  INFO: Auth data cleared
ℹ️  INFO: Auth state cleared
ℹ️  INFO: 🔑 AUTH SERVICE: ========== LOGOUT END (total: 5ms) ==========
❌ ERROR: Failed to clear auth data | MissingPluginException(No implementation found for method delete on channel plugins.it_nomads.com/flutter_secure_storage)
ℹ️  INFO: Auth data cleared
ℹ️  INFO: Auth state cleared
ℹ️  INFO: 🔑 AUTH SERVICE: ========== LOGOUT END (total: 4ms) ==========
❌ ERROR: Failed to clear auth data | MissingPluginException(No implementation found for method delete on channel plugins.it_nomads.com/flutter_secure_storage)
ℹ️  INFO: Auth data cleared
ℹ️  INFO: Auth state cleared
ℹ️  INFO: 🔑 AUTH SERVICE: ========== LOGOUT END (total: 4ms) ==========
❌ ERROR: Failed to clear auth data | MissingPluginException(No implementation found for method delete on channel plugins.it_nomads.com/flutter_secure_storage)
ℹ️  INFO: Auth data cleared
ℹ️  INFO: Auth state cleared
ℹ️  INFO: 🔑 AUTH SERVICE: ========== LOGOUT END (total: 4ms) ==========
❌ ERROR: Failed to clear auth data | MissingPluginException(No implementation found for method delete on channel plugins.it_nomads.com/flutter_secure_storage)
ℹ️  INFO: Auth data cleared
ℹ️  INFO: Auth state cleared
ℹ️  INFO: 🔑 AUTH SERVICE: ========== LOGOUT END (total: 4ms) ==========
❌ ERROR: Failed to clear auth data | MissingPluginException(No implementation found for method delete on channel plugins.it_nomads.com/flutter_secure_storage)
ℹ️  INFO: Auth data cleared
ℹ️  INFO: Auth state cleared
ℹ️  INFO: 🔑 AUTH SERVICE: ========== LOGOUT END (total: 3ms) ==========
❌ ERROR: Failed to clear auth data | MissingPluginException(No implementation found for method delete on channel plugins.it_nomads.com/flutter_secure_storage)
ℹ️  INFO: Auth data cleared
ℹ️  INFO: Auth state cleared
ℹ️  INFO: 🔑 AUTH SERVICE: ========== LOGOUT END (total: 4ms) ==========
❌ ERROR: Failed to clear auth data | MissingPluginException(No implementation found for method delete on channel plugins.it_nomads.com/flutter_secure_storage)
ℹ️  INFO: Auth data cleared
ℹ️  INFO: Auth state cleared
ℹ️  INFO: 🔑 AUTH SERVICE: ========== LOGOUT END (total: 4ms) ==========
❌ ERROR: Failed to clear auth data | MissingPluginException(No implementation found for method delete on channel plugins.it_nomads.com/flutter_secure_storage)
ℹ️  INFO: Auth data cleared
ℹ️  INFO: Auth state cleared
ℹ️  INFO: 🔑 AUTH SERVICE: ========== LOGOUT END (total: 4ms) ==========
❌ ERROR: Failed to clear auth data | MissingPluginException(No implementation found for method delete on channel plugins.it_nomads.com/flutter_secure_storage)
ℹ️  INFO: Auth data cleared
ℹ️  INFO: Auth state cleared
ℹ️  INFO: 🔑 AUTH SERVICE: ========== LOGOUT END (total: 3ms) ==========
❌ ERROR: Failed to clear auth data | MissingPluginException(No implementation found for method delete on channel plugins.it_nomads.com/flutter_secure_storage)
ℹ️  INFO: Auth data cleared
00:06 +397 ~2 -4: C:/Users/zarik/OneDrive/Desktop/TrossApp/frontend/test/integration/security_integration_test.dart: Security Integration Tests - UI + Service Layers dev login buttons should be hidden in production
00:06 +397 ~2 -4: C:/Users/zarik/OneDrive/Desktop/TrossApp/frontend/test/e2e/concurrent_operations_test.dart: Concurrent Operations Tests - High Concurrency Scenarios Edge Cases Under Concurrency Concurrent operations during provider disposal
ℹ️  INFO: Auth state cleared
ℹ️  INFO: 🔑 AUTH SERVICE: ========== LOGOUT END (total: 3ms) ==========
❌ ERROR: Failed to clear auth data | MissingPluginException(No implementation found for method delete on channel plugins.it_nomads.com/flutter_secure_storage)
ℹ️  INFO: Auth data cleared
ℹ️  INFO: Auth state cleared
ℹ️  INFO: 🔑 AUTH SERVICE: ========== LOGOUT END (total: 3ms) ==========
❌ ERROR: Failed to clear auth data | MissingPluginException(No implementation found for method delete on channel plugins.it_nomads.com/flutter_secure_storage)
ℹ️  INFO: Auth data cleared
ℹ️  INFO: Auth state cleared
ℹ️  INFO: 🔑 AUTH SERVICE: ========== LOGOUT END (total: 3ms) ==========
❌ ERROR: Failed to clear auth data | MissingPluginException(No implementation found for method delete on channel plugins.it_nomads.com/flutter_secure_storage)
ℹ️  INFO: Auth data cleared
ℹ️  INFO: Auth state cleared
ℹ️  INFO: 🔑 AUTH SERVICE: ========== LOGOUT END (total: 3ms) ==========
❌ ERROR: Failed to clear auth data | MissingPluginException(No implementation found for method delete on channel plugins.it_nomads.com/flutter_secure_storage)
ℹ️  INFO: Auth data cleared
ℹ️  INFO: Auth state cleared
ℹ️  INFO: 🔑 AUTH SERVICE: ========== LOGOUT END (total: 3ms) ==========
❌ ERROR: Failed to clear auth data | MissingPluginException(No implementation found for method delete on channel plugins.it_nomads.com/flutter_secure_storage)
ℹ️  INFO: Auth data cleared
ℹ️  INFO: Auth state cleared
ℹ️  INFO: 🔑 AUTH SERVICE: ========== LOGOUT END (total: 3ms) ==========
00:06 +398 ~2 -4: C:/Users/zarik/OneDrive/Desktop/TrossApp/frontend/test/integration/security_integration_test.dart: Security Integration Tests - UI + Service Layers dev login buttons should be hidden in production
00:06 +399 ~2 -4: C:/Users/zarik/OneDrive/Desktop/TrossApp/frontend/test/integration/security_integration_test.dart: Security Integration Tests - UI + Service Layers dev login buttons should be hidden in production
00:06 +400 ~2 -4: C:/Users/zarik/OneDrive/Desktop/TrossApp/frontend/test/integration/security_integration_test.dart: Security Integration Tests - UI + Service Layers dev login buttons should be hidden in production
00:06 +401 ~2 -4: C:/Users/zarik/OneDrive/Desktop/TrossApp/frontend/test/integration/security_integration_test.dart: Security Integration Tests - UI + Service Layers dev login buttons should be hidden in production
00:06 +402 ~2 -4: C:/Users/zarik/OneDrive/Desktop/TrossApp/frontend/test/integration/security_integration_test.dart: Security Integration Tests - UI + Service Layers dev login buttons should be hidden in production
00:06 +403 ~2 -4: C:/Users/zarik/OneDrive/Desktop/TrossApp/frontend/test/integration/security_integration_test.dart: Security Integration Tests - UI + Service Layers dev login buttons should be hidden in production
00:06 +404 ~2 -4: C:/Users/zarik/OneDrive/Desktop/TrossApp/frontend/test/integration/security_integration_test.dart: Security Integration Tests - UI + Service Layers dev login buttons should be hidden in production
00:06 +405 ~2 -4: C:/Users/zarik/OneDrive/Desktop/TrossApp/frontend/test/integration/security_integration_test.dart: Security Integration Tests - UI + Service Layers dev login buttons should be hidden in production
00:06 +406 ~2 -4: C:/Users/zarik/OneDrive/Desktop/TrossApp/frontend/test/integration/security_integration_test.dart: Security Integration Tests - UI + Service Layers dev login buttons should be hidden in production
00:06 +407 ~2 -4: C:/Users/zarik/OneDrive/Desktop/TrossApp/frontend/test/integration/security_integration_test.dart: Security Integration Tests - UI + Service Layers dev login buttons should be hidden in production
00:06 +408 ~2 -4: C:/Users/zarik/OneDrive/Desktop/TrossApp/frontend/test/integration/security_integration_test.dart: Security Integration Tests - UI + Service Layers dev login buttons should be hidden in production
00:06 +409 ~2 -4: C:/Users/zarik/OneDrive/Desktop/TrossApp/frontend/test/integration/security_integration_test.dart: Security Integration Tests - UI + Service Layers dev login buttons should be hidden in production
00:06 +410 ~2 -4: C:/Users/zarik/OneDrive/Desktop/TrossApp/frontend/test/integration/security_integration_test.dart: Security Integration Tests - UI + Service Layers dev login buttons should be hidden in production
00:06 +411 ~2 -4: C:/Users/zarik/OneDrive/Desktop/TrossApp/frontend/test/integration/security_integration_test.dart: Security Integration Tests - UI + Service Layers dev login buttons should be hidden in production
00:06 +412 ~2 -4: C:/Users/zarik/OneDrive/Desktop/TrossApp/frontend/test/integration/security_integration_test.dart: Security Integration Tests - UI + Service Layers dev login buttons should be hidden in production
00:06 +413 ~2 -4: C:/Users/zarik/OneDrive/Desktop/TrossApp/frontend/test/integration/security_integration_test.dart: Security Integration Tests - UI + Service Layers dev login buttons should be hidden in production
00:06 +414 ~2 -4: C:/Users/zarik/OneDrive/Desktop/TrossApp/frontend/test/integration/security_integration_test.dart: Security Integration Tests - UI + Service Layers dev login buttons should be hidden in production
00:06 +415 ~2 -4: C:/Users/zarik/OneDrive/Desktop/TrossApp/frontend/test/integration/security_integration_test.dart: Security Integration Tests - UI + Service Layers dev login buttons should be hidden in production
00:06 +416 ~2 -4: C:/Users/zarik/OneDrive/Desktop/TrossApp/frontend/test/integration/security_integration_test.dart: Security Integration Tests - UI + Service Layers dev login buttons should be hidden in production
00:06 +417 ~2 -4: C:/Users/zarik/OneDrive/Desktop/TrossApp/frontend/test/integration/security_integration_test.dart: Security Integration Tests - UI + Service Layers dev login buttons should be hidden in production
00:06 +418 ~2 -4: C:/Users/zarik/OneDrive/Desktop/TrossApp/frontend/test/integration/security_integration_test.dart: Security Integration Tests - UI + Service Layers dev login buttons should be hidden in production
00:06 +419 ~2 -4: C:/Users/zarik/OneDrive/Desktop/TrossApp/frontend/test/integration/security_integration_test.dart: Security Integration Tests - UI + Service Layers dev login buttons should be hidden in production
00:06 +420 ~2 -4: C:/Users/zarik/OneDrive/Desktop/TrossApp/frontend/test/integration/security_integration_test.dart: Security Integration Tests - UI + Service Layers dev login buttons should be hidden in production
00:06 +421 ~2 -4: C:/Users/zarik/OneDrive/Desktop/TrossApp/frontend/test/integration/security_integration_test.dart: Security Integration Tests - UI + Service Layers dev login buttons should be hidden in production
00:06 +422 ~2 -4: C:/Users/zarik/OneDrive/Desktop/TrossApp/frontend/test/integration/security_integration_test.dart: Security Integration Tests - UI + Service Layers dev login buttons should be hidden in production
00:06 +423 ~2 -4: C:/Users/zarik/OneDrive/Desktop/TrossApp/frontend/test/integration/security_integration_test.dart: Security Integration Tests - UI + Service Layers dev login buttons should be hidden in production
00:06 +424 ~2 -4: C:/Users/zarik/OneDrive/Desktop/TrossApp/frontend/test/integration/security_integration_test.dart: Security Integration Tests - UI + Service Layers dev login buttons should be hidden in production
00:06 +425 ~2 -4: C:/Users/zarik/OneDrive/Desktop/TrossApp/frontend/test/integration/security_integration_test.dart: Security Integration Tests - UI + Service Layers dev login buttons should be hidden in production
00:06 +426 ~2 -4: C:/Users/zarik/OneDrive/Desktop/TrossApp/frontend/test/integration/security_integration_test.dart: Security Integration Tests - UI + Service Layers dev login buttons should be hidden in production
00:06 +427 ~2 -4: C:/Users/zarik/OneDrive/Desktop/TrossApp/frontend/test/integration/security_integration_test.dart: Security Integration Tests - UI + Service Layers dev login buttons should be hidden in production
00:06 +428 ~2 -4: C:/Users/zarik/OneDrive/Desktop/TrossApp/frontend/test/integration/security_integration_test.dart: Security Integration Tests - UI + Service Layers dev login buttons should be hidden in production
00:06 +429 ~2 -4: C:/Users/zarik/OneDrive/Desktop/TrossApp/frontend/test/integration/security_integration_test.dart: Security Integration Tests - UI + Service Layers dev login buttons should be hidden in production
00:06 +430 ~2 -4: C:/Users/zarik/OneDrive/Desktop/TrossApp/frontend/test/integration/security_integration_test.dart: Security Integration Tests - UI + Service Layers dev login buttons should be hidden in production
00:06 +431 ~2 -4: C:/Users/zarik/OneDrive/Desktop/TrossApp/frontend/test/integration/security_integration_test.dart: Security Integration Tests - UI + Service Layers dev login buttons should be hidden in production
00:06 +432 ~2 -4: C:/Users/zarik/OneDrive/Desktop/TrossApp/frontend/test/integration/security_integration_test.dart: Security Integration Tests - UI + Service Layers dev login buttons should be hidden in production
00:06 +433 ~2 -4: C:/Users/zarik/OneDrive/Desktop/TrossApp/frontend/test/integration/security_integration_test.dart: Security Integration Tests - UI + Service Layers dev login buttons should be hidden in production
00:06 +434 ~2 -4: C:/Users/zarik/OneDrive/Desktop/TrossApp/frontend/test/integration/security_integration_test.dart: Security Integration Tests - UI + Service Layers dev login buttons should be hidden in production
00:06 +435 ~2 -4: C:/Users/zarik/OneDrive/Desktop/TrossApp/frontend/test/integration/security_integration_test.dart: Security Integration Tests - UI + Service Layers dev login buttons should be hidden in production
00:06 +436 ~2 -4: C:/Users/zarik/OneDrive/Desktop/TrossApp/frontend/test/integration/security_integration_test.dart: Security Integration Tests - UI + Service Layers dev login buttons should be hidden in production
00:06 +437 ~2 -4: C:/Users/zarik/OneDrive/Desktop/TrossApp/frontend/test/integration/security_integration_test.dart: Security Integration Tests - UI + Service Layers dev login buttons should be hidden in production
00:06 +438 ~2 -4: C:/Users/zarik/OneDrive/Desktop/TrossApp/frontend/test/integration/security_integration_test.dart: Security Integration Tests - UI + Service Layers dev login buttons should be hidden in production
00:06 +439 ~2 -4: C:/Users/zarik/OneDrive/Desktop/TrossApp/frontend/test/integration/security_integration_test.dart: Security Integration Tests - UI + Service Layers dev login buttons should be hidden in production
00:06 +440 ~2 -4: C:/Users/zarik/OneDrive/Desktop/TrossApp/frontend/test/integration/security_integration_test.dart: Security Integration Tests - UI + Service Layers dev login buttons should be hidden in production
00:06 +441 ~2 -4: C:/Users/zarik/OneDrive/Desktop/TrossApp/frontend/test/integration/security_integration_test.dart: Security Integration Tests - UI + Service Layers dev login buttons should be hidden in production
00:06 +442 ~2 -4: C:/Users/zarik/OneDrive/Desktop/TrossApp/frontend/test/integration/security_integration_test.dart: Security Integration Tests - UI + Service Layers dev login buttons should be hidden in production
00:06 +443 ~2 -4: C:/Users/zarik/OneDrive/Desktop/TrossApp/frontend/test/integration/security_integration_test.dart: Security Integration Tests - UI + Service Layers dev login buttons should be hidden in production
00:06 +444 ~2 -4: C:/Users/zarik/OneDrive/Desktop/TrossApp/frontend/test/integration/security_integration_test.dart: Security Integration Tests - UI + Service Layers dev login buttons should be hidden in production
00:06 +445 ~2 -4: C:/Users/zarik/OneDrive/Desktop/TrossApp/frontend/test/integration/security_integration_test.dart: Security Integration Tests - UI + Service Layers dev login buttons should be hidden in production
00:06 +446 ~2 -4: C:/Users/zarik/OneDrive/Desktop/TrossApp/frontend/test/integration/security_integration_test.dart: Security Integration Tests - UI + Service Layers dev login buttons should be hidden in production
00:06 +447 ~2 -4: C:/Users/zarik/OneDrive/Desktop/TrossApp/frontend/test/integration/security_integration_test.dart: Security Integration Tests - UI + Service Layers dev login buttons should be hidden in production
00:07 +448 ~2 -4: C:/Users/zarik/OneDrive/Desktop/TrossApp/frontend/test/integration/security_integration_test.dart: Security Integration Tests - UI + Service Layers dev login buttons should be hidden in production
00:07 +449 ~2 -4: C:/Users/zarik/OneDrive/Desktop/TrossApp/frontend/test/integration/security_integration_test.dart: Security Integration Tests - UI + Service Layers dev login buttons should be hidden in production
00:07 +450 ~2 -4: C:/Users/zarik/OneDrive/Desktop/TrossApp/frontend/test/integration/security_integration_test.dart: Security Integration Tests - UI + Service Layers dev login buttons should be hidden in production
00:07 +451 ~2 -4: C:/Users/zarik/OneDrive/Desktop/TrossApp/frontend/test/models/role_model_test.dart: Role Model - Phase 9 Enhancements Audit Trail Use Cases deactivated role has complete audit information
00:07 +452 ~2 -4: C:/Users/zarik/OneDrive/Desktop/TrossApp/frontend/test/models/role_model_test.dart: Role Model - Phase 9 Enhancements Audit Trail Use Cases active role has no audit information
00:07 +453 ~2 -4: C:/Users/zarik/OneDrive/Desktop/TrossApp/frontend/test/integration/security_integration_test.dart: Security Integration Tests - UI + Service Layers DevModeBanner should only appear in development
00:07 +454 ~2 -4: C:/Users/zarik/OneDrive/Desktop/TrossApp/frontend/test/integration/security_integration_test.dart: Security Integration Tests - UI + Service Layers DevModeBanner should only appear in development
00:07 +455 ~2 -4: C:/Users/zarik/OneDrive/Desktop/TrossApp/frontend/test/integration/security_integration_test.dart: Security Integration Tests - UI + Service Layers DevModeBanner should only appear in development
00:07 +456 ~2 -4: C:/Users/zarik/OneDrive/Desktop/TrossApp/frontend/test/integration/security_integration_test.dart: Security Integration Tests - UI + Service Layers DevModeBanner should only appear in development
00:07 +457 ~2 -4: C:/Users/zarik/OneDrive/Desktop/TrossApp/frontend/test/integration/security_integration_test.dart: Security Integration Tests - UI + Service Layers DevModeIndicator badge should show correct environment
00:07 +458 ~2 -4: C:/Users/zarik/OneDrive/Desktop/TrossApp/frontend/test/models/user_model_test.dart: (setUpAll)
00:07 +458 ~2 -4: C:/Users/zarik/OneDrive/Desktop/TrossApp/frontend/test/integration/security_integration_test.dart: Security Integration Tests - UI + Service Layers login screen integrates all security components
00:07 +459 ~2 -4: C:/Users/zarik/OneDrive/Desktop/TrossApp/frontend/test/models/user_model_test.dart: User Model - Phase 9 Enhancements JSON Serialization with Audit Fields fromJson parses user with audit fields
00:07 +460 ~2 -4: C:/Users/zarik/OneDrive/Desktop/TrossApp/frontend/test/models/user_model_test.dart: User Model - Phase 9 Enhancements JSON Serialization with Audit Fields fromJson parses user with audit fields
00:07 +461 ~2 -4: C:/Users/zarik/OneDrive/Desktop/TrossApp/frontend/test/integration/security_integration_test.dart: Security Integration Tests - UI + Service Layers security feature flags are boolean and consistent
00:07 +462 ~2 -4: C:/Users/zarik/OneDrive/Desktop/TrossApp/frontend/test/models/user_model_test.dart: User Model - Phase 9 Enhancements JSON Serialization with Audit Fields fromJson handles missing audit fields (active users)
00:07 +463 ~2 -4: C:/Users/zarik/OneDrive/Desktop/TrossApp/frontend/test/integration/security_integration_test.dart: Security Integration Tests - UI + Service Layers environment detection is consistent across all config
00:07 +464 ~2 -4: C:/Users/zarik/OneDrive/Desktop/TrossApp/frontend/test/models/user_model_test.dart: User Model - Phase 9 Enhancements JSON Serialization with Audit Fields toJson includes audit fields when present
00:07 +465 ~2 -4: C:/Users/zarik/OneDrive/Desktop/TrossApp/frontend/test/integration/security_integration_test.dart: Security Integration Tests - UI + Service Layers Defense-in-Depth Validation three security layers are independently configured
00:07 +466 ~2 -4: C:/Users/zarik/OneDrive/Desktop/TrossApp/frontend/test/models/user_model_test.dart: User Model - Phase 9 Enhancements JSON Serialization with Audit Fields toJson omits audit fields when null
00:07 +467 ~2 -4: C:/Users/zarik/OneDrive/Desktop/TrossApp/frontend/test/models/user_model_test.dart: User Model - Phase 9 Enhancements JSON Serialization with Audit Fields toJson omits audit fields when null
00:07 +468 ~2 -4: C:/Users/zarik/OneDrive/Desktop/TrossApp/frontend/test/models/user_model_test.dart: User Model - Phase 9 Enhancements JSON Serialization with Audit Fields toJson omits audit fields when null
00:07 +469 ~2 -4: C:/Users/zarik/OneDrive/Desktop/TrossApp/frontend/test/integration/security_integration_test.dart: Security Integration Tests - UI + Service Layers Error Handling Integration security errors should be logged but not crash app
00:07 +470 ~2 -4: C:/Users/zarik/OneDrive/Desktop/TrossApp/frontend/test/models/user_model_test.dart: User Model - Phase 9 Enhancements JSON Serialization with Audit Fields roundtrip serialization preserves audit data
00:07 +471 ~2 -4: C:/Users/zarik/OneDrive/Desktop/TrossApp/frontend/test/models/user_model_test.dart: User Model - Phase 9 Enhancements JSON Serialization with Audit Fields roundtrip serialization preserves audit data
00:07 +472 ~2 -4: C:/Users/zarik/OneDrive/Desktop/TrossApp/frontend/test/integration/security_integration_test.dart: Security Integration Tests - UI + Service Layers Production Readiness Checks production build has all dev features disabled
00:07 +473 ~2 -4: C:/Users/zarik/OneDrive/Desktop/TrossApp/frontend/test/models/user_model_test.dart: User Model - Phase 9 Enhancements copyWith() with Audit Fields copyWith can update isActive and audit fields
00:07 +474 ~2 -4: C:/Users/zarik/OneDrive/Desktop/TrossApp/frontend/test/models/user_model_test.dart: User Model - Phase 9 Enhancements copyWith() with Audit Fields copyWith can update isActive and audit fields
00:07 +475 ~2 -4: C:/Users/zarik/OneDrive/Desktop/TrossApp/frontend/test/integration/security_integration_test.dart: Security Integration Tests - UI + Service Layers Production Readiness Checks production has proper security configuration
00:07 +476 ~2 -4: C:/Users/zarik/OneDrive/Desktop/TrossApp/frontend/test/models/user_model_test.dart: User Model - Phase 9 Enhancements copyWith() with Audit Fields copyWith preserves existing audit fields when not updated
00:07 +477 ~2 -4: C:/Users/zarik/OneDrive/Desktop/TrossApp/frontend/test/integration/security_integration_test.dart: (tearDownAll)
00:07 +477 ~2 -4: C:/Users/zarik/OneDrive/Desktop/TrossApp/frontend/test/models/user_model_test.dart: User Model - Phase 9 Enhancements copyWith() with Audit Fields copyWith can clear audit fields by reactivating
00:07 +478 ~2 -4: C:/Users/zarik/OneDrive/Desktop/TrossApp/frontend/test/models/user_model_test.dart: User Model - Phase 9 Enhancements Defensive Validation fromJson validates deactivatedBy as positive integer
00:07 +479 ~2 -4: C:/Users/zarik/OneDrive/Desktop/TrossApp/frontend/test/models/user_model_test.dart: User Model - Phase 9 Enhancements Defensive Validation fromJson handles null deactivated_at gracefully
00:07 +480 ~2 -4: C:/Users/zarik/OneDrive/Desktop/TrossApp/frontend/test/models/user_model_test.dart: User Model - Phase 9 Enhancements Audit Trail Use Cases deactivated user has complete audit information
00:07 +481 ~2 -4: C:/Users/zarik/OneDrive/Desktop/TrossApp/frontend/test/models/user_model_test.dart: User Model - Phase 9 Enhancements Audit Trail Use Cases active user has no audit information
00:07 +482 ~2 -4: C:/Users/zarik/OneDrive/Desktop/TrossApp/frontend/test/models/user_model_test.dart: User Model - Phase 9 Enhancements User Status Field (Migration 007) fromJson handles status field
00:07 +483 ~2 -4: C:/Users/zarik/OneDrive/Desktop/TrossApp/frontend/test/providers/app_provider_network_test.dart: (setUpAll)
00:07 +484 ~2 -4: C:/Users/zarik/OneDrive/Desktop/TrossApp/frontend/test/providers/app_provider_network_test.dart: (setUpAll)
00:07 +485 ~2 -4: C:/Users/zarik/OneDrive/Desktop/TrossApp/frontend/test/providers/app_provider_network_test.dart: (setUpAll)
00:07 +486 ~2 -4: C:/Users/zarik/OneDrive/Desktop/TrossApp/frontend/test/providers/app_provider_network_test.dart: (setUpAll)
00:07 +487 ~2 -4: C:/Users/zarik/OneDrive/Desktop/TrossApp/frontend/test/providers/app_provider_network_test.dart: (setUpAll)
00:07 +488 ~2 -4: C:/Users/zarik/OneDrive/Desktop/TrossApp/frontend/test/providers/app_provider_network_test.dart: (setUpAll)
00:07 +489 ~2 -4: C:/Users/zarik/OneDrive/Desktop/TrossApp/frontend/test/providers/app_provider_network_test.dart: (setUpAll)
00:07 +489 ~2 -4: C:/Users/zarik/OneDrive/Desktop/TrossApp/frontend/test/providers/app_provider_network_test.dart: AppProvider - Network Connectivity Enhancement should initialize with unknown backend status
00:07 +490 ~2 -4: C:/Users/zarik/OneDrive/Desktop/TrossApp/frontend/test/providers/app_provider_network_test.dart: AppProvider - Network Connectivity Enhancement should have hasNetworkConnection getter
00:07 +491 ~2 -4: C:/Users/zarik/OneDrive/Desktop/TrossApp/frontend/test/providers/app_provider_network_test.dart: AppProvider - Network Connectivity Enhancement should check network connectivity on initialization
ℹ️  INFO: Initializing app state...
❌ ERROR: Network connectivity check failed | MissingPluginException(No implementation found for method check on channel dev.fluttercommunity.plus/connectivity)
❌ ERROR: Network connectivity check failed | MissingPluginException(No implementation found for method check on channel dev.fluttercommunity.plus/connectivity)
ℹ️  INFO: Service health check completed
   Context: {status: offline, isConnected: false}
ℹ️  INFO: App state initialized successfully
00:07 +492 ~2 -4: C:/Users/zarik/OneDrive/Desktop/TrossApp/frontend/test/providers/app_provider_network_test.dart: AppProvider - Network Connectivity Enhancement should distinguish network offline from backend offline
ℹ️  INFO: Initializing app state...
❌ ERROR: Network connectivity check failed | MissingPluginException(No implementation found for method check on channel dev.fluttercommunity.plus/connectivity)
❌ ERROR: Network connectivity check failed | MissingPluginException(No implementation found for method check on channel dev.fluttercommunity.plus/connectivity)
ℹ️  INFO: Service health check completed
   Context: {status: offline, isConnected: false}
ℹ️  INFO: App state initialized successfully
00:07 +493 ~2 -4: C:/Users/zarik/OneDrive/Desktop/TrossApp/frontend/test/providers/app_provider_network_test.dart: AppProvider - Network Connectivity Enhancement should provide meaningful connection error messages
ℹ️  INFO: Initializing app state...
❌ ERROR: Network connectivity check failed | MissingPluginException(No implementation found for method check on channel dev.fluttercommunity.plus/connectivity)
❌ ERROR: Network connectivity check failed | MissingPluginException(No implementation found for method check on channel dev.fluttercommunity.plus/connectivity)
ℹ️  INFO: Service health check completed
   Context: {status: offline, isConnected: false}
ℹ️  INFO: App state initialized successfully
00:07 +494 ~2 -4: C:/Users/zarik/OneDrive/Desktop/TrossApp/frontend/test/providers/app_provider_network_test.dart: AppProvider - Network Connectivity Enhancement should handle connectivity check gracefully on failure
ℹ️  INFO: Initializing app state...
❌ ERROR: Network connectivity check failed | MissingPluginException(No implementation found for method check on channel dev.fluttercommunity.plus/connectivity)
❌ ERROR: Network connectivity check failed | MissingPluginException(No implementation found for method check on channel dev.fluttercommunity.plus/connectivity)
ℹ️  INFO: Service health check completed
   Context: {status: offline, isConnected: false}
ℹ️  INFO: App state initialized successfully
00:07 +495 ~2 -4: C:/Users/zarik/OneDrive/Desktop/TrossApp/frontend/test/providers/app_provider_network_test.dart: AppProvider - Network Connectivity Enhancement should update network state on demand
ℹ️  INFO: Initializing app state...
❌ ERROR: Network connectivity check failed | MissingPluginException(No implementation found for method check on channel dev.fluttercommunity.plus/connectivity)
❌ ERROR: Network connectivity check failed | MissingPluginException(No implementation found for method check on channel dev.fluttercommunity.plus/connectivity)
ℹ️  INFO: Service health check completed
   Context: {status: offline, isConnected: false}
ℹ️  INFO: App state initialized successfully
❌ ERROR: Network connectivity check failed | MissingPluginException(No implementation found for method check on channel dev.fluttercommunity.plus/connectivity)
00:07 +496 ~2 -4: C:/Users/zarik/OneDrive/Desktop/TrossApp/frontend/test/providers/app_provider_network_test.dart: AppProvider - Network Connectivity Enhancement should skip backend check when no network detected
ℹ️  INFO: Initializing app state...
❌ ERROR: Network connectivity check failed | MissingPluginException(No implementation found for method check on channel dev.fluttercommunity.plus/connectivity)
❌ ERROR: Network connectivity check failed | MissingPluginException(No implementation found for method check on channel dev.fluttercommunity.plus/connectivity)
ℹ️  INFO: Service health check completed
   Context: {status: offline, isConnected: false}
ℹ️  INFO: App state initialized successfully
00:07 +497 ~2 -4: C:/Users/zarik/OneDrive/Desktop/TrossApp/frontend/test/providers/auth_provider_test.dart: (setUpAll)
00:07 +498 ~2 -4: C:/Users/zarik/OneDrive/Desktop/TrossApp/frontend/test/providers/auth_provider_test.dart: (setUpAll)
00:07 +498 ~2 -4: C:/Users/zarik/OneDrive/Desktop/TrossApp/frontend/test/providers/app_provider_network_test.dart: AppProvider - Network Integration should maintain backward compatibility
ℹ️  INFO: Initializing app state...
❌ ERROR: Network connectivity check failed | MissingPluginException(No implementation found for method check on channel dev.fluttercommunity.plus/connectivity)
❌ ERROR: Network connectivity check failed | MissingPluginException(No implementation found for method check on channel dev.fluttercommunity.plus/connectivity)
ℹ️  INFO: Service health check completed
   Context: {status: offline, isConnected: false}
ℹ️  INFO: App state initialized successfully
❌ ERROR: Network connectivity check failed | MissingPluginException(No implementation found for method check on channel dev.fluttercommunity.plus/connectivity)
ℹ️  INFO: Service health check completed
   Context: {status: offline, isConnected: false}
❌ ERROR: Network connectivity check failed | MissingPluginException(No implementation found for method check on channel dev.fluttercommunity.plus/connectivity)
ℹ️  INFO: Service health check completed
   Context: {status: offline, isConnected: false}
00:07 +499 ~2 -4: C:/Users/zarik/OneDrive/Desktop/TrossApp/frontend/test/providers/auth_provider_test.dart: (setUpAll)
00:07 +499 ~2 -4: C:/Users/zarik/OneDrive/Desktop/TrossApp/frontend/test/providers/auth_provider_test.dart: AuthProvider Tests (setUpAll)
✅ Backend available at http://localhost:3001/api/health

============================================================
Backend Status: Backend available (dev mode disabled)
Integration Tests: ENABLED
Auth Tests: DISABLED
============================================================

00:07 +499 ~2 -4: C:/Users/zarik/OneDrive/Desktop/TrossApp/frontend/test/providers/auth_provider_test.dart: AuthProvider Tests Initial State should start with correct initial state
00:07 +500 ~2 -4: C:/Users/zarik/OneDrive/Desktop/TrossApp/frontend/test/providers/auth_provider_test.dart: AuthProvider Tests State Management should set loading state correctly
00:07 +501 ~2 -4: C:/Users/zarik/OneDrive/Desktop/TrossApp/frontend/test/providers/auth_provider_test.dart: AuthProvider Tests State Management should clear error when new operation starts
00:07 +502 ~2 -4: C:/Users/zarik/OneDrive/Desktop/TrossApp/frontend/test/providers/auth_provider_test.dart: AuthProvider Tests State Management should update user state correctly
00:07 +503 ~2 -4: C:/Users/zarik/OneDrive/Desktop/TrossApp/frontend/test/providers/auth_provider_test.dart: AuthProvider Tests Authentication Flow should successfully login with test token as admin

━━━━━━━━━━━━━━━━━━━━━━━━━━━━━━━━━━━━━━━━
⏭️  SKIPPED: Admin login test
   Reason: Backend dev mode required for test token authentication
   To run: Start backend with `npm run dev:backend`
━━━━━━━━━━━━━━━━━━━━━━━━━━━━━━━━━━━━━━━━

00:07 +504 ~2 -4: C:/Users/zarik/OneDrive/Desktop/TrossApp/frontend/test/providers/auth_provider_test.dart: AuthProvider Tests Authentication Flow should successfully login with test token as technician

━━━━━━━━━━━━━━━━━━━━━━━━━━━━━━━━━━━━━━━━
⏭️  SKIPPED: Technician login test
   Reason: Backend not available
   To run: Start backend with `npm run dev:backend`
━━━━━━━━━━━━━━━━━━━━━━━━━━━━━━━━━━━━━━━━

00:07 +505 ~2 -4: C:/Users/zarik/OneDrive/Desktop/TrossApp/frontend/test/providers/auth_provider_test.dart: AuthProvider Tests Authentication Flow should successfully login with test token as manager

━━━━━━━━━━━━━━━━━━━━━━━━━━━━━━━━━━━━━━━━
⏭️  SKIPPED: Manager login test
   Reason: Backend not available
   To run: Start backend with `npm run dev:backend`
━━━━━━━━━━━━━━━━━━━━━━━━━━━━━━━━━━━━━━━━

00:07 +506 ~2 -4: C:/Users/zarik/OneDrive/Desktop/TrossApp/frontend/test/providers/auth_provider_test.dart: AuthProvider Tests Authentication Flow should successfully login with test token as dispatcher

━━━━━━━━━━━━━━━━━━━━━━━━━━━━━━━━━━━━━━━━
⏭️  SKIPPED: Dispatcher login test
   Reason: Backend not available
   To run: Start backend with `npm run dev:backend`
━━━━━━━━━━━━━━━━━━━━━━━━━━━━━━━━━━━━━━━━

00:07 +507 ~2 -4: C:/Users/zarik/OneDrive/Desktop/TrossApp/frontend/test/providers/auth_provider_test.dart: AuthProvider Tests Authentication Flow should successfully login with test token as client

━━━━━━━━━━━━━━━━━━━━━━━━━━━━━━━━━━━━━━━━
⏭️  SKIPPED: Client login test
   Reason: Backend not available
   To run: Start backend with `npm run dev:backend`
━━━━━━━━━━━━━━━━━━━━━━━━━━━━━━━━━━━━━━━━

00:07 +508 ~2 -4: C:/Users/zarik/OneDrive/Desktop/TrossApp/frontend/test/providers/auth_provider_test.dart: AuthProvider Tests Authentication Flow should clear error on successful login

━━━━━━━━━━━━━━━━━━━━━━━━━━━━━━━━━━━━━━━━
⏭️  SKIPPED: Error clearing test
   Reason: Backend not available
   To run: Start backend with `npm run dev:backend`
━━━━━━━━━━━━━━━━━━━━━━━━━━━━━━━━━━━━━━━━

00:07 +509 ~2 -4: C:/Users/zarik/OneDrive/Desktop/TrossApp/frontend/test/providers/auth_provider_test.dart: AuthProvider Tests Authentication Flow should handle invalid role gracefully

━━━━━━━━━━━━━━━━━━━━━━━━━━━━━━━━━━━━━━━━
⏭️  SKIPPED: Invalid role test
   Reason: Backend not available
   To run: Start backend with `npm run dev:backend`
━━━━━━━━━━━━━━━━━━━━━━━━━━━━━━━━━━━━━━━━

00:07 +510 ~2 -4: C:/Users/zarik/OneDrive/Desktop/TrossApp/frontend/test/providers/auth_provider_test.dart: AuthProvider Tests Authentication Flow should handle logout correctly
ℹ️  INFO: 🔑 AUTH SERVICE: ========== LOGOUT START (2025-11-11 13:25:27) ==========
   Context: {token: null, strategy: unknown, isAuth0: false, isDevUser: false}
ℹ️  INFO: 🔑 AUTH SERVICE: No token, skipping backend logout
ℹ️  INFO: 🔑 AUTH SERVICE: Unknown auth strategy, clearing state...
ℹ️  INFO: Clearing auth state
❌ ERROR: Failed to clear auth data | MissingPluginException(No implementation found for method delete on channel plugins.it_nomads.com/flutter_secure_storage)
ℹ️  INFO: Auth data cleared
ℹ️  INFO: Auth state cleared
ℹ️  INFO: 🔑 AUTH SERVICE: ========== LOGOUT END (total: 15ms) ==========
00:08 +511 ~2 -4: C:/Users/zarik/OneDrive/Desktop/TrossApp/frontend/test/services/api_client_test.dart: (setUpAll)
00:08 +512 ~2 -4: C:/Users/zarik/OneDrive/Desktop/TrossApp/frontend/test/services/api_client_test.dart: (setUpAll)
00:08 +513 ~2 -4: C:/Users/zarik/OneDrive/Desktop/TrossApp/frontend/test/services/api_client_test.dart: (setUpAll)
00:08 +514 ~2 -4: C:/Users/zarik/OneDrive/Desktop/TrossApp/frontend/test/services/api_client_test.dart: (setUpAll)
00:08 +515 ~2 -4: C:/Users/zarik/OneDrive/Desktop/TrossApp/frontend/test/services/api_client_test.dart: (setUpAll)
00:08 +516 ~2 -4: C:/Users/zarik/OneDrive/Desktop/TrossApp/frontend/test/services/api_client_test.dart: (setUpAll)
00:08 +517 ~2 -4: C:/Users/zarik/OneDrive/Desktop/TrossApp/frontend/test/services/api_client_test.dart: (setUpAll)
00:08 +517 ~2 -4: C:/Users/zarik/OneDrive/Desktop/TrossApp/frontend/test/providers/auth_provider_test.dart: AuthProvider Tests Notification should notify listeners on state changes
ℹ️  INFO: 🔑 AUTH SERVICE: ========== LOGOUT START (2025-11-11 13:25:27) ==========
   Context: {token: null, strategy: unknown, isAuth0: false, isDevUser: false}
ℹ️  INFO: 🔑 AUTH SERVICE: No token, skipping backend logout
ℹ️  INFO: 🔑 AUTH SERVICE: Unknown auth strategy, clearing state...
ℹ️  INFO: Clearing auth state
00:08 +518 ~2 -4: C:/Users/zarik/OneDrive/Desktop/TrossApp/frontend/test/services/api_client_test.dart: (setUpAll)
00:08 +518 ~2 -4: C:/Users/zarik/OneDrive/Desktop/TrossApp/frontend/test/providers/auth_provider_test.dart: AuthProvider Tests Notification should notify listeners on state changes
❌ ERROR: Failed to clear auth data | MissingPluginException(No implementation found for method delete on channel plugins.it_nomads.com/flutter_secure_storage)
ℹ️  INFO: Auth data cleared
ℹ️  INFO: Auth state cleared
ℹ️  INFO: 🔑 AUTH SERVICE: ========== LOGOUT END (total: 2ms) ==========
00:08 +519 ~2 -4: C:/Users/zarik/OneDrive/Desktop/TrossApp/frontend/test/services/api_client_test.dart: (setUpAll)
00:08 +519 ~2 -4: C:/Users/zarik/OneDrive/Desktop/TrossApp/frontend/test/providers/auth_provider_test.dart: AuthProvider Tests Permission Checks should grant admin full permissions

━━━━━━━━━━━━━━━━━━━━━━━━━━━━━━━━━━━━━━━━
⏭️  SKIPPED: Admin permissions test
   Reason: Backend not available
   To run: Start backend with `npm run dev:backend`
━━━━━━━━━━━━━━━━━━━━━━━━━━━━━━━━━━━━━━━━

00:08 +520 ~2 -4: C:/Users/zarik/OneDrive/Desktop/TrossApp/frontend/test/services/api_client_test.dart: (setUpAll)
00:08 +520 ~2 -4: C:/Users/zarik/OneDrive/Desktop/TrossApp/frontend/test/providers/auth_provider_test.dart: AuthProvider Tests Permission Checks should restrict technician permissions

━━━━━━━━━━━━━━━━━━━━━━━━━━━━━━━━━━━━━━━━
⏭️  SKIPPED: Technician permissions test
   Reason: Backend not available
   To run: Start backend with `npm run dev:backend`
━━━━━━━━━━━━━━━━━━━━━━━━━━━━━━━━━━━━━━━━

00:08 +521 ~2 -4: C:/Users/zarik/OneDrive/Desktop/TrossApp/frontend/test/services/api_client_test.dart: (setUpAll)
00:08 +521 ~2 -4: C:/Users/zarik/OneDrive/Desktop/TrossApp/frontend/test/providers/auth_provider_test.dart: AuthProvider Tests Permission Checks should provide denial reason with checkPermission

━━━━━━━━━━━━━━━━━━━━━━━━━━━━━━━━━━━━━━━━
⏭️  SKIPPED: Permission denial reason test
   Reason: Backend not available
   To run: Start backend with `npm run dev:backend`
━━━━━━━━━━━━━━━━━━━━━━━━━━━━━━━━━━━━━━━━

00:08 +522 ~2 -4: C:/Users/zarik/OneDrive/Desktop/TrossApp/frontend/test/services/api_client_test.dart: (setUpAll)
00:08 +522 ~2 -4: C:/Users/zarik/OneDrive/Desktop/TrossApp/frontend/test/providers/auth_provider_test.dart: AuthProvider Tests Permission Checks should check minimum role correctly

━━━━━━━━━━━━━━━━━━━━━━━━━━━━━━━━━━━━━━━━
⏭️  SKIPPED: Minimum role test
   Reason: Backend not available
   To run: Start backend with `npm run dev:backend`
━━━━━━━━━━━━━━━━━━━━━━━━━━━━━━━━━━━━━━━━

00:08 +523 ~2 -4: C:/Users/zarik/OneDrive/Desktop/TrossApp/frontend/test/services/api_client_test.dart: (setUpAll)
00:08 +523 ~2 -4: C:/Users/zarik/OneDrive/Desktop/TrossApp/frontend/test/providers/auth_provider_test.dart: AuthProvider Tests Permission Checks should return allowed operations for role

━━━━━━━━━━━━━━━━━━━━━━━━━━━━━━━━━━━━━━━━
⏭️  SKIPPED: Allowed operations test
   Reason: Backend not available
   To run: Start backend with `npm run dev:backend`
━━━━━━━━━━━━━━━━━━━━━━━━━━━━━━━━━━━━━━━━

00:08 +524 ~2 -4: C:/Users/zarik/OneDrive/Desktop/TrossApp/frontend/test/services/api_client_test.dart: (setUpAll)
00:08 +524 ~2 -4: C:/Users/zarik/OneDrive/Desktop/TrossApp/frontend/test/providers/auth_provider_test.dart: AuthProvider Tests Permission Checks should check resource access correctly

━━━━━━━━━━━━━━━━━━━━━━━━━━━━━━━━━━━━━━━━
⏭️  SKIPPED: Resource access test
   Reason: Backend not available
   To run: Start backend with `npm run dev:backend`
━━━━━━━━━━━━━━━━━━━━━━━━━━━━━━━━━━━━━━━━

00:08 +525 ~2 -4: C:/Users/zarik/OneDrive/Desktop/TrossApp/frontend/test/services/api_client_test.dart: (setUpAll)
00:08 +525 ~2 -4: C:/Users/zarik/OneDrive/Desktop/TrossApp/frontend/test/providers/auth_provider_test.dart: AuthProvider Tests Permission Checks should deny permissions for inactive user

━━━━━━━━━━━━━━━━━━━━━━━━━━━━━━━━━━━━━━━━
⏭️  SKIPPED: Inactive user test
   Reason: Backend not available
   To run: Start backend with `npm run dev:backend`
━━━━━━━━━━━━━━━━━━━━━━━━━━━━━━━━━━━━━━━━

00:08 +526 ~2 -4: C:/Users/zarik/OneDrive/Desktop/TrossApp/frontend/test/services/api_client_test.dart: (setUpAll)
00:08 +526 ~2 -4: C:/Users/zarik/OneDrive/Desktop/TrossApp/frontend/test/services/api_client_test.dart: ApiClient Response Helpers parseSuccessResponse successfully parses valid response with data
00:08 +527 ~2 -4: C:/Users/zarik/OneDrive/Desktop/TrossApp/frontend/test/services/api_client_test.dart: ApiClient Response Helpers parseSuccessResponse throws exception when success is false
00:08 +528 ~2 -4: C:/Users/zarik/OneDrive/Desktop/TrossApp/frontend/test/services/api_client_test.dart: ApiClient Response Helpers parseSuccessResponse throws exception when data is null
00:08 +529 ~2 -4: C:/Users/zarik/OneDrive/Desktop/TrossApp/frontend/test/services/api_client_test.dart: ApiClient Response Helpers parseSuccessResponse throws exception when success field missing
00:08 +530 ~2 -4: C:/Users/zarik/OneDrive/Desktop/TrossApp/frontend/test/services/api_client_test.dart: ApiClient Response Helpers parseSuccessResponse throws exception when data field missing
00:08 +531 ~2 -4: C:/Users/zarik/OneDrive/Desktop/TrossApp/frontend/test/services/api_client_test.dart: ApiClient Response Helpers parseSuccessResponse passes through fromJson validation errors
00:08 +532 ~2 -4: C:/Users/zarik/OneDrive/Desktop/TrossApp/frontend/test/services/api_client_test.dart: ApiClient Response Helpers parseSuccessListResponse successfully parses valid response with array data
00:08 +533 ~2 -4: C:/Users/zarik/OneDrive/Desktop/TrossApp/frontend/test/services/api_client_test.dart: ApiClient Response Helpers parseSuccessListResponse successfully parses empty array
00:08 +534 ~2 -4: C:/Users/zarik/OneDrive/Desktop/TrossApp/frontend/test/services/api_client_test.dart: ApiClient Response Helpers parseSuccessListResponse throws exception when success is false
00:08 +535 ~2 -4: C:/Users/zarik/OneDrive/Desktop/TrossApp/frontend/test/services/api_client_test.dart: ApiClient Response Helpers parseSuccessListResponse throws exception when data is null
00:08 +536 ~2 -4: C:/Users/zarik/OneDrive/Desktop/TrossApp/frontend/test/services/api_client_test.dart: ApiClient Response Helpers parseSuccessListResponse throws exception when data is not an array
00:08 +537 ~2 -4: C:/Users/zarik/OneDrive/Desktop/TrossApp/frontend/test/services/api_client_test.dart: ApiClient Response Helpers parseSuccessListResponse passes through fromJson validation errors for list items
00:08 +538 ~2 -4: C:/Users/zarik/OneDrive/Desktop/TrossApp/frontend/test/services/api_client_test.dart: ApiClient Response Helpers Edge Cases parseSuccessResponse handles nested role data
00:08 +539 ~2 -4: C:/Users/zarik/OneDrive/Desktop/TrossApp/frontend/test/services/api_client_test.dart: ApiClient Response Helpers Edge Cases parseSuccessListResponse handles list with single item
00:08 +540 ~2 -4: C:/Users/zarik/OneDrive/Desktop/TrossApp/frontend/test/services/api_client_test.dart: (tearDownAll)
00:08 +540 ~2 -4: C:/Users/zarik/OneDrive/Desktop/TrossApp/frontend/test/services/auth/auth_service_security_test.dart: (setUpAll)
00:08 +540 ~2 -4: C:/Users/zarik/OneDrive/Desktop/TrossApp/frontend/test/services/auth/auth_service_security_test.dart: AuthService Security Tests - Layer 2: Service Validation Development Authentication Validation dev auth is enabled in test environment
00:08 +541 ~2 -4: C:/Users/zarik/OneDrive/Desktop/TrossApp/frontend/test/services/auth/auth_service_security_test.dart: AuthService Security Tests - Layer 2: Service Validation Development Authentication Validation validateDevAuth passes in development mode
00:08 +542 ~2 -4: C:/Users/zarik/OneDrive/Desktop/TrossApp/frontend/test/services/auth/auth_service_security_test.dart: AuthService Security Tests - Layer 2: Service Validation Development Authentication Validation validateDevAuth throws StateError in production simulation
00:08 +543 ~2 -4: C:/Users/zarik/OneDrive/Desktop/TrossApp/frontend/test/services/auth/auth_service_security_test.dart: AuthService Security Tests - Layer 2: Service Validation Development Authentication Validation loginWithTestToken succeeds for technician in dev mode
00:08 +544 ~2 -4: C:/Users/zarik/OneDrive/Desktop/TrossApp/frontend/test/services/auth/auth_service_security_test.dart: AuthService Security Tests - Layer 2: Service Validation Development Authentication Validation loginWithTestToken succeeds for admin in dev mode
00:08 +545 ~2 -4: C:/Users/zarik/OneDrive/Desktop/TrossApp/frontend/test/services/auth/auth_service_security_test.dart: AuthService Security Tests - Layer 2: Service Validation Development Authentication Validation loginWithTestToken fails when mock returns false
00:08 +546 ~2 -4: C:/Users/zarik/OneDrive/Desktop/TrossApp/frontend/test/services/auth/auth_service_security_test.dart: AuthService Security Tests - Layer 2: Service Validation Development Authentication Validation loginWithTestToken handles exceptions gracefully
00:08 +547 ~2 -4: C:/Users/zarik/OneDrive/Desktop/TrossApp/frontend/test/services/auth/auth_service_security_test.dart: AuthService Security Tests - Layer 2: Service Validation Auth Strategy Detection authStrategy returns "none" when not authenticated
00:08 +548 ~2 -4: C:/Users/zarik/OneDrive/Desktop/TrossApp/frontend/test/services/auth/auth_service_security_test.dart: AuthService Security Tests - Layer 2: Service Validation Auth Strategy Detection authStrategy returns "development" for dev token users
00:08 +549 ~2 -4: C:/Users/zarik/OneDrive/Desktop/TrossApp/frontend/test/services/auth/auth_service_security_test.dart: AuthService Security Tests - Layer 2: Service Validation Auth Strategy Detection authStrategy returns "auth0" for Auth0 users
00:08 +550 ~2 -4: C:/Users/zarik/OneDrive/Desktop/TrossApp/frontend/test/services/auth/auth_service_security_test.dart: AuthService Security Tests - Layer 2: Service Validation Auth Strategy Detection isDevUser matches development strategy
00:08 +551 ~2 -4: C:/Users/zarik/OneDrive/Desktop/TrossApp/frontend/test/services/auth/auth_service_security_test.dart: AuthService Security Tests - Layer 2: Service Validation Auth Strategy Detection isAuth0User matches auth0 strategy
00:08 +552 ~2 -4: C:/Users/zarik/OneDrive/Desktop/TrossApp/frontend/test/services/auth/auth_service_security_test.dart: AuthService Security Tests - Layer 2: Service Validation Role Detection isAdmin returns true for admin users
00:08 +553 ~2 -4: C:/Users/zarik/OneDrive/Desktop/TrossApp/frontend/test/services/auth/auth_service_security_test.dart: AuthService Security Tests - Layer 2: Service Validation Role Detection isTechnician returns true for technician users
00:08 +554 ~2 -4: C:/Users/zarik/OneDrive/Desktop/TrossApp/frontend/test/services/auth/auth_service_security_test.dart: AuthService Security Tests - Layer 2: Service Validation Role Detection displayName returns user name
00:08 +555 ~2 -4: C:/Users/zarik/OneDrive/Desktop/TrossApp/frontend/test/services/auth/auth_service_security_test.dart: AuthService Security Tests - Layer 2: Service Validation Role Detection displayName returns default when no user
00:08 +556 ~2 -4: C:/Users/zarik/OneDrive/Desktop/TrossApp/frontend/test/services/auth_test_service_test.dart: (setUpAll)
00:08 +557 ~2 -4: C:/Users/zarik/OneDrive/Desktop/TrossApp/frontend/test/services/auth_test_service_test.dart: (setUpAll)
00:08 +558 ~2 -4: C:/Users/zarik/OneDrive/Desktop/TrossApp/frontend/test/services/auth_test_service_test.dart: (setUpAll)
00:08 +559 ~2 -4: C:/Users/zarik/OneDrive/Desktop/TrossApp/frontend/test/services/auth_test_service_test.dart: (setUpAll)
00:08 +560 ~2 -4: C:/Users/zarik/OneDrive/Desktop/TrossApp/frontend/test/services/auth_test_service_test.dart: (setUpAll)
00:08 +561 ~2 -4: C:/Users/zarik/OneDrive/Desktop/TrossApp/frontend/test/services/auth_test_service_test.dart: (setUpAll)
00:08 +562 ~2 -4: C:/Users/zarik/OneDrive/Desktop/TrossApp/frontend/test/services/auth_test_service_test.dart: (setUpAll)
00:08 +563 ~2 -4: C:/Users/zarik/OneDrive/Desktop/TrossApp/frontend/test/services/auth_test_service_test.dart: (setUpAll)
00:08 +564 ~2 -4: C:/Users/zarik/OneDrive/Desktop/TrossApp/frontend/test/services/auth_test_service_test.dart: (setUpAll)
00:08 +565 ~2 -4: C:/Users/zarik/OneDrive/Desktop/TrossApp/frontend/test/services/auth_test_service_test.dart: (setUpAll)
00:08 +565 ~2 -4: C:/Users/zarik/OneDrive/Desktop/TrossApp/frontend/test/services/auth_test_service_test.dart: AuthTestService Unit Tests AuthTestResult Model can be created with all fields
00:08 +566 ~2 -4: C:/Users/zarik/OneDrive/Desktop/TrossApp/frontend/test/services/auth_test_service_test.dart: AuthTestService Unit Tests AuthTestResult Model can be created without optional fields
00:08 +567 ~2 -4: C:/Users/zarik/OneDrive/Desktop/TrossApp/frontend/test/services/auth_test_service_test.dart: AuthTestService Unit Tests AuthTestResult Model success field reflects test outcome
00:08 +568 ~2 -4: C:/Users/zarik/OneDrive/Desktop/TrossApp/frontend/test/services/auth_test_service_test.dart: (tearDownAll)
00:08 +568 ~2 -4: C:/Users/zarik/OneDrive/Desktop/TrossApp/frontend/test/services/environment_service_test.dart: (setUpAll)
00:08 +568 ~2 -4: C:/Users/zarik/OneDrive/Desktop/TrossApp/frontend/test/services/environment_service_test.dart: EnvironmentService EnvironmentInfo can be created with all fields
00:08 +569 ~2 -4: C:/Users/zarik/OneDrive/Desktop/TrossApp/frontend/test/services/environment_service_test.dart: EnvironmentService EnvironmentInfo has default values for optional fields
00:08 +570 ~2 -4: C:/Users/zarik/OneDrive/Desktop/TrossApp/frontend/test/services/environment_service_test.dart: EnvironmentService EnvironmentInfo calculates coverage percentage correctly
00:08 +571 ~2 -4: C:/Users/zarik/OneDrive/Desktop/TrossApp/frontend/test/services/environment_service_test.dart: EnvironmentService EnvironmentInfo formats coverage display string correctly
00:08 +572 ~2 -4: C:/Users/zarik/OneDrive/Desktop/TrossApp/frontend/test/services/environment_service_test.dart: EnvironmentService EnvironmentInfo handles different coverage scenarios
00:09 +573 ~2 -4: C:/Users/zarik/OneDrive/Desktop/TrossApp/frontend/test/services/environment_service_test.dart: EnvironmentService EnvironmentInfo database status is nullable
00:09 +574 ~2 -4: C:/Users/zarik/OneDrive/Desktop/TrossApp/frontend/test/services/environment_service_test.dart: EnvironmentService getEnvironmentInfo requires token parameter
00:09 +575 ~2 -4: C:/Users/zarik/OneDrive/Desktop/TrossApp/frontend/test/services/environment_service_test.dart: EnvironmentService getEnvironmentInfo returns EnvironmentInfo with all required fields
00:09 +576 ~2 -4: C:/Users/zarik/OneDrive/Desktop/TrossApp/frontend/test/services/environment_service_test.dart: EnvironmentService getEnvironmentInfo uses AppConfig.backendUrl
00:09 +577 ~2 -4: C:/Users/zarik/OneDrive/Desktop/TrossApp/frontend/test/services/environment_service_test.dart: EnvironmentService getEnvironmentInfo returns coverage information
00:09 +578 ~2 -4: C:/Users/zarik/OneDrive/Desktop/TrossApp/frontend/test/services/environment_service_test.dart: EnvironmentService getEnvironmentInfo handles invalid token gracefully
00:09 +579 ~2 -4: C:/Users/zarik/OneDrive/Desktop/TrossApp/frontend/test/services/environment_service_test.dart: EnvironmentService getEnvironmentInfo handles empty token gracefully
00:09 +580 ~2 -4: C:/Users/zarik/OneDrive/Desktop/TrossApp/frontend/test/services/environment_service_test.dart: (tearDownAll)
00:09 +580 ~2 -4: C:/Users/zarik/OneDrive/Desktop/TrossApp/frontend/test/services/error_service_test.dart: (setUpAll)
00:09 +580 ~2 -4: C:/Users/zarik/OneDrive/Desktop/TrossApp/frontend/test/services/error_service_test.dart: ErrorService Tests Error Logging should log errors without throwing
❌ ERROR: Test error message 
00:09 +581 ~2 -4: C:/Users/zarik/OneDrive/Desktop/TrossApp/frontend/test/services/error_service_test.dart: ErrorService Tests Error Logging should log errors with context without throwing
❌ ERROR: Test error with context 
   Context: {method: test, user_id: 123}
00:09 +582 ~2 -4: C:/Users/zarik/OneDrive/Desktop/TrossApp/frontend/test/services/error_service_test.dart: ErrorService Tests Error Logging should handle empty error messages gracefully
❌ ERROR:  
00:09 +583 ~2 -4: C:/Users/zarik/OneDrive/Desktop/TrossApp/frontend/test/services/error_service_test.dart: ErrorService Tests Warning Logging should log warning messages without throwing
⚠️  WARNING: Warning message
00:09 +584 ~2 -4: C:/Users/zarik/OneDrive/Desktop/TrossApp/frontend/test/services/error_service_test.dart: ErrorService Tests Warning Logging should handle warnings with context
⚠️  WARNING: Warning with context
   Context: {operation: test}
00:09 +585 ~2 -4: C:/Users/zarik/OneDrive/Desktop/TrossApp/frontend/test/services/error_service_test.dart: ErrorService Tests Info Logging should log info messages without throwing
ℹ️  INFO: Info message
00:09 +586 ~2 -4: C:/Users/zarik/OneDrive/Desktop/TrossApp/frontend/test/services/error_service_test.dart: ErrorService Tests User-Friendly Messages should return user-friendly message for null error
00:09 +587 ~2 -4: C:/Users/zarik/OneDrive/Desktop/TrossApp/frontend/test/services/error_service_test.dart: ErrorService Tests User-Friendly Messages should return network error message for connection issues
00:09 +588 ~2 -4: C:/Users/zarik/OneDrive/Desktop/TrossApp/frontend/test/services/error_service_test.dart: ErrorService Tests User-Friendly Messages should return timeout message for timeout errors
00:09 +589 ~2 -4: C:/Users/zarik/OneDrive/Desktop/TrossApp/frontend/test/services/error_service_test.dart: ErrorService Tests User-Friendly Messages should return auth error message for unauthorized
00:09 +590 ~2 -4: C:/Users/zarik/OneDrive/Desktop/TrossApp/frontend/test/services/error_service_test.dart: ErrorService Tests User-Friendly Messages should return permission error message
00:09 +591 ~2 -4: C:/Users/zarik/OneDrive/Desktop/TrossApp/frontend/test/services/error_service_test.dart: ErrorService Tests User-Friendly Messages should return default message for unknown errors
00:09 +592 ~2 -4: C:/Users/zarik/OneDrive/Desktop/TrossApp/frontend/test/services/error_service_test.dart: ErrorService Tests Edge Cases should handle very long error messages
❌ ERROR: xxxxxxxxxxxxxxxxxxxxxxxxxxxxxxxxxxxxxxxxxxxxxxxxxxxxxxxxxxxxxxxxxxxxxxxxxxxxxxxxxxxxxxxxxxxxxxxxxxxxxxxxxxxxxxxxxxxxxxxxxxxxxxxxxxxxxxxxxxxxxxxxxxxxxxxxxxxxxxxxxxxxxxxxxxxxxxxxxxxxxxxxxxxxxxxxxxxxxxxxxxxxxxxxxxxxxxxxxxxxxxxxxxxxxxxxxxxxxxxxxxxxxxxxxxxxxxxxxxxxxxxxxxxxxxxxxxxxxxxxxxxxxxxxxxxxxxxxxxxxxxxxxxxxxxxxxxxxxxxxxxxxxxxxxxxxxxxxxxxxxxxxxxxxxxxxxxxxxxxxxxxxxxxxxxxxxxxxxxxxxxxxxxxxxxxxxxxxxxxxxxxxxxxxxxxxxxxxxxxxxxxxxxxxxxxxxxxxxxxxxxxxxxxxxxxxxxxxxxxxxxxxxxxxxxxxxxxxxxxxxxxxxxxxxxxxxxxxxxxxxxxxxxxxxxxxxxxxxxxxxxxxxxxxxxxxxxxxxxxxxxxxxxxxxxxxxxxxxxxxxxxxxxxxxxxxxxxxxxxxxxxxxxxxxxxxxxxxxxxxxxxxxxxxxxxxxxxxxxxxxxxxxxxxxxxxxxxxxxxxxxxxxxxxxxxxxxxxxxxxxxxxxxxxxxxxxxxxxxxxxxxxxxxxxxxxxxxxxxxxxxxxxxxxxxxxxxxxxxxxxxxxxxxxxxxxxxxxxxxxxxxxxxxxxxxxxxxxxxxxxxxxxxxxxxxxxxxxxxxxxxxxxxxxxxxxxxxxxxxxxxxxxxxxxxxxxxxxxxxxxxxxxxxxxxxxxxxxxxxxxxxxxxxxxxxxxxxxxxxxxxxxxxxxxxxxxxxxxxxxxxxxxxxxxxxxxxxxxxxxxxxxxxxxxxxxxxxxxxxxxxxxxxxxxxxxxxxxxxxxxxxxxxxxxxxxxxxxxxxxxxxxxxxxxxxxxxxxxxxxxxxxxxxxxxxxxxxxxxxxxxxxxxxxxxxxxxxxxxxxxxxxxxxxxxxxxxxxxxxxxxxxxxxxxxxxxxxxxxxxxxxxxxxxxxxxxxxxxxxxxxxxxxxxxxxxxxxxxxxxxxxxxxxxxxxxxxxxxxxxxxxxxxxxxxxxxxxxxxxxxxxxxxxxxxxxxxxxxxxxxxxxxxxxxxxxxxxxxxxxxxxxxxxxxxxxxxxxxxxxxxxxxxxxxxxxxxxxxxxxxxxxxxxxxxxxxxxxxxxxxxxxxxxxxxxxxxxxxxxxxxxxxxxxxxxxxxxxxxxxxxxxxxxxxxxxxxxxxxxxxxxxxxxxxxxxxxxxxxxxxxxxxxxxxxxxxxxxxxxxxxxxxxxxxxxxxxxxxxxxxxxxxxxxxxxxxxxxxxxxxxxxxxxxxxxxxxxxxxxxxxxxxxxxxxxxxxxxxxxxxxxxxxxxxxxxxxxxxxxxxxxxxxxxxxxxxxxxxxxxxxxxxxxxxxxxxxxxxxxxxxxxxxxxxxxxxxxxxxxxxxxxxxxxxxxxxxxxxxxxxxxxxxxxxxxxxxxxxxxxxxxxxxxxxxxxxxxxxxxxxxxxxxxxxxxxxxxxxxxxxxxxxxxxxxxxxxxxxxxxxxxxxxxxxxxxxxxxxxxxxxxxxxxxxxxxxxxxxxxxxxxxxxxxxxxxxxxxxxxxxxxxxxxxxxxxxxxxxxxxxxxxxxxxxxxxxxxxxxxxxxxxxxxxxxxxxxxxxxxxxxxxxxxxxxxxxxxxxxxxxxxxxxxxxxxxxxxxxxxxxxxxxxxxxxxxxxxxxxxxxxxxxxxxxxxxxxxxxxxxxxxxxxxxxxxxxxxxxxxxxxxxxxxxxxxxxxxxxxxxxxxxxxxxxxxxxxxxxxxxxxxxxxxxxxxxxxxxxxxxxxxxxxxxxxxxxxxxxxxxxxxxxxxxxxxxxxxxxxxxxxxxxxxxxxxxxxxxxxxxxxxxxxxxxxxxxxxxxxxxxxxxxxxxxxxxxxxxxxxxxxxxxxxxxxxxxxxxxxxxxxxxxxxxxxxxxxxxxxxxxxxxxxxxxxxxxxxxxxxxxxxxxxxxxxxxxxxxxxxxxxxxxxxxxxxxxxxxxxxxxxxxxxxxxxxxxxxxxxxxxxxxxxxxxxxxxxxxxxxxxxxxxxxxxxxxxxxxxxxxxxxxxxxxxxxxxxxxxxxxxxxxxxxxxxxxxxxxxxxxxxxxxxxxxxxxxxxxxxxxxxxxxxxxxxxxxxxxxxxxxxxxxxxxxxxxxxxxxxxxxxxxxxxxxxxxxxxxxxxxxxxxxxxxxxxxxxxxxxxxxxxxxxxxxxxxxxxxxxxxxxxxxxxxxxxxxxxxxxxxxxxxxxxxxxxxxxxxxxxxxxxxxxxxxxxxxxxxxxxxxxxxxxxxxxxxxxxxxxxxxxxxxxxxxxxxxxxxxxxxxxxxxxxxxxxxxxxxxxxxxxxxxxxxxxxxxxxxxxxxxxxxxxxxxxxxxxxxxxxxxxxxxxxxxxxxxxxxxxxxxxxxxxxxxxxxxxxxxxxxxxxxxxxxxxxxxxxxxxxxxxxxxxxxxxxxxxxxxxxxxxxxxxxxxxxxxxxxxxxxxxxxxxxxxxxxxxxxxxxxxxxxxxxxxxxxxxxxxxxxxxxxxxxxxxxxxxxxxxxxxxxxxxxxxxxxxxxxxxxxxxxxxxxxxxxxxxxxxxxxxxxxxxxxxxxxxxxxxxxxxxxxxxxxxxxxxxxxxxxxxxxxxxxxxxxxxxxxxxxxxxxxxxxxxxxxxxxxxxxxxxxxxxxxxxxxxxxxxxxxxxxxxxxxxxxxxxxxxxxxxxxxxxxxxxxxxxxxxxxxxxxxxxxxxxxxxxxxxxxxxxxxxxxxxxxxxxxxxxxxxxxxxxxxxxxxxxxxxxxxxxxxxxxxxxxxxxxxxxxxxxxxxxxxxxxxxxxxxxxxxxxxxxxxxxxxxxxxxxxxxxxxxxxxxxxxxxxxxxxxxxxxxxxxxxxxxxxxxxxxxxxxxxxxxxxxxxxxxxxxxxxxxxxxxxxxxxxxxxxxxxxxxxxxxxxxxxxxxxxxxxxxxxxxxxxxxxxxxxxxxxxxxxxxxxxxxxxxxxxxxxxxxxxxxxxxxxxxxxxxxxxxxxxxxxxxxxxxxxxxxxxxxxxxxxxxxxxxxxxxxxxxxxxxxxxxxxxxxxxxxxxxxxxxxxxxxxxxxxxxxxxxxxxxxxxxxxxxxxxxxxxxxxxxxxxxxxxxxxxxxxxxxxxxxxxxxxxxxxxxxxxxxxxxxxxxxxxxxxxxxxxxxxxxxxxxxxxxxxxxxxxxxxxxxxxxxxxxxxxxxxxxxxxxxxxxxxxxxxxxxxxxxxxxxxxxxxxxxxxxxxxxxxxxxxxxxxxxxxxxxxxxxxxxxxxxxxxxxxxxxxxxxxxxxxxxxxxxxxxxxxxxxxxxxxxxxxxxxxxxxxxxxxxxxxxxxxxxxxxxxxxxxxxxxxxxxxxxxxxxxxxxxxxxxxxxxxxxxxxxxxxxxxxxxxxxxxxxxxxxxxxxxxxxxxxxxxxxxxxxxxxxxxxxxxxxxxxxxxxxxxxxxxxxxxxxxxxxxxxxxxxxxxxxxxxxxxxxxxxxxxxxxxxxxxxxxxxxxxxxxxxxxxxxxxxxxxxxxxxxxxxxxxxxxxxxxxxxxxxxxxxxxxxxxxxxxxxxxxxxxxxxxxxxxxxxxxxxxxxxxxxxxxxxxxxxxxxxxxxxxxxxxxxxxxxxxxxxxxxxxxxxxxxxxxxxxxxxxxxxxxxxxxxxxxxxxxxxxxxxxxxxxxxxxxxxxxxxxxxxxxxxxxxxxxxxxxxxxxxxxxxxxxxxxxxxxxxxxxxxxxxxxxxxxxxxxxxxxxxxxxxxxxxxxxxxxxxxxxxxxxxxxxxxxxxxxxxxxxxxxxxxxxxxxxxxxxxxxxxxxxxxxxxxxxxxxxxxxxxxxxxxxxxxxxxxxxxxxxxxxxxxxxxxxxxxxxxxxxxxxxxxxxxxxxxxxxxxxxxxxxxxxxxxxxxxxxxxxxxxxxxxxxxxxxxxxxxxxxxxxxxxxxxxxxxxxxxxxxxxxxxxxxxxxxxxxxxxxxxxxxxxxxxxxxxxxxxxxxxxxxxxxxxxxxxxxxxxxxxxxxxxxxxxxxxxxxxxxxxxxxxxxxxxxxxxxxxxxxxxxxxxxxxxxxxxxxxxxxxxxxxxxxxxxxxxxxxxxxxxxxxxxxxxxxxxxxxxxxxxxxxxxxxxxxxxxxxxxxxxxxxxxxxxxxxxxxxxxxxxxxxxxxxxxxxxxxxxxxxxxxxxxxxxxxxxxxxxxxxxxxxxxxxxxxxxxxxxxxxxxxxxxxxxxxxxxxxxxxxxxxxxxxxxxxxxxxxxxxxxxxxxxxxxxxxxxxxxxxxxxxxxxxxxxxxxxxxxxxxxxxxxxxxxxxxxxxxxxxxxxxxxxxxxxxxxxxxxxxxxxxxxxxxxxxxxxxxxxxxxxxxxxxxxxxxxxxxxxxxxxxxxxxxxxxxxxxxxxxxxxxxxxxxxxxxxxxxxxxxxxxxxxxxxxxxxxxxxxxxxxxxxxxxxxxxxxxxxxxxxxxxxxxxxxxxxxxxxxxxxxxxxxxxxxxxxxxxxxxxxxxxxxxxxxxxxxxxxxxxxxxxxxxxxxxxxxxxxxxxxxxxxxxxxxxxxxxxxxxxxxxxxxxxxxxxxxxxxxxxxxxxxxxxxxxxxxxxxxxxxxxxxxxxxxxxxxxxxxxxxxxxxxxxxxxxxxxxxxxxxxxxxxxxxxxxxxxxxxxxxxxxxxxxxxxxxxxxxxxxxxxxxxxxxxxxxxxxxxxxxxxxxxxxxxxxxxxxxxxxxxxxxxxxxxxxxxxxxxxxxxxxxxxxxxxxxxxxxxxxxxxxxxxxxxxxxxxxxxxxxxxxxxxxxxxxxxxxxxxxxxxxxxxxxxxxxxxxxxxxxxxxxxxxxxxxxxxxxxxxxxxxxxxxxxxxxxxxxxxxxxxxxxxxxxxxxxxxxxxxxxxxxxxxxxxxxxxxxxxxxxxxxxxxxxxxxxxxxxxxxxxxxxxxxxxxxxxxxxxxxxxxxxxxxxxxxxxxxxxxxxxxxxxxxxxxxxxxxxxxxxxxxxxxxxxxxxxxxxxxxxxxxxxxxxxxxxxxxxxxxxxxxxxxxxxxxxxxxxxxxxxxxxxxxxxxxxxxxxxxxxxxxxxxxxxxxxxxxxxxxxxxxxxxxxxxxxxxxxxxxxxxxxxxxxxxxxxxxxxxxxxxxxxxxxxxxxxxxxxxxxxxxxxxxxxxxxxxxxxxxxxxxxxxxxxxxxxxxxxxxxxxxxxxxxxxxxxxxxxxxxxxxxxxxxxxxxxxxxxxxxxxxxxxxxxxxxxxxxxxxxxxxxxxxxxxxxxxxxxxxxxxxxxxxxxxxxxxxxxxxxxxxxxxxxxxxxxxxxxxxxxxxxxxxxxxxxxxxxxxxxxxxxxxxxxxxxxxxxxxxxxxxxxxxxxxxxxxxxxxxxxxxxxxxxxxxxxxxxxxxxxxxxxxxxxxxxxxxxxxxxxxxxxxxxxxxxxxxxxxxxxxxxxxxxxxxxxxxxxxxxxxxxxxxxxxxxxxxxxxxxxxxxxxxxxxxxxxxxxxxxxxxxxxxxxxxxxxxxxxxxxxxxxxxxxxxxxxxxxxxxxxxxxxxxxxxxxxxxxxxxxxxxxxxxxxxxxxxxxxxxxxxxxxxxxxxxxxxxxxxxxxxxxxxxxxxxxxxxxxxxxxxxxxxxxxxxxxxxxxxxxxxxxxxxxxxxxxxxxxxxxxxxxxxxxxxxxxxxxxxxxxxxxxxxxxxxxxxxxxxxxxxxxxxxxxxxxxxxxxxxxxxxxxxxxxxxxxxxxxxxxxxxxxxxxxxxxxxxxxxxxxxxxxxxxxxxxxxxxxxxxxxxxxxxxxxxxxxxxxxxxxxxxxxxxxxxxxxxxxxxxxxxxxxxxxxxxxxxxxxxxxxxxxxxxxxxxxxxxxxxxxxxxxxxxxxxxxxxxxxxxxxxxxxxxxxxxxxxxxxxxxxxxxxxxxxxxxxxxxxxxxxxxxxxxxxxxxxxxxxxxxxxxxxxxxxxxxxxxxxxxxxxxxxxxxxxxxxxxxxxxxxxxxxxxxxxxxxxxxxxxxxxxxxxxxxxxxxxxxxxxxxxxxxxxxxxxxxxxxxxxxxxxxxxxxxxxxxxxxxxxxxxxxxxxxxxxxxxxxxxxxxxxxxxxxxxxxxxxxxxxxxxxxxxxxxxxxxxxxxxxxxxxxxxxxxxxxxxxxxxxxxxxxxxxxxxxxxxxxxxxxxxxxxxxxxxxxxxxxxxxxxxxxxxxxxxxxxxxxxxxxxxxxxxxxxxxxxxxxxxxxxxxxxxxxxxxxxxxxxxxxxxxxxxxxxxxxxxxxxxxxxxxxxxxxxxxxxxxxxxxxxxxxxxxxxxxxxxxxxxxxxxxxxxxxxxxxxxxxxxxxxxxxxxxxxxxxxxxxxxxxxxxxxxxxxxxxxxxxxxxxxxxxxxxxxxxxxxxxxxxxxxxxxxxxxxxxxxxxxxxxxxxxxxxxxxxxxxxxxxxxxxxxxxxxxxxxxxxxxxxxxxxxxxxxxxxxxxxxxxxxxxxxxxxxxxxxxxxxxxxxxxxxxxxxxxxxxxxxxxxxxxxxxxxxxxxxxxxxxxxxxxxxxxxxxxxxxxxxxxxxxxxxxxxxxxxxxxxxxxxxxxxxxxxxxxxxxxxxxxxxxxxxxxxxxxxxxxxxxxxxxxxxxxxxxxxxxxxxxxxxxxxxxxxxxxxxxxxxxxxxxxxxxxxxxxxxxxxxxxxxxxxxxxxxxxxxxxxxxxxxxxxxxxxxxxxxxxxxxxxxxxxxxxxxxxxxxxxxxxxxxxxxxxxxxxxxxxxxxxxxxxxxxxxxxxxxxxxxxxxxxxxxxxxxxxxxxxxxxxxxxxxxxxxxxxxxxxxxxxxxxxxxxxxxxxxxxxxxxxxxxxxxxxxxxxxxxxxxxxxxxxxxxxxxxxxxxxxxxxxxxxxxxxxxxxxxxxxxxxxxxxxxxxxxxxxxxxxxxxxxxxxxxxxxxxxxxxxxxxxxxxxxxxxxxxxxxxxxxxxxxxxxxxxxxxxxxxxxxxxxxxxxxxxxxxxxxxxxxxxxxxxxxxxxxxxxxxxxxxxxxxxxxxxxxxxxxxxxxxxxxxxxxxxxxxxxxxxxxxxxxxxxxxxxxxxxxxxxxxxxxxxxxxxxxxxxxxxxxxxxxxxxxxxxxxxxxxxxxxxxxxxxxxxxxxxxxxxxxxxxxxxxxxxxxxxxxxxxxxxxxxxxxxxxxxxxxxxxxxxxxxxxxxxxxxxxxxxxxxxxxxxxxxxxxxxxxxxxxxxxxxxxxxxxxxxxxxxxxxxxxxxxxxxxxxxxxxxxxxxxxxxxxxxxxxxxxxxxxxxxxxxxxxxxxxxxxxxxxxxxxxxxxxxxxxxxxxxxxxxxxxxxxxxxxxxxxxxxxxxxxxxxxxxxxxxxxxxxxxxxxxxxxxxxxxxxxxxxxxxxxxxxxxxxxxxxxxxxxxxxxxxxxxxxxxxxxxxxxxxxxxxxxxxxxxxxxxxxxxxxxxxxxxxxxxxxxxxxxxxxxxxxxxxxxxxxxxxxxxxxxxxxxxxxxxxxxxxxxxxxxxxxxxxxxxxxxxxxxxxxxxxxxxxxxxxxxxxxxxxxxxxxxxxxxxxxxxxxxxxxxxxxxxxxxxxxxxxxxxxxxxxxxxxxxxxxxxxxxxxxxxxxxxxxxxxxxxxxxxxxxxxxxxxxxxxxxxxxxxxxxxxxxxxxxxxxxxxxxxxxxxxxxxxxxxxxxxxxxxxxxxxxxxxxxxxxxxxxxxxxxxxxxxxxxxxxxxxxxxxxxxxxxxxxxxxxxxxxxxxxxxxxxxxxxxxxxxxxxxxxxxxxxxxxxxxxxxxxxxxxxxxxxxxxxxxxxxxxxxxxxxxxxxxxxxxxxxxxxxxxxxxxxxxxxxxxxxxxxxxxxxxxxxxxxxxxxxxxxxxxxxxxxxxxxxxxxxxxxxxxxxxxxxxxxxxxxxxxxxxxxxxxxxxxxxxxxxxxxxxxxxxxxxxxxxxxxxxxxxxxxxxxxxxxxxxxxxxxxxxxxxxxxxxxxxxxxxxxxxxxxxxxxxxxxxxxxxxxxxxxxxxxxxxxxxxxxxxxxxxxxxxxxxxxxxxxxxxxxxxxxxxxxxxxxxxxxxxxxxxxxxxxxxxxxxxxxxxxxxxxxxxxxxxxxxxxxxxxxxxxxxxxxxxxxxxxxxxxxxxxxxxxxxxxxxxxxxxxxxxxxxxxxxxxxxxxxxxxxxxxxxxxxxxxxxxxxxxxxxxxxxxxxxxxxxxxxxxxxxxxxxxxxxxxxxxxxxxxxxxxxxxxxxxxxxxxxxxxxxxxxxxxxxxxxxxxxxxxxxxxxxxxxxxxxxxxxxxxxxxxxxxxxxxxxxxxxxxxxxxxxxxxxxxxxxxxxxxxxxxxxxxxxxxxxxxxxxxxxxxxxxxxxxxxxxxxxxxxxxxxxxxxxxxxxxxxxxxxxxxxxxxxxxxxxxxxxxxxxxxxxxxxxxxxxxxxxxxxxxxxxxxxxxxxxxxxxxxxxxxxxxxxxxxxxxxxxxxxxxxxxxxxxxxxxxxxxxxxxxxxxxxxxxxxxxxxxxxxxxxxxxxxxxxxxxxxxxxxxxxxxxxxxxxxxxxxxxxxxxxxxxxxxxxxxxxxxxxxxxxxxxxxxxxxxxxxxxxxxxxxxxxxxxxxxxxxxxxxxxxxxxxxxxxxxxxxxxxxxxxxxxxxxxxxxxxxxxxxxxxxxxxxxxxxxxxxxxxxxxxxxxxxxxxxxxxxxxxxxxxxxxxxxxxxxxxxxxxxxxxxxxxxxxxxxxxxxxxxxxxxxxxxxxxxxxxxxxxxxxxxxxxxxxxxxxxxxxxxxxxxxxxxxxxxxxxxxxxxxxxxxxxxxxxxxxxxxxxxxxxxxxxxxxxxxxxxxxxxxxxxxxxxxxxxxxxxxxxxxxxxxxxxxxxxxxxxxxxxxxxxxxxxxxxxxxxxxxxxxxxxxxxxxxxxxxxxxxxxxxxxxxxxxxxxxxxxxxxxxxxxxxxxxxxxxxxxxxxxxxxxxxxxxxxxxxxxxxxxxxxxxxxxxxxxxxxxxxxxxxxxxxxxxxxxxxxxxxxxxxxxxxxxxxxxxxxxxxxxxxxxxxxxxxxxxxxxxxxxxxxxxxxxxxxxxxxxxxxxxxxxxxxxxxxxxxxxxxxxxxxxxxxxxxxxxxxxxxxxxxxxxxxxxxxxxxxxxxxxxxxxxxxxxxxxxxxxxxxxxxxxxxxxxxxxxxxxxxxxxxxxxxxxxxxxxxxxxxxxxxxxxxxxxxxxxxxxxxxxxxxxxxxxxxxxxxxxxxxxxxxxxxxxxxxxxxxxxxxxxxxxxxxxxxxxxxxxxxxxxxxxxxxxxxxxxxxxxxxxxxxxxxxxxxxxxxxxxxxxxxxxxxxxxxxxxxxxxxxxxxxxxxxxxxxxxxxxxxxxxxxxxxxxxxxxxxxxxxxxxxxxxxxxxxxxxxxxxxxxxxxxxxxxxxxxxxxxxxxxxxxxxxxxxxxxxxxxxxxxxxxxxxxxxxxxxxxxxxxxxxxxxxxxxxxxxxxxxxxxxxxxxxxxxxxxxxxxxxxxxxxxxxxxxxxxxxxxxxxxxxxxxxxxxxxxxxxxxxxxxxxxxxxxxxxxxxxxxxxxxxxxxxxxxxxxxxxxxxxxxxxxxxxxxxxxxxxxxxxxxxxxxxxxxxxxxxxxxxxxxxxxxxxxxxxxxxxxxxxxxxxxxxxxxxxxxxxxxxxxxxxxxxxxxxxxxxxxxxxxxxxxxxxxxxxxxxxxxxxxxxxxxxxxxxxxxxxxxxxxxxxxxxxxxxxxxxxxxxxxxxxxxxxxxxxxxxxxxxxxxxxxxxxxxxxxxxxxxxxxxxxxxxxxxxxxxxxxxxxxxxxxxxxxxxxxxxxxxxxxxxxxxxxxxxxxxxxxxxxxxxxxxxxxxxxxxxxxxxxxxxxxxxxxxxxxxxxxxxxxxxxxxxxxxxxxxxxxxxxxxxxxxxxxxxxxxxxxxxxxxxxxxxxxxxxxxxxxxxxxxxxxxxxxxxxxxxxxxxxxxxxxxxxxxxxxxxxxxxxxxxxxxxxxxxxxxxxxxxxxx 
00:09 +593 ~2 -4: C:/Users/zarik/OneDrive/Desktop/TrossApp/frontend/test/services/error_service_test.dart: ErrorService Tests Edge Cases should handle complex context objects
❌ ERROR: Complex context test 
   Context: {nested: {level1: {level2: [array, values, 123]}}, numbers: [1, 2, 3, 4, 5], boolean: true}
00:09 +594 ~2 -4: C:/Users/zarik/OneDrive/Desktop/TrossApp/frontend/test/services/error_service_test.dart: (tearDownAll)
00:09 +594 ~2 -4: C:/Users/zarik/OneDrive/Desktop/TrossApp/frontend/test/services/notification_service_test.dart: (setUpAll)
00:09 +594 ~2 -4: C:/Users/zarik/OneDrive/Desktop/TrossApp/frontend/test/services/notification_service_test.dart: NotificationService showSuccess displays success SnackBar
00:09 +594 ~2 -4: C:/Users/zarik/OneDrive/Desktop/TrossApp/frontend/test/services/permission_service_dynamic_test.dart: (setUpAll)
[Permissions] ✅ Configuration validation passed
[Permissions] ✅ Loaded permission config v1.0.0
[Permissions] 📊 Roles: 5
[Permissions] 📊 Resources: 8
00:09 +594 ~2 -4: C:/Users/zarik/OneDrive/Desktop/TrossApp/frontend/test/services/notification_service_test.dart: NotificationService showSuccess displays success SnackBar
00:09 +595 ~2 -4: C:/Users/zarik/OneDrive/Desktop/TrossApp/frontend/test/services/notification_service_test.dart: NotificationService showSuccess displays success SnackBar
00:09 +596 ~2 -4: C:/Users/zarik/OneDrive/Desktop/TrossApp/frontend/test/services/notification_service_test.dart: NotificationService showSuccess displays success SnackBar
00:09 +597 ~2 -4: C:/Users/zarik/OneDrive/Desktop/TrossApp/frontend/test/services/notification_service_test.dart: NotificationService showSuccess displays success SnackBar
00:09 +598 ~2 -4: C:/Users/zarik/OneDrive/Desktop/TrossApp/frontend/test/services/notification_service_test.dart: NotificationService showSuccess displays success SnackBar
00:09 +599 ~2 -4: C:/Users/zarik/OneDrive/Desktop/TrossApp/frontend/test/services/notification_service_test.dart: NotificationService showSuccess displays success SnackBar
00:09 +600 ~2 -4: C:/Users/zarik/OneDrive/Desktop/TrossApp/frontend/test/services/notification_service_test.dart: NotificationService showSuccess displays success SnackBar
00:09 +601 ~2 -4: C:/Users/zarik/OneDrive/Desktop/TrossApp/frontend/test/services/notification_service_test.dart: NotificationService showSuccess displays success SnackBar
00:09 +602 ~2 -4: C:/Users/zarik/OneDrive/Desktop/TrossApp/frontend/test/services/notification_service_test.dart: NotificationService showSuccess displays success SnackBar
00:09 +603 ~2 -4: C:/Users/zarik/OneDrive/Desktop/TrossApp/frontend/test/services/notification_service_test.dart: NotificationService showSuccess displays success SnackBar
00:09 +604 ~2 -4: C:/Users/zarik/OneDrive/Desktop/TrossApp/frontend/test/services/notification_service_test.dart: NotificationService showSuccess displays success SnackBar
00:09 +605 ~2 -4: C:/Users/zarik/OneDrive/Desktop/TrossApp/frontend/test/services/notification_service_test.dart: NotificationService showSuccess displays success SnackBar
00:09 +606 ~2 -4: C:/Users/zarik/OneDrive/Desktop/TrossApp/frontend/test/services/notification_service_test.dart: NotificationService showSuccess displays success SnackBar
00:09 +607 ~2 -4: C:/Users/zarik/OneDrive/Desktop/TrossApp/frontend/test/services/notification_service_test.dart: NotificationService showSuccess displays success SnackBar
00:09 +608 ~2 -4: C:/Users/zarik/OneDrive/Desktop/TrossApp/frontend/test/services/notification_service_test.dart: NotificationService showSuccess displays success SnackBar
00:09 +609 ~2 -4: C:/Users/zarik/OneDrive/Desktop/TrossApp/frontend/test/services/notification_service_test.dart: NotificationService showSuccess displays success SnackBar
00:09 +610 ~2 -4: C:/Users/zarik/OneDrive/Desktop/TrossApp/frontend/test/services/notification_service_test.dart: NotificationService showSuccess displays success SnackBar
00:09 +611 ~2 -4: C:/Users/zarik/OneDrive/Desktop/TrossApp/frontend/test/services/notification_service_test.dart: NotificationService showSuccess displays success SnackBar
00:09 +612 ~2 -4: C:/Users/zarik/OneDrive/Desktop/TrossApp/frontend/test/services/notification_service_test.dart: NotificationService showSuccess displays success SnackBar
00:09 +613 ~2 -4: C:/Users/zarik/OneDrive/Desktop/TrossApp/frontend/test/services/notification_service_test.dart: NotificationService showSuccess displays success SnackBar
00:09 +614 ~2 -4: C:/Users/zarik/OneDrive/Desktop/TrossApp/frontend/test/services/notification_service_test.dart: NotificationService showSuccess displays success SnackBar
00:09 +615 ~2 -4: C:/Users/zarik/OneDrive/Desktop/TrossApp/frontend/test/services/notification_service_test.dart: NotificationService showSuccess displays success SnackBar
00:09 +616 ~2 -4: C:/Users/zarik/OneDrive/Desktop/TrossApp/frontend/test/services/notification_service_test.dart: NotificationService showSuccess displays success SnackBar
00:09 +617 ~2 -4: C:/Users/zarik/OneDrive/Desktop/TrossApp/frontend/test/services/notification_service_test.dart: NotificationService showSuccess displays success SnackBar
00:09 +618 ~2 -4: C:/Users/zarik/OneDrive/Desktop/TrossApp/frontend/test/services/notification_service_test.dart: NotificationService showSuccess displays success SnackBar
00:09 +619 ~2 -4: C:/Users/zarik/OneDrive/Desktop/TrossApp/frontend/test/services/notification_service_test.dart: NotificationService showSuccess displays success SnackBar
00:09 +620 ~2 -4: C:/Users/zarik/OneDrive/Desktop/TrossApp/frontend/test/services/notification_service_test.dart: NotificationService showSuccess displays success SnackBar
00:09 +621 ~2 -4: C:/Users/zarik/OneDrive/Desktop/TrossApp/frontend/test/services/notification_service_test.dart: NotificationService showSuccess displays success SnackBar
00:09 +622 ~2 -4: C:/Users/zarik/OneDrive/Desktop/TrossApp/frontend/test/services/notification_service_test.dart: NotificationService showSuccess displays success SnackBar
00:09 +623 ~2 -4: C:/Users/zarik/OneDrive/Desktop/TrossApp/frontend/test/services/notification_service_test.dart: NotificationService showSuccess displays success SnackBar
00:09 +624 ~2 -4: C:/Users/zarik/OneDrive/Desktop/TrossApp/frontend/test/services/notification_service_test.dart: NotificationService showSuccess displays success SnackBar
00:09 +625 ~2 -4: C:/Users/zarik/OneDrive/Desktop/TrossApp/frontend/test/services/notification_service_test.dart: NotificationService showSuccess displays success SnackBar
00:09 +626 ~2 -4: C:/Users/zarik/OneDrive/Desktop/TrossApp/frontend/test/services/notification_service_test.dart: NotificationService showSuccess displays success SnackBar
00:09 +627 ~2 -4: C:/Users/zarik/OneDrive/Desktop/TrossApp/frontend/test/services/notification_service_test.dart: NotificationService showSuccess displays success SnackBar
00:09 +628 ~2 -4: C:/Users/zarik/OneDrive/Desktop/TrossApp/frontend/test/services/notification_service_test.dart: NotificationService showSuccess displays success SnackBar
00:10 +629 ~2 -4: C:/Users/zarik/OneDrive/Desktop/TrossApp/frontend/test/services/notification_service_test.dart: NotificationService showSuccess displays success SnackBar
00:10 +630 ~2 -4: C:/Users/zarik/OneDrive/Desktop/TrossApp/frontend/test/services/notification_service_test.dart: NotificationService showSuccess displays success SnackBar
00:10 +631 ~2 -4: C:/Users/zarik/OneDrive/Desktop/TrossApp/frontend/test/services/notification_service_test.dart: NotificationService showSuccess displays success SnackBar
00:10 +632 ~2 -4: C:/Users/zarik/OneDrive/Desktop/TrossApp/frontend/test/services/notification_service_test.dart: NotificationService showSuccess displays success SnackBar
00:10 +633 ~2 -4: C:/Users/zarik/OneDrive/Desktop/TrossApp/frontend/test/services/notification_service_test.dart: NotificationService showSuccess displays success SnackBar
00:10 +634 ~2 -4: C:/Users/zarik/OneDrive/Desktop/TrossApp/frontend/test/services/notification_service_test.dart: NotificationService showSuccess displays success SnackBar
00:10 +635 ~2 -4: C:/Users/zarik/OneDrive/Desktop/TrossApp/frontend/test/services/notification_service_test.dart: NotificationService showSuccess displays success SnackBar
00:10 +636 ~2 -4: C:/Users/zarik/OneDrive/Desktop/TrossApp/frontend/test/services/notification_service_test.dart: NotificationService showSuccess displays success SnackBar
00:10 +637 ~2 -4: C:/Users/zarik/OneDrive/Desktop/TrossApp/frontend/test/services/notification_service_test.dart: NotificationService showSuccess displays success SnackBar
00:10 +638 ~2 -4: C:/Users/zarik/OneDrive/Desktop/TrossApp/frontend/test/services/notification_service_test.dart: NotificationService showSuccess displays success SnackBar
00:10 +639 ~2 -4: C:/Users/zarik/OneDrive/Desktop/TrossApp/frontend/test/services/notification_service_test.dart: NotificationService showSuccess displays success SnackBar
00:10 +640 ~2 -4: C:/Users/zarik/OneDrive/Desktop/TrossApp/frontend/test/services/notification_service_test.dart: NotificationService showSuccess displays success SnackBar
00:10 +641 ~2 -4: C:/Users/zarik/OneDrive/Desktop/TrossApp/frontend/test/services/notification_service_test.dart: NotificationService showSuccess displays success SnackBar
00:10 +642 ~2 -4: C:/Users/zarik/OneDrive/Desktop/TrossApp/frontend/test/services/notification_service_test.dart: NotificationService showSuccess displays success SnackBar
00:10 +643 ~2 -4: C:/Users/zarik/OneDrive/Desktop/TrossApp/frontend/test/services/notification_service_test.dart: NotificationService showSuccess displays success SnackBar
00:10 +644 ~2 -4: C:/Users/zarik/OneDrive/Desktop/TrossApp/frontend/test/services/notification_service_test.dart: NotificationService showSuccess displays success SnackBar
00:10 +645 ~2 -4: C:/Users/zarik/OneDrive/Desktop/TrossApp/frontend/test/services/notification_service_test.dart: NotificationService showSuccess displays success SnackBar
00:10 +646 ~2 -4: C:/Users/zarik/OneDrive/Desktop/TrossApp/frontend/test/services/notification_service_test.dart: NotificationService showSuccess displays success SnackBar
00:10 +647 ~2 -4: C:/Users/zarik/OneDrive/Desktop/TrossApp/frontend/test/services/notification_service_test.dart: NotificationService showSuccess displays success SnackBar
00:10 +648 ~2 -4: C:/Users/zarik/OneDrive/Desktop/TrossApp/frontend/test/services/notification_service_test.dart: NotificationService showSuccess displays success SnackBar
00:10 +649 ~2 -4: C:/Users/zarik/OneDrive/Desktop/TrossApp/frontend/test/services/notification_service_test.dart: NotificationService showSuccess displays success SnackBar
00:10 +650 ~2 -4: C:/Users/zarik/OneDrive/Desktop/TrossApp/frontend/test/services/notification_service_test.dart: NotificationService showSuccess displays success SnackBar
00:10 +651 ~2 -4: C:/Users/zarik/OneDrive/Desktop/TrossApp/frontend/test/services/notification_service_test.dart: NotificationService showSuccess displays success SnackBar
00:10 +652 ~2 -4: C:/Users/zarik/OneDrive/Desktop/TrossApp/frontend/test/services/notification_service_test.dart: NotificationService showSuccess displays success SnackBar
00:10 +653 ~2 -4: C:/Users/zarik/OneDrive/Desktop/TrossApp/frontend/test/services/notification_service_test.dart: NotificationService showSuccess displays success SnackBar
00:10 +654 ~2 -4: C:/Users/zarik/OneDrive/Desktop/TrossApp/frontend/test/services/notification_service_test.dart: NotificationService showSuccess displays success SnackBar
00:10 +655 ~2 -4: C:/Users/zarik/OneDrive/Desktop/TrossApp/frontend/test/services/notification_service_test.dart: NotificationService showSuccess displays success SnackBar
00:10 +656 ~2 -4: C:/Users/zarik/OneDrive/Desktop/TrossApp/frontend/test/services/notification_service_test.dart: NotificationService showSuccess displays success SnackBar
00:10 +657 ~2 -4: C:/Users/zarik/OneDrive/Desktop/TrossApp/frontend/test/services/notification_service_test.dart: NotificationService showSuccess displays success SnackBar
00:10 +658 ~2 -4: C:/Users/zarik/OneDrive/Desktop/TrossApp/frontend/test/services/notification_service_test.dart: NotificationService showSuccess displays success SnackBar
00:10 +659 ~2 -4: C:/Users/zarik/OneDrive/Desktop/TrossApp/frontend/test/services/notification_service_test.dart: NotificationService showSuccess displays success SnackBar
00:10 +660 ~2 -4: C:/Users/zarik/OneDrive/Desktop/TrossApp/frontend/test/services/notification_service_test.dart: NotificationService showSuccess displays success SnackBar
00:10 +661 ~2 -4: C:/Users/zarik/OneDrive/Desktop/TrossApp/frontend/test/services/notification_service_test.dart: NotificationService showSuccess displays success SnackBar
00:10 +662 ~2 -4: C:/Users/zarik/OneDrive/Desktop/TrossApp/frontend/test/services/notification_service_test.dart: NotificationService showSuccess displays success SnackBar
00:10 +663 ~2 -4: C:/Users/zarik/OneDrive/Desktop/TrossApp/frontend/test/services/notification_service_test.dart: NotificationService showSuccess displays success SnackBar
00:10 +664 ~2 -4: C:/Users/zarik/OneDrive/Desktop/TrossApp/frontend/test/services/notification_service_test.dart: NotificationService showSuccess displays success SnackBar
00:10 +665 ~2 -4: C:/Users/zarik/OneDrive/Desktop/TrossApp/frontend/test/services/notification_service_test.dart: NotificationService showSuccess displays success SnackBar
00:10 +666 ~2 -4: C:/Users/zarik/OneDrive/Desktop/TrossApp/frontend/test/services/notification_service_test.dart: NotificationService showSuccess displays success SnackBar
00:10 +667 ~2 -4: C:/Users/zarik/OneDrive/Desktop/TrossApp/frontend/test/services/notification_service_test.dart: NotificationService showSuccess displays success SnackBar
00:10 +668 ~2 -4: C:/Users/zarik/OneDrive/Desktop/TrossApp/frontend/test/services/notification_service_test.dart: NotificationService showSuccess displays success SnackBar
00:10 +669 ~2 -4: C:/Users/zarik/OneDrive/Desktop/TrossApp/frontend/test/services/notification_service_test.dart: NotificationService showSuccess displays success SnackBar
00:10 +670 ~2 -4: C:/Users/zarik/OneDrive/Desktop/TrossApp/frontend/test/services/notification_service_test.dart: NotificationService showSuccess displays success SnackBar
00:10 +671 ~2 -4: C:/Users/zarik/OneDrive/Desktop/TrossApp/frontend/test/services/notification_service_test.dart: NotificationService showSuccess displays success SnackBar
00:10 +672 ~2 -4: C:/Users/zarik/OneDrive/Desktop/TrossApp/frontend/test/services/notification_service_test.dart: NotificationService showSuccess displays success SnackBar
00:10 +673 ~2 -4: C:/Users/zarik/OneDrive/Desktop/TrossApp/frontend/test/services/notification_service_test.dart: NotificationService showSuccess displays success SnackBar
00:10 +674 ~2 -4: C:/Users/zarik/OneDrive/Desktop/TrossApp/frontend/test/services/notification_service_test.dart: NotificationService showSuccess displays success SnackBar
00:10 +675 ~2 -4: C:/Users/zarik/OneDrive/Desktop/TrossApp/frontend/test/services/notification_service_test.dart: NotificationService showSuccess displays success SnackBar
00:10 +676 ~2 -4: C:/Users/zarik/OneDrive/Desktop/TrossApp/frontend/test/services/notification_service_test.dart: NotificationService showSuccess displays success SnackBar
00:10 +677 ~2 -4: C:/Users/zarik/OneDrive/Desktop/TrossApp/frontend/test/services/notification_service_test.dart: NotificationService showSuccess displays success SnackBar
00:10 +678 ~2 -4: C:/Users/zarik/OneDrive/Desktop/TrossApp/frontend/test/services/notification_service_test.dart: NotificationService showSuccess displays success SnackBar
00:10 +679 ~2 -4: C:/Users/zarik/OneDrive/Desktop/TrossApp/frontend/test/services/notification_service_test.dart: NotificationService showSuccess displays success SnackBar
00:10 +680 ~2 -4: C:/Users/zarik/OneDrive/Desktop/TrossApp/frontend/test/services/notification_service_test.dart: NotificationService showSuccess displays success SnackBar
00:10 +681 ~2 -4: C:/Users/zarik/OneDrive/Desktop/TrossApp/frontend/test/services/notification_service_test.dart: NotificationService showSuccess displays success SnackBar
00:10 +682 ~2 -4: C:/Users/zarik/OneDrive/Desktop/TrossApp/frontend/test/services/notification_service_test.dart: NotificationService showSuccess displays success SnackBar
00:10 +683 ~2 -4: C:/Users/zarik/OneDrive/Desktop/TrossApp/frontend/test/services/notification_service_test.dart: NotificationService showSuccess displays success SnackBar
00:10 +684 ~2 -4: C:/Users/zarik/OneDrive/Desktop/TrossApp/frontend/test/services/notification_service_test.dart: NotificationService showSuccess displays success SnackBar
00:10 +685 ~2 -4: C:/Users/zarik/OneDrive/Desktop/TrossApp/frontend/test/services/notification_service_test.dart: NotificationService showSuccess displays success SnackBar
00:10 +686 ~2 -4: C:/Users/zarik/OneDrive/Desktop/TrossApp/frontend/test/services/notification_service_test.dart: NotificationService showSuccess displays success SnackBar
00:10 +687 ~2 -4: C:/Users/zarik/OneDrive/Desktop/TrossApp/frontend/test/services/notification_service_test.dart: NotificationService showSuccess displays success SnackBar
00:10 +688 ~2 -4: C:/Users/zarik/OneDrive/Desktop/TrossApp/frontend/test/services/notification_service_test.dart: NotificationService showSuccess displays success SnackBar
00:10 +689 ~2 -4: C:/Users/zarik/OneDrive/Desktop/TrossApp/frontend/test/services/notification_service_test.dart: NotificationService showSuccess displays success SnackBar
00:10 +690 ~2 -4: C:/Users/zarik/OneDrive/Desktop/TrossApp/frontend/test/services/notification_service_test.dart: NotificationService showSuccess displays success SnackBar
00:10 +691 ~2 -4: C:/Users/zarik/OneDrive/Desktop/TrossApp/frontend/test/services/notification_service_test.dart: NotificationService showSuccess displays success SnackBar
00:10 +692 ~2 -4: C:/Users/zarik/OneDrive/Desktop/TrossApp/frontend/test/services/notification_service_test.dart: NotificationService showSuccess displays success SnackBar
00:10 +693 ~2 -4: C:/Users/zarik/OneDrive/Desktop/TrossApp/frontend/test/services/notification_service_test.dart: NotificationService showSuccess displays success SnackBar
00:10 +694 ~2 -4: C:/Users/zarik/OneDrive/Desktop/TrossApp/frontend/test/services/notification_service_test.dart: NotificationService showSuccess displays success SnackBar
00:10 +695 ~2 -4: C:/Users/zarik/OneDrive/Desktop/TrossApp/frontend/test/services/notification_service_test.dart: NotificationService showSuccess displays success SnackBar
00:10 +696 ~2 -4: C:/Users/zarik/OneDrive/Desktop/TrossApp/frontend/test/services/notification_service_test.dart: NotificationService showSuccess displays success SnackBar
00:10 +697 ~2 -4: C:/Users/zarik/OneDrive/Desktop/TrossApp/frontend/test/services/notification_service_test.dart: NotificationService showSuccess displays success SnackBar
00:10 +698 ~2 -4: C:/Users/zarik/OneDrive/Desktop/TrossApp/frontend/test/services/notification_service_test.dart: NotificationService showSuccess displays success SnackBar
00:10 +699 ~2 -4: C:/Users/zarik/OneDrive/Desktop/TrossApp/frontend/test/services/notification_service_test.dart: NotificationService showSuccess displays success SnackBar
00:10 +700 ~2 -4: C:/Users/zarik/OneDrive/Desktop/TrossApp/frontend/test/services/notification_service_test.dart: NotificationService showSuccess displays success SnackBar
00:10 +701 ~2 -4: C:/Users/zarik/OneDrive/Desktop/TrossApp/frontend/test/services/notification_service_test.dart: NotificationService showSuccess displays success SnackBar
00:10 +702 ~2 -4: C:/Users/zarik/OneDrive/Desktop/TrossApp/frontend/test/utils/helpers/date_time_helpers_test.dart: (setUpAll)
00:10 +702 ~2 -4: C:/Users/zarik/OneDrive/Desktop/TrossApp/frontend/test/services/notification_service_test.dart: NotificationService showError displays error SnackBar
00:10 +703 ~2 -4: C:/Users/zarik/OneDrive/Desktop/TrossApp/frontend/test/services/notification_service_test.dart: NotificationService showError displays error SnackBar
00:10 +704 ~2 -4: C:/Users/zarik/OneDrive/Desktop/TrossApp/frontend/test/services/notification_service_test.dart: NotificationService showError displays error SnackBar
00:10 +705 ~2 -4: C:/Users/zarik/OneDrive/Desktop/TrossApp/frontend/test/services/notification_service_test.dart: NotificationService showError displays error SnackBar
00:10 +706 ~2 -4: C:/Users/zarik/OneDrive/Desktop/TrossApp/frontend/test/services/notification_service_test.dart: NotificationService showError displays error SnackBar
00:10 +707 ~2 -4: C:/Users/zarik/OneDrive/Desktop/TrossApp/frontend/test/services/notification_service_test.dart: NotificationService showError displays error SnackBar
00:10 +708 ~2 -4: C:/Users/zarik/OneDrive/Desktop/TrossApp/frontend/test/services/notification_service_test.dart: NotificationService showError displays error SnackBar
00:10 +709 ~2 -4: C:/Users/zarik/OneDrive/Desktop/TrossApp/frontend/test/services/notification_service_test.dart: NotificationService showError displays error SnackBar
00:10 +710 ~2 -4: C:/Users/zarik/OneDrive/Desktop/TrossApp/frontend/test/services/notification_service_test.dart: NotificationService showError displays error SnackBar
00:10 +711 ~2 -4: C:/Users/zarik/OneDrive/Desktop/TrossApp/frontend/test/services/notification_service_test.dart: NotificationService showError displays error SnackBar
00:10 +712 ~2 -4: C:/Users/zarik/OneDrive/Desktop/TrossApp/frontend/test/services/notification_service_test.dart: NotificationService showError displays error SnackBar
00:10 +713 ~2 -4: C:/Users/zarik/OneDrive/Desktop/TrossApp/frontend/test/services/notification_service_test.dart: NotificationService showError displays error SnackBar
00:10 +714 ~2 -4: C:/Users/zarik/OneDrive/Desktop/TrossApp/frontend/test/services/notification_service_test.dart: NotificationService showError displays error SnackBar
00:10 +715 ~2 -4: C:/Users/zarik/OneDrive/Desktop/TrossApp/frontend/test/services/notification_service_test.dart: NotificationService showError displays error SnackBar
00:10 +716 ~2 -4: C:/Users/zarik/OneDrive/Desktop/TrossApp/frontend/test/services/notification_service_test.dart: NotificationService showError displays error SnackBar
00:10 +717 ~2 -4: C:/Users/zarik/OneDrive/Desktop/TrossApp/frontend/test/utils/helpers/date_time_helpers_test.dart: DateTimeHelpers.formatResponseTime handles very slow response (10+ seconds)
00:10 +718 ~2 -4: C:/Users/zarik/OneDrive/Desktop/TrossApp/frontend/test/utils/helpers/date_time_helpers_test.dart: DateTimeHelpers.formatResponseTime formats with one decimal place for seconds
00:10 +719 ~2 -4: C:/Users/zarik/OneDrive/Desktop/TrossApp/frontend/test/services/notification_service_test.dart: NotificationService showInfo displays info SnackBar
00:10 +720 ~2 -4: C:/Users/zarik/OneDrive/Desktop/TrossApp/frontend/test/services/notification_service_test.dart: NotificationService showInfo displays info SnackBar
00:10 +721 ~2 -4: C:/Users/zarik/OneDrive/Desktop/TrossApp/frontend/test/services/notification_service_test.dart: NotificationService showInfo displays info SnackBar
00:10 +722 ~2 -4: C:/Users/zarik/OneDrive/Desktop/TrossApp/frontend/test/services/notification_service_test.dart: NotificationService showInfo displays info SnackBar
00:10 +723 ~2 -4: C:/Users/zarik/OneDrive/Desktop/TrossApp/frontend/test/services/notification_service_test.dart: NotificationService showInfo displays info SnackBar
00:10 +724 ~2 -4: C:/Users/zarik/OneDrive/Desktop/TrossApp/frontend/test/services/notification_service_test.dart: NotificationService showInfo displays info SnackBar
00:10 +725 ~2 -4: C:/Users/zarik/OneDrive/Desktop/TrossApp/frontend/test/services/notification_service_test.dart: NotificationService showInfo displays info SnackBar
00:10 +726 ~2 -4: C:/Users/zarik/OneDrive/Desktop/TrossApp/frontend/test/services/notification_service_test.dart: NotificationService showInfo displays info SnackBar
00:10 +727 ~2 -4: C:/Users/zarik/OneDrive/Desktop/TrossApp/frontend/test/services/notification_service_test.dart: NotificationService showInfo displays info SnackBar
00:10 +728 ~2 -4: C:/Users/zarik/OneDrive/Desktop/TrossApp/frontend/test/services/notification_service_test.dart: NotificationService showInfo displays info SnackBar
00:10 +729 ~2 -4: C:/Users/zarik/OneDrive/Desktop/TrossApp/frontend/test/services/notification_service_test.dart: NotificationService showInfo displays info SnackBar
00:10 +730 ~2 -4: C:/Users/zarik/OneDrive/Desktop/TrossApp/frontend/test/services/notification_service_test.dart: NotificationService showInfo displays info SnackBar
00:10 +731 ~2 -4: C:/Users/zarik/OneDrive/Desktop/TrossApp/frontend/test/services/notification_service_test.dart: NotificationService showInfo displays info SnackBar
00:10 +732 ~2 -4: C:/Users/zarik/OneDrive/Desktop/TrossApp/frontend/test/services/notification_service_test.dart: NotificationService showInfo displays info SnackBar
00:10 +733 ~2 -4: C:/Users/zarik/OneDrive/Desktop/TrossApp/frontend/test/services/notification_service_test.dart: NotificationService showErrorWithAction displays error with action button
00:10 +733 ~3 -4: C:/Users/zarik/OneDrive/Desktop/TrossApp/frontend/test/services/notification_service_test.dart: NotificationService multiple notifications queue correctly
00:10 +734 ~3 -4: C:/Users/zarik/OneDrive/Desktop/TrossApp/frontend/test/utils/table_cell_builders_test.dart: TableCellBuilders textCell renders text with primary emphasis by default
00:11 +735 ~3 -4: C:/Users/zarik/OneDrive/Desktop/TrossApp/frontend/test/utils/table_cell_builders_test.dart: TableCellBuilders textCell renders text with primary emphasis by default
00:11 +736 ~3 -4: C:/Users/zarik/OneDrive/Desktop/TrossApp/frontend/test/utils/table_cell_builders_test.dart: TableCellBuilders textCell renders text with primary emphasis by default
00:11 +737 ~3 -4: C:/Users/zarik/OneDrive/Desktop/TrossApp/frontend/test/utils/table_cell_builders_test.dart: TableCellBuilders textCell renders text with primary emphasis by default
00:11 +738 ~3 -4: C:/Users/zarik/OneDrive/Desktop/TrossApp/frontend/test/utils/table_cell_builders_test.dart: TableCellBuilders textCell renders text with primary emphasis by default
00:11 +739 ~3 -4: C:/Users/zarik/OneDrive/Desktop/TrossApp/frontend/test/utils/table_cell_builders_test.dart: TableCellBuilders textCell renders text with primary emphasis by default
00:11 +740 ~3 -4: C:/Users/zarik/OneDrive/Desktop/TrossApp/frontend/test/utils/table_cell_builders_test.dart: TableCellBuilders textCell renders text with primary emphasis by default
00:11 +741 ~3 -4: C:/Users/zarik/OneDrive/Desktop/TrossApp/frontend/test/utils/table_cell_builders_test.dart: TableCellBuilders textCell renders text with primary emphasis by default
00:11 +742 ~3 -4: C:/Users/zarik/OneDrive/Desktop/TrossApp/frontend/test/utils/table_cell_builders_test.dart: TableCellBuilders textCell renders text with primary emphasis by default
00:11 +743 ~3 -4: C:/Users/zarik/OneDrive/Desktop/TrossApp/frontend/test/utils/table_cell_builders_test.dart: TableCellBuilders textCell renders text with primary emphasis by default
00:11 +744 ~3 -4: C:/Users/zarik/OneDrive/Desktop/TrossApp/frontend/test/utils/table_cell_builders_test.dart: TableCellBuilders textCell renders text with primary emphasis by default
00:11 +745 ~3 -4: C:/Users/zarik/OneDrive/Desktop/TrossApp/frontend/test/utils/table_cell_builders_test.dart: TableCellBuilders textCell renders text with primary emphasis by default
00:11 +746 ~3 -4: C:/Users/zarik/OneDrive/Desktop/TrossApp/frontend/test/utils/table_cell_builders_test.dart: TableCellBuilders textCell renders text with primary emphasis by default
00:11 +747 ~3 -4: C:/Users/zarik/OneDrive/Desktop/TrossApp/frontend/test/utils/table_cell_builders_test.dart: TableCellBuilders textCell renders text with primary emphasis by default
00:11 +748 ~3 -4: C:/Users/zarik/OneDrive/Desktop/TrossApp/frontend/test/utils/table_cell_builders_test.dart: TableCellBuilders textCell renders text with primary emphasis by default
00:11 +749 ~3 -4: C:/Users/zarik/OneDrive/Desktop/TrossApp/frontend/test/utils/table_cell_builders_test.dart: TableCellBuilders textCell renders text with primary emphasis by default
00:11 +750 ~3 -4: C:/Users/zarik/OneDrive/Desktop/TrossApp/frontend/test/utils/table_cell_builders_test.dart: TableCellBuilders textCell renders text with primary emphasis by default
00:11 +751 ~3 -4: C:/Users/zarik/OneDrive/Desktop/TrossApp/frontend/test/utils/table_cell_builders_test.dart: TableCellBuilders textCell renders text with primary emphasis by default
00:11 +752 ~3 -4: C:/Users/zarik/OneDrive/Desktop/TrossApp/frontend/test/utils/table_cell_builders_test.dart: TableCellBuilders textCell renders text with primary emphasis by default
00:11 +753 ~3 -4: C:/Users/zarik/OneDrive/Desktop/TrossApp/frontend/test/utils/table_cell_builders_test.dart: TableCellBuilders textCell renders text with primary emphasis by default
00:11 +754 ~3 -4: C:/Users/zarik/OneDrive/Desktop/TrossApp/frontend/test/utils/table_cell_builders_test.dart: TableCellBuilders textCell renders text with primary emphasis by default
00:11 +755 ~3 -4: C:/Users/zarik/OneDrive/Desktop/TrossApp/frontend/test/utils/table_cell_builders_test.dart: TableCellBuilders textCell renders text with primary emphasis by default
00:11 +756 ~3 -4: C:/Users/zarik/OneDrive/Desktop/TrossApp/frontend/test/utils/table_cell_builders_test.dart: TableCellBuilders textCell renders text with primary emphasis by default
00:11 +757 ~3 -4: C:/Users/zarik/OneDrive/Desktop/TrossApp/frontend/test/utils/table_cell_builders_test.dart: TableCellBuilders textCell renders text with primary emphasis by default
00:11 +758 ~3 -4: C:/Users/zarik/OneDrive/Desktop/TrossApp/frontend/test/utils/table_cell_builders_test.dart: TableCellBuilders textCell renders text with primary emphasis by default
00:11 +759 ~3 -4: C:/Users/zarik/OneDrive/Desktop/TrossApp/frontend/test/utils/table_cell_builders_test.dart: TableCellBuilders textCell renders text with primary emphasis by default
00:11 +760 ~3 -4: C:/Users/zarik/OneDrive/Desktop/TrossApp/frontend/test/utils/table_cell_builders_test.dart: TableCellBuilders textCell renders text with primary emphasis by default
00:11 +761 ~3 -4: C:/Users/zarik/OneDrive/Desktop/TrossApp/frontend/test/utils/table_cell_builders_test.dart: TableCellBuilders textCell renders text with primary emphasis by default
00:11 +762 ~3 -4: C:/Users/zarik/OneDrive/Desktop/TrossApp/frontend/test/utils/table_cell_builders_test.dart: TableCellBuilders textCell renders text with primary emphasis by default
00:11 +763 ~3 -4: C:/Users/zarik/OneDrive/Desktop/TrossApp/frontend/test/utils/table_cell_builders_test.dart: TableCellBuilders textCell renders text with primary emphasis by default
00:11 +764 ~3 -4: C:/Users/zarik/OneDrive/Desktop/TrossApp/frontend/test/utils/table_cell_builders_test.dart: TableCellBuilders textCell renders text with primary emphasis by default
00:11 +765 ~3 -4: C:/Users/zarik/OneDrive/Desktop/TrossApp/frontend/test/utils/table_cell_builders_test.dart: TableCellBuilders textCell renders text with primary emphasis by default
00:11 +766 ~3 -4: C:/Users/zarik/OneDrive/Desktop/TrossApp/frontend/test/utils/table_cell_builders_test.dart: TableCellBuilders textCell renders text with primary emphasis by default
00:11 +767 ~3 -4: C:/Users/zarik/OneDrive/Desktop/TrossApp/frontend/test/utils/table_cell_builders_test.dart: TableCellBuilders textCell renders text with primary emphasis by default
00:11 +768 ~3 -4: C:/Users/zarik/OneDrive/Desktop/TrossApp/frontend/test/utils/table_cell_builders_test.dart: TableCellBuilders textCell renders text with primary emphasis by default
00:11 +769 ~3 -4: C:/Users/zarik/OneDrive/Desktop/TrossApp/frontend/test/utils/table_cell_builders_test.dart: TableCellBuilders textCell renders text with primary emphasis by default
00:11 +770 ~3 -4: C:/Users/zarik/OneDrive/Desktop/TrossApp/frontend/test/utils/table_cell_builders_test.dart: TableCellBuilders textCell renders text with primary emphasis by default
00:11 +771 ~3 -4: C:/Users/zarik/OneDrive/Desktop/TrossApp/frontend/test/utils/table_cell_builders_test.dart: TableCellBuilders textCell renders text with primary emphasis by default
00:11 +772 ~3 -4: C:/Users/zarik/OneDrive/Desktop/TrossApp/frontend/test/utils/table_cell_builders_test.dart: TableCellBuilders textCell renders text with primary emphasis by default
00:11 +773 ~3 -4: C:/Users/zarik/OneDrive/Desktop/TrossApp/frontend/test/utils/table_cell_builders_test.dart: TableCellBuilders textCell renders text with primary emphasis by default
00:11 +774 ~3 -4: C:/Users/zarik/OneDrive/Desktop/TrossApp/frontend/test/utils/table_cell_builders_test.dart: TableCellBuilders textCell renders text with primary emphasis by default
00:11 +775 ~3 -4: C:/Users/zarik/OneDrive/Desktop/TrossApp/frontend/test/utils/table_cell_builders_test.dart: TableCellBuilders textCell renders text with primary emphasis by default
00:11 +776 ~3 -4: C:/Users/zarik/OneDrive/Desktop/TrossApp/frontend/test/utils/table_cell_builders_test.dart: TableCellBuilders textCell renders text with primary emphasis by default
00:11 +777 ~3 -4: C:/Users/zarik/OneDrive/Desktop/TrossApp/frontend/test/utils/table_cell_builders_test.dart: TableCellBuilders textCell renders text with primary emphasis by default
00:11 +778 ~3 -4: C:/Users/zarik/OneDrive/Desktop/TrossApp/frontend/test/utils/table_cell_builders_test.dart: TableCellBuilders textCell renders text with primary emphasis by default
00:11 +779 ~3 -4: C:/Users/zarik/OneDrive/Desktop/TrossApp/frontend/test/utils/table_cell_builders_test.dart: TableCellBuilders textCell renders text with primary emphasis by default
00:11 +780 ~3 -4: C:/Users/zarik/OneDrive/Desktop/TrossApp/frontend/test/utils/table_cell_builders_test.dart: TableCellBuilders textCell renders text with primary emphasis by default
00:11 +781 ~3 -4: C:/Users/zarik/OneDrive/Desktop/TrossApp/frontend/test/utils/table_cell_builders_test.dart: TableCellBuilders textCell renders text with primary emphasis by default
00:11 +782 ~3 -4: C:/Users/zarik/OneDrive/Desktop/TrossApp/frontend/test/utils/table_cell_builders_test.dart: TableCellBuilders textCell renders text with primary emphasis by default
00:11 +783 ~3 -4: C:/Users/zarik/OneDrive/Desktop/TrossApp/frontend/test/utils/table_cell_builders_test.dart: TableCellBuilders textCell renders text with primary emphasis by default
00:11 +784 ~3 -4: C:/Users/zarik/OneDrive/Desktop/TrossApp/frontend/test/utils/table_cell_builders_test.dart: TableCellBuilders textCell renders text with primary emphasis by default
00:11 +785 ~3 -4: C:/Users/zarik/OneDrive/Desktop/TrossApp/frontend/test/utils/table_cell_builders_test.dart: TableCellBuilders textCell renders text with primary emphasis by default
00:11 +786 ~3 -4: C:/Users/zarik/OneDrive/Desktop/TrossApp/frontend/test/utils/table_cell_builders_test.dart: TableCellBuilders textCell renders text with primary emphasis by default
00:11 +787 ~3 -4: C:/Users/zarik/OneDrive/Desktop/TrossApp/frontend/test/utils/table_cell_builders_test.dart: TableCellBuilders textCell renders text with primary emphasis by default
00:11 +788 ~3 -4: C:/Users/zarik/OneDrive/Desktop/TrossApp/frontend/test/utils/table_cell_builders_test.dart: TableCellBuilders textCell renders text with primary emphasis by default
00:11 +789 ~3 -4: C:/Users/zarik/OneDrive/Desktop/TrossApp/frontend/test/utils/table_cell_builders_test.dart: TableCellBuilders textCell renders text with primary emphasis by default
00:11 +790 ~3 -4: C:/Users/zarik/OneDrive/Desktop/TrossApp/frontend/test/utils/table_cell_builders_test.dart: TableCellBuilders textCell renders text with primary emphasis by default
00:11 +791 ~3 -4: C:/Users/zarik/OneDrive/Desktop/TrossApp/frontend/test/utils/table_cell_builders_test.dart: TableCellBuilders textCell renders text with primary emphasis by default
00:11 +792 ~3 -4: C:/Users/zarik/OneDrive/Desktop/TrossApp/frontend/test/utils/table_cell_builders_test.dart: TableCellBuilders textCell renders text with primary emphasis by default
00:11 +793 ~3 -4: C:/Users/zarik/OneDrive/Desktop/TrossApp/frontend/test/utils/table_cell_builders_test.dart: TableCellBuilders textCell renders text with primary emphasis by default
00:11 +794 ~3 -4: C:/Users/zarik/OneDrive/Desktop/TrossApp/frontend/test/utils/table_cell_builders_test.dart: TableCellBuilders textCell renders text with primary emphasis by default
00:11 +795 ~3 -4: C:/Users/zarik/OneDrive/Desktop/TrossApp/frontend/test/utils/table_cell_builders_test.dart: TableCellBuilders textCell renders text with primary emphasis by default
00:11 +796 ~3 -4: C:/Users/zarik/OneDrive/Desktop/TrossApp/frontend/test/utils/table_cell_builders_test.dart: TableCellBuilders textCell renders text with primary emphasis by default
00:11 +797 ~3 -4: C:/Users/zarik/OneDrive/Desktop/TrossApp/frontend/test/utils/table_cell_builders_test.dart: TableCellBuilders textCell renders text with primary emphasis by default
00:11 +798 ~3 -4: C:/Users/zarik/OneDrive/Desktop/TrossApp/frontend/test/utils/table_cell_builders_test.dart: TableCellBuilders textCell renders text with primary emphasis by default
00:11 +799 ~3 -4: C:/Users/zarik/OneDrive/Desktop/TrossApp/frontend/test/utils/table_cell_builders_test.dart: TableCellBuilders textCell renders text with primary emphasis by default
00:11 +800 ~3 -4: C:/Users/zarik/OneDrive/Desktop/TrossApp/frontend/test/utils/table_cell_builders_test.dart: TableCellBuilders textCell renders text with primary emphasis by default
00:11 +801 ~3 -4: C:/Users/zarik/OneDrive/Desktop/TrossApp/frontend/test/utils/table_cell_builders_test.dart: TableCellBuilders textCell renders text with primary emphasis by default
00:11 +802 ~3 -4: C:/Users/zarik/OneDrive/Desktop/TrossApp/frontend/test/utils/table_cell_builders_test.dart: TableCellBuilders textCell renders text with primary emphasis by default
00:11 +803 ~3 -4: C:/Users/zarik/OneDrive/Desktop/TrossApp/frontend/test/utils/table_cell_builders_test.dart: TableCellBuilders textCell renders text with primary emphasis by default
00:11 +804 ~3 -4: C:/Users/zarik/OneDrive/Desktop/TrossApp/frontend/test/utils/table_cell_builders_test.dart: TableCellBuilders textCell renders text with primary emphasis by default
00:11 +805 ~3 -4: C:/Users/zarik/OneDrive/Desktop/TrossApp/frontend/test/utils/table_cell_builders_test.dart: TableCellBuilders textCell renders text with primary emphasis by default
00:11 +806 ~3 -4: C:/Users/zarik/OneDrive/Desktop/TrossApp/frontend/test/utils/table_cell_builders_test.dart: TableCellBuilders textCell renders text with primary emphasis by default
00:11 +807 ~3 -4: C:/Users/zarik/OneDrive/Desktop/TrossApp/frontend/test/utils/table_cell_builders_test.dart: TableCellBuilders textCell renders text with primary emphasis by default
00:11 +808 ~3 -4: C:/Users/zarik/OneDrive/Desktop/TrossApp/frontend/test/utils/table_cell_builders_test.dart: TableCellBuilders textCell renders text with primary emphasis by default
00:11 +809 ~3 -4: C:/Users/zarik/OneDrive/Desktop/TrossApp/frontend/test/utils/table_cell_builders_test.dart: TableCellBuilders textCell renders text with primary emphasis by default
00:11 +810 ~3 -4: C:/Users/zarik/OneDrive/Desktop/TrossApp/frontend/test/utils/table_cell_builders_test.dart: TableCellBuilders textCell renders text with primary emphasis by default
00:11 +811 ~3 -4: C:/Users/zarik/OneDrive/Desktop/TrossApp/frontend/test/utils/table_cell_builders_test.dart: TableCellBuilders textCell renders text with primary emphasis by default
00:11 +812 ~3 -4: C:/Users/zarik/OneDrive/Desktop/TrossApp/frontend/test/utils/table_cell_builders_test.dart: TableCellBuilders textCell renders text with primary emphasis by default
00:11 +813 ~3 -4: C:/Users/zarik/OneDrive/Desktop/TrossApp/frontend/test/utils/table_cell_builders_test.dart: TableCellBuilders textCell renders text with primary emphasis by default
00:11 +814 ~3 -4: C:/Users/zarik/OneDrive/Desktop/TrossApp/frontend/test/utils/table_cell_builders_test.dart: TableCellBuilders textCell renders text with primary emphasis by default
00:11 +815 ~3 -4: C:/Users/zarik/OneDrive/Desktop/TrossApp/frontend/test/utils/table_cell_builders_test.dart: TableCellBuilders textCell renders text with primary emphasis by default
00:11 +816 ~3 -4: C:/Users/zarik/OneDrive/Desktop/TrossApp/frontend/test/utils/table_cell_builders_test.dart: TableCellBuilders textCell renders text with primary emphasis by default
00:11 +817 ~3 -4: C:/Users/zarik/OneDrive/Desktop/TrossApp/frontend/test/utils/table_cell_builders_test.dart: TableCellBuilders textCell renders text with primary emphasis by default
00:11 +818 ~3 -4: C:/Users/zarik/OneDrive/Desktop/TrossApp/frontend/test/utils/table_cell_builders_test.dart: TableCellBuilders textCell renders text with primary emphasis by default
00:11 +819 ~3 -4: C:/Users/zarik/OneDrive/Desktop/TrossApp/frontend/test/utils/table_cell_builders_test.dart: TableCellBuilders textCell renders text with primary emphasis by default
00:11 +820 ~3 -4: C:/Users/zarik/OneDrive/Desktop/TrossApp/frontend/test/utils/table_cell_builders_test.dart: TableCellBuilders textCell renders text with primary emphasis by default
00:11 +821 ~3 -4: C:/Users/zarik/OneDrive/Desktop/TrossApp/frontend/test/utils/table_cell_builders_test.dart: TableCellBuilders textCell renders text with primary emphasis by default
00:11 +822 ~3 -4: C:/Users/zarik/OneDrive/Desktop/TrossApp/frontend/test/utils/table_cell_builders_test.dart: TableCellBuilders textCell renders text with primary emphasis by default
00:11 +823 ~3 -4: C:/Users/zarik/OneDrive/Desktop/TrossApp/frontend/test/utils/table_cell_builders_test.dart: TableCellBuilders textCell renders text with primary emphasis by default
00:11 +824 ~3 -4: C:/Users/zarik/OneDrive/Desktop/TrossApp/frontend/test/utils/table_cell_builders_test.dart: TableCellBuilders textCell renders text with primary emphasis by default
00:11 +825 ~3 -4: C:/Users/zarik/OneDrive/Desktop/TrossApp/frontend/test/utils/table_cell_builders_test.dart: TableCellBuilders textCell renders text with primary emphasis by default
00:11 +826 ~3 -4: C:/Users/zarik/OneDrive/Desktop/TrossApp/frontend/test/utils/table_cell_builders_test.dart: TableCellBuilders textCell renders text with primary emphasis by default
00:11 +827 ~3 -4: C:/Users/zarik/OneDrive/Desktop/TrossApp/frontend/test/utils/table_cell_builders_test.dart: TableCellBuilders textCell renders text with primary emphasis by default
00:11 +828 ~3 -4: C:/Users/zarik/OneDrive/Desktop/TrossApp/frontend/test/utils/table_cell_builders_test.dart: TableCellBuilders textCell renders text with primary emphasis by default
00:11 +829 ~3 -4: C:/Users/zarik/OneDrive/Desktop/TrossApp/frontend/test/utils/table_cell_builders_test.dart: TableCellBuilders textCell renders text with primary emphasis by default
00:11 +830 ~3 -4: C:/Users/zarik/OneDrive/Desktop/TrossApp/frontend/test/utils/table_cell_builders_test.dart: TableCellBuilders textCell renders text with primary emphasis by default
00:11 +831 ~3 -4: C:/Users/zarik/OneDrive/Desktop/TrossApp/frontend/test/utils/table_cell_builders_test.dart: TableCellBuilders textCell renders text with primary emphasis by default
00:11 +832 ~3 -4: C:/Users/zarik/OneDrive/Desktop/TrossApp/frontend/test/utils/table_cell_builders_test.dart: TableCellBuilders textCell renders text with primary emphasis by default
00:11 +833 ~3 -4: C:/Users/zarik/OneDrive/Desktop/TrossApp/frontend/test/utils/table_cell_builders_test.dart: TableCellBuilders textCell renders text with primary emphasis by default
00:11 +834 ~3 -4: C:/Users/zarik/OneDrive/Desktop/TrossApp/frontend/test/utils/table_cell_builders_test.dart: TableCellBuilders textCell renders text with primary emphasis by default
00:11 +835 ~3 -4: C:/Users/zarik/OneDrive/Desktop/TrossApp/frontend/test/widgets/atoms/avatars/user_avatar_test.dart: UserAvatar Atom Tests renders with name
00:11 +836 ~3 -4: C:/Users/zarik/OneDrive/Desktop/TrossApp/frontend/test/widgets/atoms/avatars/user_avatar_test.dart: UserAvatar Atom Tests renders with name
00:12 +837 ~3 -4: C:/Users/zarik/OneDrive/Desktop/TrossApp/frontend/test/widgets/atoms/avatars/user_avatar_test.dart: UserAvatar Atom Tests renders with name
00:12 +838 ~3 -4: C:/Users/zarik/OneDrive/Desktop/TrossApp/frontend/test/widgets/atoms/avatars/user_avatar_test.dart: UserAvatar Atom Tests renders with name
00:12 +839 ~3 -4: C:/Users/zarik/OneDrive/Desktop/TrossApp/frontend/test/widgets/atoms/avatars/user_avatar_test.dart: UserAvatar Atom Tests renders with name
00:12 +840 ~3 -4: C:/Users/zarik/OneDrive/Desktop/TrossApp/frontend/test/widgets/atoms/avatars/user_avatar_test.dart: UserAvatar Atom Tests renders with name
00:12 +841 ~3 -4: C:/Users/zarik/OneDrive/Desktop/TrossApp/frontend/test/widgets/atoms/avatars/user_avatar_test.dart: UserAvatar Atom Tests renders with name
00:12 +842 ~3 -4: C:/Users/zarik/OneDrive/Desktop/TrossApp/frontend/test/widgets/atoms/avatars/user_avatar_test.dart: UserAvatar Atom Tests renders with name
00:12 +843 ~3 -4: C:/Users/zarik/OneDrive/Desktop/TrossApp/frontend/test/widgets/atoms/avatars/user_avatar_test.dart: UserAvatar Atom Tests renders with name
00:12 +844 ~3 -4: C:/Users/zarik/OneDrive/Desktop/TrossApp/frontend/test/widgets/atoms/avatars/user_avatar_test.dart: UserAvatar Atom Tests renders with name
00:12 +845 ~3 -4: C:/Users/zarik/OneDrive/Desktop/TrossApp/frontend/test/widgets/atoms/branding/app_footer_test.dart: AppFooter Atom Tests renders without error
00:12 +846 ~3 -4: C:/Users/zarik/OneDrive/Desktop/TrossApp/frontend/test/widgets/atoms/branding/app_footer_test.dart: AppFooter Atom Tests renders without error
00:12 +847 ~3 -4: C:/Users/zarik/OneDrive/Desktop/TrossApp/frontend/test/widgets/atoms/branding/app_footer_test.dart: AppFooter Atom Tests renders without error
00:12 +848 ~3 -4: C:/Users/zarik/OneDrive/Desktop/TrossApp/frontend/test/widgets/atoms/branding/app_footer_test.dart: AppFooter Atom Tests renders without error
00:12 +849 ~3 -4: C:/Users/zarik/OneDrive/Desktop/TrossApp/frontend/test/widgets/atoms/branding/app_footer_test.dart: AppFooter Atom Tests renders without error
00:12 +850 ~3 -4: C:/Users/zarik/OneDrive/Desktop/TrossApp/frontend/test/widgets/atoms/branding/app_footer_test.dart: AppFooter Atom Tests renders without error
00:12 +851 ~3 -4: C:/Users/zarik/OneDrive/Desktop/TrossApp/frontend/test/widgets/atoms/branding/app_footer_test.dart: AppFooter Atom Tests renders without error
00:12 +852 ~3 -4: C:/Users/zarik/OneDrive/Desktop/TrossApp/frontend/test/widgets/atoms/branding/app_footer_test.dart: AppFooter Atom Tests renders without error
00:13 +853 ~3 -4: C:/Users/zarik/OneDrive/Desktop/TrossApp/frontend/test/widgets/atoms/branding/app_footer_test.dart: AppFooter Atom Tests renders without error
00:13 +854 ~3 -4: C:/Users/zarik/OneDrive/Desktop/TrossApp/frontend/test/widgets/atoms/branding/app_logo_test.dart: AppLogo Atom Tests renders without error
00:13 +855 ~3 -4: C:/Users/zarik/OneDrive/Desktop/TrossApp/frontend/test/widgets/atoms/branding/app_logo_test.dart: AppLogo Atom Tests renders without error
00:13 +856 ~3 -4: C:/Users/zarik/OneDrive/Desktop/TrossApp/frontend/test/widgets/atoms/branding/app_logo_test.dart: AppLogo Atom Tests renders without error
00:13 +857 ~3 -4: C:/Users/zarik/OneDrive/Desktop/TrossApp/frontend/test/widgets/atoms/branding/app_title_test.dart: AppTitle Atom Tests renders app title
00:13 +858 ~3 -4: C:/Users/zarik/OneDrive/Desktop/TrossApp/frontend/test/widgets/atoms/branding/app_title_test.dart: AppTitle Atom Tests renders app title
00:13 +859 ~3 -4: C:/Users/zarik/OneDrive/Desktop/TrossApp/frontend/test/widgets/atoms/branding/app_title_test.dart: AppTitle Atom Tests renders app title
00:13 +860 ~3 -4: C:/Users/zarik/OneDrive/Desktop/TrossApp/frontend/test/widgets/atoms/branding/app_title_test.dart: AppTitle Atom Tests renders app title
00:13 +861 ~3 -4: C:/Users/zarik/OneDrive/Desktop/TrossApp/frontend/test/widgets/atoms/branding/app_title_test.dart: AppTitle Atom Tests renders app title
00:13 +862 ~3 -4: C:/Users/zarik/OneDrive/Desktop/TrossApp/frontend/test/widgets/atoms/branding/app_title_test.dart: AppTitle Atom Tests renders app title
00:13 +863 ~3 -4: C:/Users/zarik/OneDrive/Desktop/TrossApp/frontend/test/widgets/atoms/branding/app_title_test.dart: AppTitle Atom Tests renders app title
00:13 +864 ~3 -4: C:/Users/zarik/OneDrive/Desktop/TrossApp/frontend/test/widgets/atoms/branding/app_title_test.dart: AppTitle Atom Tests renders app title
00:13 +865 ~3 -4: C:/Users/zarik/OneDrive/Desktop/TrossApp/frontend/test/widgets/atoms/branding/app_title_test.dart: AppTitle Atom Tests renders app title
00:13 +866 ~3 -4: C:/Users/zarik/OneDrive/Desktop/TrossApp/frontend/test/widgets/atoms/branding/app_title_test.dart: AppTitle Atom Tests renders app title
00:13 +867 ~3 -4: C:/Users/zarik/OneDrive/Desktop/TrossApp/frontend/test/widgets/atoms/branding/app_title_test.dart: AppTitle Atom Tests renders app title
00:13 +868 ~3 -4: C:/Users/zarik/OneDrive/Desktop/TrossApp/frontend/test/widgets/atoms/branding/app_title_test.dart: AppTitle Atom Tests renders app title
00:13 +869 ~3 -4: C:/Users/zarik/OneDrive/Desktop/TrossApp/frontend/test/widgets/atoms/branding/app_title_test.dart: AppTitle Atom Tests renders app title
00:13 +870 ~3 -4: C:/Users/zarik/OneDrive/Desktop/TrossApp/frontend/test/widgets/atoms/branding/app_title_test.dart: AppTitle Atom Tests renders app title
00:13 +871 ~3 -4: C:/Users/zarik/OneDrive/Desktop/TrossApp/frontend/test/widgets/atoms/branding/app_title_test.dart: AppTitle Atom Tests renders app title
00:13 +872 ~3 -4: C:/Users/zarik/OneDrive/Desktop/TrossApp/frontend/test/widgets/atoms/branding/app_title_test.dart: AppTitle Atom Tests renders app title
00:13 +873 ~3 -4: C:/Users/zarik/OneDrive/Desktop/TrossApp/frontend/test/widgets/atoms/branding/app_title_test.dart: AppTitle Atom Tests renders app title
00:13 +874 ~3 -4: C:/Users/zarik/OneDrive/Desktop/TrossApp/frontend/test/widgets/atoms/branding/app_title_test.dart: AppTitle Atom Tests renders app title
00:13 +875 ~3 -4: C:/Users/zarik/OneDrive/Desktop/TrossApp/frontend/test/widgets/atoms/buttons/action_button_test.dart: ActionButton Atom Tests renders with icon and tooltip
00:13 +876 ~3 -4: C:/Users/zarik/OneDrive/Desktop/TrossApp/frontend/test/widgets/atoms/buttons/action_button_test.dart: ActionButton Atom Tests renders with icon and tooltip
00:13 +877 ~3 -4: C:/Users/zarik/OneDrive/Desktop/TrossApp/frontend/test/widgets/atoms/buttons/action_button_test.dart: ActionButton Atom Tests renders with icon and tooltip
00:14 +878 ~3 -4: C:/Users/zarik/OneDrive/Desktop/TrossApp/frontend/test/widgets/atoms/column_header_test.dart: ColumnHeader Atom Tests renders basic label
00:14 +879 ~3 -4: C:/Users/zarik/OneDrive/Desktop/TrossApp/frontend/test/widgets/atoms/column_header_test.dart: ColumnHeader Atom Tests renders basic label
00:14 +880 ~3 -4: C:/Users/zarik/OneDrive/Desktop/TrossApp/frontend/test/widgets/atoms/column_header_test.dart: ColumnHeader Atom Tests renders basic label
00:14 +881 ~3 -4: C:/Users/zarik/OneDrive/Desktop/TrossApp/frontend/test/widgets/atoms/column_header_test.dart: ColumnHeader Atom Tests renders basic label
00:14 +882 ~3 -4: C:/Users/zarik/OneDrive/Desktop/TrossApp/frontend/test/widgets/atoms/column_header_test.dart: ColumnHeader Atom Tests renders basic label
00:14 +883 ~3 -4: C:/Users/zarik/OneDrive/Desktop/TrossApp/frontend/test/widgets/atoms/column_header_test.dart: ColumnHeader Atom Tests renders basic label
00:14 +884 ~3 -4: C:/Users/zarik/OneDrive/Desktop/TrossApp/frontend/test/widgets/atoms/column_header_test.dart: ColumnHeader Atom Tests renders basic label
00:14 +885 ~3 -4: C:/Users/zarik/OneDrive/Desktop/TrossApp/frontend/test/widgets/atoms/column_header_test.dart: ColumnHeader Atom Tests renders basic label
00:14 +886 ~3 -4: C:/Users/zarik/OneDrive/Desktop/TrossApp/frontend/test/widgets/atoms/buttons/action_button_test.dart: ActionButton Atom Tests calls onPressed when tapped
00:14 +887 ~3 -4: C:/Users/zarik/OneDrive/Desktop/TrossApp/frontend/test/widgets/atoms/buttons/action_button_test.dart: ActionButton Atom Tests calls onPressed when tapped
00:14 +888 ~3 -4: C:/Users/zarik/OneDrive/Desktop/TrossApp/frontend/test/widgets/atoms/column_header_test.dart: ColumnHeader Atom Tests sortable header with no direction shows unfold_more icon
00:14 +889 ~3 -4: C:/Users/zarik/OneDrive/Desktop/TrossApp/frontend/test/widgets/atoms/configuration/flex_config_test.dart: (setUpAll)
00:14 +890 ~3 -4: C:/Users/zarik/OneDrive/Desktop/TrossApp/frontend/test/widgets/atoms/configuration/flex_config_test.dart: (setUpAll)
00:14 +891 ~3 -4: C:/Users/zarik/OneDrive/Desktop/TrossApp/frontend/test/widgets/atoms/configuration/flex_config_test.dart: (setUpAll)
00:14 +891 ~3 -4: C:/Users/zarik/OneDrive/Desktop/TrossApp/frontend/test/widgets/atoms/buttons/action_button_test.dart: ActionButton Atom Tests compact mode renders smaller
00:14 +892 ~3 -4: C:/Users/zarik/OneDrive/Desktop/TrossApp/frontend/test/widgets/atoms/buttons/action_button_test.dart: ActionButton Atom Tests compact mode renders smaller
00:14 +893 ~3 -4: C:/Users/zarik/OneDrive/Desktop/TrossApp/frontend/test/widgets/atoms/buttons/action_button_test.dart: ActionButton Atom Tests compact mode renders smaller
00:14 +894 ~3 -4: C:/Users/zarik/OneDrive/Desktop/TrossApp/frontend/test/widgets/atoms/buttons/action_button_test.dart: ActionButton Atom Tests compact mode renders smaller
00:14 +895 ~3 -4: C:/Users/zarik/OneDrive/Desktop/TrossApp/frontend/test/widgets/atoms/buttons/action_button_test.dart: ActionButton Atom Tests compact mode renders smaller
00:14 +896 ~3 -4: C:/Users/zarik/OneDrive/Desktop/TrossApp/frontend/test/widgets/atoms/buttons/action_button_test.dart: ActionButton Atom Tests compact mode renders smaller
00:14 +897 ~3 -4: C:/Users/zarik/OneDrive/Desktop/TrossApp/frontend/test/widgets/atoms/buttons/action_button_test.dart: ActionButton Atom Tests compact mode renders smaller
00:14 +898 ~3 -4: C:/Users/zarik/OneDrive/Desktop/TrossApp/frontend/test/widgets/atoms/buttons/action_button_test.dart: ActionButton Atom Tests compact mode renders smaller
00:14 +899 ~3 -4: C:/Users/zarik/OneDrive/Desktop/TrossApp/frontend/test/widgets/atoms/buttons/action_button_test.dart: ActionButton Atom Tests compact mode renders smaller
00:14 +900 ~3 -4: C:/Users/zarik/OneDrive/Desktop/TrossApp/frontend/test/widgets/atoms/buttons/action_button_test.dart: ActionButton Atom Tests compact mode renders smaller
00:14 +901 ~3 -4: C:/Users/zarik/OneDrive/Desktop/TrossApp/frontend/test/widgets/atoms/buttons/action_button_test.dart: ActionButton Atom Tests compact mode renders smaller
00:14 +902 ~3 -4: C:/Users/zarik/OneDrive/Desktop/TrossApp/frontend/test/widgets/atoms/column_header_test.dart: ColumnHeader Atom Tests calls onSort callback when tapped
00:14 +903 ~3 -4: C:/Users/zarik/OneDrive/Desktop/TrossApp/frontend/test/widgets/atoms/column_header_test.dart: ColumnHeader Atom Tests calls onSort callback when tapped
00:14 +904 ~3 -4: C:/Users/zarik/OneDrive/Desktop/TrossApp/frontend/test/widgets/atoms/column_header_test.dart: ColumnHeader Atom Tests calls onSort callback when tapped
00:14 +905 ~3 -4: C:/Users/zarik/OneDrive/Desktop/TrossApp/frontend/test/widgets/atoms/configuration/scroll_physics_config_test.dart: ScrollPhysicsConfig Atom Tests bouncing creates BouncingScrollPhysics
00:14 +906 ~3 -4: C:/Users/zarik/OneDrive/Desktop/TrossApp/frontend/test/widgets/atoms/column_header_test.dart: ColumnHeader Atom Tests non-sortable header is not clickable
00:14 +907 ~3 -4: C:/Users/zarik/OneDrive/Desktop/TrossApp/frontend/test/widgets/atoms/column_header_test.dart: ColumnHeader Atom Tests non-sortable header is not clickable
00:14 +908 ~3 -4: C:/Users/zarik/OneDrive/Desktop/TrossApp/frontend/test/widgets/atoms/column_header_test.dart: ColumnHeader Atom Tests non-sortable header is not clickable
00:14 +909 ~3 -4: C:/Users/zarik/OneDrive/Desktop/TrossApp/frontend/test/widgets/atoms/column_header_test.dart: ColumnHeader Atom Tests non-sortable header is not clickable
00:14 +910 ~3 -4: C:/Users/zarik/OneDrive/Desktop/TrossApp/frontend/test/widgets/atoms/column_header_test.dart: ColumnHeader Atom Tests non-sortable header is not clickable
00:14 +911 ~3 -4: C:/Users/zarik/OneDrive/Desktop/TrossApp/frontend/test/widgets/atoms/column_header_test.dart: ColumnHeader Atom Tests non-sortable header is not clickable
00:14 +912 ~3 -4: C:/Users/zarik/OneDrive/Desktop/TrossApp/frontend/test/widgets/atoms/column_header_test.dart: ColumnHeader Atom Tests non-sortable header is not clickable
00:14 +913 ~3 -4: C:/Users/zarik/OneDrive/Desktop/TrossApp/frontend/test/widgets/atoms/column_header_test.dart: ColumnHeader Atom Tests non-sortable header is not clickable
00:14 +914 ~3 -4: C:/Users/zarik/OneDrive/Desktop/TrossApp/frontend/test/widgets/atoms/column_header_test.dart: ColumnHeader Atom Tests non-sortable header is not clickable
00:14 +915 ~3 -4: C:/Users/zarik/OneDrive/Desktop/TrossApp/frontend/test/widgets/atoms/configuration/scroll_physics_config_test.dart: ScrollPhysicsConfig Atom Tests is a pure semantic wrapper (no logic)
00:14 +916 ~3 -4: C:/Users/zarik/OneDrive/Desktop/TrossApp/frontend/test/widgets/atoms/column_header_test.dart: ColumnHeader Atom Tests sortable header with callback is wrapped in InkWell
00:14 +917 ~3 -4: C:/Users/zarik/OneDrive/Desktop/TrossApp/frontend/test/widgets/atoms/configuration/stack_fit_config_test.dart: (setUpAll)
00:14 +918 ~3 -4: C:/Users/zarik/OneDrive/Desktop/TrossApp/frontend/test/widgets/atoms/configuration/stack_fit_config_test.dart: (setUpAll)
00:15 +919 ~3 -4: C:/Users/zarik/OneDrive/Desktop/TrossApp/frontend/test/widgets/atoms/configuration/stack_fit_config_test.dart: (setUpAll)
00:15 +919 ~3 -4: C:/Users/zarik/OneDrive/Desktop/TrossApp/frontend/test/widgets/atoms/column_header_test.dart: ColumnHeader Atom Tests applies right text alignment
00:15 +920 ~3 -4: C:/Users/zarik/OneDrive/Desktop/TrossApp/frontend/test/widgets/atoms/column_header_test.dart: ColumnHeader Atom Tests applies right text alignment
00:15 +921 ~3 -4: C:/Users/zarik/OneDrive/Desktop/TrossApp/frontend/test/widgets/atoms/column_header_test.dart: ColumnHeader Atom Tests applies right text alignment
00:15 +922 ~3 -4: C:/Users/zarik/OneDrive/Desktop/TrossApp/frontend/test/widgets/atoms/column_header_test.dart: ColumnHeader Atom Tests applies right text alignment
00:15 +923 ~3 -4: C:/Users/zarik/OneDrive/Desktop/TrossApp/frontend/test/widgets/atoms/column_header_test.dart: ColumnHeader Atom Tests applies right text alignment
00:15 +924 ~3 -4: C:/Users/zarik/OneDrive/Desktop/TrossApp/frontend/test/widgets/atoms/column_header_test.dart: ColumnHeader Atom Tests applies right text alignment
00:15 +925 ~3 -4: C:/Users/zarik/OneDrive/Desktop/TrossApp/frontend/test/widgets/atoms/column_header_test.dart: ColumnHeader Atom Tests right-aligned sortable header places icon before text
00:15 +926 ~3 -4: C:/Users/zarik/OneDrive/Desktop/TrossApp/frontend/test/widgets/atoms/column_header_test.dart: ColumnHeader Atom Tests has proper text styling
00:15 +927 ~3 -4: C:/Users/zarik/OneDrive/Desktop/TrossApp/frontend/test/widgets/atoms/column_header_test.dart: ColumnHeader Atom Tests text has ellipsis overflow
00:15 +928 ~3 -4: C:/Users/zarik/OneDrive/Desktop/TrossApp/frontend/test/widgets/atoms/column_header_test.dart: ColumnHeader Atom Tests Sort Direction Cycle Tests none → ascending on first click
00:15 +929 ~3 -4: C:/Users/zarik/OneDrive/Desktop/TrossApp/frontend/test/widgets/atoms/connection_status_badge_test.dart: ConnectionStatusBadge Atom Status States displays healthy status with green color
00:15 +930 ~3 -4: C:/Users/zarik/OneDrive/Desktop/TrossApp/frontend/test/widgets/atoms/connection_status_badge_test.dart: ConnectionStatusBadge Atom Status States displays healthy status with green color
00:16 +931 ~3 -4: C:/Users/zarik/OneDrive/Desktop/TrossApp/frontend/test/widgets/atoms/data_value_test.dart: DataValue Atom Tests renders basic text
00:16 +932 ~3 -4: C:/Users/zarik/OneDrive/Desktop/TrossApp/frontend/test/widgets/atoms/data_value_test.dart: DataValue Atom Tests renders basic text
00:16 +933 ~3 -4: C:/Users/zarik/OneDrive/Desktop/TrossApp/frontend/test/widgets/atoms/data_value_test.dart: DataValue Atom Tests renders basic text
00:16 +934 ~3 -4: C:/Users/zarik/OneDrive/Desktop/TrossApp/frontend/test/widgets/atoms/data_value_test.dart: DataValue Atom Tests renders basic text
00:16 +935 ~3 -4: C:/Users/zarik/OneDrive/Desktop/TrossApp/frontend/test/widgets/atoms/display/boolean_field_display_test.dart: BooleanFieldDisplay renders with label and true value
00:16 +936 ~3 -4: C:/Users/zarik/OneDrive/Desktop/TrossApp/frontend/test/widgets/atoms/display/boolean_field_display_test.dart: BooleanFieldDisplay renders with label and true value
00:16 +937 ~3 -4: C:/Users/zarik/OneDrive/Desktop/TrossApp/frontend/test/widgets/atoms/display/boolean_field_display_test.dart: BooleanFieldDisplay renders with label and true value
00:16 +938 ~3 -4: C:/Users/zarik/OneDrive/Desktop/TrossApp/frontend/test/widgets/atoms/display/boolean_field_display_test.dart: BooleanFieldDisplay renders with label and true value
00:16 +939 ~3 -4: C:/Users/zarik/OneDrive/Desktop/TrossApp/frontend/test/widgets/atoms/display/boolean_field_display_test.dart: BooleanFieldDisplay renders with label and true value
00:16 +940 ~3 -4: C:/Users/zarik/OneDrive/Desktop/TrossApp/frontend/test/widgets/atoms/display/boolean_field_display_test.dart: BooleanFieldDisplay renders with label and true value
00:16 +941 ~3 -4: C:/Users/zarik/OneDrive/Desktop/TrossApp/frontend/test/widgets/atoms/display/boolean_field_display_test.dart: BooleanFieldDisplay renders with label and true value
00:16 +942 ~3 -4: C:/Users/zarik/OneDrive/Desktop/TrossApp/frontend/test/widgets/atoms/display/boolean_field_display_test.dart: BooleanFieldDisplay renders with label and true value
00:16 +943 ~3 -4: C:/Users/zarik/OneDrive/Desktop/TrossApp/frontend/test/widgets/atoms/display/boolean_field_display_test.dart: BooleanFieldDisplay renders with label and true value
00:17 +944 ~3 -4: C:/Users/zarik/OneDrive/Desktop/TrossApp/frontend/test/widgets/atoms/display/boolean_field_display_test.dart: BooleanFieldDisplay renders with label and true value
00:17 +945 ~3 -4: C:/Users/zarik/OneDrive/Desktop/TrossApp/frontend/test/widgets/atoms/display/boolean_field_display_test.dart: BooleanFieldDisplay renders with label and true value
00:17 +946 ~3 -4: C:/Users/zarik/OneDrive/Desktop/TrossApp/frontend/test/widgets/atoms/display/date_field_display_test.dart: DateFieldDisplay renders with label and formatted date
00:17 +947 ~3 -4: C:/Users/zarik/OneDrive/Desktop/TrossApp/frontend/test/widgets/atoms/display/date_field_display_test.dart: DateFieldDisplay renders with label and formatted date
00:17 +948 ~3 -4: C:/Users/zarik/OneDrive/Desktop/TrossApp/frontend/test/widgets/atoms/display/date_field_display_test.dart: DateFieldDisplay renders with label and formatted date
00:17 +949 ~3 -4: C:/Users/zarik/OneDrive/Desktop/TrossApp/frontend/test/widgets/atoms/display/date_field_display_test.dart: DateFieldDisplay renders with label and formatted date
00:17 +950 ~3 -4: C:/Users/zarik/OneDrive/Desktop/TrossApp/frontend/test/widgets/atoms/display/date_field_display_test.dart: DateFieldDisplay renders with label and formatted date
00:17 +951 ~3 -4: C:/Users/zarik/OneDrive/Desktop/TrossApp/frontend/test/widgets/atoms/display/date_field_display_test.dart: DateFieldDisplay renders with label and formatted date
00:17 +952 ~3 -4: C:/Users/zarik/OneDrive/Desktop/TrossApp/frontend/test/widgets/atoms/display/date_field_display_test.dart: DateFieldDisplay renders with label and formatted date
00:17 +953 ~3 -4: C:/Users/zarik/OneDrive/Desktop/TrossApp/frontend/test/widgets/atoms/display/date_field_display_test.dart: DateFieldDisplay renders with label and formatted date
00:17 +954 ~3 -4: C:/Users/zarik/OneDrive/Desktop/TrossApp/frontend/test/widgets/atoms/display/date_field_display_test.dart: DateFieldDisplay renders with label and formatted date
00:17 +955 ~3 -4: C:/Users/zarik/OneDrive/Desktop/TrossApp/frontend/test/widgets/atoms/display/number_field_display_test.dart: NumberFieldDisplay renders with label and integer value
00:17 +956 ~3 -4: C:/Users/zarik/OneDrive/Desktop/TrossApp/frontend/test/widgets/atoms/display/number_field_display_test.dart: NumberFieldDisplay renders with label and integer value
00:17 +957 ~3 -4: C:/Users/zarik/OneDrive/Desktop/TrossApp/frontend/test/widgets/atoms/display/number_field_display_test.dart: NumberFieldDisplay renders with label and integer value
00:17 +958 ~3 -4: C:/Users/zarik/OneDrive/Desktop/TrossApp/frontend/test/widgets/atoms/display/number_field_display_test.dart: NumberFieldDisplay renders with label and integer value
00:17 +959 ~3 -4: C:/Users/zarik/OneDrive/Desktop/TrossApp/frontend/test/widgets/atoms/display/number_field_display_test.dart: NumberFieldDisplay renders with label and integer value
00:17 +960 ~3 -4: C:/Users/zarik/OneDrive/Desktop/TrossApp/frontend/test/widgets/atoms/display/number_field_display_test.dart: NumberFieldDisplay renders with label and integer value
00:17 +961 ~3 -4: C:/Users/zarik/OneDrive/Desktop/TrossApp/frontend/test/widgets/atoms/display/number_field_display_test.dart: NumberFieldDisplay renders with label and integer value
00:17 +962 ~3 -4: C:/Users/zarik/OneDrive/Desktop/TrossApp/frontend/test/widgets/atoms/display/number_field_display_test.dart: NumberFieldDisplay renders with label and integer value
00:17 +963 ~3 -4: C:/Users/zarik/OneDrive/Desktop/TrossApp/frontend/test/widgets/atoms/display/number_field_display_test.dart: NumberFieldDisplay renders with label and integer value
00:17 +964 ~3 -4: C:/Users/zarik/OneDrive/Desktop/TrossApp/frontend/test/widgets/atoms/display/number_field_display_test.dart: NumberFieldDisplay renders with label and integer value
00:17 +965 ~3 -4: C:/Users/zarik/OneDrive/Desktop/TrossApp/frontend/test/widgets/atoms/display/number_field_display_test.dart: NumberFieldDisplay renders with label and integer value
00:17 +966 ~3 -4: C:/Users/zarik/OneDrive/Desktop/TrossApp/frontend/test/widgets/atoms/display/number_field_display_test.dart: NumberFieldDisplay renders with label and integer value
00:17 +967 ~3 -4: C:/Users/zarik/OneDrive/Desktop/TrossApp/frontend/test/widgets/atoms/display/number_field_display_test.dart: NumberFieldDisplay renders with label and integer value
00:17 +968 ~3 -4: C:/Users/zarik/OneDrive/Desktop/TrossApp/frontend/test/widgets/atoms/display/number_field_display_test.dart: NumberFieldDisplay renders with label and integer value
00:17 +969 ~3 -4: C:/Users/zarik/OneDrive/Desktop/TrossApp/frontend/test/widgets/atoms/display/number_field_display_test.dart: NumberFieldDisplay renders with label and integer value
00:17 +970 ~3 -4: C:/Users/zarik/OneDrive/Desktop/TrossApp/frontend/test/widgets/atoms/display/number_field_display_test.dart: NumberFieldDisplay renders with label and integer value
00:17 +971 ~3 -4: C:/Users/zarik/OneDrive/Desktop/TrossApp/frontend/test/widgets/atoms/display/select_field_display_test.dart: SelectFieldDisplay renders with label and enum value
00:17 +972 ~3 -4: C:/Users/zarik/OneDrive/Desktop/TrossApp/frontend/test/widgets/atoms/display/select_field_display_test.dart: SelectFieldDisplay renders with label and enum value
00:17 +973 ~3 -4: C:/Users/zarik/OneDrive/Desktop/TrossApp/frontend/test/widgets/atoms/display/select_field_display_test.dart: SelectFieldDisplay renders with label and enum value
00:17 +974 ~3 -4: C:/Users/zarik/OneDrive/Desktop/TrossApp/frontend/test/widgets/atoms/display/select_field_display_test.dart: SelectFieldDisplay renders with label and enum value
00:17 +975 ~3 -4: C:/Users/zarik/OneDrive/Desktop/TrossApp/frontend/test/widgets/atoms/display/select_field_display_test.dart: SelectFieldDisplay renders with label and enum value
00:17 +976 ~3 -4: C:/Users/zarik/OneDrive/Desktop/TrossApp/frontend/test/widgets/atoms/display/select_field_display_test.dart: SelectFieldDisplay renders with label and enum value
00:17 +977 ~3 -4: C:/Users/zarik/OneDrive/Desktop/TrossApp/frontend/test/widgets/atoms/display/select_field_display_test.dart: SelectFieldDisplay renders with label and enum value
00:17 +978 ~3 -4: C:/Users/zarik/OneDrive/Desktop/TrossApp/frontend/test/widgets/atoms/display/select_field_display_test.dart: SelectFieldDisplay renders with label and enum value
00:17 +979 ~3 -4: C:/Users/zarik/OneDrive/Desktop/TrossApp/frontend/test/widgets/atoms/display/select_field_display_test.dart: SelectFieldDisplay renders with label and enum value
00:17 +980 ~3 -4: C:/Users/zarik/OneDrive/Desktop/TrossApp/frontend/test/widgets/atoms/display/select_field_display_test.dart: SelectFieldDisplay renders with label and enum value
00:17 +981 ~3 -4: C:/Users/zarik/OneDrive/Desktop/TrossApp/frontend/test/widgets/atoms/display/select_field_display_test.dart: SelectFieldDisplay renders with label and enum value
00:17 +982 ~3 -4: C:/Users/zarik/OneDrive/Desktop/TrossApp/frontend/test/widgets/atoms/display/select_field_display_test.dart: SelectFieldDisplay renders with label and enum value
00:17 +983 ~3 -4: C:/Users/zarik/OneDrive/Desktop/TrossApp/frontend/test/widgets/atoms/display/select_field_display_test.dart: SelectFieldDisplay renders with label and enum value
00:17 +984 ~3 -4: C:/Users/zarik/OneDrive/Desktop/TrossApp/frontend/test/widgets/atoms/display/select_field_display_test.dart: SelectFieldDisplay renders with label and enum value
00:17 +985 ~3 -4: C:/Users/zarik/OneDrive/Desktop/TrossApp/frontend/test/widgets/atoms/display/select_field_display_test.dart: SelectFieldDisplay renders with label and enum value
00:17 +986 ~3 -4: C:/Users/zarik/OneDrive/Desktop/TrossApp/frontend/test/widgets/atoms/display/select_field_display_test.dart: SelectFieldDisplay renders with label and enum value
00:17 +987 ~3 -4: C:/Users/zarik/OneDrive/Desktop/TrossApp/frontend/test/widgets/atoms/display/select_field_display_test.dart: SelectFieldDisplay renders with label and enum value
00:17 +988 ~3 -4: C:/Users/zarik/OneDrive/Desktop/TrossApp/frontend/test/widgets/atoms/display/text_field_display_test.dart: TextFieldDisplay renders with label and value
00:18 +989 ~3 -4: C:/Users/zarik/OneDrive/Desktop/TrossApp/frontend/test/widgets/atoms/display/text_field_display_test.dart: TextFieldDisplay renders with label and value
00:18 +990 ~3 -4: C:/Users/zarik/OneDrive/Desktop/TrossApp/frontend/test/widgets/atoms/display/text_field_display_test.dart: TextFieldDisplay renders with label and value
00:18 +991 ~3 -4: C:/Users/zarik/OneDrive/Desktop/TrossApp/frontend/test/widgets/atoms/display/text_field_display_test.dart: TextFieldDisplay renders with label and value
00:18 +992 ~3 -4: C:/Users/zarik/OneDrive/Desktop/TrossApp/frontend/test/widgets/atoms/display/text_field_display_test.dart: TextFieldDisplay renders with label and value
00:18 +993 ~3 -4: C:/Users/zarik/OneDrive/Desktop/TrossApp/frontend/test/widgets/atoms/display/text_field_display_test.dart: TextFieldDisplay renders with label and value
00:18 +994 ~3 -4: C:/Users/zarik/OneDrive/Desktop/TrossApp/frontend/test/widgets/atoms/display/text_field_display_test.dart: TextFieldDisplay renders with label and value
00:18 +995 ~3 -4: C:/Users/zarik/OneDrive/Desktop/TrossApp/frontend/test/widgets/atoms/display/text_field_display_test.dart: TextFieldDisplay renders with label and value
00:18 +996 ~3 -4: C:/Users/zarik/OneDrive/Desktop/TrossApp/frontend/test/widgets/atoms/display/text_field_display_test.dart: TextFieldDisplay renders with label and value
00:18 +997 ~3 -4: C:/Users/zarik/OneDrive/Desktop/TrossApp/frontend/test/widgets/atoms/display/text_field_display_test.dart: TextFieldDisplay renders with label and value
00:18 +998 ~3 -4: C:/Users/zarik/OneDrive/Desktop/TrossApp/frontend/test/widgets/atoms/display/text_field_display_test.dart: TextFieldDisplay renders with label and value
00:18 +999 ~3 -4: C:/Users/zarik/OneDrive/Desktop/TrossApp/frontend/test/widgets/atoms/display/text_field_display_test.dart: TextFieldDisplay renders with label and value
00:18 +1000 ~3 -4: C:/Users/zarik/OneDrive/Desktop/TrossApp/frontend/test/widgets/atoms/display/text_field_display_test.dart: TextFieldDisplay renders with label and value
00:18 +1001 ~3 -4: C:/Users/zarik/OneDrive/Desktop/TrossApp/frontend/test/widgets/atoms/display/text_field_display_test.dart: TextFieldDisplay renders with label and value
00:18 +1002 ~3 -4: C:/Users/zarik/OneDrive/Desktop/TrossApp/frontend/test/widgets/atoms/display/text_field_display_test.dart: TextFieldDisplay renders with label and value
00:18 +1003 ~3 -4: C:/Users/zarik/OneDrive/Desktop/TrossApp/frontend/test/widgets/atoms/display/text_field_display_test.dart: TextFieldDisplay renders with label and value
00:18 +1004 ~3 -4: C:/Users/zarik/OneDrive/Desktop/TrossApp/frontend/test/widgets/atoms/icons/error_icon_test.dart: ErrorIcon Atom Tests renders error icon
00:18 +1005 ~3 -4: C:/Users/zarik/OneDrive/Desktop/TrossApp/frontend/test/widgets/atoms/icons/error_icon_test.dart: ErrorIcon Atom Tests renders error icon
00:18 +1006 ~3 -4: C:/Users/zarik/OneDrive/Desktop/TrossApp/frontend/test/widgets/atoms/icons/error_icon_test.dart: ErrorIcon Atom Tests renders error icon
00:18 +1007 ~3 -4: C:/Users/zarik/OneDrive/Desktop/TrossApp/frontend/test/widgets/atoms/icons/error_icon_test.dart: ErrorIcon Atom Tests renders error icon
00:18 +1008 ~3 -4: C:/Users/zarik/OneDrive/Desktop/TrossApp/frontend/test/widgets/atoms/icons/error_icon_test.dart: ErrorIcon Atom Tests renders error icon
00:18 +1009 ~3 -4: C:/Users/zarik/OneDrive/Desktop/TrossApp/frontend/test/widgets/atoms/icons/error_icon_test.dart: ErrorIcon Atom Tests renders error icon
00:18 +1010 ~3 -4: C:/Users/zarik/OneDrive/Desktop/TrossApp/frontend/test/widgets/atoms/icons/error_icon_test.dart: ErrorIcon Atom Tests renders error icon
00:18 +1011 ~3 -4: C:/Users/zarik/OneDrive/Desktop/TrossApp/frontend/test/widgets/atoms/icons/error_icon_test.dart: ErrorIcon Atom Tests renders error icon
00:18 +1012 ~3 -4: C:/Users/zarik/OneDrive/Desktop/TrossApp/frontend/test/widgets/atoms/icons/error_icon_test.dart: ErrorIcon Atom Tests renders error icon
00:18 +1013 ~3 -4: C:/Users/zarik/OneDrive/Desktop/TrossApp/frontend/test/widgets/atoms/icons/error_icon_test.dart: ErrorIcon Atom Tests renders error icon
00:18 +1014 ~3 -4: C:/Users/zarik/OneDrive/Desktop/TrossApp/frontend/test/widgets/atoms/icons/error_icon_test.dart: ErrorIcon Atom Tests renders error icon
00:18 +1015 ~3 -4: C:/Users/zarik/OneDrive/Desktop/TrossApp/frontend/test/widgets/atoms/icons/error_icon_test.dart: ErrorIcon Atom Tests renders error icon
00:18 +1016 ~3 -4: C:/Users/zarik/OneDrive/Desktop/TrossApp/frontend/test/widgets/atoms/icons/error_icon_test.dart: ErrorIcon Atom Tests renders error icon
00:18 +1017 ~3 -4: C:/Users/zarik/OneDrive/Desktop/TrossApp/frontend/test/widgets/atoms/icons/error_icon_test.dart: ErrorIcon Atom Tests renders error icon
00:18 +1018 ~3 -4: C:/Users/zarik/OneDrive/Desktop/TrossApp/frontend/test/widgets/atoms/icons/error_icon_test.dart: ErrorIcon Atom Tests renders error icon
00:18 +1019 ~3 -4: C:/Users/zarik/OneDrive/Desktop/TrossApp/frontend/test/widgets/atoms/display/boolean_field_display_test.dart: BooleanFieldDisplay updates when value changes from false to true
00:18 +1020 ~3 -4: C:/Users/zarik/OneDrive/Desktop/TrossApp/frontend/test/widgets/atoms/display/boolean_field_display_test.dart: BooleanFieldDisplay updates when value changes from false to true
00:18 +1021 ~3 -4: C:/Users/zarik/OneDrive/Desktop/TrossApp/frontend/test/widgets/atoms/display/boolean_field_display_test.dart: BooleanFieldDisplay updates when value changes from false to true
00:18 +1022 ~3 -4: C:/Users/zarik/OneDrive/Desktop/TrossApp/frontend/test/widgets/atoms/display/boolean_field_display_test.dart: BooleanFieldDisplay updates when value changes from false to true
00:18 +1023 ~3 -4: C:/Users/zarik/OneDrive/Desktop/TrossApp/frontend/test/widgets/atoms/display/boolean_field_display_test.dart: BooleanFieldDisplay updates when value changes from false to true
00:18 +1024 ~3 -4: C:/Users/zarik/OneDrive/Desktop/TrossApp/frontend/test/widgets/atoms/display/boolean_field_display_test.dart: BooleanFieldDisplay updates when value changes from false to true
00:19 +1025 ~3 -4: C:/Users/zarik/OneDrive/Desktop/TrossApp/frontend/test/widgets/atoms/display/boolean_field_display_test.dart: BooleanFieldDisplay updates when value changes from false to true
00:19 +1026 ~3 -4: C:/Users/zarik/OneDrive/Desktop/TrossApp/frontend/test/widgets/atoms/display/date_field_display_test.dart: DateFieldDisplay updates when value changes
00:19 +1027 ~3 -4: C:/Users/zarik/OneDrive/Desktop/TrossApp/frontend/test/widgets/atoms/display/date_field_display_test.dart: DateFieldDisplay updates when value changes
00:19 +1028 ~3 -4: C:/Users/zarik/OneDrive/Desktop/TrossApp/frontend/test/widgets/atoms/display/date_field_display_test.dart: DateFieldDisplay updates when value changes
00:19 +1029 ~3 -4: C:/Users/zarik/OneDrive/Desktop/TrossApp/frontend/test/widgets/atoms/display/date_field_display_test.dart: DateFieldDisplay updates when value changes
00:19 +1030 ~3 -4: C:/Users/zarik/OneDrive/Desktop/TrossApp/frontend/test/widgets/atoms/display/date_field_display_test.dart: DateFieldDisplay updates when value changes
00:19 +1031 ~3 -4: C:/Users/zarik/OneDrive/Desktop/TrossApp/frontend/test/widgets/atoms/display/date_field_display_test.dart: DateFieldDisplay updates when value changes
00:19 +1032 ~3 -4: C:/Users/zarik/OneDrive/Desktop/TrossApp/frontend/test/widgets/atoms/display/date_field_display_test.dart: DateFieldDisplay updates when value changes
00:19 +1033 ~3 -4: C:/Users/zarik/OneDrive/Desktop/TrossApp/frontend/test/widgets/atoms/display/date_field_display_test.dart: DateFieldDisplay updates when value changes
00:19 +1034 ~3 -4: C:/Users/zarik/OneDrive/Desktop/TrossApp/frontend/test/widgets/atoms/display/date_field_display_test.dart: DateFieldDisplay updates when value changes
00:19 +1035 ~3 -4: C:/Users/zarik/OneDrive/Desktop/TrossApp/frontend/test/widgets/atoms/display/date_field_display_test.dart: DateFieldDisplay updates when value changes
00:19 +1036 ~3 -4: C:/Users/zarik/OneDrive/Desktop/TrossApp/frontend/test/widgets/atoms/display/date_field_display_test.dart: DateFieldDisplay updates when value changes
00:19 +1037 ~3 -4: C:/Users/zarik/OneDrive/Desktop/TrossApp/frontend/test/widgets/atoms/display/select_field_display_test.dart: SelectFieldDisplay updates when value changes
00:19 +1038 ~3 -4: C:/Users/zarik/OneDrive/Desktop/TrossApp/frontend/test/widgets/atoms/display/text_field_display_test.dart: TextFieldDisplay handles newlines in text
00:19 +1039 ~3 -4: C:/Users/zarik/OneDrive/Desktop/TrossApp/frontend/test/widgets/atoms/display/date_field_display_test.dart: DateFieldDisplay updates from value to null
00:19 +1040 ~3 -4: C:/Users/zarik/OneDrive/Desktop/TrossApp/frontend/test/widgets/atoms/display/number_field_display_test.dart: NumberFieldDisplay updates when value changes
00:19 +1041 ~3 -4: C:/Users/zarik/OneDrive/Desktop/TrossApp/frontend/test/widgets/atoms/display/number_field_display_test.dart: NumberFieldDisplay updates when value changes
00:19 +1042 ~3 -4: C:/Users/zarik/OneDrive/Desktop/TrossApp/frontend/test/widgets/atoms/display/number_field_display_test.dart: NumberFieldDisplay updates when value changes
00:19 +1043 ~3 -4: C:/Users/zarik/OneDrive/Desktop/TrossApp/frontend/test/widgets/atoms/display/number_field_display_test.dart: NumberFieldDisplay updates when value changes
00:19 +1044 ~3 -4: C:/Users/zarik/OneDrive/Desktop/TrossApp/frontend/test/widgets/atoms/display/number_field_display_test.dart: NumberFieldDisplay updates when value changes
00:19 +1045 ~3 -4: C:/Users/zarik/OneDrive/Desktop/TrossApp/frontend/test/widgets/atoms/display/number_field_display_test.dart: NumberFieldDisplay updates when value changes
00:19 +1046 ~3 -4: C:/Users/zarik/OneDrive/Desktop/TrossApp/frontend/test/widgets/atoms/display/text_field_display_test.dart: TextFieldDisplay updates when value changes
00:19 +1047 ~3 -4: C:/Users/zarik/OneDrive/Desktop/TrossApp/frontend/test/widgets/atoms/display/text_field_display_test.dart: TextFieldDisplay updates when value changes
00:19 +1048 ~3 -4: C:/Users/zarik/OneDrive/Desktop/TrossApp/frontend/test/widgets/atoms/indicators/boolean_badge_test.dart: BooleanBadge Atom Basic Rendering displays true label with default "Yes"
00:20 +1049 ~3 -4: C:/Users/zarik/OneDrive/Desktop/TrossApp/frontend/test/widgets/atoms/inputs/boolean_toggle_test.dart: BooleanToggle Atom Basic Rendering displays true state with default icons
00:20 +1050 ~3 -4: C:/Users/zarik/OneDrive/Desktop/TrossApp/frontend/test/widgets/atoms/inputs/boolean_toggle_test.dart: BooleanToggle Atom Basic Rendering displays true state with default icons
00:20 +1051 ~3 -4: C:/Users/zarik/OneDrive/Desktop/TrossApp/frontend/test/widgets/atoms/inputs/boolean_toggle_test.dart: BooleanToggle Atom Basic Rendering displays true state with default icons
00:20 +1052 ~3 -4: C:/Users/zarik/OneDrive/Desktop/TrossApp/frontend/test/widgets/atoms/inputs/boolean_toggle_test.dart: BooleanToggle Atom Basic Rendering displays true state with default icons
00:20 +1053 ~3 -4: C:/Users/zarik/OneDrive/Desktop/TrossApp/frontend/test/widgets/atoms/inputs/boolean_toggle_test.dart: BooleanToggle Atom Basic Rendering displays true state with default icons
00:20 +1054 ~3 -4: C:/Users/zarik/OneDrive/Desktop/TrossApp/frontend/test/widgets/atoms/inputs/date_input_test.dart: DateInput renders with label and formatted date value
00:20 +1055 ~3 -4: C:/Users/zarik/OneDrive/Desktop/TrossApp/frontend/test/widgets/atoms/inputs/date_input_test.dart: DateInput renders with label and formatted date value
00:21 +1056 ~3 -4: C:/Users/zarik/OneDrive/Desktop/TrossApp/frontend/test/widgets/atoms/inputs/date_input_test.dart: DateInput renders with label and formatted date value
00:21 +1057 ~3 -4: C:/Users/zarik/OneDrive/Desktop/TrossApp/frontend/test/widgets/atoms/inputs/date_input_test.dart: DateInput renders with label and formatted date value
00:21 +1058 ~3 -4: C:/Users/zarik/OneDrive/Desktop/TrossApp/frontend/test/widgets/atoms/inputs/date_input_test.dart: DateInput renders with label and formatted date value
00:21 +1059 ~3 -4: C:/Users/zarik/OneDrive/Desktop/TrossApp/frontend/test/widgets/atoms/inputs/date_input_test.dart: DateInput renders with label and formatted date value
00:21 +1060 ~3 -4: C:/Users/zarik/OneDrive/Desktop/TrossApp/frontend/test/widgets/atoms/inputs/date_input_test.dart: DateInput renders with label and formatted date value
00:21 +1061 ~3 -4: C:/Users/zarik/OneDrive/Desktop/TrossApp/frontend/test/widgets/atoms/inputs/date_input_test.dart: DateInput renders with label and formatted date value
00:21 +1062 ~3 -4: C:/Users/zarik/OneDrive/Desktop/TrossApp/frontend/test/widgets/atoms/inputs/date_input_test.dart: DateInput renders with label and formatted date value
00:21 +1063 ~3 -4: C:/Users/zarik/OneDrive/Desktop/TrossApp/frontend/test/widgets/atoms/inputs/date_input_test.dart: DateInput renders with label and formatted date value
00:21 +1064 ~3 -4: C:/Users/zarik/OneDrive/Desktop/TrossApp/frontend/test/widgets/atoms/inputs/date_input_test.dart: DateInput renders with label and formatted date value
00:21 +1065 ~3 -4: C:/Users/zarik/OneDrive/Desktop/TrossApp/frontend/test/widgets/atoms/inputs/date_input_test.dart: DateInput renders with label and formatted date value
00:21 +1066 ~3 -4: C:/Users/zarik/OneDrive/Desktop/TrossApp/frontend/test/widgets/atoms/inputs/date_input_test.dart: DateInput renders with label and formatted date value
00:21 +1067 ~3 -4: C:/Users/zarik/OneDrive/Desktop/TrossApp/frontend/test/widgets/atoms/inputs/date_input_test.dart: DateInput renders with label and formatted date value
00:21 +1068 ~3 -4: C:/Users/zarik/OneDrive/Desktop/TrossApp/frontend/test/widgets/atoms/inputs/date_input_test.dart: DateInput renders with label and formatted date value
00:21 +1069 ~3 -4: C:/Users/zarik/OneDrive/Desktop/TrossApp/frontend/test/widgets/atoms/inputs/date_input_test.dart: DateInput renders with label and formatted date value
00:21 +1070 ~3 -4: C:/Users/zarik/OneDrive/Desktop/TrossApp/frontend/test/widgets/atoms/inputs/date_input_test.dart: DateInput renders with label and formatted date value
00:21 +1071 ~3 -4: C:/Users/zarik/OneDrive/Desktop/TrossApp/frontend/test/widgets/atoms/inputs/date_input_test.dart: DateInput renders with label and formatted date value
00:21 +1072 ~3 -4: C:/Users/zarik/OneDrive/Desktop/TrossApp/frontend/test/widgets/atoms/inputs/date_input_test.dart: DateInput renders with label and formatted date value
00:21 +1073 ~3 -4: C:/Users/zarik/OneDrive/Desktop/TrossApp/frontend/test/widgets/atoms/inputs/number_input_test.dart: NumberInput renders with label and value
00:21 +1074 ~3 -4: C:/Users/zarik/OneDrive/Desktop/TrossApp/frontend/test/widgets/atoms/inputs/number_input_test.dart: NumberInput renders with label and value
00:21 +1075 ~3 -4: C:/Users/zarik/OneDrive/Desktop/TrossApp/frontend/test/widgets/atoms/inputs/number_input_test.dart: NumberInput renders with label and value
00:21 +1076 ~3 -4: C:/Users/zarik/OneDrive/Desktop/TrossApp/frontend/test/widgets/atoms/inputs/number_input_test.dart: NumberInput renders with label and value
00:21 +1077 ~3 -4: C:/Users/zarik/OneDrive/Desktop/TrossApp/frontend/test/widgets/atoms/inputs/number_input_test.dart: NumberInput renders with label and value
00:21 +1078 ~3 -4: C:/Users/zarik/OneDrive/Desktop/TrossApp/frontend/test/widgets/atoms/inputs/number_input_test.dart: NumberInput renders with label and value
00:21 +1079 ~3 -4: C:/Users/zarik/OneDrive/Desktop/TrossApp/frontend/test/widgets/atoms/inputs/number_input_test.dart: NumberInput renders with label and value
00:21 +1080 ~3 -4: C:/Users/zarik/OneDrive/Desktop/TrossApp/frontend/test/widgets/atoms/inputs/number_input_test.dart: NumberInput renders with label and value
00:22 +1081 ~3 -4: C:/Users/zarik/OneDrive/Desktop/TrossApp/frontend/test/widgets/atoms/inputs/number_input_test.dart: NumberInput renders with label and value
00:22 +1082 ~3 -4: C:/Users/zarik/OneDrive/Desktop/TrossApp/frontend/test/widgets/atoms/inputs/number_input_test.dart: NumberInput renders with label and value
00:22 +1083 ~3 -4: C:/Users/zarik/OneDrive/Desktop/TrossApp/frontend/test/widgets/atoms/inputs/number_input_test.dart: NumberInput renders with label and value
00:22 +1084 ~3 -4: C:/Users/zarik/OneDrive/Desktop/TrossApp/frontend/test/widgets/atoms/inputs/number_input_test.dart: NumberInput renders with label and value
00:22 +1085 ~3 -4: C:/Users/zarik/OneDrive/Desktop/TrossApp/frontend/test/widgets/atoms/inputs/number_input_test.dart: NumberInput renders with label and value
00:22 +1086 ~3 -4: C:/Users/zarik/OneDrive/Desktop/TrossApp/frontend/test/widgets/atoms/inputs/number_input_test.dart: NumberInput renders with label and value
00:22 +1087 ~3 -4: C:/Users/zarik/OneDrive/Desktop/TrossApp/frontend/test/widgets/atoms/inputs/number_input_test.dart: NumberInput renders with label and value
00:22 +1088 ~3 -4: C:/Users/zarik/OneDrive/Desktop/TrossApp/frontend/test/widgets/atoms/inputs/number_input_test.dart: NumberInput renders with label and value
00:22 +1089 ~3 -4: C:/Users/zarik/OneDrive/Desktop/TrossApp/frontend/test/widgets/atoms/inputs/number_input_test.dart: NumberInput renders with label and value
00:22 +1090 ~3 -4: C:/Users/zarik/OneDrive/Desktop/TrossApp/frontend/test/widgets/atoms/inputs/select_input_test.dart: SelectInput renders with label and selected value
00:22 +1091 ~3 -4: C:/Users/zarik/OneDrive/Desktop/TrossApp/frontend/test/widgets/atoms/inputs/select_input_test.dart: SelectInput renders with label and selected value
00:22 +1092 ~3 -4: C:/Users/zarik/OneDrive/Desktop/TrossApp/frontend/test/widgets/atoms/inputs/select_input_test.dart: SelectInput renders with label and selected value
00:22 +1093 ~3 -4: C:/Users/zarik/OneDrive/Desktop/TrossApp/frontend/test/widgets/atoms/inputs/select_input_test.dart: SelectInput renders with label and selected value
00:22 +1094 ~3 -4: C:/Users/zarik/OneDrive/Desktop/TrossApp/frontend/test/widgets/atoms/inputs/select_input_test.dart: SelectInput renders with label and selected value
00:22 +1095 ~3 -4: C:/Users/zarik/OneDrive/Desktop/TrossApp/frontend/test/widgets/atoms/inputs/text_area_input_test.dart: TextAreaInput renders with label and value
00:22 +1096 ~3 -4: C:/Users/zarik/OneDrive/Desktop/TrossApp/frontend/test/widgets/atoms/inputs/text_area_input_test.dart: TextAreaInput renders with label and value
00:22 +1097 ~3 -4: C:/Users/zarik/OneDrive/Desktop/TrossApp/frontend/test/widgets/atoms/inputs/text_area_input_test.dart: TextAreaInput renders with label and value
00:22 +1098 ~3 -4: C:/Users/zarik/OneDrive/Desktop/TrossApp/frontend/test/widgets/atoms/inputs/text_area_input_test.dart: TextAreaInput renders with label and value
00:22 +1099 ~3 -4: C:/Users/zarik/OneDrive/Desktop/TrossApp/frontend/test/widgets/atoms/inputs/text_area_input_test.dart: TextAreaInput renders with label and value
00:22 +1100 ~3 -4: C:/Users/zarik/OneDrive/Desktop/TrossApp/frontend/test/widgets/atoms/inputs/text_area_input_test.dart: TextAreaInput renders with label and value
00:22 +1101 ~3 -4: C:/Users/zarik/OneDrive/Desktop/TrossApp/frontend/test/widgets/atoms/inputs/text_area_input_test.dart: TextAreaInput renders with label and value
00:22 +1102 ~3 -4: C:/Users/zarik/OneDrive/Desktop/TrossApp/frontend/test/widgets/atoms/inputs/text_area_input_test.dart: TextAreaInput renders with label and value
00:22 +1103 ~3 -4: C:/Users/zarik/OneDrive/Desktop/TrossApp/frontend/test/widgets/atoms/inputs/text_input_test.dart: TextInput renders with value
00:22 +1104 ~3 -4: C:/Users/zarik/OneDrive/Desktop/TrossApp/frontend/test/widgets/atoms/inputs/text_input_test.dart: TextInput renders with value
00:22 +1105 ~3 -4: C:/Users/zarik/OneDrive/Desktop/TrossApp/frontend/test/widgets/atoms/inputs/text_input_test.dart: TextInput renders with value
00:22 +1106 ~3 -4: C:/Users/zarik/OneDrive/Desktop/TrossApp/frontend/test/widgets/atoms/inputs/text_input_test.dart: TextInput renders with value
00:23 +1107 ~3 -4: C:/Users/zarik/OneDrive/Desktop/TrossApp/frontend/test/widgets/atoms/inputs/text_input_test.dart: TextInput renders with value
00:23 +1108 ~3 -4: C:/Users/zarik/OneDrive/Desktop/TrossApp/frontend/test/widgets/atoms/inputs/text_input_test.dart: TextInput renders with value
00:23 +1109 ~3 -4: C:/Users/zarik/OneDrive/Desktop/TrossApp/frontend/test/widgets/atoms/inputs/text_input_test.dart: TextInput renders with value
00:23 +1110 ~3 -4: C:/Users/zarik/OneDrive/Desktop/TrossApp/frontend/test/widgets/atoms/inputs/text_input_test.dart: TextInput renders with value
00:23 +1111 ~3 -4: C:/Users/zarik/OneDrive/Desktop/TrossApp/frontend/test/widgets/atoms/inputs/text_input_test.dart: TextInput renders with value
00:23 +1112 ~3 -4: C:/Users/zarik/OneDrive/Desktop/TrossApp/frontend/test/widgets/atoms/notifications/error_snackbar_test.dart: ErrorSnackBar renders with correct message
00:23 +1113 ~3 -4: C:/Users/zarik/OneDrive/Desktop/TrossApp/frontend/test/widgets/atoms/notifications/error_snackbar_test.dart: ErrorSnackBar renders with correct message
00:23 +1114 ~3 -4: C:/Users/zarik/OneDrive/Desktop/TrossApp/frontend/test/widgets/atoms/notifications/error_snackbar_test.dart: ErrorSnackBar renders with correct message
00:23 +1115 ~3 -4: C:/Users/zarik/OneDrive/Desktop/TrossApp/frontend/test/widgets/atoms/notifications/error_snackbar_test.dart: ErrorSnackBar renders with correct message
00:23 +1116 ~3 -4: C:/Users/zarik/OneDrive/Desktop/TrossApp/frontend/test/widgets/atoms/notifications/error_snackbar_test.dart: ErrorSnackBar renders with correct message
00:23 +1117 ~3 -4: C:/Users/zarik/OneDrive/Desktop/TrossApp/frontend/test/widgets/atoms/notifications/error_snackbar_test.dart: ErrorSnackBar renders with correct message
00:23 +1118 ~3 -4: C:/Users/zarik/OneDrive/Desktop/TrossApp/frontend/test/widgets/atoms/notifications/error_snackbar_test.dart: ErrorSnackBar renders with correct message
00:23 +1119 ~3 -4: C:/Users/zarik/OneDrive/Desktop/TrossApp/frontend/test/widgets/atoms/notifications/error_snackbar_test.dart: ErrorSnackBar renders with correct message
00:23 +1120 ~3 -4: C:/Users/zarik/OneDrive/Desktop/TrossApp/frontend/test/widgets/atoms/notifications/error_snackbar_test.dart: ErrorSnackBar renders with correct message
00:23 +1121 ~3 -4: C:/Users/zarik/OneDrive/Desktop/TrossApp/frontend/test/widgets/atoms/inputs/text_input_test.dart: TextInput calls onChanged when text is entered
00:23 +1122 ~3 -4: C:/Users/zarik/OneDrive/Desktop/TrossApp/frontend/test/widgets/atoms/inputs/select_input_test.dart: SelectInput calls onChanged when item is selected
00:23 +1123 ~3 -4: C:/Users/zarik/OneDrive/Desktop/TrossApp/frontend/test/widgets/atoms/inputs/select_input_test.dart: SelectInput calls onChanged when item is selected
00:23 +1124 ~3 -4: C:/Users/zarik/OneDrive/Desktop/TrossApp/frontend/test/widgets/atoms/inputs/select_input_test.dart: SelectInput calls onChanged when item is selected
00:23 +1125 ~3 -4: C:/Users/zarik/OneDrive/Desktop/TrossApp/frontend/test/widgets/atoms/inputs/date_input_test.dart: DateInput formats different months correctly
00:23 +1126 ~3 -4: C:/Users/zarik/OneDrive/Desktop/TrossApp/frontend/test/widgets/atoms/inputs/date_input_test.dart: DateInput formats different months correctly
00:23 +1127 ~3 -4: C:/Users/zarik/OneDrive/Desktop/TrossApp/frontend/test/widgets/atoms/inputs/date_input_test.dart: DateInput formats different months correctly
00:23 +1128 ~3 -4: C:/Users/zarik/OneDrive/Desktop/TrossApp/frontend/test/widgets/atoms/inputs/date_input_test.dart: DateInput formats different months correctly
00:24 +1129 ~3 -4: C:/Users/zarik/OneDrive/Desktop/TrossApp/frontend/test/widgets/atoms/inputs/date_input_test.dart: DateInput formats different months correctly
00:24 +1130 ~3 -4: C:/Users/zarik/OneDrive/Desktop/TrossApp/frontend/test/widgets/atoms/inputs/date_input_test.dart: DateInput formats different months correctly
00:24 +1131 ~3 -4: C:/Users/zarik/OneDrive/Desktop/TrossApp/frontend/test/widgets/atoms/inputs/date_input_test.dart: DateInput formats different months correctly
00:24 +1132 ~3 -4: C:/Users/zarik/OneDrive/Desktop/TrossApp/frontend/test/widgets/atoms/inputs/date_input_test.dart: DateInput formats different months correctly
00:24 +1133 ~3 -4: C:/Users/zarik/OneDrive/Desktop/TrossApp/frontend/test/widgets/atoms/inputs/date_input_test.dart: DateInput formats different months correctly
00:24 +1134 ~3 -4: C:/Users/zarik/OneDrive/Desktop/TrossApp/frontend/test/widgets/atoms/inputs/date_input_test.dart: DateInput formats different months correctly
00:24 +1135 ~3 -4: C:/Users/zarik/OneDrive/Desktop/TrossApp/frontend/test/widgets/atoms/inputs/date_input_test.dart: DateInput formats different months correctly
00:24 +1136 ~3 -4: C:/Users/zarik/OneDrive/Desktop/TrossApp/frontend/test/widgets/atoms/inputs/date_input_test.dart: DateInput formats different months correctly
00:24 +1137 ~3 -4: C:/Users/zarik/OneDrive/Desktop/TrossApp/frontend/test/widgets/atoms/inputs/date_input_test.dart: DateInput formats different months correctly
00:24 +1138 ~3 -4: C:/Users/zarik/OneDrive/Desktop/TrossApp/frontend/test/widgets/atoms/inputs/date_input_test.dart: DateInput formats different months correctly
00:24 +1139 ~3 -4: C:/Users/zarik/OneDrive/Desktop/TrossApp/frontend/test/widgets/atoms/inputs/date_input_test.dart: DateInput formats different months correctly
00:24 +1140 ~3 -4: C:/Users/zarik/OneDrive/Desktop/TrossApp/frontend/test/widgets/atoms/notifications/info_snackbar_test.dart: InfoSnackBar renders with correct message
00:24 +1141 ~3 -4: C:/Users/zarik/OneDrive/Desktop/TrossApp/frontend/test/widgets/atoms/notifications/info_snackbar_test.dart: InfoSnackBar renders with correct message
00:24 +1142 ~3 -4: C:/Users/zarik/OneDrive/Desktop/TrossApp/frontend/test/widgets/atoms/notifications/info_snackbar_test.dart: InfoSnackBar renders with correct message
00:24 +1143 ~3 -4: C:/Users/zarik/OneDrive/Desktop/TrossApp/frontend/test/widgets/atoms/notifications/info_snackbar_test.dart: InfoSnackBar renders with correct message
00:24 +1144 ~3 -4: C:/Users/zarik/OneDrive/Desktop/TrossApp/frontend/test/widgets/atoms/notifications/info_snackbar_test.dart: InfoSnackBar renders with correct message
00:24 +1145 ~3 -4: C:/Users/zarik/OneDrive/Desktop/TrossApp/frontend/test/widgets/atoms/notifications/info_snackbar_test.dart: InfoSnackBar renders with correct message
00:24 +1146 ~3 -4: C:/Users/zarik/OneDrive/Desktop/TrossApp/frontend/test/widgets/atoms/notifications/info_snackbar_test.dart: InfoSnackBar renders with correct message
00:24 +1147 ~3 -4: C:/Users/zarik/OneDrive/Desktop/TrossApp/frontend/test/widgets/atoms/notifications/info_snackbar_test.dart: InfoSnackBar renders with correct message
00:24 +1148 ~3 -4: C:/Users/zarik/OneDrive/Desktop/TrossApp/frontend/test/widgets/atoms/notifications/info_snackbar_test.dart: InfoSnackBar renders with correct message
00:24 +1149 ~3 -4: C:/Users/zarik/OneDrive/Desktop/TrossApp/frontend/test/widgets/atoms/notifications/info_snackbar_test.dart: InfoSnackBar renders with correct message
00:24 +1150 ~3 -4: C:/Users/zarik/OneDrive/Desktop/TrossApp/frontend/test/widgets/atoms/notifications/info_snackbar_test.dart: InfoSnackBar renders with correct message
00:24 +1151 ~3 -4: C:/Users/zarik/OneDrive/Desktop/TrossApp/frontend/test/widgets/atoms/notifications/info_snackbar_test.dart: InfoSnackBar renders with correct message
00:24 +1152 ~3 -4: C:/Users/zarik/OneDrive/Desktop/TrossApp/frontend/test/widgets/atoms/notifications/info_snackbar_test.dart: InfoSnackBar renders with correct message
00:24 +1153 ~3 -4: C:/Users/zarik/OneDrive/Desktop/TrossApp/frontend/test/widgets/atoms/notifications/info_snackbar_test.dart: InfoSnackBar renders with correct message
00:24 +1154 ~3 -4: C:/Users/zarik/OneDrive/Desktop/TrossApp/frontend/test/widgets/atoms/notifications/info_snackbar_test.dart: InfoSnackBar renders with correct message
00:24 +1155 ~3 -4: C:/Users/zarik/OneDrive/Desktop/TrossApp/frontend/test/widgets/atoms/notifications/info_snackbar_test.dart: InfoSnackBar renders with correct message
00:24 +1156 ~3 -4: C:/Users/zarik/OneDrive/Desktop/TrossApp/frontend/test/widgets/atoms/notifications/info_snackbar_test.dart: InfoSnackBar renders with correct message
00:24 +1157 ~3 -4: C:/Users/zarik/OneDrive/Desktop/TrossApp/frontend/test/widgets/atoms/notifications/info_snackbar_test.dart: InfoSnackBar renders with correct message
00:24 +1158 ~3 -4: C:/Users/zarik/OneDrive/Desktop/TrossApp/frontend/test/widgets/atoms/notifications/info_snackbar_test.dart: InfoSnackBar renders with correct message
00:24 +1159 ~3 -4: C:/Users/zarik/OneDrive/Desktop/TrossApp/frontend/test/widgets/atoms/notifications/info_snackbar_test.dart: InfoSnackBar renders with correct message
00:24 +1160 ~3 -4: C:/Users/zarik/OneDrive/Desktop/TrossApp/frontend/test/widgets/atoms/notifications/info_snackbar_test.dart: InfoSnackBar renders with correct message
00:25 +1161 ~3 -4: C:/Users/zarik/OneDrive/Desktop/TrossApp/frontend/test/widgets/atoms/notifications/info_snackbar_test.dart: InfoSnackBar renders with correct message
00:25 +1162 ~3 -4: C:/Users/zarik/OneDrive/Desktop/TrossApp/frontend/test/widgets/atoms/notifications/info_snackbar_test.dart: InfoSnackBar renders with correct message
00:25 +1163 ~3 -4: C:/Users/zarik/OneDrive/Desktop/TrossApp/frontend/test/widgets/atoms/notifications/info_snackbar_test.dart: InfoSnackBar renders with correct message
00:25 +1164 ~3 -4: C:/Users/zarik/OneDrive/Desktop/TrossApp/frontend/test/widgets/atoms/notifications/info_snackbar_test.dart: InfoSnackBar renders with correct message
00:25 +1165 ~3 -4: C:/Users/zarik/OneDrive/Desktop/TrossApp/frontend/test/widgets/atoms/notifications/info_snackbar_test.dart: InfoSnackBar renders with correct message
00:25 +1166 ~3 -4: C:/Users/zarik/OneDrive/Desktop/TrossApp/frontend/test/widgets/atoms/notifications/info_snackbar_test.dart: InfoSnackBar renders with correct message
00:25 +1167 ~3 -4: C:/Users/zarik/OneDrive/Desktop/TrossApp/frontend/test/widgets/atoms/notifications/info_snackbar_test.dart: InfoSnackBar renders with correct message
00:25 +1168 ~3 -4: C:/Users/zarik/OneDrive/Desktop/TrossApp/frontend/test/widgets/atoms/notifications/success_snackbar_test.dart: SuccessSnackBar renders with correct message
00:25 +1169 ~3 -4: C:/Users/zarik/OneDrive/Desktop/TrossApp/frontend/test/widgets/atoms/notifications/success_snackbar_test.dart: SuccessSnackBar renders with correct message
00:25 +1170 ~3 -4: C:/Users/zarik/OneDrive/Desktop/TrossApp/frontend/test/widgets/atoms/notifications/success_snackbar_test.dart: SuccessSnackBar renders with correct message
00:25 +1171 ~3 -4: C:/Users/zarik/OneDrive/Desktop/TrossApp/frontend/test/widgets/atoms/notifications/success_snackbar_test.dart: SuccessSnackBar renders with correct message
00:25 +1172 ~3 -4: C:/Users/zarik/OneDrive/Desktop/TrossApp/frontend/test/widgets/atoms/notifications/success_snackbar_test.dart: SuccessSnackBar renders with correct message
00:25 +1173 ~3 -4: C:/Users/zarik/OneDrive/Desktop/TrossApp/frontend/test/widgets/atoms/notifications/success_snackbar_test.dart: SuccessSnackBar renders with correct message
00:25 +1174 ~3 -4: C:/Users/zarik/OneDrive/Desktop/TrossApp/frontend/test/widgets/atoms/notifications/success_snackbar_test.dart: SuccessSnackBar renders with correct message
00:25 +1175 ~3 -4: C:/Users/zarik/OneDrive/Desktop/TrossApp/frontend/test/widgets/atoms/notifications/success_snackbar_test.dart: SuccessSnackBar renders with correct message
00:25 +1176 ~3 -4: C:/Users/zarik/OneDrive/Desktop/TrossApp/frontend/test/widgets/atoms/notifications/success_snackbar_test.dart: SuccessSnackBar renders with correct message
00:25 +1177 ~3 -4: C:/Users/zarik/OneDrive/Desktop/TrossApp/frontend/test/widgets/atoms/notifications/success_snackbar_test.dart: SuccessSnackBar renders with correct message
00:25 +1178 ~3 -4: C:/Users/zarik/OneDrive/Desktop/TrossApp/frontend/test/widgets/atoms/notifications/success_snackbar_test.dart: SuccessSnackBar renders with correct message
00:25 +1179 ~3 -4: C:/Users/zarik/OneDrive/Desktop/TrossApp/frontend/test/widgets/atoms/notifications/success_snackbar_test.dart: SuccessSnackBar renders with correct message
00:25 +1180 ~3 -4: C:/Users/zarik/OneDrive/Desktop/TrossApp/frontend/test/widgets/atoms/notifications/success_snackbar_test.dart: SuccessSnackBar renders with correct message
00:25 +1181 ~3 -4: C:/Users/zarik/OneDrive/Desktop/TrossApp/frontend/test/widgets/atoms/notifications/success_snackbar_test.dart: SuccessSnackBar renders with correct message
00:25 +1182 ~3 -4: C:/Users/zarik/OneDrive/Desktop/TrossApp/frontend/test/widgets/atoms/notifications/success_snackbar_test.dart: SuccessSnackBar renders with correct message
00:25 +1183 ~3 -4: C:/Users/zarik/OneDrive/Desktop/TrossApp/frontend/test/widgets/atoms/notifications/success_snackbar_test.dart: SuccessSnackBar renders with correct message
00:25 +1184 ~3 -4: C:/Users/zarik/OneDrive/Desktop/TrossApp/frontend/test/widgets/atoms/notifications/success_snackbar_test.dart: SuccessSnackBar renders with correct message
00:25 +1185 ~3 -4: C:/Users/zarik/OneDrive/Desktop/TrossApp/frontend/test/widgets/atoms/notifications/success_snackbar_test.dart: SuccessSnackBar renders with correct message
00:25 +1186 ~3 -4: C:/Users/zarik/OneDrive/Desktop/TrossApp/frontend/test/widgets/atoms/notifications/success_snackbar_test.dart: SuccessSnackBar renders with correct message
00:25 +1187 ~3 -4: C:/Users/zarik/OneDrive/Desktop/TrossApp/frontend/test/widgets/atoms/notifications/success_snackbar_test.dart: SuccessSnackBar renders with correct message
00:25 +1188 ~3 -4: C:/Users/zarik/OneDrive/Desktop/TrossApp/frontend/test/widgets/atoms/notifications/success_snackbar_test.dart: SuccessSnackBar renders with correct message
00:25 +1189 ~3 -4: C:/Users/zarik/OneDrive/Desktop/TrossApp/frontend/test/widgets/atoms/notifications/success_snackbar_test.dart: SuccessSnackBar renders with correct message
00:25 +1190 ~3 -4: C:/Users/zarik/OneDrive/Desktop/TrossApp/frontend/test/widgets/atoms/notifications/success_snackbar_test.dart: SuccessSnackBar renders with correct message
00:26 +1191 ~3 -4: C:/Users/zarik/OneDrive/Desktop/TrossApp/frontend/test/widgets/atoms/notifications/success_snackbar_test.dart: SuccessSnackBar renders with correct message
00:26 +1192 ~3 -4: C:/Users/zarik/OneDrive/Desktop/TrossApp/frontend/test/widgets/atoms/status_badge_test.dart: StatusBadge Atom Tests renders with required label
00:26 +1193 ~3 -4: C:/Users/zarik/OneDrive/Desktop/TrossApp/frontend/test/widgets/atoms/status_badge_test.dart: StatusBadge Atom Tests renders with required label
00:26 +1194 ~3 -4: C:/Users/zarik/OneDrive/Desktop/TrossApp/frontend/test/widgets/atoms/status_badge_test.dart: StatusBadge Atom Tests renders with icon when provided
00:26 +1195 ~3 -4: C:/Users/zarik/OneDrive/Desktop/TrossApp/frontend/test/widgets/atoms/status_badge_test.dart: StatusBadge Atom Tests renders compact variant correctly
00:26 +1196 ~3 -4: C:/Users/zarik/OneDrive/Desktop/TrossApp/frontend/test/widgets/atoms/status_badge_test.dart: StatusBadge Atom Tests renders normal variant correctly
00:26 +1197 ~3 -4: C:/Users/zarik/OneDrive/Desktop/TrossApp/frontend/test/widgets/atoms/status_badge_test.dart: StatusBadge Atom Tests Style Variants Tests applies success style
00:26 +1198 ~3 -4: C:/Users/zarik/OneDrive/Desktop/TrossApp/frontend/test/widgets/login_screen_test.dart: LoginScreen Widget Tests UI Elements should display app title and logo
00:26 +1199 ~3 -4: C:/Users/zarik/OneDrive/Desktop/TrossApp/frontend/test/widgets/login_screen_test.dart: LoginScreen Widget Tests UI Elements should display app title and logo
00:26 +1200 ~3 -4: C:/Users/zarik/OneDrive/Desktop/TrossApp/frontend/test/widgets/login_screen_test.dart: LoginScreen Widget Tests UI Elements should display app title and logo
00:26 +1201 ~3 -4: C:/Users/zarik/OneDrive/Desktop/TrossApp/frontend/test/widgets/login_screen_test.dart: LoginScreen Widget Tests UI Elements should display app title and logo
00:26 +1202 ~3 -4: C:/Users/zarik/OneDrive/Desktop/TrossApp/frontend/test/widgets/login_screen_test.dart: LoginScreen Widget Tests UI Elements should display app title and logo
00:28 +1203 ~3 -4: C:/Users/zarik/OneDrive/Desktop/TrossApp/frontend/test/widgets/login_screen_test.dart: LoginScreen Widget Tests UI Elements should display app title and logo
00:28 +1204 ~3 -4: C:/Users/zarik/OneDrive/Desktop/TrossApp/frontend/test/widgets/login_screen_test.dart: LoginScreen Widget Tests UI Elements should display app title and logo
00:28 +1205 ~3 -4: C:/Users/zarik/OneDrive/Desktop/TrossApp/frontend/test/widgets/molecules/containers/flexible_space_test.dart: FlexibleSpace Molecule Tests renders child in flexible space
00:28 +1206 ~3 -4: C:/Users/zarik/OneDrive/Desktop/TrossApp/frontend/test/widgets/molecules/containers/flexible_space_test.dart: FlexibleSpace Molecule Tests renders child in flexible space
00:28 +1207 ~3 -4: C:/Users/zarik/OneDrive/Desktop/TrossApp/frontend/test/widgets/molecules/containers/padded_container_test.dart: PaddedContainer Molecule Tests renders child with padding
00:28 +1208 ~3 -4: C:/Users/zarik/OneDrive/Desktop/TrossApp/frontend/test/widgets/molecules/containers/padded_container_test.dart: PaddedContainer Molecule Tests renders child with padding
00:28 +1209 ~3 -4: C:/Users/zarik/OneDrive/Desktop/TrossApp/frontend/test/widgets/molecules/containers/padded_container_test.dart: PaddedContainer Molecule Tests renders child with padding
00:28 +1210 ~3 -4: C:/Users/zarik/OneDrive/Desktop/TrossApp/frontend/test/widgets/molecules/containers/padded_container_test.dart: PaddedContainer Molecule Tests renders child with padding
00:28 +1211 ~3 -4: C:/Users/zarik/OneDrive/Desktop/TrossApp/frontend/test/widgets/molecules/containers/padded_container_test.dart: PaddedContainer Molecule Tests renders child with padding
00:28 +1212 ~3 -4: C:/Users/zarik/OneDrive/Desktop/TrossApp/frontend/test/widgets/molecules/containers/padded_container_test.dart: PaddedContainer Molecule Tests renders child with padding
00:28 +1213 ~3 -4: C:/Users/zarik/OneDrive/Desktop/TrossApp/frontend/test/widgets/molecules/containers/padded_container_test.dart: PaddedContainer Molecule Tests renders child with padding
00:28 +1214 ~3 -4: C:/Users/zarik/OneDrive/Desktop/TrossApp/frontend/test/widgets/molecules/containers/page_scaffold_test.dart: PageScaffold Molecule Tests renders basic scaffold structure
00:28 +1215 ~3 -4: C:/Users/zarik/OneDrive/Desktop/TrossApp/frontend/test/widgets/molecules/containers/page_scaffold_test.dart: PageScaffold Molecule Tests renders basic scaffold structure
00:28 +1216 ~3 -4: C:/Users/zarik/OneDrive/Desktop/TrossApp/frontend/test/widgets/molecules/containers/page_scaffold_test.dart: PageScaffold Molecule Tests renders basic scaffold structure
00:28 +1217 ~3 -4: C:/Users/zarik/OneDrive/Desktop/TrossApp/frontend/test/widgets/molecules/containers/page_scaffold_test.dart: PageScaffold Molecule Tests renders basic scaffold structure
00:28 +1218 ~3 -4: C:/Users/zarik/OneDrive/Desktop/TrossApp/frontend/test/widgets/molecules/containers/page_scaffold_test.dart: PageScaffold Molecule Tests renders basic scaffold structure
00:28 +1219 ~3 -4: C:/Users/zarik/OneDrive/Desktop/TrossApp/frontend/test/widgets/molecules/containers/page_scaffold_test.dart: PageScaffold Molecule Tests renders basic scaffold structure
00:28 +1220 ~3 -4: C:/Users/zarik/OneDrive/Desktop/TrossApp/frontend/test/widgets/molecules/containers/page_scaffold_test.dart: PageScaffold Molecule Tests renders basic scaffold structure
00:28 +1221 ~3 -4: C:/Users/zarik/OneDrive/Desktop/TrossApp/frontend/test/widgets/molecules/containers/page_scaffold_test.dart: PageScaffold Molecule Tests renders basic scaffold structure
00:28 +1222 ~3 -4: C:/Users/zarik/OneDrive/Desktop/TrossApp/frontend/test/widgets/molecules/containers/page_scaffold_test.dart: PageScaffold Molecule Tests renders basic scaffold structure
00:28 +1223 ~3 -4: C:/Users/zarik/OneDrive/Desktop/TrossApp/frontend/test/widgets/molecules/containers/page_scaffold_test.dart: PageScaffold Molecule Tests renders basic scaffold structure
00:28 +1224 ~3 -4: C:/Users/zarik/OneDrive/Desktop/TrossApp/frontend/test/widgets/molecules/containers/page_scaffold_test.dart: PageScaffold Molecule Tests renders basic scaffold structure
00:28 +1225 ~3 -4: C:/Users/zarik/OneDrive/Desktop/TrossApp/frontend/test/widgets/molecules/containers/page_scaffold_test.dart: PageScaffold Molecule Tests renders basic scaffold structure
00:29 +1226 ~3 -4: C:/Users/zarik/OneDrive/Desktop/TrossApp/frontend/test/widgets/molecules/containers/scrollable_content_test.dart: ScrollableContent Molecule Tests renders scrollable content
00:29 +1227 ~3 -4: C:/Users/zarik/OneDrive/Desktop/TrossApp/frontend/test/widgets/molecules/containers/scrollable_content_test.dart: ScrollableContent Molecule Tests renders scrollable content
00:29 +1227 ~3 -4: C:/Users/zarik/OneDrive/Desktop/TrossApp/frontend/test/widgets/login_screen_test.dart: LoginScreen Widget Tests User Interactions should allow selecting role and logging in
ℹ️  INFO: Starting dev login
   Context: {role: admin}
ℹ️  INFO: Starting dev token login
   Context: {role: admin}
ℹ️  INFO: Test token login started
   Context: {role: admin}
ℹ️  INFO: Validating dev auth
ℹ️  INFO: Dev auth validated
ℹ️  INFO: Calling ApiClient.getTestToken
   Context: {role: admin}
❌ ERROR: Failed to get test token | HTTP 400
ℹ️  INFO: Test token received
   Context: {hasToken: false, tokenLength: 0}
❌ ERROR: Token is null after getTestToken 
⚠️  WARNING: Test login returning false - end of try block
ℹ️  INFO: Dev token login result
   Context: {success: false}
❌ ERROR: Dev token login FAILED | success = false
ℹ️  INFO: Dev login result
   Context: {success: false, isAuthenticated: false, role: admin}
⚠️  WARNING: [Expected in tests] Login failed - showing error to user
   Context: {role: admin}
00:29 +1228 ~3 -4: C:/Users/zarik/OneDrive/Desktop/TrossApp/frontend/test/widgets/molecules/containers/scrollable_content_test.dart: ScrollableContent Molecule Tests renders scrollable content
00:29 +1229 ~3 -4: C:/Users/zarik/OneDrive/Desktop/TrossApp/frontend/test/widgets/molecules/containers/scrollable_content_test.dart: ScrollableContent Molecule Tests renders scrollable content
00:29 +1230 ~3 -4: C:/Users/zarik/OneDrive/Desktop/TrossApp/frontend/test/widgets/molecules/containers/scrollable_content_test.dart: ScrollableContent Molecule Tests renders scrollable content
00:29 +1231 ~3 -4: C:/Users/zarik/OneDrive/Desktop/TrossApp/frontend/test/widgets/molecules/containers/scrollable_content_test.dart: ScrollableContent Molecule Tests renders scrollable content
00:29 +1231 ~3 -4: C:/Users/zarik/OneDrive/Desktop/TrossApp/frontend/test/widgets/molecules/confirmation_dialog_test.dart: ConfirmationDialog Molecule Interactions pops dialog with true when confirmed
══╡ EXCEPTION CAUGHT BY FLUTTER TEST FRAMEWORK ╞════════════════════════════════════════════════════
The following TestFailure was thrown running a test:
Expected: true
  Actual: <null>

When the exception was thrown, this was the stack:
#4      main.<anonymous closure>.<anonymous closure>.<anonymous closure> (file:///C:/Users/zarik/OneDrive/Desktop/TrossApp/frontend/test/widgets/molecules/confirmation_dialog_test.dart:168:9)
<asynchronous suspension>
#5      testWidgets.<anonymous closure>.<anonymous closure> (package:flutter_test/src/widget_tester.dart:192:15)
<asynchronous suspension>
#6      TestWidgetsFlutterBinding._runTestBody (package:flutter_test/src/binding.dart:1059:5)
<asynchronous suspension>
<asynchronous suspension>
(elided one frame from package:stack_trace)

This was caught by the test expectation on the following line:
  file:///C:/Users/zarik/OneDrive/Desktop/TrossApp/frontend/test/widgets/molecules/confirmation_dialog_test.dart line 168
The test description was:
  pops dialog with true when confirmed
════════════════════════════════════════════════════════════════════════════════════════════════════
00:29 +1231 ~3 -5: C:/Users/zarik/OneDrive/Desktop/TrossApp/frontend/test/widgets/molecules/containers/scrollable_content_test.dart: ScrollableContent Molecule Tests renders scrollable content
00:29 +1231 ~3 -5: C:/Users/zarik/OneDrive/Desktop/TrossApp/frontend/test/widgets/molecules/confirmation_dialog_test.dart: ConfirmationDialog Molecule Interactions pops dialog with true when confirmed [E]
  Test failed. See exception logs above.
  The test description was: pops dialog with true when confirmed
  
00:29 +1232 ~3 -5: C:/Users/zarik/OneDrive/Desktop/TrossApp/frontend/test/widgets/molecules/containers/spaced_box_test.dart: SpacedBox Molecule Tests renders with specified dimensions
00:29 +1233 ~3 -5: C:/Users/zarik/OneDrive/Desktop/TrossApp/frontend/test/widgets/molecules/containers/spaced_box_test.dart: SpacedBox Molecule Tests renders with specified dimensions
00:29 +1234 ~3 -5: C:/Users/zarik/OneDrive/Desktop/TrossApp/frontend/test/widgets/molecules/containers/spaced_box_test.dart: SpacedBox Molecule Tests renders with specified dimensions
00:29 +1235 ~3 -5: C:/Users/zarik/OneDrive/Desktop/TrossApp/frontend/test/widgets/molecules/containers/spaced_box_test.dart: SpacedBox Molecule Tests renders with specified dimensions
00:29 +1236 ~3 -5: C:/Users/zarik/OneDrive/Desktop/TrossApp/frontend/test/widgets/molecules/database_health_card_test.dart: DatabaseHealthCard Molecule Basic Rendering renders with required properties
00:29 +1237 ~3 -5: C:/Users/zarik/OneDrive/Desktop/TrossApp/frontend/test/widgets/molecules/database_health_card_test.dart: DatabaseHealthCard Molecule Basic Rendering renders with required properties
00:29 +1238 ~3 -5: C:/Users/zarik/OneDrive/Desktop/TrossApp/frontend/test/widgets/molecules/database_health_card_test.dart: DatabaseHealthCard Molecule Basic Rendering renders with required properties
00:29 +1239 ~3 -5: C:/Users/zarik/OneDrive/Desktop/TrossApp/frontend/test/widgets/molecules/database_health_card_test.dart: DatabaseHealthCard Molecule Basic Rendering renders with required properties
00:29 +1240 ~3 -5: C:/Users/zarik/OneDrive/Desktop/TrossApp/frontend/test/widgets/molecules/database_health_card_test.dart: DatabaseHealthCard Molecule Basic Rendering renders with required properties
00:29 +1241 ~3 -5: C:/Users/zarik/OneDrive/Desktop/TrossApp/frontend/test/widgets/molecules/database_health_card_test.dart: DatabaseHealthCard Molecule Basic Rendering renders with required properties
00:29 +1242 ~3 -5: C:/Users/zarik/OneDrive/Desktop/TrossApp/frontend/test/widgets/molecules/database_health_card_test.dart: DatabaseHealthCard Molecule Basic Rendering renders with required properties
00:29 +1243 ~3 -5: C:/Users/zarik/OneDrive/Desktop/TrossApp/frontend/test/widgets/molecules/database_health_card_test.dart: DatabaseHealthCard Molecule Basic Rendering renders with required properties
00:29 +1244 ~3 -5: C:/Users/zarik/OneDrive/Desktop/TrossApp/frontend/test/widgets/molecules/database_health_card_test.dart: DatabaseHealthCard Molecule Basic Rendering renders with required properties
00:29 +1245 ~3 -5: C:/Users/zarik/OneDrive/Desktop/TrossApp/frontend/test/widgets/molecules/database_health_card_test.dart: DatabaseHealthCard Molecule Basic Rendering renders with required properties
00:29 +1246 ~3 -5: C:/Users/zarik/OneDrive/Desktop/TrossApp/frontend/test/widgets/molecules/database_health_card_test.dart: DatabaseHealthCard Molecule Basic Rendering renders with required properties
00:29 +1247 ~3 -5: C:/Users/zarik/OneDrive/Desktop/TrossApp/frontend/test/widgets/molecules/database_health_card_test.dart: DatabaseHealthCard Molecule Basic Rendering renders with required properties
00:29 +1248 ~3 -5: C:/Users/zarik/OneDrive/Desktop/TrossApp/frontend/test/widgets/molecules/database_health_card_test.dart: DatabaseHealthCard Molecule Basic Rendering renders with required properties
00:29 +1249 ~3 -5: C:/Users/zarik/OneDrive/Desktop/TrossApp/frontend/test/widgets/molecules/database_health_card_test.dart: DatabaseHealthCard Molecule Basic Rendering renders with required properties
00:29 +1250 ~3 -5: C:/Users/zarik/OneDrive/Desktop/TrossApp/frontend/test/widgets/molecules/database_health_card_test.dart: DatabaseHealthCard Molecule Basic Rendering renders with required properties
00:30 +1251 ~3 -5: C:/Users/zarik/OneDrive/Desktop/TrossApp/frontend/test/widgets/molecules/database_health_card_test.dart: DatabaseHealthCard Molecule Basic Rendering renders with required properties
00:30 +1252 ~3 -5: C:/Users/zarik/OneDrive/Desktop/TrossApp/frontend/test/widgets/molecules/database_health_card_test.dart: DatabaseHealthCard Molecule Basic Rendering renders with required properties
00:30 +1253 ~3 -5: C:/Users/zarik/OneDrive/Desktop/TrossApp/frontend/test/widgets/molecules/database_health_card_test.dart: DatabaseHealthCard Molecule Basic Rendering renders with required properties
00:30 +1254 ~3 -5: C:/Users/zarik/OneDrive/Desktop/TrossApp/frontend/test/widgets/molecules/database_health_card_test.dart: DatabaseHealthCard Molecule Basic Rendering renders with required properties
00:30 +1255 ~3 -5: C:/Users/zarik/OneDrive/Desktop/TrossApp/frontend/test/widgets/login_screen_test.dart: LoginScreen Widget Tests Accessibility should have proper accessibility labels
00:30 +1256 ~3 -5: C:/Users/zarik/OneDrive/Desktop/TrossApp/frontend/test/widgets/login_screen_test.dart: LoginScreen Widget Tests Accessibility should have proper accessibility labels
00:30 +1257 ~3 -5: C:/Users/zarik/OneDrive/Desktop/TrossApp/frontend/test/widgets/login_screen_test.dart: LoginScreen Widget Tests Accessibility should have proper accessibility labels
00:30 +1258 ~3 -5: C:/Users/zarik/OneDrive/Desktop/TrossApp/frontend/test/widgets/molecules/database_health_card_test.dart: DatabaseHealthCard Molecule Basic Rendering renders database name correctly
00:30 +1259 ~3 -5: C:/Users/zarik/OneDrive/Desktop/TrossApp/frontend/test/widgets/molecules/database_health_card_test.dart: DatabaseHealthCard Molecule Basic Rendering renders database name correctly
00:30 +1260 ~3 -5: C:/Users/zarik/OneDrive/Desktop/TrossApp/frontend/test/widgets/molecules/details/detail_field_test.dart: DetailFieldDisplay renders text field display
00:30 +1261 ~3 -5: C:/Users/zarik/OneDrive/Desktop/TrossApp/frontend/test/widgets/molecules/details/detail_field_test.dart: DetailFieldDisplay renders text field display
00:30 +1262 ~3 -5: C:/Users/zarik/OneDrive/Desktop/TrossApp/frontend/test/widgets/molecules/details/detail_field_test.dart: DetailFieldDisplay renders text field display
00:30 +1263 ~3 -5: C:/Users/zarik/OneDrive/Desktop/TrossApp/frontend/test/widgets/molecules/details/detail_field_test.dart: DetailFieldDisplay renders text field display
00:30 +1264 ~3 -5: C:/Users/zarik/OneDrive/Desktop/TrossApp/frontend/test/widgets/molecules/details/detail_field_test.dart: DetailFieldDisplay renders text field display
00:30 +1265 ~3 -5: C:/Users/zarik/OneDrive/Desktop/TrossApp/frontend/test/widgets/molecules/details/detail_field_test.dart: DetailFieldDisplay renders text field display
00:30 +1266 ~3 -5: C:/Users/zarik/OneDrive/Desktop/TrossApp/frontend/test/widgets/molecules/details/detail_field_test.dart: DetailFieldDisplay renders text field display
00:30 +1267 ~3 -5: C:/Users/zarik/OneDrive/Desktop/TrossApp/frontend/test/widgets/molecules/details/detail_field_test.dart: DetailFieldDisplay renders text field display
00:30 +1268 ~3 -5: C:/Users/zarik/OneDrive/Desktop/TrossApp/frontend/test/widgets/molecules/details/detail_field_test.dart: DetailFieldDisplay renders text field display
00:30 +1269 ~3 -5: C:/Users/zarik/OneDrive/Desktop/TrossApp/frontend/test/widgets/molecules/details/detail_field_test.dart: DetailFieldDisplay renders text field display
00:30 +1270 ~3 -5: C:/Users/zarik/OneDrive/Desktop/TrossApp/frontend/test/widgets/molecules/details/detail_field_test.dart: DetailFieldDisplay renders text field display
00:30 +1271 ~3 -5: C:/Users/zarik/OneDrive/Desktop/TrossApp/frontend/test/widgets/molecules/details/detail_field_test.dart: DetailFieldDisplay renders text field display
00:30 +1272 ~3 -5: C:/Users/zarik/OneDrive/Desktop/TrossApp/frontend/test/widgets/molecules/details/detail_field_test.dart: DetailFieldDisplay renders text field display
00:30 +1273 ~3 -5: C:/Users/zarik/OneDrive/Desktop/TrossApp/frontend/test/widgets/molecules/details/detail_field_test.dart: DetailFieldDisplay renders text field display
00:30 +1274 ~3 -5: C:/Users/zarik/OneDrive/Desktop/TrossApp/frontend/test/widgets/molecules/details/detail_field_test.dart: DetailFieldDisplay renders text field display
00:30 +1275 ~3 -5: C:/Users/zarik/OneDrive/Desktop/TrossApp/frontend/test/widgets/molecules/details/detail_field_test.dart: DetailFieldDisplay renders text field display
00:30 +1276 ~3 -5: C:/Users/zarik/OneDrive/Desktop/TrossApp/frontend/test/widgets/molecules/details/detail_field_test.dart: DetailFieldDisplay renders text field display
00:30 +1277 ~3 -5: C:/Users/zarik/OneDrive/Desktop/TrossApp/frontend/test/widgets/molecules/details/detail_field_test.dart: DetailFieldDisplay renders text field display
00:31 +1278 ~3 -5: C:/Users/zarik/OneDrive/Desktop/TrossApp/frontend/test/widgets/molecules/details/detail_field_test.dart: DetailFieldDisplay renders text field display
00:31 +1279 ~3 -5: C:/Users/zarik/OneDrive/Desktop/TrossApp/frontend/test/widgets/molecules/details/detail_field_test.dart: DetailFieldDisplay renders text field display
00:31 +1280 ~3 -5: C:/Users/zarik/OneDrive/Desktop/TrossApp/frontend/test/widgets/molecules/details/detail_field_test.dart: DetailFieldDisplay renders text field display
00:31 +1281 ~3 -5: C:/Users/zarik/OneDrive/Desktop/TrossApp/frontend/test/widgets/molecules/details/detail_panel_test.dart: DetailPanel - SRP: Read-Only Field Rendering renders all fields from config
00:31 +1282 ~3 -5: C:/Users/zarik/OneDrive/Desktop/TrossApp/frontend/test/widgets/molecules/details/detail_panel_test.dart: DetailPanel - SRP: Read-Only Field Rendering renders all fields from config
00:31 +1283 ~3 -5: C:/Users/zarik/OneDrive/Desktop/TrossApp/frontend/test/widgets/molecules/details/detail_panel_test.dart: DetailPanel - SRP: Read-Only Field Rendering renders all fields from config
00:31 +1284 ~3 -5: C:/Users/zarik/OneDrive/Desktop/TrossApp/frontend/test/widgets/molecules/details/detail_panel_test.dart: DetailPanel - SRP: Read-Only Field Rendering renders all fields from config
00:31 +1285 ~3 -5: C:/Users/zarik/OneDrive/Desktop/TrossApp/frontend/test/widgets/molecules/details/detail_panel_test.dart: DetailPanel - SRP: Read-Only Field Rendering renders all fields from config
00:31 +1286 ~3 -5: C:/Users/zarik/OneDrive/Desktop/TrossApp/frontend/test/widgets/molecules/details/detail_panel_test.dart: DetailPanel - SRP: Read-Only Field Rendering renders all fields from config
00:31 +1287 ~3 -5: C:/Users/zarik/OneDrive/Desktop/TrossApp/frontend/test/widgets/molecules/details/detail_panel_test.dart: DetailPanel - SRP: Read-Only Field Rendering renders all fields from config
00:31 +1288 ~3 -5: C:/Users/zarik/OneDrive/Desktop/TrossApp/frontend/test/widgets/molecules/details/detail_panel_test.dart: DetailPanel - SRP: Read-Only Field Rendering renders all fields from config
00:31 +1289 ~3 -5: C:/Users/zarik/OneDrive/Desktop/TrossApp/frontend/test/widgets/molecules/details/detail_panel_test.dart: DetailPanel - SRP: Read-Only Field Rendering renders all fields from config
00:31 +1290 ~3 -5: C:/Users/zarik/OneDrive/Desktop/TrossApp/frontend/test/widgets/molecules/dev_mode_indicator_test.dart: DevModeIndicator shows badge in development mode
00:31 +1291 ~3 -5: C:/Users/zarik/OneDrive/Desktop/TrossApp/frontend/test/widgets/molecules/dev_mode_indicator_test.dart: DevModeIndicator shows badge in development mode
00:31 +1292 ~3 -5: C:/Users/zarik/OneDrive/Desktop/TrossApp/frontend/test/widgets/molecules/dev_mode_indicator_test.dart: DevModeIndicator shows badge in development mode
00:31 +1293 ~3 -5: C:/Users/zarik/OneDrive/Desktop/TrossApp/frontend/test/widgets/molecules/dev_mode_indicator_test.dart: DevModeIndicator shows badge in development mode
00:31 +1294 ~3 -5: C:/Users/zarik/OneDrive/Desktop/TrossApp/frontend/test/widgets/molecules/dev_mode_indicator_test.dart: DevModeIndicator shows badge in development mode
00:31 +1295 ~3 -5: C:/Users/zarik/OneDrive/Desktop/TrossApp/frontend/test/widgets/molecules/dev_mode_indicator_test.dart: DevModeIndicator shows badge in development mode
00:31 +1296 ~3 -5: C:/Users/zarik/OneDrive/Desktop/TrossApp/frontend/test/widgets/molecules/dev_mode_indicator_test.dart: DevModeIndicator shows badge in development mode
00:31 +1297 ~3 -5: C:/Users/zarik/OneDrive/Desktop/TrossApp/frontend/test/widgets/molecules/dev_mode_indicator_test.dart: DevModeIndicator shows badge in development mode
00:31 +1298 ~3 -5: C:/Users/zarik/OneDrive/Desktop/TrossApp/frontend/test/widgets/molecules/dev_mode_indicator_test.dart: DevModeIndicator shows badge in development mode
00:31 +1299 ~3 -5: C:/Users/zarik/OneDrive/Desktop/TrossApp/frontend/test/widgets/molecules/dev_mode_indicator_test.dart: DevModeIndicator shows badge in development mode
00:31 +1300 ~3 -5: C:/Users/zarik/OneDrive/Desktop/TrossApp/frontend/test/widgets/molecules/dev_mode_indicator_test.dart: DevModeIndicator shows badge in development mode
00:31 +1301 ~3 -5: C:/Users/zarik/OneDrive/Desktop/TrossApp/frontend/test/widgets/molecules/dev_mode_indicator_test.dart: DevModeIndicator shows badge in development mode
00:31 +1302 ~3 -5: C:/Users/zarik/OneDrive/Desktop/TrossApp/frontend/test/widgets/molecules/dev_mode_indicator_test.dart: DevModeIndicator shows badge in development mode
00:31 +1303 ~3 -5: C:/Users/zarik/OneDrive/Desktop/TrossApp/frontend/test/widgets/molecules/dev_mode_indicator_test.dart: DevModeIndicator shows badge in development mode
00:32 +1304 ~3 -5: C:/Users/zarik/OneDrive/Desktop/TrossApp/frontend/test/widgets/molecules/dev_mode_indicator_test.dart: DevModeIndicator shows badge in development mode
00:32 +1305 ~3 -5: C:/Users/zarik/OneDrive/Desktop/TrossApp/frontend/test/widgets/molecules/dev_mode_indicator_test.dart: DevModeIndicator shows badge in development mode
00:32 +1306 ~3 -5: C:/Users/zarik/OneDrive/Desktop/TrossApp/frontend/test/widgets/molecules/dev_mode_indicator_test.dart: DevModeIndicator shows badge in development mode
00:32 +1307 ~3 -5: C:/Users/zarik/OneDrive/Desktop/TrossApp/frontend/test/widgets/molecules/dev_mode_indicator_test.dart: DevModeIndicator shows badge in development mode
00:32 +1308 ~3 -5: C:/Users/zarik/OneDrive/Desktop/TrossApp/frontend/test/widgets/molecules/dev_mode_indicator_test.dart: DevModeIndicator shows badge in development mode
00:32 +1309 ~3 -5: C:/Users/zarik/OneDrive/Desktop/TrossApp/frontend/test/widgets/molecules/empty_state_test.dart: EmptyState Molecule Tests renders with required properties
00:32 +1310 ~3 -5: C:/Users/zarik/OneDrive/Desktop/TrossApp/frontend/test/widgets/molecules/empty_state_test.dart: EmptyState Molecule Tests renders with required properties
00:32 +1311 ~3 -5: C:/Users/zarik/OneDrive/Desktop/TrossApp/frontend/test/widgets/molecules/empty_state_test.dart: EmptyState Molecule Tests renders with required properties
00:32 +1312 ~3 -5: C:/Users/zarik/OneDrive/Desktop/TrossApp/frontend/test/widgets/molecules/empty_state_test.dart: EmptyState Molecule Tests renders with required properties
00:32 +1313 ~3 -5: C:/Users/zarik/OneDrive/Desktop/TrossApp/frontend/test/widgets/molecules/empty_state_test.dart: EmptyState Molecule Tests renders with required properties
00:32 +1314 ~3 -5: C:/Users/zarik/OneDrive/Desktop/TrossApp/frontend/test/widgets/molecules/empty_state_test.dart: EmptyState Molecule Tests renders with required properties
00:32 +1315 ~3 -5: C:/Users/zarik/OneDrive/Desktop/TrossApp/frontend/test/widgets/molecules/empty_state_test.dart: EmptyState Molecule Tests renders with required properties
00:32 +1316 ~3 -5: C:/Users/zarik/OneDrive/Desktop/TrossApp/frontend/test/widgets/molecules/empty_state_test.dart: EmptyState Molecule Tests renders with required properties
00:32 +1317 ~3 -5: C:/Users/zarik/OneDrive/Desktop/TrossApp/frontend/test/widgets/molecules/forms/generic_form_test.dart: GenericForm - SRP: Field Rendering Only renders all fields from config
00:32 +1318 ~3 -5: C:/Users/zarik/OneDrive/Desktop/TrossApp/frontend/test/widgets/molecules/forms/generic_form_test.dart: GenericForm - SRP: Field Rendering Only renders all fields from config
00:32 +1319 ~3 -5: C:/Users/zarik/OneDrive/Desktop/TrossApp/frontend/test/widgets/molecules/forms/generic_form_test.dart: GenericForm - SRP: Field Rendering Only renders all fields from config
00:32 +1320 ~3 -5: C:/Users/zarik/OneDrive/Desktop/TrossApp/frontend/test/widgets/molecules/forms/generic_form_test.dart: GenericForm - SRP: Field Rendering Only renders all fields from config
00:32 +1321 ~3 -5: C:/Users/zarik/OneDrive/Desktop/TrossApp/frontend/test/widgets/molecules/forms/generic_form_test.dart: GenericForm - SRP: Field Rendering Only renders all fields from config
00:32 +1322 ~3 -5: C:/Users/zarik/OneDrive/Desktop/TrossApp/frontend/test/widgets/molecules/forms/generic_form_test.dart: GenericForm - SRP: Field Rendering Only renders all fields from config
00:32 +1323 ~3 -5: C:/Users/zarik/OneDrive/Desktop/TrossApp/frontend/test/widgets/molecules/forms/generic_form_test.dart: GenericForm - SRP: Field Rendering Only renders all fields from config
00:32 +1324 ~3 -5: C:/Users/zarik/OneDrive/Desktop/TrossApp/frontend/test/widgets/molecules/forms/generic_form_test.dart: GenericForm - SRP: Field Rendering Only renders all fields from config
00:32 +1325 ~3 -5: C:/Users/zarik/OneDrive/Desktop/TrossApp/frontend/test/widgets/molecules/forms/generic_form_test.dart: GenericForm - SRP: Field Rendering Only renders all fields from config
00:32 +1326 ~3 -5: C:/Users/zarik/OneDrive/Desktop/TrossApp/frontend/test/widgets/molecules/forms/generic_form_test.dart: GenericForm - SRP: Field Rendering Only renders all fields from config
00:32 +1327 ~3 -5: C:/Users/zarik/OneDrive/Desktop/TrossApp/frontend/test/widgets/molecules/forms/generic_form_test.dart: GenericForm - SRP: Field Rendering Only renders all fields from config
00:33 +1328 ~3 -5: C:/Users/zarik/OneDrive/Desktop/TrossApp/frontend/test/widgets/molecules/forms/generic_form_test.dart: GenericForm - SRP: Field Rendering Only renders all fields from config
00:33 +1329 ~3 -5: C:/Users/zarik/OneDrive/Desktop/TrossApp/frontend/test/widgets/molecules/forms/generic_form_test.dart: GenericForm - SRP: Field Rendering Only renders all fields from config
00:33 +1330 ~3 -5: C:/Users/zarik/OneDrive/Desktop/TrossApp/frontend/test/widgets/molecules/forms/generic_form_test.dart: GenericForm - SRP: Field Rendering Only renders all fields from config
00:33 +1331 ~3 -5: C:/Users/zarik/OneDrive/Desktop/TrossApp/frontend/test/widgets/molecules/forms/generic_form_test.dart: GenericForm - SRP: Field Rendering Only renders all fields from config
00:33 +1332 ~3 -5: C:/Users/zarik/OneDrive/Desktop/TrossApp/frontend/test/widgets/molecules/forms/generic_form_test.dart: GenericForm - SRP: Field Rendering Only renders all fields from config
00:33 +1333 ~3 -5: C:/Users/zarik/OneDrive/Desktop/TrossApp/frontend/test/widgets/molecules/forms/generic_form_test.dart: GenericForm - SRP: Field Rendering Only renders all fields from config
00:33 +1334 ~3 -5: C:/Users/zarik/OneDrive/Desktop/TrossApp/frontend/test/widgets/molecules/forms/generic_form_test.dart: GenericForm - SRP: Field Rendering Only renders all fields from config
00:33 +1335 ~3 -5: C:/Users/zarik/OneDrive/Desktop/TrossApp/frontend/test/widgets/molecules/forms/generic_form_test.dart: GenericForm - SRP: Field Rendering Only renders all fields from config
00:33 +1336 ~3 -5: C:/Users/zarik/OneDrive/Desktop/TrossApp/frontend/test/widgets/molecules/forms/generic_form_test.dart: GenericForm - SRP: Field Rendering Only renders all fields from config
00:33 +1337 ~3 -5: C:/Users/zarik/OneDrive/Desktop/TrossApp/frontend/test/widgets/molecules/forms/generic_form_test.dart: GenericForm - SRP: Field Rendering Only renders all fields from config
00:33 +1338 ~3 -5: C:/Users/zarik/OneDrive/Desktop/TrossApp/frontend/test/widgets/molecules/forms/generic_form_test.dart: GenericForm - SRP: Field Rendering Only renders all fields from config
00:33 +1339 ~3 -5: C:/Users/zarik/OneDrive/Desktop/TrossApp/frontend/test/widgets/molecules/forms/generic_form_test.dart: GenericForm - SRP: Field Rendering Only renders all fields from config
00:33 +1340 ~3 -5: C:/Users/zarik/OneDrive/Desktop/TrossApp/frontend/test/widgets/molecules/forms/generic_form_test.dart: GenericForm - SRP: Field Rendering Only renders all fields from config
00:33 +1341 ~3 -5: C:/Users/zarik/OneDrive/Desktop/TrossApp/frontend/test/widgets/molecules/forms/generic_form_test.dart: GenericForm - SRP: Field Rendering Only renders all fields from config
00:33 +1342 ~3 -5: C:/Users/zarik/OneDrive/Desktop/TrossApp/frontend/test/widgets/molecules/forms/generic_form_test.dart: GenericForm - SRP: Field Rendering Only renders all fields from config
00:33 +1343 ~3 -5: C:/Users/zarik/OneDrive/Desktop/TrossApp/frontend/test/widgets/molecules/forms/generic_form_test.dart: GenericForm - SRP: Field Rendering Only renders all fields from config
00:33 +1344 ~3 -5: C:/Users/zarik/OneDrive/Desktop/TrossApp/frontend/test/widgets/molecules/forms/generic_form_test.dart: GenericForm - SRP: Field Rendering Only renders all fields from config
00:33 +1345 ~3 -5: C:/Users/zarik/OneDrive/Desktop/TrossApp/frontend/test/widgets/molecules/forms/generic_form_test.dart: GenericForm - SRP: Field Rendering Only renders all fields from config
00:33 +1346 ~3 -5: C:/Users/zarik/OneDrive/Desktop/TrossApp/frontend/test/widgets/molecules/forms/generic_form_test.dart: GenericForm - SRP: Field Rendering Only renders all fields from config
00:33 +1347 ~3 -5: C:/Users/zarik/OneDrive/Desktop/TrossApp/frontend/test/widgets/molecules/forms/generic_form_test.dart: GenericForm - SRP: Field Rendering Only renders all fields from config
00:33 +1348 ~3 -5: C:/Users/zarik/OneDrive/Desktop/TrossApp/frontend/test/widgets/molecules/forms/generic_form_test.dart: GenericForm - SRP: Field Rendering Only renders all fields from config
00:33 +1349 ~3 -5: C:/Users/zarik/OneDrive/Desktop/TrossApp/frontend/test/widgets/molecules/layout/layer_stack_test.dart: LayerStack Molecule Tests renders children in layers
00:33 +1350 ~3 -5: C:/Users/zarik/OneDrive/Desktop/TrossApp/frontend/test/widgets/molecules/layout/layer_stack_test.dart: LayerStack Molecule Tests renders children in layers
00:33 +1351 ~3 -5: C:/Users/zarik/OneDrive/Desktop/TrossApp/frontend/test/widgets/molecules/layout/layer_stack_test.dart: LayerStack Molecule Tests renders children in layers
00:33 +1352 ~3 -5: C:/Users/zarik/OneDrive/Desktop/TrossApp/frontend/test/widgets/molecules/layout/layer_stack_test.dart: LayerStack Molecule Tests renders children in layers
00:33 +1353 ~3 -5: C:/Users/zarik/OneDrive/Desktop/TrossApp/frontend/test/widgets/molecules/layout/layer_stack_test.dart: LayerStack Molecule Tests renders children in layers
00:33 +1354 ~3 -5: C:/Users/zarik/OneDrive/Desktop/TrossApp/frontend/test/widgets/molecules/layout/layer_stack_test.dart: LayerStack Molecule Tests renders children in layers
00:33 +1355 ~3 -5: C:/Users/zarik/OneDrive/Desktop/TrossApp/frontend/test/widgets/molecules/layout/layer_stack_test.dart: LayerStack Molecule Tests renders children in layers
00:33 +1356 ~3 -5: C:/Users/zarik/OneDrive/Desktop/TrossApp/frontend/test/widgets/molecules/layout/layer_stack_test.dart: LayerStack Molecule Tests renders children in layers
00:33 +1357 ~3 -5: C:/Users/zarik/OneDrive/Desktop/TrossApp/frontend/test/widgets/molecules/layout/layer_stack_test.dart: LayerStack Molecule Tests renders children in layers
00:33 +1358 ~3 -5: C:/Users/zarik/OneDrive/Desktop/TrossApp/frontend/test/widgets/molecules/layout/layer_stack_test.dart: LayerStack Molecule Tests renders children in layers
00:33 +1359 ~3 -5: C:/Users/zarik/OneDrive/Desktop/TrossApp/frontend/test/widgets/molecules/layout/layer_stack_test.dart: LayerStack Molecule Tests renders children in layers
00:33 +1360 ~3 -5: C:/Users/zarik/OneDrive/Desktop/TrossApp/frontend/test/widgets/molecules/layout/layer_stack_test.dart: LayerStack Molecule Tests renders children in layers
00:33 +1361 ~3 -5: C:/Users/zarik/OneDrive/Desktop/TrossApp/frontend/test/widgets/molecules/layout/layer_stack_test.dart: LayerStack Molecule Tests renders children in layers
00:34 +1362 ~3 -5: C:/Users/zarik/OneDrive/Desktop/TrossApp/frontend/test/widgets/molecules/layout/layer_stack_test.dart: LayerStack Molecule Tests renders children in layers
00:34 +1363 ~3 -5: C:/Users/zarik/OneDrive/Desktop/TrossApp/frontend/test/widgets/molecules/layout/layer_stack_test.dart: LayerStack Molecule Tests renders children in layers
00:34 +1364 ~3 -5: C:/Users/zarik/OneDrive/Desktop/TrossApp/frontend/test/widgets/molecules/layout/layer_stack_test.dart: LayerStack Molecule Tests renders children in layers
00:34 +1365 ~3 -5: C:/Users/zarik/OneDrive/Desktop/TrossApp/frontend/test/widgets/molecules/layout/layer_stack_test.dart: LayerStack Molecule Tests renders children in layers
00:34 +1366 ~3 -5: C:/Users/zarik/OneDrive/Desktop/TrossApp/frontend/test/widgets/molecules/layout/layer_stack_test.dart: LayerStack Molecule Tests renders children in layers
00:34 +1367 ~3 -5: C:/Users/zarik/OneDrive/Desktop/TrossApp/frontend/test/widgets/molecules/layout/layer_stack_test.dart: LayerStack Molecule Tests renders children in layers
00:34 +1368 ~3 -5: C:/Users/zarik/OneDrive/Desktop/TrossApp/frontend/test/widgets/molecules/layout/layer_stack_test.dart: LayerStack Molecule Tests renders children in layers
00:34 +1369 ~3 -5: C:/Users/zarik/OneDrive/Desktop/TrossApp/frontend/test/widgets/molecules/layout/layer_stack_test.dart: LayerStack Molecule Tests renders children in layers
00:34 +1370 ~3 -5: C:/Users/zarik/OneDrive/Desktop/TrossApp/frontend/test/widgets/molecules/layout/layer_stack_test.dart: LayerStack Molecule Tests renders children in layers
00:34 +1371 ~3 -5: C:/Users/zarik/OneDrive/Desktop/TrossApp/frontend/test/widgets/molecules/layout/layer_stack_test.dart: LayerStack Molecule Tests renders children in layers
00:34 +1372 ~3 -5: C:/Users/zarik/OneDrive/Desktop/TrossApp/frontend/test/widgets/molecules/layout/layer_stack_test.dart: LayerStack Molecule Tests renders children in layers
00:34 +1373 ~3 -5: C:/Users/zarik/OneDrive/Desktop/TrossApp/frontend/test/widgets/molecules/layout/layer_stack_test.dart: LayerStack Molecule Tests renders children in layers
00:34 +1374 ~3 -5: C:/Users/zarik/OneDrive/Desktop/TrossApp/frontend/test/widgets/molecules/layout/layer_stack_test.dart: LayerStack Molecule Tests renders children in layers
00:34 +1375 ~3 -5: C:/Users/zarik/OneDrive/Desktop/TrossApp/frontend/test/widgets/molecules/layout/layer_stack_test.dart: LayerStack Molecule Tests renders children in layers
00:34 +1376 ~3 -5: C:/Users/zarik/OneDrive/Desktop/TrossApp/frontend/test/widgets/molecules/layout/layer_stack_test.dart: LayerStack Molecule Tests renders children in layers
00:34 +1377 ~3 -5: C:/Users/zarik/OneDrive/Desktop/TrossApp/frontend/test/widgets/molecules/layout/layer_stack_test.dart: LayerStack Molecule Tests renders children in layers
00:34 +1378 ~3 -5: C:/Users/zarik/OneDrive/Desktop/TrossApp/frontend/test/widgets/molecules/layout/layer_stack_test.dart: LayerStack Molecule Tests renders children in layers
00:34 +1379 ~3 -5: C:/Users/zarik/OneDrive/Desktop/TrossApp/frontend/test/widgets/molecules/layout/vertical_stack_test.dart: VerticalStack Molecule Tests renders children vertically
00:34 +1380 ~3 -5: C:/Users/zarik/OneDrive/Desktop/TrossApp/frontend/test/widgets/molecules/layout/vertical_stack_test.dart: VerticalStack Molecule Tests renders children vertically
00:34 +1381 ~3 -5: C:/Users/zarik/OneDrive/Desktop/TrossApp/frontend/test/widgets/molecules/layout/vertical_stack_test.dart: VerticalStack Molecule Tests renders children vertically
00:34 +1382 ~3 -5: C:/Users/zarik/OneDrive/Desktop/TrossApp/frontend/test/widgets/molecules/layout/vertical_stack_test.dart: VerticalStack Molecule Tests renders children vertically
00:34 +1383 ~3 -5: C:/Users/zarik/OneDrive/Desktop/TrossApp/frontend/test/widgets/molecules/layout/vertical_stack_test.dart: VerticalStack Molecule Tests renders children vertically
00:34 +1384 ~3 -5: C:/Users/zarik/OneDrive/Desktop/TrossApp/frontend/test/widgets/molecules/layout/vertical_stack_test.dart: VerticalStack Molecule Tests renders children vertically
00:34 +1385 ~3 -5: C:/Users/zarik/OneDrive/Desktop/TrossApp/frontend/test/widgets/molecules/layout/vertical_stack_test.dart: VerticalStack Molecule Tests renders children vertically
00:34 +1386 ~3 -5: C:/Users/zarik/OneDrive/Desktop/TrossApp/frontend/test/widgets/molecules/layout/vertical_stack_test.dart: VerticalStack Molecule Tests renders children vertically
00:34 +1387 ~3 -5: C:/Users/zarik/OneDrive/Desktop/TrossApp/frontend/test/widgets/molecules/layout/vertical_stack_test.dart: VerticalStack Molecule Tests renders children vertically
00:34 +1388 ~3 -5: C:/Users/zarik/OneDrive/Desktop/TrossApp/frontend/test/widgets/molecules/layout/vertical_stack_test.dart: VerticalStack Molecule Tests renders children vertically
00:34 +1389 ~3 -5: C:/Users/zarik/OneDrive/Desktop/TrossApp/frontend/test/widgets/molecules/layout/vertical_stack_test.dart: VerticalStack Molecule Tests renders children vertically
00:34 +1390 ~3 -5: C:/Users/zarik/OneDrive/Desktop/TrossApp/frontend/test/widgets/molecules/layout/vertical_stack_test.dart: VerticalStack Molecule Tests renders children vertically
00:34 +1391 ~3 -5: C:/Users/zarik/OneDrive/Desktop/TrossApp/frontend/test/widgets/molecules/layout/vertical_stack_test.dart: VerticalStack Molecule Tests renders children vertically
00:34 +1392 ~3 -5: C:/Users/zarik/OneDrive/Desktop/TrossApp/frontend/test/widgets/molecules/layout/vertical_stack_test.dart: VerticalStack Molecule Tests renders children vertically
00:34 +1393 ~3 -5: C:/Users/zarik/OneDrive/Desktop/TrossApp/frontend/test/widgets/molecules/layout/vertical_stack_test.dart: VerticalStack Molecule Tests renders children vertically
00:34 +1394 ~3 -5: C:/Users/zarik/OneDrive/Desktop/TrossApp/frontend/test/widgets/molecules/layout/vertical_stack_test.dart: VerticalStack Molecule Tests renders children vertically
00:34 +1395 ~3 -5: C:/Users/zarik/OneDrive/Desktop/TrossApp/frontend/test/widgets/molecules/layout/vertical_stack_test.dart: VerticalStack Molecule Tests renders children vertically
00:34 +1396 ~3 -5: C:/Users/zarik/OneDrive/Desktop/TrossApp/frontend/test/widgets/molecules/layout/vertical_stack_test.dart: VerticalStack Molecule Tests renders children vertically
00:34 +1397 ~3 -5: C:/Users/zarik/OneDrive/Desktop/TrossApp/frontend/test/widgets/molecules/layout/vertical_stack_test.dart: VerticalStack Molecule Tests renders children vertically
00:34 +1398 ~3 -5: C:/Users/zarik/OneDrive/Desktop/TrossApp/frontend/test/widgets/molecules/layout/vertical_stack_test.dart: VerticalStack Molecule Tests renders children vertically
00:34 +1399 ~3 -5: C:/Users/zarik/OneDrive/Desktop/TrossApp/frontend/test/widgets/molecules/layout/vertical_stack_test.dart: VerticalStack Molecule Tests renders children vertically
00:34 +1400 ~3 -5: C:/Users/zarik/OneDrive/Desktop/TrossApp/frontend/test/widgets/molecules/layout/vertical_stack_test.dart: VerticalStack Molecule Tests renders children vertically
00:34 +1401 ~3 -5: C:/Users/zarik/OneDrive/Desktop/TrossApp/frontend/test/widgets/molecules/layout/vertical_stack_test.dart: VerticalStack Molecule Tests renders children vertically
00:34 +1402 ~3 -5: C:/Users/zarik/OneDrive/Desktop/TrossApp/frontend/test/widgets/organisms/async_providers/async_data_provider_test.dart: AsyncDataProvider Organism Tests shows loading indicator while future is pending
00:34 +1403 ~3 -5: C:/Users/zarik/OneDrive/Desktop/TrossApp/frontend/test/widgets/organisms/async_providers/async_data_provider_test.dart: AsyncDataProvider Organism Tests shows loading indicator while future is pending
00:34 +1404 ~3 -5: C:/Users/zarik/OneDrive/Desktop/TrossApp/frontend/test/widgets/organisms/async_providers/async_data_provider_test.dart: AsyncDataProvider Organism Tests shows loading indicator while future is pending
00:34 +1405 ~3 -5: C:/Users/zarik/OneDrive/Desktop/TrossApp/frontend/test/widgets/organisms/async_providers/async_data_provider_test.dart: AsyncDataProvider Organism Tests shows loading indicator while future is pending
00:34 +1406 ~3 -5: C:/Users/zarik/OneDrive/Desktop/TrossApp/frontend/test/widgets/organisms/async_providers/async_data_provider_test.dart: AsyncDataProvider Organism Tests shows loading indicator while future is pending
00:34 +1407 ~3 -5: C:/Users/zarik/OneDrive/Desktop/TrossApp/frontend/test/widgets/organisms/async_providers/async_data_provider_test.dart: AsyncDataProvider Organism Tests shows loading indicator while future is pending
00:34 +1408 ~3 -5: C:/Users/zarik/OneDrive/Desktop/TrossApp/frontend/test/widgets/organisms/async_providers/async_data_provider_test.dart: AsyncDataProvider Organism Tests shows loading indicator while future is pending
00:34 +1409 ~3 -5: C:/Users/zarik/OneDrive/Desktop/TrossApp/frontend/test/widgets/organisms/async_providers/async_data_provider_test.dart: AsyncDataProvider Organism Tests shows loading indicator while future is pending
00:34 +1410 ~3 -5: C:/Users/zarik/OneDrive/Desktop/TrossApp/frontend/test/widgets/organisms/async_providers/async_data_provider_test.dart: AsyncDataProvider Organism Tests shows loading indicator while future is pending
00:34 +1411 ~3 -5: C:/Users/zarik/OneDrive/Desktop/TrossApp/frontend/test/widgets/organisms/async_providers/async_data_provider_test.dart: AsyncDataProvider Organism Tests shows loading indicator while future is pending
00:34 +1412 ~3 -5: C:/Users/zarik/OneDrive/Desktop/TrossApp/frontend/test/widgets/organisms/async_providers/async_data_provider_test.dart: AsyncDataProvider Organism Tests shows loading indicator while future is pending
00:34 +1413 ~3 -5: C:/Users/zarik/OneDrive/Desktop/TrossApp/frontend/test/widgets/organisms/async_providers/async_data_provider_test.dart: AsyncDataProvider Organism Tests shows loading indicator while future is pending
00:35 +1414 ~3 -5: C:/Users/zarik/OneDrive/Desktop/TrossApp/frontend/test/widgets/organisms/async_providers/async_data_provider_test.dart: AsyncDataProvider Organism Tests shows loading indicator while future is pending
00:35 +1415 ~3 -5: C:/Users/zarik/OneDrive/Desktop/TrossApp/frontend/test/widgets/organisms/async_providers/async_data_provider_test.dart: AsyncDataProvider Organism Tests shows loading indicator while future is pending
00:35 +1416 ~3 -5: C:/Users/zarik/OneDrive/Desktop/TrossApp/frontend/test/widgets/organisms/async_providers/async_data_provider_test.dart: AsyncDataProvider Organism Tests shows loading indicator while future is pending
00:35 +1417 ~3 -5: C:/Users/zarik/OneDrive/Desktop/TrossApp/frontend/test/widgets/organisms/async_providers/async_data_provider_test.dart: AsyncDataProvider Organism Tests shows loading indicator while future is pending
00:35 +1418 ~3 -5: C:/Users/zarik/OneDrive/Desktop/TrossApp/frontend/test/widgets/organisms/async_providers/async_data_provider_test.dart: AsyncDataProvider Organism Tests shows loading indicator while future is pending
00:35 +1419 ~3 -5: C:/Users/zarik/OneDrive/Desktop/TrossApp/frontend/test/widgets/organisms/async_providers/async_data_provider_test.dart: AsyncDataProvider Organism Tests shows loading indicator while future is pending
00:35 +1420 ~3 -5: C:/Users/zarik/OneDrive/Desktop/TrossApp/frontend/test/widgets/organisms/async_providers/async_data_provider_test.dart: AsyncDataProvider Organism Tests shows loading indicator while future is pending
00:35 +1421 ~3 -5: C:/Users/zarik/OneDrive/Desktop/TrossApp/frontend/test/widgets/organisms/async_providers/async_data_provider_test.dart: AsyncDataProvider Organism Tests shows loading indicator while future is pending
00:35 +1422 ~3 -5: C:/Users/zarik/OneDrive/Desktop/TrossApp/frontend/test/widgets/organisms/async_providers/async_data_provider_test.dart: AsyncDataProvider Organism Tests shows data when future completes successfully
00:35 +1423 ~3 -5: C:/Users/zarik/OneDrive/Desktop/TrossApp/frontend/test/widgets/organisms/async_providers/refreshable_data_provider_test.dart: RefreshableDataProvider Organism Tests loads data on initialization
00:36 +1424 ~3 -5: C:/Users/zarik/OneDrive/Desktop/TrossApp/frontend/test/widgets/organisms/async_providers/refreshable_data_provider_test.dart: RefreshableDataProvider Organism Tests loads data on initialization
00:36 +1425 ~3 -5: C:/Users/zarik/OneDrive/Desktop/TrossApp/frontend/test/widgets/organisms/async_providers/refreshable_data_provider_test.dart: RefreshableDataProvider Organism Tests loads data on initialization
00:36 +1426 ~3 -5: C:/Users/zarik/OneDrive/Desktop/TrossApp/frontend/test/widgets/organisms/async_providers/refreshable_data_provider_test.dart: RefreshableDataProvider Organism Tests loads data on initialization
00:36 +1427 ~3 -5: C:/Users/zarik/OneDrive/Desktop/TrossApp/frontend/test/widgets/organisms/async_providers/refreshable_data_provider_test.dart: RefreshableDataProvider Organism Tests loads data on initialization
00:36 +1428 ~3 -5: C:/Users/zarik/OneDrive/Desktop/TrossApp/frontend/test/widgets/organisms/async_providers/refreshable_data_provider_test.dart: RefreshableDataProvider Organism Tests loads data on initialization
00:36 +1429 ~3 -5: C:/Users/zarik/OneDrive/Desktop/TrossApp/frontend/test/widgets/organisms/async_providers/refreshable_data_provider_test.dart: RefreshableDataProvider Organism Tests loads data on initialization
00:36 +1430 ~3 -5: C:/Users/zarik/OneDrive/Desktop/TrossApp/frontend/test/widgets/organisms/async_providers/refreshable_data_provider_test.dart: RefreshableDataProvider Organism Tests loads data on initialization
00:36 +1431 ~3 -5: C:/Users/zarik/OneDrive/Desktop/TrossApp/frontend/test/widgets/organisms/async_providers/stream_data_provider_test.dart: StreamDataProvider Organism Tests shows loading while waiting for first stream event
00:37 +1432 ~3 -5: C:/Users/zarik/OneDrive/Desktop/TrossApp/frontend/test/widgets/organisms/async_providers/stream_data_provider_test.dart: StreamDataProvider Organism Tests shows loading while waiting for first stream event
00:37 +1433 ~3 -5: C:/Users/zarik/OneDrive/Desktop/TrossApp/frontend/test/widgets/organisms/async_providers/stream_data_provider_test.dart: StreamDataProvider Organism Tests shows loading while waiting for first stream event
00:37 +1434 ~3 -5: C:/Users/zarik/OneDrive/Desktop/TrossApp/frontend/test/widgets/organisms/async_providers/stream_data_provider_test.dart: StreamDataProvider Organism Tests shows loading while waiting for first stream event
00:37 +1435 ~3 -5: C:/Users/zarik/OneDrive/Desktop/TrossApp/frontend/test/widgets/organisms/data_table_test.dart: DataTable Organism Integration Tests renders table with user data
00:37 +1436 ~3 -5: C:/Users/zarik/OneDrive/Desktop/TrossApp/frontend/test/widgets/organisms/data_table_test.dart: DataTable Organism Integration Tests renders table with user data
00:37 +1437 ~3 -5: C:/Users/zarik/OneDrive/Desktop/TrossApp/frontend/test/widgets/organisms/data_table_test.dart: DataTable Organism Integration Tests renders table with user data
00:37 +1438 ~3 -5: C:/Users/zarik/OneDrive/Desktop/TrossApp/frontend/test/widgets/organisms/data_table_test.dart: DataTable Organism Integration Tests renders table with user data
00:37 +1439 ~3 -5: C:/Users/zarik/OneDrive/Desktop/TrossApp/frontend/test/widgets/organisms/data_table_test.dart: DataTable Organism Integration Tests renders table with user data
00:37 +1440 ~3 -5: C:/Users/zarik/OneDrive/Desktop/TrossApp/frontend/test/widgets/organisms/data_table_test.dart: DataTable Organism Integration Tests renders table with user data
00:37 +1441 ~3 -5: C:/Users/zarik/OneDrive/Desktop/TrossApp/frontend/test/widgets/organisms/data_table_test.dart: DataTable Organism Integration Tests renders table with user data
00:37 +1442 ~3 -5: C:/Users/zarik/OneDrive/Desktop/TrossApp/frontend/test/widgets/organisms/data_table_test.dart: DataTable Organism Integration Tests renders table with user data
00:37 +1443 ~3 -5: C:/Users/zarik/OneDrive/Desktop/TrossApp/frontend/test/widgets/organisms/db_health_dashboard_test.dart: DbHealthDashboard Widget Initial State shows loading indicator initially
00:37 +1444 ~3 -5: C:/Users/zarik/OneDrive/Desktop/TrossApp/frontend/test/widgets/organisms/db_health_dashboard_test.dart: DbHealthDashboard Widget Initial State shows loading indicator initially
00:37 +1445 ~3 -5: C:/Users/zarik/OneDrive/Desktop/TrossApp/frontend/test/widgets/organisms/db_health_dashboard_test.dart: DbHealthDashboard Widget Initial State shows loading indicator initially
00:38 +1446 ~3 -5: C:/Users/zarik/OneDrive/Desktop/TrossApp/frontend/test/widgets/organisms/db_health_dashboard_test.dart: DbHealthDashboard Widget Initial State shows loading indicator initially
00:38 +1447 ~3 -5: C:/Users/zarik/OneDrive/Desktop/TrossApp/frontend/test/widgets/organisms/db_health_dashboard_test.dart: DbHealthDashboard Widget Initial State shows loading indicator initially
00:38 +1448 ~3 -5: C:/Users/zarik/OneDrive/Desktop/TrossApp/frontend/test/widgets/organisms/db_health_dashboard_test.dart: DbHealthDashboard Widget Initial State shows loading indicator initially
00:38 +1449 ~3 -5: C:/Users/zarik/OneDrive/Desktop/TrossApp/frontend/test/widgets/organisms/db_health_dashboard_test.dart: DbHealthDashboard Widget Initial State shows loading indicator initially
00:38 +1450 ~3 -5: C:/Users/zarik/OneDrive/Desktop/TrossApp/frontend/test/widgets/organisms/db_health_dashboard_test.dart: DbHealthDashboard Widget Initial State shows loading indicator initially
00:38 +1451 ~3 -5: C:/Users/zarik/OneDrive/Desktop/TrossApp/frontend/test/widgets/organisms/db_health_dashboard_test.dart: DbHealthDashboard Widget Initial State shows loading indicator initially
00:38 +1452 ~3 -5: C:/Users/zarik/OneDrive/Desktop/TrossApp/frontend/test/widgets/organisms/development_status_card_test.dart: DevelopmentStatusCard Widget Structure renders Card widget
00:38 +1453 ~3 -5: C:/Users/zarik/OneDrive/Desktop/TrossApp/frontend/test/widgets/organisms/fields/editable_field_test.dart: EditableField Basic Rendering renders edit widget with current value
00:38 +1454 ~3 -5: C:/Users/zarik/OneDrive/Desktop/TrossApp/frontend/test/widgets/organisms/fields/editable_field_test.dart: EditableField Basic Rendering renders edit widget with current value
00:38 +1455 ~3 -5: C:/Users/zarik/OneDrive/Desktop/TrossApp/frontend/test/widgets/organisms/fields/editable_field_test.dart: EditableField Basic Rendering renders edit widget with current value
00:38 +1456 ~3 -5: C:/Users/zarik/OneDrive/Desktop/TrossApp/frontend/test/widgets/organisms/fields/editable_field_test.dart: EditableField Basic Rendering renders edit widget with current value
00:38 +1457 ~3 -5: C:/Users/zarik/OneDrive/Desktop/TrossApp/frontend/test/widgets/organisms/fields/editable_field_test.dart: EditableField Basic Rendering renders edit widget with current value
00:38 +1458 ~3 -5: C:/Users/zarik/OneDrive/Desktop/TrossApp/frontend/test/widgets/organisms/modals/confirmation_modal_test.dart: ConfirmationModal Composition Tests mounts GenericModal organism
00:38 +1459 ~3 -5: C:/Users/zarik/OneDrive/Desktop/TrossApp/frontend/test/widgets/organisms/modals/confirmation_modal_test.dart: ConfirmationModal Composition Tests mounts GenericModal organism
00:38 +1460 ~3 -5: C:/Users/zarik/OneDrive/Desktop/TrossApp/frontend/test/widgets/organisms/modals/confirmation_modal_test.dart: ConfirmationModal Composition Tests mounts GenericModal organism
00:38 +1461 ~3 -5: C:/Users/zarik/OneDrive/Desktop/TrossApp/frontend/test/widgets/organisms/modals/confirmation_modal_test.dart: ConfirmationModal Composition Tests mounts GenericModal organism
00:38 +1462 ~3 -5: C:/Users/zarik/OneDrive/Desktop/TrossApp/frontend/test/widgets/organisms/modals/confirmation_modal_test.dart: ConfirmationModal Composition Tests mounts GenericModal organism
00:38 +1463 ~3 -5: C:/Users/zarik/OneDrive/Desktop/TrossApp/frontend/test/widgets/organisms/modals/confirmation_modal_test.dart: ConfirmationModal Composition Tests mounts GenericModal organism
00:38 +1464 ~3 -5: C:/Users/zarik/OneDrive/Desktop/TrossApp/frontend/test/widgets/organisms/modals/confirmation_modal_test.dart: ConfirmationModal Composition Tests mounts GenericModal organism
00:38 +1465 ~3 -5: C:/Users/zarik/OneDrive/Desktop/TrossApp/frontend/test/widgets/organisms/modals/confirmation_modal_test.dart: ConfirmationModal Composition Tests mounts GenericModal organism
00:38 +1466 ~3 -5: C:/Users/zarik/OneDrive/Desktop/TrossApp/frontend/test/widgets/organisms/modals/confirmation_modal_test.dart: ConfirmationModal Composition Tests mounts GenericModal organism
00:39 +1467 ~3 -5: C:/Users/zarik/OneDrive/Desktop/TrossApp/frontend/test/widgets/organisms/modals/confirmation_modal_test.dart: ConfirmationModal Composition Tests mounts GenericModal organism
00:39 +1468 ~3 -5: C:/Users/zarik/OneDrive/Desktop/TrossApp/frontend/test/widgets/organisms/modals/confirmation_modal_test.dart: ConfirmationModal Composition Tests mounts GenericModal organism
00:39 +1469 ~3 -5: C:/Users/zarik/OneDrive/Desktop/TrossApp/frontend/test/widgets/organisms/modals/detail_modal_test.dart: DetailModal Composition Tests mounts GenericModal organism
00:39 +1470 ~3 -5: C:/Users/zarik/OneDrive/Desktop/TrossApp/frontend/test/widgets/organisms/modals/detail_modal_test.dart: DetailModal Composition Tests mounts GenericModal organism
00:39 +1471 ~3 -5: C:/Users/zarik/OneDrive/Desktop/TrossApp/frontend/test/widgets/organisms/modals/detail_modal_test.dart: DetailModal Composition Tests mounts GenericModal organism
00:39 +1472 ~3 -5: C:/Users/zarik/OneDrive/Desktop/TrossApp/frontend/test/widgets/organisms/modals/detail_modal_test.dart: DetailModal Composition Tests mounts GenericModal organism
00:39 +1473 ~3 -5: C:/Users/zarik/OneDrive/Desktop/TrossApp/frontend/test/widgets/organisms/modals/detail_modal_test.dart: DetailModal Composition Tests mounts GenericModal organism
00:39 +1474 ~3 -5: C:/Users/zarik/OneDrive/Desktop/TrossApp/frontend/test/widgets/organisms/modals/detail_modal_test.dart: DetailModal Composition Tests mounts GenericModal organism
00:39 +1475 ~3 -5: C:/Users/zarik/OneDrive/Desktop/TrossApp/frontend/test/widgets/organisms/modals/detail_modal_test.dart: DetailModal Composition Tests mounts GenericModal organism
00:39 +1476 ~3 -5: C:/Users/zarik/OneDrive/Desktop/TrossApp/frontend/test/widgets/organisms/modals/detail_modal_test.dart: DetailModal Composition Tests mounts GenericModal organism
00:39 +1477 ~3 -5: C:/Users/zarik/OneDrive/Desktop/TrossApp/frontend/test/widgets/organisms/modals/detail_modal_test.dart: DetailModal Composition Tests mounts GenericModal organism
00:39 +1478 ~3 -5: C:/Users/zarik/OneDrive/Desktop/TrossApp/frontend/test/widgets/organisms/modals/detail_modal_test.dart: DetailModal Composition Tests mounts GenericModal organism
00:39 +1479 ~3 -5: C:/Users/zarik/OneDrive/Desktop/TrossApp/frontend/test/widgets/organisms/modals/detail_modal_test.dart: DetailModal Composition Tests mounts GenericModal organism
00:39 +1480 ~3 -5: C:/Users/zarik/OneDrive/Desktop/TrossApp/frontend/test/widgets/organisms/db_health_dashboard_test.dart: DbHealthDashboard Widget Error Handling displays error message when fetch fails
00:39 +1481 ~3 -5: C:/Users/zarik/OneDrive/Desktop/TrossApp/frontend/test/widgets/organisms/db_health_dashboard_test.dart: DbHealthDashboard Widget Error Handling displays error message when fetch fails
00:39 +1482 ~3 -5: C:/Users/zarik/OneDrive/Desktop/TrossApp/frontend/test/widgets/organisms/db_health_dashboard_test.dart: DbHealthDashboard Widget Error Handling displays error message when fetch fails
00:39 +1483 ~3 -5: C:/Users/zarik/OneDrive/Desktop/TrossApp/frontend/test/widgets/organisms/fields/editable_field_test.dart: EditableField Confirmation Dialog shows confirmation dialog when configured
00:39 +1484 ~3 -5: C:/Users/zarik/OneDrive/Desktop/TrossApp/frontend/test/widgets/organisms/fields/editable_field_test.dart: EditableField Confirmation Dialog shows confirmation dialog when configured
00:39 +1485 ~3 -5: C:/Users/zarik/OneDrive/Desktop/TrossApp/frontend/test/widgets/organisms/modals/form_modal_test.dart: FormModal Composition Tests mounts GenericModal organism
00:39 +1486 ~3 -5: C:/Users/zarik/OneDrive/Desktop/TrossApp/frontend/test/widgets/organisms/modals/form_modal_test.dart: FormModal Composition Tests mounts GenericModal organism
00:39 +1487 ~3 -5: C:/Users/zarik/OneDrive/Desktop/TrossApp/frontend/test/widgets/organisms/modals/form_modal_test.dart: FormModal Composition Tests mounts GenericModal organism
00:39 +1488 ~3 -5: C:/Users/zarik/OneDrive/Desktop/TrossApp/frontend/test/widgets/organisms/modals/form_modal_test.dart: FormModal Composition Tests mounts GenericModal organism
00:39 +1489 ~3 -5: C:/Users/zarik/OneDrive/Desktop/TrossApp/frontend/test/widgets/organisms/modals/form_modal_test.dart: FormModal Composition Tests mounts GenericModal organism
00:39 +1490 ~3 -5: C:/Users/zarik/OneDrive/Desktop/TrossApp/frontend/test/widgets/organisms/modals/form_modal_test.dart: FormModal Composition Tests mounts GenericModal organism
00:39 +1491 ~3 -5: C:/Users/zarik/OneDrive/Desktop/TrossApp/frontend/test/widgets/organisms/modals/form_modal_test.dart: FormModal Composition Tests mounts GenericModal organism
00:39 +1492 ~3 -5: C:/Users/zarik/OneDrive/Desktop/TrossApp/frontend/test/widgets/organisms/modals/form_modal_test.dart: FormModal Composition Tests mounts GenericModal organism
00:39 +1493 ~3 -5: C:/Users/zarik/OneDrive/Desktop/TrossApp/frontend/test/widgets/organisms/modals/form_modal_test.dart: FormModal Composition Tests mounts GenericModal organism
00:39 +1494 ~3 -5: C:/Users/zarik/OneDrive/Desktop/TrossApp/frontend/test/widgets/organisms/modals/form_modal_test.dart: FormModal Composition Tests mounts GenericModal organism
00:39 +1495 ~3 -5: C:/Users/zarik/OneDrive/Desktop/TrossApp/frontend/test/widgets/organisms/modals/form_modal_test.dart: FormModal Composition Tests mounts GenericModal organism
00:39 +1496 ~3 -5: C:/Users/zarik/OneDrive/Desktop/TrossApp/frontend/test/widgets/organisms/modals/form_modal_test.dart: FormModal Composition Tests mounts GenericModal organism
00:40 +1497 ~3 -5: C:/Users/zarik/OneDrive/Desktop/TrossApp/frontend/test/widgets/organisms/modals/form_modal_test.dart: FormModal Composition Tests mounts GenericModal organism
00:40 +1498 ~3 -5: C:/Users/zarik/OneDrive/Desktop/TrossApp/frontend/test/widgets/organisms/modals/form_modal_test.dart: FormModal Composition Tests mounts GenericModal organism
00:40 +1499 ~3 -5: C:/Users/zarik/OneDrive/Desktop/TrossApp/frontend/test/widgets/organisms/modals/form_modal_test.dart: FormModal Composition Tests mounts GenericModal organism
00:40 +1499 ~3 -5: C:/Users/zarik/OneDrive/Desktop/TrossApp/frontend/test/widgets/organisms/fields/editable_field_test.dart: EditableField Confirmation Dialog proceeds with update when confirmed
══╡ EXCEPTION CAUGHT BY FLUTTER TEST FRAMEWORK ╞════════════════════════════════════════════════════
The following TestFailure was thrown running a test:
Expected: <1>
  Actual: <0>

When the exception was thrown, this was the stack:
#4      main.<anonymous closure>.<anonymous closure>.<anonymous closure> (file:///C:/Users/zarik/OneDrive/Desktop/TrossApp/frontend/test/widgets/organisms/fields/editable_field_test.dart:180:9)
<asynchronous suspension>
#5      testWidgets.<anonymous closure>.<anonymous closure> (package:flutter_test/src/widget_tester.dart:192:15)
<asynchronous suspension>
#6      TestWidgetsFlutterBinding._runTestBody (package:flutter_test/src/binding.dart:1059:5)
<asynchronous suspension>
<asynchronous suspension>
(elided one frame from package:stack_trace)

This was caught by the test expectation on the following line:
  file:///C:/Users/zarik/OneDrive/Desktop/TrossApp/frontend/test/widgets/organisms/fields/editable_field_test.dart line 180
The test description was:
  proceeds with update when confirmed
════════════════════════════════════════════════════════════════════════════════════════════════════
00:40 +1499 ~3 -6: C:/Users/zarik/OneDrive/Desktop/TrossApp/frontend/test/widgets/organisms/modals/form_modal_test.dart: FormModal Composition Tests mounts GenericModal organism
00:40 +1499 ~3 -6: C:/Users/zarik/OneDrive/Desktop/TrossApp/frontend/test/widgets/organisms/fields/editable_field_test.dart: EditableField Confirmation Dialog proceeds with update when confirmed [E]
  Test failed. See exception logs above.
  The test description was: proceeds with update when confirmed
  
00:40 +1500 ~3 -6: C:/Users/zarik/OneDrive/Desktop/TrossApp/frontend/test/widgets/organisms/modals/form_modal_test.dart: FormModal Composition Tests mounts GenericModal organism
00:40 +1501 ~3 -6: C:/Users/zarik/OneDrive/Desktop/TrossApp/frontend/test/widgets/organisms/modals/form_modal_test.dart: FormModal Composition Tests mounts GenericModal organism
00:40 +1502 ~3 -6: C:/Users/zarik/OneDrive/Desktop/TrossApp/frontend/test/widgets/organisms/modals/form_modal_test.dart: FormModal Composition Tests mounts GenericModal organism
00:40 +1503 ~3 -6: C:/Users/zarik/OneDrive/Desktop/TrossApp/frontend/test/widgets/organisms/modals/form_modal_test.dart: FormModal Composition Tests mounts GenericModal organism
00:40 +1504 ~3 -6: C:/Users/zarik/OneDrive/Desktop/TrossApp/frontend/test/widgets/organisms/modals/form_modal_test.dart: FormModal Composition Tests mounts GenericModal organism
00:40 +1505 ~3 -6: C:/Users/zarik/OneDrive/Desktop/TrossApp/frontend/test/widgets/organisms/modals/form_modal_test.dart: FormModal Composition Tests mounts GenericModal organism
00:40 +1506 ~3 -6: C:/Users/zarik/OneDrive/Desktop/TrossApp/frontend/test/widgets/organisms/modals/form_modal_test.dart: FormModal Composition Tests mounts GenericModal organism
00:40 +1507 ~3 -6: C:/Users/zarik/OneDrive/Desktop/TrossApp/frontend/test/widgets/organisms/modals/form_modal_test.dart: FormModal Composition Tests mounts GenericModal organism
00:40 +1508 ~3 -6: C:/Users/zarik/OneDrive/Desktop/TrossApp/frontend/test/widgets/organisms/modals/form_modal_test.dart: FormModal Composition Tests mounts GenericModal organism
00:40 +1509 ~3 -6: C:/Users/zarik/OneDrive/Desktop/TrossApp/frontend/test/widgets/organisms/modals/form_modal_test.dart: FormModal Composition Tests mounts GenericModal organism
00:40 +1510 ~3 -6: C:/Users/zarik/OneDrive/Desktop/TrossApp/frontend/test/widgets/organisms/modals/form_modal_test.dart: FormModal Composition Tests mounts GenericModal organism
00:40 +1511 ~3 -6: C:/Users/zarik/OneDrive/Desktop/TrossApp/frontend/test/widgets/organisms/modals/form_modal_test.dart: FormModal Composition Tests mounts GenericModal organism
00:40 +1512 ~3 -6: C:/Users/zarik/OneDrive/Desktop/TrossApp/frontend/test/widgets/organisms/modals/form_modal_test.dart: FormModal Composition Tests mounts GenericModal organism
00:40 +1513 ~3 -6: C:/Users/zarik/OneDrive/Desktop/TrossApp/frontend/test/widgets/organisms/modals/form_modal_test.dart: FormModal Composition Tests mounts GenericModal organism
00:40 +1514 ~3 -6: C:/Users/zarik/OneDrive/Desktop/TrossApp/frontend/test/widgets/organisms/modals/form_modal_test.dart: FormModal Composition Tests mounts GenericModal organism
00:40 +1515 ~3 -6: C:/Users/zarik/OneDrive/Desktop/TrossApp/frontend/test/widgets/organisms/modals/form_modal_test.dart: FormModal Composition Tests mounts GenericModal organism
00:40 +1516 ~3 -6: C:/Users/zarik/OneDrive/Desktop/TrossApp/frontend/test/widgets/organisms/modals/form_modal_test.dart: FormModal Composition Tests mounts GenericModal organism
00:40 +1517 ~3 -6: C:/Users/zarik/OneDrive/Desktop/TrossApp/frontend/test/widgets/organisms/modals/form_modal_test.dart: FormModal Composition Tests mounts GenericModal organism
00:40 +1518 ~3 -6: C:/Users/zarik/OneDrive/Desktop/TrossApp/frontend/test/widgets/organisms/modals/form_modal_test.dart: FormModal Composition Tests mounts GenericModal organism
00:40 +1519 ~3 -6: C:/Users/zarik/OneDrive/Desktop/TrossApp/frontend/test/widgets/organisms/modals/form_modal_test.dart: FormModal Composition Tests mounts GenericModal organism
00:41 +1520 ~3 -6: C:/Users/zarik/OneDrive/Desktop/TrossApp/frontend/test/widgets/organisms/modals/form_modal_test.dart: FormModal Composition Tests mounts GenericModal organism
00:41 +1521 ~3 -6: C:/Users/zarik/OneDrive/Desktop/TrossApp/frontend/test/widgets/organisms/modals/form_modal_test.dart: FormModal Composition Tests mounts GenericModal organism
00:41 +1522 ~3 -6: C:/Users/zarik/OneDrive/Desktop/TrossApp/frontend/test/widgets/organisms/modals/form_modal_test.dart: FormModal Composition Tests mounts GenericModal organism
00:41 +1523 ~3 -6: C:/Users/zarik/OneDrive/Desktop/TrossApp/frontend/test/widgets/organisms/modals/form_modal_test.dart: FormModal Composition Tests mounts GenericModal organism
00:41 +1524 ~3 -6: C:/Users/zarik/OneDrive/Desktop/TrossApp/frontend/test/widgets/organisms/modals/form_modal_test.dart: FormModal Composition Tests mounts GenericModal organism
00:41 +1525 ~3 -6: C:/Users/zarik/OneDrive/Desktop/TrossApp/frontend/test/widgets/organisms/modals/generic_modal_test.dart: GenericModal - Composition Tests mounts close button by default
00:41 +1526 ~3 -6: C:/Users/zarik/OneDrive/Desktop/TrossApp/frontend/test/widgets/organisms/modals/generic_modal_test.dart: GenericModal - Composition Tests mounts close button by default
00:41 +1527 ~3 -6: C:/Users/zarik/OneDrive/Desktop/TrossApp/frontend/test/widgets/organisms/modals/generic_modal_test.dart: GenericModal - Composition Tests mounts close button by default
00:41 +1528 ~3 -6: C:/Users/zarik/OneDrive/Desktop/TrossApp/frontend/test/widgets/organisms/modals/generic_modal_test.dart: GenericModal - Composition Tests mounts close button by default
00:41 +1529 ~3 -6: C:/Users/zarik/OneDrive/Desktop/TrossApp/frontend/test/widgets/organisms/modals/form_modal_test.dart: FormModal Composition Tests passes title to GenericModal
00:41 +1530 ~3 -6: C:/Users/zarik/OneDrive/Desktop/TrossApp/frontend/test/widgets/organisms/modals/form_modal_test.dart: FormModal Composition Tests passes title to GenericModal
00:41 +1531 ~3 -6: C:/Users/zarik/OneDrive/Desktop/TrossApp/frontend/test/widgets/organisms/modals/form_modal_test.dart: FormModal Composition Tests passes title to GenericModal
00:41 +1532 ~3 -6: C:/Users/zarik/OneDrive/Desktop/TrossApp/frontend/test/widgets/organisms/modals/form_modal_test.dart: FormModal Composition Tests passes title to GenericModal
00:41 +1533 ~3 -6: C:/Users/zarik/OneDrive/Desktop/TrossApp/frontend/test/widgets/organisms/modals/generic_modal_test.dart: GenericModal - Composition Tests mounts SectionDivider when header present
00:41 +1534 ~3 -6: C:/Users/zarik/OneDrive/Desktop/TrossApp/frontend/test/widgets/organisms/fields/editable_field_test.dart: EditableField Type Safety works with int type
00:41 +1535 ~3 -6: C:/Users/zarik/OneDrive/Desktop/TrossApp/frontend/test/widgets/organisms/modals/form_modal_test.dart: FormModal Composition Tests mounts GenericForm with fields
00:41 +1536 ~3 -6: C:/Users/zarik/OneDrive/Desktop/TrossApp/frontend/test/widgets/organisms/modals/form_modal_test.dart: FormModal Composition Tests mounts GenericForm with fields
00:41 +1537 ~3 -6: C:/Users/zarik/OneDrive/Desktop/TrossApp/frontend/test/widgets/organisms/modals/generic_modal_test.dart: GenericModal - Composition Tests mounts ActionRow when actions provided
00:41 +1538 ~3 -6: C:/Users/zarik/OneDrive/Desktop/TrossApp/frontend/test/widgets/organisms/modals/form_modal_test.dart: FormModal Composition Tests displays save and cancel buttons
00:41 +1539 ~3 -6: C:/Users/zarik/OneDrive/Desktop/TrossApp/frontend/test/widgets/organisms/modals/form_modal_test.dart: FormModal Composition Tests displays save and cancel buttons
00:41 +1540 ~3 -6: C:/Users/zarik/OneDrive/Desktop/TrossApp/frontend/test/widgets/organisms/modals/generic_modal_test.dart: GenericModal - Composition Tests mounts SectionDivider before actions
00:41 +1541 ~3 -6: C:/Users/zarik/OneDrive/Desktop/TrossApp/frontend/test/widgets/organisms/modals/form_modal_test.dart: FormModal Composition Tests displays custom button text
00:41 +1542 ~3 -6: C:/Users/zarik/OneDrive/Desktop/TrossApp/frontend/test/widgets/organisms/modals/generic_modal_test.dart: GenericModal - Composition Tests calls onClose when close button tapped
00:41 +1543 ~3 -6: C:/Users/zarik/OneDrive/Desktop/TrossApp/frontend/test/widgets/organisms/modals/form_modal_test.dart: FormModal Composition Tests calls onSave when save button pressed
00:41 +1544 ~3 -6: C:/Users/zarik/OneDrive/Desktop/TrossApp/frontend/test/widgets/organisms/modals/form_modal_test.dart: FormModal Composition Tests calls onSave when save button pressed
00:41 +1545 ~3 -6: C:/Users/zarik/OneDrive/Desktop/TrossApp/frontend/test/widgets/organisms/modals/form_modal_test.dart: FormModal Composition Tests calls onSave when save button pressed
[VALIDATION] All valid: true
00:41 +1546 ~3 -6: C:/Users/zarik/OneDrive/Desktop/TrossApp/frontend/test/widgets/organisms/modals/generic_modal_test.dart: GenericModal - Composition Tests mounts header without title but with close button
00:41 +1547 ~3 -6: C:/Users/zarik/OneDrive/Desktop/TrossApp/frontend/test/widgets/organisms/modals/form_modal_test.dart: FormModal Composition Tests calls onCancel when cancel button pressed
00:41 +1548 ~3 -6: C:/Users/zarik/OneDrive/Desktop/TrossApp/frontend/test/widgets/organisms/modals/form_modal_test.dart: FormModal Composition Tests calls onCancel when cancel button pressed
00:42 +1549 ~3 -6: C:/Users/zarik/OneDrive/Desktop/TrossApp/frontend/test/widgets/organisms/modals/form_modal_test.dart: FormModal Composition Tests shows loading indicator when saving
[VALIDATION] All valid: true
00:42 +1550 ~3 -6: C:/Users/zarik/OneDrive/Desktop/TrossApp/frontend/test/widgets/organisms/modals/form_modal_test.dart: FormModal Composition Tests static show() method displays modal
00:42 +1551 ~3 -6: C:/Users/zarik/OneDrive/Desktop/TrossApp/frontend/test/widgets/organisms/modals/form_modal_test.dart: (tearDownAll)
00:42 +1551 ~3 -6: Some tests failed.
