
> trossapp@1.0.0 test
> npm run test:backend && npm run test:frontend


> trossapp@1.0.0 test:backend
> npm test --workspace=backend


> backend@1.0.0 test
> jest

[dotenv@17.2.3] injecting env (28) from .env -- tip: 👥 sync secrets across teammates & machines: https://dotenvx.com/ops
10:21:08 [32m🧪 Using TEST database[39m {"host":"127.0.0.1","port":5433,"database":"trossapp_test"}
